Analysis & Synthesis report for Lab6_top_level
Mon Feb 05 16:49:52 2018
Quartus II 64-Bit Version 13.0.1 Build 232 06/12/2013 Service Pack 1 SJ Web Edition


---------------------
; Table of Contents ;
---------------------
  1. Legal Notice
  2. Analysis & Synthesis Summary
  3. Analysis & Synthesis Settings
  4. Parallel Compilation
  5. Analysis & Synthesis Source Files Read
  6. Analysis & Synthesis Resource Usage Summary
  7. Analysis & Synthesis Resource Utilization by Entity
  8. Registers Removed During Synthesis
  9. General Register Statistics
 10. Inverted Register Statistics
 11. Multiplexer Restructuring Statistics (Restructuring Performed)
 12. Parameter Settings for Inferred Entity Instance: NoteLoader:inst20|lpm_divide:Mod0
 13. Elapsed Time Per Partition
 14. Analysis & Synthesis Messages



----------------
; Legal Notice ;
----------------
Copyright (C) 1991-2013 Altera Corporation
Your use of Altera Corporation's design tools, logic functions 
and other software and tools, and its AMPP partner logic 
functions, and any output files from any of the foregoing 
(including device programming or simulation files), and any 
associated documentation or information are expressly subject 
to the terms and conditions of the Altera Program License 
Subscription Agreement, Altera MegaCore Function License 
Agreement, or other applicable license agreement, including, 
without limitation, that your use is for the sole purpose of 
programming logic devices manufactured by Altera and sold by 
Altera or its authorized distributors.  Please refer to the 
applicable agreement for further details.



+--------------------------------------------------------------------------------------+
; Analysis & Synthesis Summary                                                         ;
+------------------------------------+-------------------------------------------------+
; Analysis & Synthesis Status        ; Successful - Mon Feb 05 16:49:52 2018           ;
; Quartus II 64-Bit Version          ; 13.0.1 Build 232 06/12/2013 SP 1 SJ Web Edition ;
; Revision Name                      ; Lab6_top_level                                  ;
; Top-level Entity Name              ; Lab6_top_level                                  ;
; Family                             ; Cyclone II                                      ;
; Total logic elements               ; 203                                             ;
;     Total combinational functions  ; 199                                             ;
;     Dedicated logic registers      ; 74                                              ;
; Total registers                    ; 74                                              ;
; Total pins                         ; 70                                              ;
; Total virtual pins                 ; 0                                               ;
; Total memory bits                  ; 0                                               ;
; Embedded Multiplier 9-bit elements ; 0                                               ;
; Total PLLs                         ; 0                                               ;
+------------------------------------+-------------------------------------------------+


+----------------------------------------------------------------------------------------------------------------------+
; Analysis & Synthesis Settings                                                                                        ;
+----------------------------------------------------------------------------+--------------------+--------------------+
; Option                                                                     ; Setting            ; Default Value      ;
+----------------------------------------------------------------------------+--------------------+--------------------+
; Device                                                                     ; EP2C35F672C6       ;                    ;
; Top-level entity name                                                      ; Lab6_top_level     ; Lab6_top_level     ;
; Family name                                                                ; Cyclone II         ; Cyclone IV GX      ;
; Use smart compilation                                                      ; Off                ; Off                ;
; Enable parallel Assembler and TimeQuest Timing Analyzer during compilation ; On                 ; On                 ;
; Enable compact report table                                                ; Off                ; Off                ;
; Restructure Multiplexers                                                   ; Auto               ; Auto               ;
; Create Debugging Nodes for IP Cores                                        ; Off                ; Off                ;
; Preserve fewer node names                                                  ; On                 ; On                 ;
; Disable OpenCore Plus hardware evaluation                                  ; Off                ; Off                ;
; Verilog Version                                                            ; Verilog_2001       ; Verilog_2001       ;
; VHDL Version                                                               ; VHDL_1993          ; VHDL_1993          ;
; State Machine Processing                                                   ; Auto               ; Auto               ;
; Safe State Machine                                                         ; Off                ; Off                ;
; Extract Verilog State Machines                                             ; On                 ; On                 ;
; Extract VHDL State Machines                                                ; On                 ; On                 ;
; Ignore Verilog initial constructs                                          ; Off                ; Off                ;
; Iteration limit for constant Verilog loops                                 ; 5000               ; 5000               ;
; Iteration limit for non-constant Verilog loops                             ; 250                ; 250                ;
; Add Pass-Through Logic to Inferred RAMs                                    ; On                 ; On                 ;
; Infer RAMs from Raw Logic                                                  ; On                 ; On                 ;
; Parallel Synthesis                                                         ; Off                ; Off                ;
; DSP Block Balancing                                                        ; Auto               ; Auto               ;
; NOT Gate Push-Back                                                         ; On                 ; On                 ;
; Power-Up Don't Care                                                        ; On                 ; On                 ;
; Remove Redundant Logic Cells                                               ; Off                ; Off                ;
; Remove Duplicate Registers                                                 ; On                 ; On                 ;
; Ignore CARRY Buffers                                                       ; Off                ; Off                ;
; Ignore CASCADE Buffers                                                     ; Off                ; Off                ;
; Ignore GLOBAL Buffers                                                      ; Off                ; Off                ;
; Ignore ROW GLOBAL Buffers                                                  ; Off                ; Off                ;
; Ignore LCELL Buffers                                                       ; Off                ; Off                ;
; Ignore SOFT Buffers                                                        ; On                 ; On                 ;
; Limit AHDL Integers to 32 Bits                                             ; Off                ; Off                ;
; Optimization Technique                                                     ; Balanced           ; Balanced           ;
; Carry Chain Length                                                         ; 70                 ; 70                 ;
; Auto Carry Chains                                                          ; On                 ; On                 ;
; Auto Open-Drain Pins                                                       ; On                 ; On                 ;
; Perform WYSIWYG Primitive Resynthesis                                      ; Off                ; Off                ;
; Auto ROM Replacement                                                       ; On                 ; On                 ;
; Auto RAM Replacement                                                       ; On                 ; On                 ;
; Auto Shift Register Replacement                                            ; Auto               ; Auto               ;
; Allow Shift Register Merging across Hierarchies                            ; Auto               ; Auto               ;
; Auto Clock Enable Replacement                                              ; On                 ; On                 ;
; Strict RAM Replacement                                                     ; Off                ; Off                ;
; Allow Synchronous Control Signals                                          ; On                 ; On                 ;
; Force Use of Synchronous Clear Signals                                     ; Off                ; Off                ;
; Auto RAM to Logic Cell Conversion                                          ; Off                ; Off                ;
; Auto Resource Sharing                                                      ; Off                ; Off                ;
; Allow Any RAM Size For Recognition                                         ; Off                ; Off                ;
; Allow Any ROM Size For Recognition                                         ; Off                ; Off                ;
; Allow Any Shift Register Size For Recognition                              ; Off                ; Off                ;
; Use LogicLock Constraints during Resource Balancing                        ; On                 ; On                 ;
; Ignore translate_off and synthesis_off directives                          ; Off                ; Off                ;
; Timing-Driven Synthesis                                                    ; Off                ; Off                ;
; Report Parameter Settings                                                  ; On                 ; On                 ;
; Report Source Assignments                                                  ; On                 ; On                 ;
; Report Connectivity Checks                                                 ; On                 ; On                 ;
; Ignore Maximum Fan-Out Assignments                                         ; Off                ; Off                ;
; Synchronization Register Chain Length                                      ; 2                  ; 2                  ;
; PowerPlay Power Optimization                                               ; Normal compilation ; Normal compilation ;
; HDL message level                                                          ; Level2             ; Level2             ;
; Suppress Register Optimization Related Messages                            ; Off                ; Off                ;
; Number of Removed Registers Reported in Synthesis Report                   ; 5000               ; 5000               ;
; Number of Swept Nodes Reported in Synthesis Report                         ; 5000               ; 5000               ;
; Number of Inverted Registers Reported in Synthesis Report                  ; 100                ; 100                ;
; Clock MUX Protection                                                       ; On                 ; On                 ;
; Auto Gated Clock Conversion                                                ; Off                ; Off                ;
; Block Design Naming                                                        ; Auto               ; Auto               ;
; SDC constraint protection                                                  ; Off                ; Off                ;
; Synthesis Effort                                                           ; Auto               ; Auto               ;
; Shift Register Replacement - Allow Asynchronous Clear Signal               ; On                 ; On                 ;
; Pre-Mapping Resynthesis Optimization                                       ; Off                ; Off                ;
; Analysis & Synthesis Message Level                                         ; Medium             ; Medium             ;
; Disable Register Merging Across Hierarchies                                ; Auto               ; Auto               ;
; Resource Aware Inference For Block RAM                                     ; On                 ; On                 ;
; Synthesis Seed                                                             ; 1                  ; 1                  ;
+----------------------------------------------------------------------------+--------------------+--------------------+


Parallel compilation was disabled, but you have multiple processors available. Enable parallel compilation to reduce compilation time.
+-------------------------------------+
; Parallel Compilation                ;
+----------------------------+--------+
; Processors                 ; Number ;
+----------------------------+--------+
; Number detected on machine ; 8      ;
; Maximum allowed            ; 1      ;
+----------------------------+--------+


+--------------------------------------------------------------------------------------------------------------------------------------------------------------------------------------------------------+
; Analysis & Synthesis Source Files Read                                                                                                                                                                 ;
+----------------------------------+-----------------+------------------------------------+----------------------------------------------------------------------------------------------------+---------+
; File Name with User-Entered Path ; Used in Netlist ; File Type                          ; File Name with Absolute Path                                                                       ; Library ;
+----------------------------------+-----------------+------------------------------------+----------------------------------------------------------------------------------------------------+---------+
; ten_detect.bdf                   ; yes             ; User Block Diagram/Schematic File  ; C:/altera/13.0sp1/Base_Quartus_Project/Lab 6 Distribution/Lab6_complete/ten_detect.bdf             ;         ;
; inc1b.bdf                        ; yes             ; User Block Diagram/Schematic File  ; C:/altera/13.0sp1/Base_Quartus_Project/Lab 6 Distribution/Lab6_complete/inc1b.bdf                  ;         ;
; fix_bcd.bdf                      ; yes             ; User Block Diagram/Schematic File  ; C:/altera/13.0sp1/Base_Quartus_Project/Lab 6 Distribution/Lab6_complete/fix_bcd.bdf                ;         ;
; bcd_inc.bdf                      ; yes             ; User Block Diagram/Schematic File  ; C:/altera/13.0sp1/Base_Quartus_Project/Lab 6 Distribution/Lab6_complete/bcd_inc.bdf                ;         ;
; bcd_count2.bdf                   ; yes             ; User Block Diagram/Schematic File  ; C:/altera/13.0sp1/Base_Quartus_Project/Lab 6 Distribution/Lab6_complete/bcd_count2.bdf             ;         ;
; shift_reg.bdf                    ; yes             ; User Block Diagram/Schematic File  ; C:/altera/13.0sp1/Base_Quartus_Project/Lab 6 Distribution/Lab6_complete/shift_reg.bdf              ;         ;
; shift_cell.bdf                   ; yes             ; User Block Diagram/Schematic File  ; C:/altera/13.0sp1/Base_Quartus_Project/Lab 6 Distribution/Lab6_complete/shift_cell.bdf             ;         ;
; segG.bdf                         ; yes             ; User Block Diagram/Schematic File  ; C:/altera/13.0sp1/Base_Quartus_Project/Lab 6 Distribution/Lab6_complete/segG.bdf                   ;         ;
; segB.bdf                         ; yes             ; User Block Diagram/Schematic File  ; C:/altera/13.0sp1/Base_Quartus_Project/Lab 6 Distribution/Lab6_complete/segB.bdf                   ;         ;
; edge_det.bdf                     ; yes             ; User Block Diagram/Schematic File  ; C:/altera/13.0sp1/Base_Quartus_Project/Lab 6 Distribution/Lab6_complete/edge_det.bdf               ;         ;
; dff_enrst.bdf                    ; yes             ; User Block Diagram/Schematic File  ; C:/altera/13.0sp1/Base_Quartus_Project/Lab 6 Distribution/Lab6_complete/dff_enrst.bdf              ;         ;
; bcd_7seg.bdf                     ; yes             ; User Block Diagram/Schematic File  ; C:/altera/13.0sp1/Base_Quartus_Project/Lab 6 Distribution/Lab6_complete/bcd_7seg.bdf               ;         ;
; control.bdf                      ; yes             ; User Block Diagram/Schematic File  ; C:/altera/13.0sp1/Base_Quartus_Project/Lab 6 Distribution/Lab6_complete/control.bdf                ;         ;
; GameLogic.v                      ; yes             ; User Verilog HDL File              ; C:/altera/13.0sp1/Base_Quartus_Project/Lab 6 Distribution/Lab6_complete/GameLogic.v                ;         ;
; Lab6_top_level.bdf               ; yes             ; User Block Diagram/Schematic File  ; C:/altera/13.0sp1/Base_Quartus_Project/Lab 6 Distribution/Lab6_complete/Lab6_top_level.bdf         ;         ;
; NoteLoader.v                     ; yes             ; User Verilog HDL File              ; C:/altera/13.0sp1/Base_Quartus_Project/Lab 6 Distribution/Lab6_complete/NoteLoader.v               ;         ;
; segA.v                           ; yes             ; User Verilog HDL File              ; C:/altera/13.0sp1/Base_Quartus_Project/Lab 6 Distribution/Lab6_complete/segA.v                     ;         ;
; segC.v                           ; yes             ; User Verilog HDL File              ; C:/altera/13.0sp1/Base_Quartus_Project/Lab 6 Distribution/Lab6_complete/segC.v                     ;         ;
; segD.v                           ; yes             ; User Verilog HDL File              ; C:/altera/13.0sp1/Base_Quartus_Project/Lab 6 Distribution/Lab6_complete/segD.v                     ;         ;
; segE.v                           ; yes             ; User Verilog HDL File              ; C:/altera/13.0sp1/Base_Quartus_Project/Lab 6 Distribution/Lab6_complete/segE.v                     ;         ;
; segF.v                           ; yes             ; User Verilog HDL File              ; C:/altera/13.0sp1/Base_Quartus_Project/Lab 6 Distribution/Lab6_complete/segF.v                     ;         ;
; Timer.v                          ; yes             ; User Verilog HDL File              ; C:/altera/13.0sp1/Base_Quartus_Project/Lab 6 Distribution/Lab6_complete/Timer.v                    ;         ;
; lpm_divide.tdf                   ; yes             ; Megafunction                       ; c:/altera/13.0sp1/quartus/libraries/megafunctions/lpm_divide.tdf                                   ;         ;
; abs_divider.inc                  ; yes             ; Megafunction                       ; c:/altera/13.0sp1/quartus/libraries/megafunctions/abs_divider.inc                                  ;         ;
; sign_div_unsign.inc              ; yes             ; Megafunction                       ; c:/altera/13.0sp1/quartus/libraries/megafunctions/sign_div_unsign.inc                              ;         ;
; aglobal130.inc                   ; yes             ; Megafunction                       ; c:/altera/13.0sp1/quartus/libraries/megafunctions/aglobal130.inc                                   ;         ;
; db/lpm_divide_v4m.tdf            ; yes             ; Auto-Generated Megafunction        ; C:/altera/13.0sp1/Base_Quartus_Project/Lab 6 Distribution/Lab6_complete/db/lpm_divide_v4m.tdf      ;         ;
; db/sign_div_unsign_6kh.tdf       ; yes             ; Auto-Generated Megafunction        ; C:/altera/13.0sp1/Base_Quartus_Project/Lab 6 Distribution/Lab6_complete/db/sign_div_unsign_6kh.tdf ;         ;
; db/alt_u_div_eve.tdf             ; yes             ; Auto-Generated Megafunction        ; C:/altera/13.0sp1/Base_Quartus_Project/Lab 6 Distribution/Lab6_complete/db/alt_u_div_eve.tdf       ;         ;
; db/add_sub_lkc.tdf               ; yes             ; Auto-Generated Megafunction        ; C:/altera/13.0sp1/Base_Quartus_Project/Lab 6 Distribution/Lab6_complete/db/add_sub_lkc.tdf         ;         ;
; db/add_sub_mkc.tdf               ; yes             ; Auto-Generated Megafunction        ; C:/altera/13.0sp1/Base_Quartus_Project/Lab 6 Distribution/Lab6_complete/db/add_sub_mkc.tdf         ;         ;
+----------------------------------+-----------------+------------------------------------+----------------------------------------------------------------------------------------------------+---------+


+------------------------------------------------------+
; Analysis & Synthesis Resource Usage Summary          ;
+---------------------------------------------+--------+
; Resource                                    ; Usage  ;
+---------------------------------------------+--------+
; Estimated Total logic elements              ; 203    ;
;                                             ;        ;
; Total combinational functions               ; 199    ;
; Logic element usage by number of LUT inputs ;        ;
;     -- 4 input functions                    ; 112    ;
;     -- 3 input functions                    ; 30     ;
;     -- <=2 input functions                  ; 57     ;
;                                             ;        ;
; Logic elements by mode                      ;        ;
;     -- normal mode                          ; 166    ;
;     -- arithmetic mode                      ; 33     ;
;                                             ;        ;
; Total registers                             ; 74     ;
;     -- Dedicated logic registers            ; 74     ;
;     -- I/O registers                        ; 0      ;
;                                             ;        ;
; I/O pins                                    ; 70     ;
; Embedded Multiplier 9-bit elements          ; 0      ;
; Maximum fan-out node                        ; SW[17] ;
; Maximum fan-out                             ; 75     ;
; Total fan-out                               ; 1018   ;
; Average fan-out                             ; 2.97   ;
+---------------------------------------------+--------+


+----------------------------------------------------------------------------------------------------------------------------------------------------------------------------------------------------------------------------------------------------------------------------------------------------------+
; Analysis & Synthesis Resource Utilization by Entity                                                                                                                                                                                                                                                      ;
+-------------------------------------------+-------------------+--------------+-------------+--------------+---------+-----------+------+--------------+-----------------------------------------------------------------------------------------------------------------------------------+--------------+
; Compilation Hierarchy Node                ; LC Combinationals ; LC Registers ; Memory Bits ; DSP Elements ; DSP 9x9 ; DSP 18x18 ; Pins ; Virtual Pins ; Full Hierarchy Name                                                                                                               ; Library Name ;
+-------------------------------------------+-------------------+--------------+-------------+--------------+---------+-----------+------+--------------+-----------------------------------------------------------------------------------------------------------------------------------+--------------+
; |Lab6_top_level                           ; 199 (1)           ; 74 (0)       ; 0           ; 0            ; 0       ; 0         ; 70   ; 0            ; |Lab6_top_level                                                                                                                   ; work         ;
;    |GameLogic:inst22|                     ; 3 (3)             ; 0 (0)        ; 0           ; 0            ; 0       ; 0         ; 0    ; 0            ; |Lab6_top_level|GameLogic:inst22                                                                                                  ; work         ;
;    |NoteLoader:inst20|                    ; 29 (5)            ; 5 (5)        ; 0           ; 0            ; 0       ; 0         ; 0    ; 0            ; |Lab6_top_level|NoteLoader:inst20                                                                                                 ; work         ;
;       |lpm_divide:Mod0|                   ; 24 (0)            ; 0 (0)        ; 0           ; 0            ; 0       ; 0         ; 0    ; 0            ; |Lab6_top_level|NoteLoader:inst20|lpm_divide:Mod0                                                                                 ; work         ;
;          |lpm_divide_v4m:auto_generated|  ; 24 (0)            ; 0 (0)        ; 0           ; 0            ; 0       ; 0         ; 0    ; 0            ; |Lab6_top_level|NoteLoader:inst20|lpm_divide:Mod0|lpm_divide_v4m:auto_generated                                                   ; work         ;
;             |sign_div_unsign_6kh:divider| ; 24 (0)            ; 0 (0)        ; 0           ; 0            ; 0       ; 0         ; 0    ; 0            ; |Lab6_top_level|NoteLoader:inst20|lpm_divide:Mod0|lpm_divide_v4m:auto_generated|sign_div_unsign_6kh:divider                       ; work         ;
;                |alt_u_div_eve:divider|    ; 24 (24)           ; 0 (0)        ; 0           ; 0            ; 0       ; 0         ; 0    ; 0            ; |Lab6_top_level|NoteLoader:inst20|lpm_divide:Mod0|lpm_divide_v4m:auto_generated|sign_div_unsign_6kh:divider|alt_u_div_eve:divider ; work         ;
;    |Timer:inst23|                         ; 36 (36)           ; 26 (26)      ; 0           ; 0            ; 0       ; 0         ; 0    ; 0            ; |Lab6_top_level|Timer:inst23                                                                                                      ; work         ;
;    |bcd_7seg:inst10|                      ; 6 (0)             ; 0 (0)        ; 0           ; 0            ; 0       ; 0         ; 0    ; 0            ; |Lab6_top_level|bcd_7seg:inst10                                                                                                   ; work         ;
;       |segA:inst|                         ; 1 (1)             ; 0 (0)        ; 0           ; 0            ; 0       ; 0         ; 0    ; 0            ; |Lab6_top_level|bcd_7seg:inst10|segA:inst                                                                                         ; work         ;
;       |segB:inst1|                        ; 1 (1)             ; 0 (0)        ; 0           ; 0            ; 0       ; 0         ; 0    ; 0            ; |Lab6_top_level|bcd_7seg:inst10|segB:inst1                                                                                        ; work         ;
;       |segD:inst3|                        ; 1 (1)             ; 0 (0)        ; 0           ; 0            ; 0       ; 0         ; 0    ; 0            ; |Lab6_top_level|bcd_7seg:inst10|segD:inst3                                                                                        ; work         ;
;       |segE:inst4|                        ; 1 (1)             ; 0 (0)        ; 0           ; 0            ; 0       ; 0         ; 0    ; 0            ; |Lab6_top_level|bcd_7seg:inst10|segE:inst4                                                                                        ; work         ;
;       |segF:inst5|                        ; 1 (1)             ; 0 (0)        ; 0           ; 0            ; 0       ; 0         ; 0    ; 0            ; |Lab6_top_level|bcd_7seg:inst10|segF:inst5                                                                                        ; work         ;
;       |segG:inst6|                        ; 1 (1)             ; 0 (0)        ; 0           ; 0            ; 0       ; 0         ; 0    ; 0            ; |Lab6_top_level|bcd_7seg:inst10|segG:inst6                                                                                        ; work         ;
;    |bcd_7seg:inst3|                       ; 7 (0)             ; 0 (0)        ; 0           ; 0            ; 0       ; 0         ; 0    ; 0            ; |Lab6_top_level|bcd_7seg:inst3                                                                                                    ; work         ;
;       |segA:inst|                         ; 1 (1)             ; 0 (0)        ; 0           ; 0            ; 0       ; 0         ; 0    ; 0            ; |Lab6_top_level|bcd_7seg:inst3|segA:inst                                                                                          ; work         ;
;       |segB:inst1|                        ; 1 (1)             ; 0 (0)        ; 0           ; 0            ; 0       ; 0         ; 0    ; 0            ; |Lab6_top_level|bcd_7seg:inst3|segB:inst1                                                                                         ; work         ;
;       |segC:inst2|                        ; 1 (1)             ; 0 (0)        ; 0           ; 0            ; 0       ; 0         ; 0    ; 0            ; |Lab6_top_level|bcd_7seg:inst3|segC:inst2                                                                                         ; work         ;
;       |segD:inst3|                        ; 1 (1)             ; 0 (0)        ; 0           ; 0            ; 0       ; 0         ; 0    ; 0            ; |Lab6_top_level|bcd_7seg:inst3|segD:inst3                                                                                         ; work         ;
;       |segE:inst4|                        ; 1 (1)             ; 0 (0)        ; 0           ; 0            ; 0       ; 0         ; 0    ; 0            ; |Lab6_top_level|bcd_7seg:inst3|segE:inst4                                                                                         ; work         ;
;       |segF:inst5|                        ; 1 (1)             ; 0 (0)        ; 0           ; 0            ; 0       ; 0         ; 0    ; 0            ; |Lab6_top_level|bcd_7seg:inst3|segF:inst5                                                                                         ; work         ;
;       |segG:inst6|                        ; 1 (1)             ; 0 (0)        ; 0           ; 0            ; 0       ; 0         ; 0    ; 0            ; |Lab6_top_level|bcd_7seg:inst3|segG:inst6                                                                                         ; work         ;
;    |bcd_7seg:inst4|                       ; 7 (0)             ; 0 (0)        ; 0           ; 0            ; 0       ; 0         ; 0    ; 0            ; |Lab6_top_level|bcd_7seg:inst4                                                                                                    ; work         ;
;       |segA:inst|                         ; 1 (1)             ; 0 (0)        ; 0           ; 0            ; 0       ; 0         ; 0    ; 0            ; |Lab6_top_level|bcd_7seg:inst4|segA:inst                                                                                          ; work         ;
;       |segB:inst1|                        ; 1 (1)             ; 0 (0)        ; 0           ; 0            ; 0       ; 0         ; 0    ; 0            ; |Lab6_top_level|bcd_7seg:inst4|segB:inst1                                                                                         ; work         ;
;       |segC:inst2|                        ; 1 (1)             ; 0 (0)        ; 0           ; 0            ; 0       ; 0         ; 0    ; 0            ; |Lab6_top_level|bcd_7seg:inst4|segC:inst2                                                                                         ; work         ;
;       |segD:inst3|                        ; 1 (1)             ; 0 (0)        ; 0           ; 0            ; 0       ; 0         ; 0    ; 0            ; |Lab6_top_level|bcd_7seg:inst4|segD:inst3                                                                                         ; work         ;
;       |segE:inst4|                        ; 1 (1)             ; 0 (0)        ; 0           ; 0            ; 0       ; 0         ; 0    ; 0            ; |Lab6_top_level|bcd_7seg:inst4|segE:inst4                                                                                         ; work         ;
;       |segF:inst5|                        ; 1 (1)             ; 0 (0)        ; 0           ; 0            ; 0       ; 0         ; 0    ; 0            ; |Lab6_top_level|bcd_7seg:inst4|segF:inst5                                                                                         ; work         ;
;       |segG:inst6|                        ; 1 (1)             ; 0 (0)        ; 0           ; 0            ; 0       ; 0         ; 0    ; 0            ; |Lab6_top_level|bcd_7seg:inst4|segG:inst6                                                                                         ; work         ;
;    |bcd_7seg:inst5|                       ; 7 (0)             ; 0 (0)        ; 0           ; 0            ; 0       ; 0         ; 0    ; 0            ; |Lab6_top_level|bcd_7seg:inst5                                                                                                    ; work         ;
;       |segA:inst|                         ; 1 (1)             ; 0 (0)        ; 0           ; 0            ; 0       ; 0         ; 0    ; 0            ; |Lab6_top_level|bcd_7seg:inst5|segA:inst                                                                                          ; work         ;
;       |segB:inst1|                        ; 1 (1)             ; 0 (0)        ; 0           ; 0            ; 0       ; 0         ; 0    ; 0            ; |Lab6_top_level|bcd_7seg:inst5|segB:inst1                                                                                         ; work         ;
;       |segC:inst2|                        ; 1 (1)             ; 0 (0)        ; 0           ; 0            ; 0       ; 0         ; 0    ; 0            ; |Lab6_top_level|bcd_7seg:inst5|segC:inst2                                                                                         ; work         ;
;       |segD:inst3|                        ; 1 (1)             ; 0 (0)        ; 0           ; 0            ; 0       ; 0         ; 0    ; 0            ; |Lab6_top_level|bcd_7seg:inst5|segD:inst3                                                                                         ; work         ;
;       |segE:inst4|                        ; 1 (1)             ; 0 (0)        ; 0           ; 0            ; 0       ; 0         ; 0    ; 0            ; |Lab6_top_level|bcd_7seg:inst5|segE:inst4                                                                                         ; work         ;
;       |segF:inst5|                        ; 1 (1)             ; 0 (0)        ; 0           ; 0            ; 0       ; 0         ; 0    ; 0            ; |Lab6_top_level|bcd_7seg:inst5|segF:inst5                                                                                         ; work         ;
;       |segG:inst6|                        ; 1 (1)             ; 0 (0)        ; 0           ; 0            ; 0       ; 0         ; 0    ; 0            ; |Lab6_top_level|bcd_7seg:inst5|segG:inst6                                                                                         ; work         ;
;    |bcd_7seg:inst6|                       ; 7 (0)             ; 0 (0)        ; 0           ; 0            ; 0       ; 0         ; 0    ; 0            ; |Lab6_top_level|bcd_7seg:inst6                                                                                                    ; work         ;
;       |segA:inst|                         ; 1 (1)             ; 0 (0)        ; 0           ; 0            ; 0       ; 0         ; 0    ; 0            ; |Lab6_top_level|bcd_7seg:inst6|segA:inst                                                                                          ; work         ;
;       |segB:inst1|                        ; 1 (1)             ; 0 (0)        ; 0           ; 0            ; 0       ; 0         ; 0    ; 0            ; |Lab6_top_level|bcd_7seg:inst6|segB:inst1                                                                                         ; work         ;
;       |segC:inst2|                        ; 1 (1)             ; 0 (0)        ; 0           ; 0            ; 0       ; 0         ; 0    ; 0            ; |Lab6_top_level|bcd_7seg:inst6|segC:inst2                                                                                         ; work         ;
;       |segD:inst3|                        ; 1 (1)             ; 0 (0)        ; 0           ; 0            ; 0       ; 0         ; 0    ; 0            ; |Lab6_top_level|bcd_7seg:inst6|segD:inst3                                                                                         ; work         ;
;       |segE:inst4|                        ; 1 (1)             ; 0 (0)        ; 0           ; 0            ; 0       ; 0         ; 0    ; 0            ; |Lab6_top_level|bcd_7seg:inst6|segE:inst4                                                                                         ; work         ;
;       |segF:inst5|                        ; 1 (1)             ; 0 (0)        ; 0           ; 0            ; 0       ; 0         ; 0    ; 0            ; |Lab6_top_level|bcd_7seg:inst6|segF:inst5                                                                                         ; work         ;
;       |segG:inst6|                        ; 1 (1)             ; 0 (0)        ; 0           ; 0            ; 0       ; 0         ; 0    ; 0            ; |Lab6_top_level|bcd_7seg:inst6|segG:inst6                                                                                         ; work         ;
;    |bcd_7seg:inst7|                       ; 7 (0)             ; 0 (0)        ; 0           ; 0            ; 0       ; 0         ; 0    ; 0            ; |Lab6_top_level|bcd_7seg:inst7                                                                                                    ; work         ;
;       |segA:inst|                         ; 1 (1)             ; 0 (0)        ; 0           ; 0            ; 0       ; 0         ; 0    ; 0            ; |Lab6_top_level|bcd_7seg:inst7|segA:inst                                                                                          ; work         ;
;       |segB:inst1|                        ; 1 (1)             ; 0 (0)        ; 0           ; 0            ; 0       ; 0         ; 0    ; 0            ; |Lab6_top_level|bcd_7seg:inst7|segB:inst1                                                                                         ; work         ;
;       |segC:inst2|                        ; 1 (1)             ; 0 (0)        ; 0           ; 0            ; 0       ; 0         ; 0    ; 0            ; |Lab6_top_level|bcd_7seg:inst7|segC:inst2                                                                                         ; work         ;
;       |segD:inst3|                        ; 1 (1)             ; 0 (0)        ; 0           ; 0            ; 0       ; 0         ; 0    ; 0            ; |Lab6_top_level|bcd_7seg:inst7|segD:inst3                                                                                         ; work         ;
;       |segE:inst4|                        ; 1 (1)             ; 0 (0)        ; 0           ; 0            ; 0       ; 0         ; 0    ; 0            ; |Lab6_top_level|bcd_7seg:inst7|segE:inst4                                                                                         ; work         ;
;       |segF:inst5|                        ; 1 (1)             ; 0 (0)        ; 0           ; 0            ; 0       ; 0         ; 0    ; 0            ; |Lab6_top_level|bcd_7seg:inst7|segF:inst5                                                                                         ; work         ;
;       |segG:inst6|                        ; 1 (1)             ; 0 (0)        ; 0           ; 0            ; 0       ; 0         ; 0    ; 0            ; |Lab6_top_level|bcd_7seg:inst7|segG:inst6                                                                                         ; work         ;
;    |bcd_7seg:inst8|                       ; 7 (0)             ; 0 (0)        ; 0           ; 0            ; 0       ; 0         ; 0    ; 0            ; |Lab6_top_level|bcd_7seg:inst8                                                                                                    ; work         ;
;       |segA:inst|                         ; 1 (1)             ; 0 (0)        ; 0           ; 0            ; 0       ; 0         ; 0    ; 0            ; |Lab6_top_level|bcd_7seg:inst8|segA:inst                                                                                          ; work         ;
;       |segB:inst1|                        ; 1 (1)             ; 0 (0)        ; 0           ; 0            ; 0       ; 0         ; 0    ; 0            ; |Lab6_top_level|bcd_7seg:inst8|segB:inst1                                                                                         ; work         ;
;       |segC:inst2|                        ; 1 (1)             ; 0 (0)        ; 0           ; 0            ; 0       ; 0         ; 0    ; 0            ; |Lab6_top_level|bcd_7seg:inst8|segC:inst2                                                                                         ; work         ;
;       |segD:inst3|                        ; 1 (1)             ; 0 (0)        ; 0           ; 0            ; 0       ; 0         ; 0    ; 0            ; |Lab6_top_level|bcd_7seg:inst8|segD:inst3                                                                                         ; work         ;
;       |segE:inst4|                        ; 1 (1)             ; 0 (0)        ; 0           ; 0            ; 0       ; 0         ; 0    ; 0            ; |Lab6_top_level|bcd_7seg:inst8|segE:inst4                                                                                         ; work         ;
;       |segF:inst5|                        ; 1 (1)             ; 0 (0)        ; 0           ; 0            ; 0       ; 0         ; 0    ; 0            ; |Lab6_top_level|bcd_7seg:inst8|segF:inst5                                                                                         ; work         ;
;       |segG:inst6|                        ; 1 (1)             ; 0 (0)        ; 0           ; 0            ; 0       ; 0         ; 0    ; 0            ; |Lab6_top_level|bcd_7seg:inst8|segG:inst6                                                                                         ; work         ;
;    |bcd_7seg:inst9|                       ; 7 (0)             ; 0 (0)        ; 0           ; 0            ; 0       ; 0         ; 0    ; 0            ; |Lab6_top_level|bcd_7seg:inst9                                                                                                    ; work         ;
;       |segA:inst|                         ; 1 (1)             ; 0 (0)        ; 0           ; 0            ; 0       ; 0         ; 0    ; 0            ; |Lab6_top_level|bcd_7seg:inst9|segA:inst                                                                                          ; work         ;
;       |segB:inst1|                        ; 1 (1)             ; 0 (0)        ; 0           ; 0            ; 0       ; 0         ; 0    ; 0            ; |Lab6_top_level|bcd_7seg:inst9|segB:inst1                                                                                         ; work         ;
;       |segC:inst2|                        ; 1 (1)             ; 0 (0)        ; 0           ; 0            ; 0       ; 0         ; 0    ; 0            ; |Lab6_top_level|bcd_7seg:inst9|segC:inst2                                                                                         ; work         ;
;       |segD:inst3|                        ; 1 (1)             ; 0 (0)        ; 0           ; 0            ; 0       ; 0         ; 0    ; 0            ; |Lab6_top_level|bcd_7seg:inst9|segD:inst3                                                                                         ; work         ;
;       |segE:inst4|                        ; 1 (1)             ; 0 (0)        ; 0           ; 0            ; 0       ; 0         ; 0    ; 0            ; |Lab6_top_level|bcd_7seg:inst9|segE:inst4                                                                                         ; work         ;
;       |segF:inst5|                        ; 1 (1)             ; 0 (0)        ; 0           ; 0            ; 0       ; 0         ; 0    ; 0            ; |Lab6_top_level|bcd_7seg:inst9|segF:inst5                                                                                         ; work         ;
;       |segG:inst6|                        ; 1 (1)             ; 0 (0)        ; 0           ; 0            ; 0       ; 0         ; 0    ; 0            ; |Lab6_top_level|bcd_7seg:inst9|segG:inst6                                                                                         ; work         ;
;    |bcd_count2:inst11|                    ; 19 (0)            ; 8 (0)        ; 0           ; 0            ; 0       ; 0         ; 0    ; 0            ; |Lab6_top_level|bcd_count2:inst11                                                                                                 ; work         ;
;       |bcd_inc:inst11|                    ; 3 (0)             ; 0 (0)        ; 0           ; 0            ; 0       ; 0         ; 0    ; 0            ; |Lab6_top_level|bcd_count2:inst11|bcd_inc:inst11                                                                                  ; work         ;
;          |inc1b:inst2|                    ; 1 (1)             ; 0 (0)        ; 0           ; 0            ; 0       ; 0         ; 0    ; 0            ; |Lab6_top_level|bcd_count2:inst11|bcd_inc:inst11|inc1b:inst2                                                                      ; work         ;
;          |inc1b:inst3|                    ; 1 (1)             ; 0 (0)        ; 0           ; 0            ; 0       ; 0         ; 0    ; 0            ; |Lab6_top_level|bcd_count2:inst11|bcd_inc:inst11|inc1b:inst3                                                                      ; work         ;
;          |ten_detect:inst8|               ; 1 (1)             ; 0 (0)        ; 0           ; 0            ; 0       ; 0         ; 0    ; 0            ; |Lab6_top_level|bcd_count2:inst11|bcd_inc:inst11|ten_detect:inst8                                                                 ; work         ;
;       |bcd_inc:inst16|                    ; 4 (0)             ; 0 (0)        ; 0           ; 0            ; 0       ; 0         ; 0    ; 0            ; |Lab6_top_level|bcd_count2:inst11|bcd_inc:inst16                                                                                  ; work         ;
;          |inc1b:inst1|                    ; 2 (2)             ; 0 (0)        ; 0           ; 0            ; 0       ; 0         ; 0    ; 0            ; |Lab6_top_level|bcd_count2:inst11|bcd_inc:inst16|inc1b:inst1                                                                      ; work         ;
;          |inc1b:inst3|                    ; 1 (1)             ; 0 (0)        ; 0           ; 0            ; 0       ; 0         ; 0    ; 0            ; |Lab6_top_level|bcd_count2:inst11|bcd_inc:inst16|inc1b:inst3                                                                      ; work         ;
;          |ten_detect:inst8|               ; 1 (1)             ; 0 (0)        ; 0           ; 0            ; 0       ; 0         ; 0    ; 0            ; |Lab6_top_level|bcd_count2:inst11|bcd_inc:inst16|ten_detect:inst8                                                                 ; work         ;
;       |dff_enrst:inst14|                  ; 1 (1)             ; 1 (1)        ; 0           ; 0            ; 0       ; 0         ; 0    ; 0            ; |Lab6_top_level|bcd_count2:inst11|dff_enrst:inst14                                                                                ; work         ;
;       |dff_enrst:inst15|                  ; 1 (1)             ; 1 (1)        ; 0           ; 0            ; 0       ; 0         ; 0    ; 0            ; |Lab6_top_level|bcd_count2:inst11|dff_enrst:inst15                                                                                ; work         ;
;       |dff_enrst:inst18|                  ; 1 (1)             ; 1 (1)        ; 0           ; 0            ; 0       ; 0         ; 0    ; 0            ; |Lab6_top_level|bcd_count2:inst11|dff_enrst:inst18                                                                                ; work         ;
;       |dff_enrst:inst19|                  ; 1 (1)             ; 1 (1)        ; 0           ; 0            ; 0       ; 0         ; 0    ; 0            ; |Lab6_top_level|bcd_count2:inst11|dff_enrst:inst19                                                                                ; work         ;
;       |dff_enrst:inst20|                  ; 2 (2)             ; 1 (1)        ; 0           ; 0            ; 0       ; 0         ; 0    ; 0            ; |Lab6_top_level|bcd_count2:inst11|dff_enrst:inst20                                                                                ; work         ;
;       |dff_enrst:inst5|                   ; 2 (2)             ; 1 (1)        ; 0           ; 0            ; 0       ; 0         ; 0    ; 0            ; |Lab6_top_level|bcd_count2:inst11|dff_enrst:inst5                                                                                 ; work         ;
;       |dff_enrst:inst7|                   ; 2 (2)             ; 1 (1)        ; 0           ; 0            ; 0       ; 0         ; 0    ; 0            ; |Lab6_top_level|bcd_count2:inst11|dff_enrst:inst7                                                                                 ; work         ;
;       |dff_enrst:inst8|                   ; 2 (2)             ; 1 (1)        ; 0           ; 0            ; 0       ; 0         ; 0    ; 0            ; |Lab6_top_level|bcd_count2:inst11|dff_enrst:inst8                                                                                 ; work         ;
;    |bcd_count2:inst12|                    ; 19 (0)            ; 8 (0)        ; 0           ; 0            ; 0       ; 0         ; 0    ; 0            ; |Lab6_top_level|bcd_count2:inst12                                                                                                 ; work         ;
;       |bcd_inc:inst11|                    ; 3 (0)             ; 0 (0)        ; 0           ; 0            ; 0       ; 0         ; 0    ; 0            ; |Lab6_top_level|bcd_count2:inst12|bcd_inc:inst11                                                                                  ; work         ;
;          |inc1b:inst2|                    ; 1 (1)             ; 0 (0)        ; 0           ; 0            ; 0       ; 0         ; 0    ; 0            ; |Lab6_top_level|bcd_count2:inst12|bcd_inc:inst11|inc1b:inst2                                                                      ; work         ;
;          |inc1b:inst3|                    ; 1 (1)             ; 0 (0)        ; 0           ; 0            ; 0       ; 0         ; 0    ; 0            ; |Lab6_top_level|bcd_count2:inst12|bcd_inc:inst11|inc1b:inst3                                                                      ; work         ;
;          |ten_detect:inst8|               ; 1 (1)             ; 0 (0)        ; 0           ; 0            ; 0       ; 0         ; 0    ; 0            ; |Lab6_top_level|bcd_count2:inst12|bcd_inc:inst11|ten_detect:inst8                                                                 ; work         ;
;       |bcd_inc:inst16|                    ; 4 (0)             ; 0 (0)        ; 0           ; 0            ; 0       ; 0         ; 0    ; 0            ; |Lab6_top_level|bcd_count2:inst12|bcd_inc:inst16                                                                                  ; work         ;
;          |inc1b:inst1|                    ; 2 (2)             ; 0 (0)        ; 0           ; 0            ; 0       ; 0         ; 0    ; 0            ; |Lab6_top_level|bcd_count2:inst12|bcd_inc:inst16|inc1b:inst1                                                                      ; work         ;
;          |inc1b:inst3|                    ; 1 (1)             ; 0 (0)        ; 0           ; 0            ; 0       ; 0         ; 0    ; 0            ; |Lab6_top_level|bcd_count2:inst12|bcd_inc:inst16|inc1b:inst3                                                                      ; work         ;
;          |ten_detect:inst8|               ; 1 (1)             ; 0 (0)        ; 0           ; 0            ; 0       ; 0         ; 0    ; 0            ; |Lab6_top_level|bcd_count2:inst12|bcd_inc:inst16|ten_detect:inst8                                                                 ; work         ;
;       |dff_enrst:inst14|                  ; 1 (1)             ; 1 (1)        ; 0           ; 0            ; 0       ; 0         ; 0    ; 0            ; |Lab6_top_level|bcd_count2:inst12|dff_enrst:inst14                                                                                ; work         ;
;       |dff_enrst:inst15|                  ; 1 (1)             ; 1 (1)        ; 0           ; 0            ; 0       ; 0         ; 0    ; 0            ; |Lab6_top_level|bcd_count2:inst12|dff_enrst:inst15                                                                                ; work         ;
;       |dff_enrst:inst18|                  ; 1 (1)             ; 1 (1)        ; 0           ; 0            ; 0       ; 0         ; 0    ; 0            ; |Lab6_top_level|bcd_count2:inst12|dff_enrst:inst18                                                                                ; work         ;
;       |dff_enrst:inst19|                  ; 1 (1)             ; 1 (1)        ; 0           ; 0            ; 0       ; 0         ; 0    ; 0            ; |Lab6_top_level|bcd_count2:inst12|dff_enrst:inst19                                                                                ; work         ;
;       |dff_enrst:inst20|                  ; 2 (2)             ; 1 (1)        ; 0           ; 0            ; 0       ; 0         ; 0    ; 0            ; |Lab6_top_level|bcd_count2:inst12|dff_enrst:inst20                                                                                ; work         ;
;       |dff_enrst:inst5|                   ; 2 (2)             ; 1 (1)        ; 0           ; 0            ; 0       ; 0         ; 0    ; 0            ; |Lab6_top_level|bcd_count2:inst12|dff_enrst:inst5                                                                                 ; work         ;
;       |dff_enrst:inst7|                   ; 2 (2)             ; 1 (1)        ; 0           ; 0            ; 0       ; 0         ; 0    ; 0            ; |Lab6_top_level|bcd_count2:inst12|dff_enrst:inst7                                                                                 ; work         ;
;       |dff_enrst:inst8|                   ; 2 (2)             ; 1 (1)        ; 0           ; 0            ; 0       ; 0         ; 0    ; 0            ; |Lab6_top_level|bcd_count2:inst12|dff_enrst:inst8                                                                                 ; work         ;
;    |control:inst27|                       ; 20 (20)           ; 7 (7)        ; 0           ; 0            ; 0       ; 0         ; 0    ; 0            ; |Lab6_top_level|control:inst27                                                                                                    ; work         ;
;    |edge_det:inst19|                      ; 1 (1)             ; 2 (2)        ; 0           ; 0            ; 0       ; 0         ; 0    ; 0            ; |Lab6_top_level|edge_det:inst19                                                                                                   ; work         ;
;    |edge_det:inst1|                       ; 1 (1)             ; 2 (2)        ; 0           ; 0            ; 0       ; 0         ; 0    ; 0            ; |Lab6_top_level|edge_det:inst1                                                                                                    ; work         ;
;    |edge_det:inst2|                       ; 1 (1)             ; 2 (2)        ; 0           ; 0            ; 0       ; 0         ; 0    ; 0            ; |Lab6_top_level|edge_det:inst2                                                                                                    ; work         ;
;    |edge_det:inst|                        ; 1 (1)             ; 2 (2)        ; 0           ; 0            ; 0       ; 0         ; 0    ; 0            ; |Lab6_top_level|edge_det:inst                                                                                                     ; work         ;
;    |shift_reg:inst13|                     ; 3 (0)             ; 3 (0)        ; 0           ; 0            ; 0       ; 0         ; 0    ; 0            ; |Lab6_top_level|shift_reg:inst13                                                                                                  ; work         ;
;       |shift_cell:inst2|                  ; 1 (0)             ; 1 (0)        ; 0           ; 0            ; 0       ; 0         ; 0    ; 0            ; |Lab6_top_level|shift_reg:inst13|shift_cell:inst2                                                                                 ; work         ;
;          |dff_enrst:inst|                 ; 1 (1)             ; 1 (1)        ; 0           ; 0            ; 0       ; 0         ; 0    ; 0            ; |Lab6_top_level|shift_reg:inst13|shift_cell:inst2|dff_enrst:inst                                                                  ; work         ;
;       |shift_cell:inst4|                  ; 1 (0)             ; 1 (0)        ; 0           ; 0            ; 0       ; 0         ; 0    ; 0            ; |Lab6_top_level|shift_reg:inst13|shift_cell:inst4                                                                                 ; work         ;
;          |dff_enrst:inst|                 ; 1 (1)             ; 1 (1)        ; 0           ; 0            ; 0       ; 0         ; 0    ; 0            ; |Lab6_top_level|shift_reg:inst13|shift_cell:inst4|dff_enrst:inst                                                                  ; work         ;
;       |shift_cell:inst5|                  ; 1 (0)             ; 1 (0)        ; 0           ; 0            ; 0       ; 0         ; 0    ; 0            ; |Lab6_top_level|shift_reg:inst13|shift_cell:inst5                                                                                 ; work         ;
;          |dff_enrst:inst|                 ; 1 (1)             ; 1 (1)        ; 0           ; 0            ; 0       ; 0         ; 0    ; 0            ; |Lab6_top_level|shift_reg:inst13|shift_cell:inst5|dff_enrst:inst                                                                  ; work         ;
;    |shift_reg:inst14|                     ; 3 (0)             ; 3 (0)        ; 0           ; 0            ; 0       ; 0         ; 0    ; 0            ; |Lab6_top_level|shift_reg:inst14                                                                                                  ; work         ;
;       |shift_cell:inst2|                  ; 1 (0)             ; 1 (0)        ; 0           ; 0            ; 0       ; 0         ; 0    ; 0            ; |Lab6_top_level|shift_reg:inst14|shift_cell:inst2                                                                                 ; work         ;
;          |dff_enrst:inst|                 ; 1 (1)             ; 1 (1)        ; 0           ; 0            ; 0       ; 0         ; 0    ; 0            ; |Lab6_top_level|shift_reg:inst14|shift_cell:inst2|dff_enrst:inst                                                                  ; work         ;
;       |shift_cell:inst4|                  ; 1 (0)             ; 1 (0)        ; 0           ; 0            ; 0       ; 0         ; 0    ; 0            ; |Lab6_top_level|shift_reg:inst14|shift_cell:inst4                                                                                 ; work         ;
;          |dff_enrst:inst|                 ; 1 (1)             ; 1 (1)        ; 0           ; 0            ; 0       ; 0         ; 0    ; 0            ; |Lab6_top_level|shift_reg:inst14|shift_cell:inst4|dff_enrst:inst                                                                  ; work         ;
;       |shift_cell:inst5|                  ; 1 (0)             ; 1 (0)        ; 0           ; 0            ; 0       ; 0         ; 0    ; 0            ; |Lab6_top_level|shift_reg:inst14|shift_cell:inst5                                                                                 ; work         ;
;          |dff_enrst:inst|                 ; 1 (1)             ; 1 (1)        ; 0           ; 0            ; 0       ; 0         ; 0    ; 0            ; |Lab6_top_level|shift_reg:inst14|shift_cell:inst5|dff_enrst:inst                                                                  ; work         ;
;    |shift_reg:inst15|                     ; 4 (0)             ; 4 (0)        ; 0           ; 0            ; 0       ; 0         ; 0    ; 0            ; |Lab6_top_level|shift_reg:inst15                                                                                                  ; work         ;
;       |shift_cell:inst2|                  ; 1 (0)             ; 1 (0)        ; 0           ; 0            ; 0       ; 0         ; 0    ; 0            ; |Lab6_top_level|shift_reg:inst15|shift_cell:inst2                                                                                 ; work         ;
;          |dff_enrst:inst|                 ; 1 (1)             ; 1 (1)        ; 0           ; 0            ; 0       ; 0         ; 0    ; 0            ; |Lab6_top_level|shift_reg:inst15|shift_cell:inst2|dff_enrst:inst                                                                  ; work         ;
;       |shift_cell:inst4|                  ; 1 (0)             ; 1 (0)        ; 0           ; 0            ; 0       ; 0         ; 0    ; 0            ; |Lab6_top_level|shift_reg:inst15|shift_cell:inst4                                                                                 ; work         ;
;          |dff_enrst:inst|                 ; 1 (1)             ; 1 (1)        ; 0           ; 0            ; 0       ; 0         ; 0    ; 0            ; |Lab6_top_level|shift_reg:inst15|shift_cell:inst4|dff_enrst:inst                                                                  ; work         ;
;       |shift_cell:inst5|                  ; 2 (0)             ; 1 (0)        ; 0           ; 0            ; 0       ; 0         ; 0    ; 0            ; |Lab6_top_level|shift_reg:inst15|shift_cell:inst5                                                                                 ; work         ;
;          |dff_enrst:inst|                 ; 2 (2)             ; 1 (1)        ; 0           ; 0            ; 0       ; 0         ; 0    ; 0            ; |Lab6_top_level|shift_reg:inst15|shift_cell:inst5|dff_enrst:inst                                                                  ; work         ;
;       |shift_cell:inst|                   ; 0 (0)             ; 1 (0)        ; 0           ; 0            ; 0       ; 0         ; 0    ; 0            ; |Lab6_top_level|shift_reg:inst15|shift_cell:inst                                                                                  ; work         ;
;          |dff_enrst:inst|                 ; 0 (0)             ; 1 (1)        ; 0           ; 0            ; 0       ; 0         ; 0    ; 0            ; |Lab6_top_level|shift_reg:inst15|shift_cell:inst|dff_enrst:inst                                                                   ; work         ;
;    |shift_reg:inst16|                     ; 3 (0)             ; 2 (0)        ; 0           ; 0            ; 0       ; 0         ; 0    ; 0            ; |Lab6_top_level|shift_reg:inst16                                                                                                  ; work         ;
;       |shift_cell:inst2|                  ; 2 (0)             ; 1 (0)        ; 0           ; 0            ; 0       ; 0         ; 0    ; 0            ; |Lab6_top_level|shift_reg:inst16|shift_cell:inst2                                                                                 ; work         ;
;          |dff_enrst:inst|                 ; 2 (2)             ; 1 (1)        ; 0           ; 0            ; 0       ; 0         ; 0    ; 0            ; |Lab6_top_level|shift_reg:inst16|shift_cell:inst2|dff_enrst:inst                                                                  ; work         ;
;       |shift_cell:inst4|                  ; 1 (0)             ; 1 (0)        ; 0           ; 0            ; 0       ; 0         ; 0    ; 0            ; |Lab6_top_level|shift_reg:inst16|shift_cell:inst4                                                                                 ; work         ;
;          |dff_enrst:inst|                 ; 1 (1)             ; 1 (1)        ; 0           ; 0            ; 0       ; 0         ; 0    ; 0            ; |Lab6_top_level|shift_reg:inst16|shift_cell:inst4|dff_enrst:inst                                                                  ; work         ;
+-------------------------------------------+-------------------+--------------+-------------+--------------+---------+-----------+------+--------------+-----------------------------------------------------------------------------------------------------------------------------------+--------------+
Note: For table entries with two numbers listed, the numbers in parentheses indicate the number of resources of the given type used by the specific entity alone. The numbers listed outside of parentheses indicate the total resources of the given type used by the specific entity and all of its sub-entities in the hierarchy.


+---------------------------------------------------------------------------------------------------------------------------+
; Registers Removed During Synthesis                                                                                        ;
+-------------------------------------------------------+-------------------------------------------------------------------+
; Register name                                         ; Reason for Removal                                                ;
+-------------------------------------------------------+-------------------------------------------------------------------+
; shift_reg:inst14|shift_cell:inst|dff_enrst:inst|inst  ; Merged with shift_reg:inst15|shift_cell:inst|dff_enrst:inst|inst  ;
; shift_reg:inst13|shift_cell:inst|dff_enrst:inst|inst  ; Merged with shift_reg:inst15|shift_cell:inst|dff_enrst:inst|inst  ;
; shift_reg:inst16|shift_cell:inst|dff_enrst:inst|inst  ; Merged with shift_reg:inst16|shift_cell:inst5|dff_enrst:inst|inst ;
; shift_reg:inst16|shift_cell:inst5|dff_enrst:inst|inst ; Merged with shift_reg:inst15|shift_cell:inst|dff_enrst:inst|inst  ;
; Total Number of Removed Registers = 4                 ;                                                                   ;
+-------------------------------------------------------+-------------------------------------------------------------------+


+------------------------------------------------------+
; General Register Statistics                          ;
+----------------------------------------------+-------+
; Statistic                                    ; Value ;
+----------------------------------------------+-------+
; Total registers                              ; 74    ;
; Number of registers using Synchronous Clear  ; 2     ;
; Number of registers using Synchronous Load   ; 25    ;
; Number of registers using Asynchronous Clear ; 74    ;
; Number of registers using Asynchronous Load  ; 0     ;
; Number of registers using Clock Enable       ; 37    ;
; Number of registers using Preset             ; 0     ;
+----------------------------------------------+-------+


+-----------------------------------------------------------------+
; Inverted Register Statistics                                    ;
+-------------------------------------------------------+---------+
; Inverted Register                                     ; Fan out ;
+-------------------------------------------------------+---------+
; Timer:inst23|counter[0]                               ; 2       ;
; Timer:inst23|counter[1]                               ; 2       ;
; Timer:inst23|counter[2]                               ; 2       ;
; Timer:inst23|counter[3]                               ; 2       ;
; Timer:inst23|counter[4]                               ; 2       ;
; Timer:inst23|counter[10]                              ; 2       ;
; Timer:inst23|counter[11]                              ; 2       ;
; Timer:inst23|counter[12]                              ; 2       ;
; Timer:inst23|counter[13]                              ; 2       ;
; Timer:inst23|counter[15]                              ; 2       ;
; Timer:inst23|counter[17]                              ; 2       ;
; Timer:inst23|counter[18]                              ; 2       ;
; Timer:inst23|counter[19]                              ; 2       ;
; Timer:inst23|counter[20]                              ; 2       ;
; Timer:inst23|counter[21]                              ; 2       ;
; Timer:inst23|counter[23]                              ; 2       ;
; shift_reg:inst16|shift_cell:inst2|dff_enrst:inst|inst ; 6       ;
; shift_reg:inst16|shift_cell:inst4|dff_enrst:inst|inst ; 7       ;
; shift_reg:inst15|shift_cell:inst|dff_enrst:inst|inst  ; 28      ;
; shift_reg:inst15|shift_cell:inst2|dff_enrst:inst|inst ; 9       ;
; shift_reg:inst15|shift_cell:inst4|dff_enrst:inst|inst ; 8       ;
; shift_reg:inst15|shift_cell:inst5|dff_enrst:inst|inst ; 8       ;
; shift_reg:inst14|shift_cell:inst2|dff_enrst:inst|inst ; 9       ;
; shift_reg:inst14|shift_cell:inst4|dff_enrst:inst|inst ; 8       ;
; shift_reg:inst14|shift_cell:inst5|dff_enrst:inst|inst ; 8       ;
; shift_reg:inst13|shift_cell:inst2|dff_enrst:inst|inst ; 9       ;
; shift_reg:inst13|shift_cell:inst4|dff_enrst:inst|inst ; 8       ;
; shift_reg:inst13|shift_cell:inst5|dff_enrst:inst|inst ; 8       ;
; control:inst27|inst                                   ; 19      ;
; NoteLoader:inst20|data[0]                             ; 5       ;
; NoteLoader:inst20|data[4]                             ; 6       ;
; NoteLoader:inst20|data[3]                             ; 5       ;
; NoteLoader:inst20|data[2]                             ; 5       ;
; NoteLoader:inst20|data[1]                             ; 6       ;
; Total number of inverted registers = 34               ;         ;
+-------------------------------------------------------+---------+


+--------------------------------------------------------------------------------------------------------------------------------------------------------+
; Multiplexer Restructuring Statistics (Restructuring Performed)                                                                                         ;
+--------------------+-----------+---------------+----------------------+------------------------+------------+------------------------------------------+
; Multiplexer Inputs ; Bus Width ; Baseline Area ; Area if Restructured ; Saving if Restructured ; Registered ; Example Multiplexer Output               ;
+--------------------+-----------+---------------+----------------------+------------------------+------------+------------------------------------------+
; 3:1                ; 9 bits    ; 18 LEs        ; 9 LEs                ; 9 LEs                  ; Yes        ; |Lab6_top_level|Timer:inst23|counter[7]  ;
; 3:1                ; 16 bits   ; 32 LEs        ; 16 LEs               ; 16 LEs                 ; Yes        ; |Lab6_top_level|Timer:inst23|counter[13] ;
+--------------------+-----------+---------------+----------------------+------------------------+------------+------------------------------------------+


+------------------------------------------------------------------------------------+
; Parameter Settings for Inferred Entity Instance: NoteLoader:inst20|lpm_divide:Mod0 ;
+------------------------+----------------+------------------------------------------+
; Parameter Name         ; Value          ; Type                                     ;
+------------------------+----------------+------------------------------------------+
; LPM_WIDTHN             ; 5              ; Untyped                                  ;
; LPM_WIDTHD             ; 2              ; Untyped                                  ;
; LPM_NREPRESENTATION    ; UNSIGNED       ; Untyped                                  ;
; LPM_DREPRESENTATION    ; UNSIGNED       ; Untyped                                  ;
; LPM_PIPELINE           ; 0              ; Untyped                                  ;
; LPM_REMAINDERPOSITIVE  ; TRUE           ; Untyped                                  ;
; MAXIMIZE_SPEED         ; 5              ; Untyped                                  ;
; CBXI_PARAMETER         ; lpm_divide_v4m ; Untyped                                  ;
; CARRY_CHAIN            ; MANUAL         ; Untyped                                  ;
; OPTIMIZE_FOR_SPEED     ; 5              ; Untyped                                  ;
; AUTO_CARRY_CHAINS      ; ON             ; AUTO_CARRY                               ;
; IGNORE_CARRY_BUFFERS   ; OFF            ; IGNORE_CARRY                             ;
; AUTO_CASCADE_CHAINS    ; ON             ; AUTO_CASCADE                             ;
; IGNORE_CASCADE_BUFFERS ; OFF            ; IGNORE_CASCADE                           ;
+------------------------+----------------+------------------------------------------+
Note: In order to hide this table in the UI and the text report file, please set the "Show Parameter Settings in Synthesis Report" option in "Analysis and Synthesis Settings -> More Settings" to "Off".


+-------------------------------+
; Elapsed Time Per Partition    ;
+----------------+--------------+
; Partition Name ; Elapsed Time ;
+----------------+--------------+
; Top            ; 00:00:00     ;
+----------------+--------------+


+-------------------------------+
; Analysis & Synthesis Messages ;
+-------------------------------+
Info: *******************************************************************
Info: Running Quartus II 64-Bit Analysis & Synthesis
    Info: Version 13.0.1 Build 232 06/12/2013 Service Pack 1 SJ Web Edition
    Info: Processing started: Mon Feb 05 16:49:50 2018
Info: Command: quartus_map --read_settings_files=on --write_settings_files=off Lab6_top_level -c Lab6_top_level
Warning (20028): Parallel compilation is not licensed and has been disabled
Info (12021): Found 1 design units, including 1 entities, in source file ten_detect.bdf
    Info (12023): Found entity 1: ten_detect
Info (12021): Found 1 design units, including 1 entities, in source file inc1b.bdf
    Info (12023): Found entity 1: inc1b
Info (12021): Found 1 design units, including 1 entities, in source file fix_bcd.bdf
    Info (12023): Found entity 1: fix_bcd
Info (12021): Found 1 design units, including 1 entities, in source file bcd_inc.bdf
    Info (12023): Found entity 1: bcd_inc
Info (12021): Found 1 design units, including 1 entities, in source file bcd_count2.bdf
    Info (12023): Found entity 1: bcd_count2
Info (12021): Found 1 design units, including 1 entities, in source file shift_reg.bdf
    Info (12023): Found entity 1: shift_reg
Info (12021): Found 1 design units, including 1 entities, in source file shift_cell.bdf
    Info (12023): Found entity 1: shift_cell
Info (12021): Found 1 design units, including 1 entities, in source file segg.bdf
    Info (12023): Found entity 1: segG
Info (12021): Found 1 design units, including 1 entities, in source file segb.bdf
    Info (12023): Found entity 1: segB
Info (12021): Found 1 design units, including 1 entities, in source file edge_det.bdf
    Info (12023): Found entity 1: edge_det
Info (12021): Found 1 design units, including 1 entities, in source file dff_enrst.bdf
    Info (12023): Found entity 1: dff_enrst
Info (12021): Found 1 design units, including 1 entities, in source file control_simple.bdf
    Info (12023): Found entity 1: control_simple
Info (12021): Found 1 design units, including 1 entities, in source file bcd_7seg.bdf
    Info (12023): Found entity 1: bcd_7seg
Info (12021): Found 1 design units, including 1 entities, in source file control.bdf
    Info (12023): Found entity 1: control
Info (12021): Found 1 design units, including 1 entities, in source file gamelogic.v
    Info (12023): Found entity 1: GameLogic
Info (12021): Found 1 design units, including 1 entities, in source file lab6_top_level.bdf
    Info (12023): Found entity 1: Lab6_top_level
Info (12021): Found 1 design units, including 1 entities, in source file noteloader.v
    Info (12023): Found entity 1: NoteLoader
Info (12021): Found 1 design units, including 1 entities, in source file sega.v
    Info (12023): Found entity 1: segA
Info (12021): Found 1 design units, including 1 entities, in source file segc.v
    Info (12023): Found entity 1: segC
Info (12021): Found 1 design units, including 1 entities, in source file segd.v
    Info (12023): Found entity 1: segD
Info (12021): Found 1 design units, including 1 entities, in source file sege.v
    Info (12023): Found entity 1: segE
Info (12021): Found 1 design units, including 1 entities, in source file segf.v
    Info (12023): Found entity 1: segF
Info (12021): Found 1 design units, including 1 entities, in source file slowclock.v
    Info (12023): Found entity 1: SlowClock
Info (12021): Found 1 design units, including 1 entities, in source file timer.v
    Info (12023): Found entity 1: Timer
Info (12127): Elaborating entity "Lab6_top_level" for the top level hierarchy
Info (12128): Elaborating entity "bcd_7seg" for hierarchy "bcd_7seg:inst10"
Info (12128): Elaborating entity "segB" for hierarchy "bcd_7seg:inst10|segB:inst1"
Info (12128): Elaborating entity "segD" for hierarchy "bcd_7seg:inst10|segD:inst3"
Info (12128): Elaborating entity "segE" for hierarchy "bcd_7seg:inst10|segE:inst4"
Info (12128): Elaborating entity "segF" for hierarchy "bcd_7seg:inst10|segF:inst5"
Info (12128): Elaborating entity "segG" for hierarchy "bcd_7seg:inst10|segG:inst6"
Info (12128): Elaborating entity "segA" for hierarchy "bcd_7seg:inst10|segA:inst"
Info (12128): Elaborating entity "segC" for hierarchy "bcd_7seg:inst10|segC:inst2"
Info (12128): Elaborating entity "shift_reg" for hierarchy "shift_reg:inst16"
Info (12128): Elaborating entity "shift_cell" for hierarchy "shift_reg:inst16|shift_cell:inst"
Info (12128): Elaborating entity "dff_enrst" for hierarchy "shift_reg:inst16|shift_cell:inst|dff_enrst:inst"
Info (12128): Elaborating entity "control" for hierarchy "control:inst27"
Warning (275008): Primitive "NOT" of instance "inst20" not used
Warning (275008): Primitive "NOT" of instance "inst21" not used
Warning (275008): Primitive "NOT" of instance "inst22" not used
Info (12128): Elaborating entity "edge_det" for hierarchy "edge_det:inst"
Info (12128): Elaborating entity "GameLogic" for hierarchy "GameLogic:inst22"
Info (12128): Elaborating entity "bcd_count2" for hierarchy "bcd_count2:inst12"
Warning (275008): Primitive "GND" of instance "inst1" not used
Info (12128): Elaborating entity "bcd_inc" for hierarchy "bcd_count2:inst12|bcd_inc:inst11"
Info (12128): Elaborating entity "fix_bcd" for hierarchy "bcd_count2:inst12|bcd_inc:inst11|fix_bcd:inst4"
Info (12128): Elaborating entity "inc1b" for hierarchy "bcd_count2:inst12|bcd_inc:inst11|inc1b:inst"
Info (12128): Elaborating entity "ten_detect" for hierarchy "bcd_count2:inst12|bcd_inc:inst11|ten_detect:inst8"
Info (12128): Elaborating entity "Timer" for hierarchy "Timer:inst23"
Warning (10230): Verilog HDL assignment warning at Timer.v(29): truncated value with size 32 to match size of target (25)
Info (12128): Elaborating entity "NoteLoader" for hierarchy "NoteLoader:inst20"
Warning (10230): Verilog HDL assignment warning at NoteLoader.v(31): truncated value with size 32 to match size of target (2)
Info (278001): Inferred 1 megafunctions from design logic
    Info (278004): Inferred divider/modulo megafunction ("lpm_divide") from the following logic: "NoteLoader:inst20|Mod0"
Info (12130): Elaborated megafunction instantiation "NoteLoader:inst20|lpm_divide:Mod0"
Info (12133): Instantiated megafunction "NoteLoader:inst20|lpm_divide:Mod0" with the following parameter:
    Info (12134): Parameter "LPM_WIDTHN" = "5"
    Info (12134): Parameter "LPM_WIDTHD" = "2"
    Info (12134): Parameter "LPM_NREPRESENTATION" = "UNSIGNED"
    Info (12134): Parameter "LPM_DREPRESENTATION" = "UNSIGNED"
Info (12021): Found 1 design units, including 1 entities, in source file db/lpm_divide_v4m.tdf
    Info (12023): Found entity 1: lpm_divide_v4m
Info (12021): Found 1 design units, including 1 entities, in source file db/sign_div_unsign_6kh.tdf
    Info (12023): Found entity 1: sign_div_unsign_6kh
Info (12021): Found 1 design units, including 1 entities, in source file db/alt_u_div_eve.tdf
    Info (12023): Found entity 1: alt_u_div_eve
Info (12021): Found 1 design units, including 1 entities, in source file db/add_sub_lkc.tdf
    Info (12023): Found entity 1: add_sub_lkc
Info (12021): Found 1 design units, including 1 entities, in source file db/add_sub_mkc.tdf
    Info (12023): Found entity 1: add_sub_mkc
Info (13000): Registers with preset signals will power-up high
Info (13003): DEV_CLRn pin will set, and not reset, register with preset signal due to NOT Gate Push-Back
Info (16010): Generating hard_block partition "hard_block:auto_generated_inst"
    Info (16011): Adding 0 node(s), including 0 DDIO, 0 PLL, 0 transceiver and 0 LCELL
Info (21057): Implemented 275 device resources after synthesis - the final resource count might be different
    Info (21058): Implemented 6 input pins
    Info (21059): Implemented 64 output pins
    Info (21061): Implemented 205 logic cells
Info: Quartus II 64-Bit Analysis & Synthesis was successful. 0 errors, 7 warnings
    Info: Peak virtual memory: 533 megabytes
    Info: Processing ended: Mon Feb 05 16:49:52 2018
    Info: Elapsed time: 00:00:02
    Info: Total CPU time (on all processors): 00:00:02


