TimeQuest Timing Analyzer report for Lab7_top_level
Wed Feb 14 15:13:23 2018
Quartus II 64-Bit Version 13.0.1 Build 232 06/12/2013 Service Pack 1 SJ Web Edition


---------------------
; Table of Contents ;
---------------------
  1. Legal Notice
  2. TimeQuest Timing Analyzer Summary
  3. Parallel Compilation
  4. Clocks
  5. Slow Model Fmax Summary
  6. Slow Model Setup Summary
  7. Slow Model Hold Summary
  8. Slow Model Recovery Summary
  9. Slow Model Removal Summary
 10. Slow Model Minimum Pulse Width Summary
 11. Slow Model Setup: 'edge_det:inst|inst'
 12. Slow Model Setup: 'CLOCK_50'
 13. Slow Model Hold: 'CLOCK_50'
 14. Slow Model Hold: 'edge_det:inst|inst'
 15. Slow Model Minimum Pulse Width: 'CLOCK_50'
 16. Slow Model Minimum Pulse Width: 'edge_det:inst|inst'
 17. Setup Times
 18. Hold Times
 19. Clock to Output Times
 20. Minimum Clock to Output Times
 21. Propagation Delay
 22. Minimum Propagation Delay
 23. Fast Model Setup Summary
 24. Fast Model Hold Summary
 25. Fast Model Recovery Summary
 26. Fast Model Removal Summary
 27. Fast Model Minimum Pulse Width Summary
 28. Fast Model Setup: 'edge_det:inst|inst'
 29. Fast Model Setup: 'CLOCK_50'
 30. Fast Model Hold: 'CLOCK_50'
 31. Fast Model Hold: 'edge_det:inst|inst'
 32. Fast Model Minimum Pulse Width: 'CLOCK_50'
 33. Fast Model Minimum Pulse Width: 'edge_det:inst|inst'
 34. Setup Times
 35. Hold Times
 36. Clock to Output Times
 37. Minimum Clock to Output Times
 38. Propagation Delay
 39. Minimum Propagation Delay
 40. Multicorner Timing Analysis Summary
 41. Setup Times
 42. Hold Times
 43. Clock to Output Times
 44. Minimum Clock to Output Times
 45. Progagation Delay
 46. Minimum Progagation Delay
 47. Setup Transfers
 48. Hold Transfers
 49. Report TCCS
 50. Report RSKM
 51. Unconstrained Paths
 52. TimeQuest Timing Analyzer Messages



----------------
; Legal Notice ;
----------------
Copyright (C) 1991-2013 Altera Corporation
Your use of Altera Corporation's design tools, logic functions 
and other software and tools, and its AMPP partner logic 
functions, and any output files from any of the foregoing 
(including device programming or simulation files), and any 
associated documentation or information are expressly subject 
to the terms and conditions of the Altera Program License 
Subscription Agreement, Altera MegaCore Function License 
Agreement, or other applicable license agreement, including, 
without limitation, that your use is for the sole purpose of 
programming logic devices manufactured by Altera and sold by 
Altera or its authorized distributors.  Please refer to the 
applicable agreement for further details.



+----------------------------------------------------------------------------------------+
; TimeQuest Timing Analyzer Summary                                                      ;
+--------------------+-------------------------------------------------------------------+
; Quartus II Version ; Version 13.0.1 Build 232 06/12/2013 Service Pack 1 SJ Web Edition ;
; Revision Name      ; Lab7_top_level                                                    ;
; Device Family      ; Cyclone II                                                        ;
; Device Name        ; EP2C35F672C6                                                      ;
; Timing Models      ; Final                                                             ;
; Delay Model        ; Combined                                                          ;
; Rise/Fall Delays   ; Unavailable                                                       ;
+--------------------+-------------------------------------------------------------------+


Parallel compilation was disabled, but you have multiple processors available. Enable parallel compilation to reduce compilation time.
+-------------------------------------+
; Parallel Compilation                ;
+----------------------------+--------+
; Processors                 ; Number ;
+----------------------------+--------+
; Number detected on machine ; 8      ;
; Maximum allowed            ; 1      ;
+----------------------------+--------+


+--------------------------------------------------------------------------------------------------------------------------------------------------------------------------------------------------------+
; Clocks                                                                                                                                                                                                 ;
+--------------------+------+--------+------------+-------+-------+------------+-----------+-------------+-------+--------+-----------+------------+----------+--------+--------+------------------------+
; Clock Name         ; Type ; Period ; Frequency  ; Rise  ; Fall  ; Duty Cycle ; Divide by ; Multiply by ; Phase ; Offset ; Edge List ; Edge Shift ; Inverted ; Master ; Source ; Targets                ;
+--------------------+------+--------+------------+-------+-------+------------+-----------+-------------+-------+--------+-----------+------------+----------+--------+--------+------------------------+
; CLOCK_50           ; Base ; 1.000  ; 1000.0 MHz ; 0.000 ; 0.500 ;            ;           ;             ;       ;        ;           ;            ;          ;        ;        ; { CLOCK_50 }           ;
; edge_det:inst|inst ; Base ; 1.000  ; 1000.0 MHz ; 0.000 ; 0.500 ;            ;           ;             ;       ;        ;           ;            ;          ;        ;        ; { edge_det:inst|inst } ;
+--------------------+------+--------+------------+-------+-------+------------+-----------+-------------+-------+--------+-----------+------------+----------+--------+--------+------------------------+


+--------------------------------------------------------------------------------------------------------------------+
; Slow Model Fmax Summary                                                                                            ;
+-------------+-----------------+--------------------+---------------------------------------------------------------+
; Fmax        ; Restricted Fmax ; Clock Name         ; Note                                                          ;
+-------------+-----------------+--------------------+---------------------------------------------------------------+
; 569.8 MHz   ; 500.0 MHz       ; edge_det:inst|inst ; limit due to high minimum pulse width violation (tch)         ;
; 1322.75 MHz ; 420.17 MHz      ; CLOCK_50           ; limit due to minimum period restriction (max I/O toggle rate) ;
+-------------+-----------------+--------------------+---------------------------------------------------------------+
This panel reports FMAX for every clock in the design, regardless of the user-specified clock periods.  FMAX is only computed for paths where the source and destination registers or ports are driven by the same clock.  Paths of different clocks, including generated clocks, are ignored.  For paths between a clock and its inversion, FMAX is computed as if the rising and falling edges are scaled along with FMAX, such that the duty cycle (in terms of a percentage) is maintained. Altera recommends that you always use clock constraints and other slack reports for sign-off analysis.


+---------------------------------------------+
; Slow Model Setup Summary                    ;
+--------------------+--------+---------------+
; Clock              ; Slack  ; End Point TNS ;
+--------------------+--------+---------------+
; edge_det:inst|inst ; -0.755 ; -1.950        ;
; CLOCK_50           ; 0.244  ; 0.000         ;
+--------------------+--------+---------------+


+--------------------------------------------+
; Slow Model Hold Summary                    ;
+--------------------+-------+---------------+
; Clock              ; Slack ; End Point TNS ;
+--------------------+-------+---------------+
; CLOCK_50           ; 0.526 ; 0.000         ;
; edge_det:inst|inst ; 1.104 ; 0.000         ;
+--------------------+-------+---------------+


-------------------------------
; Slow Model Recovery Summary ;
-------------------------------
No paths to report.


------------------------------
; Slow Model Removal Summary ;
------------------------------
No paths to report.


+---------------------------------------------+
; Slow Model Minimum Pulse Width Summary      ;
+--------------------+--------+---------------+
; Clock              ; Slack  ; End Point TNS ;
+--------------------+--------+---------------+
; CLOCK_50           ; -1.380 ; -3.380        ;
; edge_det:inst|inst ; -0.500 ; -3.000        ;
+--------------------+--------+---------------+


+-----------------------------------------------------------------------------------------------------------------------------------------------------+
; Slow Model Setup: 'edge_det:inst|inst'                                                                                                              ;
+--------+----------------------------+----------------------------+--------------------+--------------------+--------------+------------+------------+
; Slack  ; From Node                  ; To Node                    ; Launch Clock       ; Latch Clock        ; Relationship ; Clock Skew ; Data Delay ;
+--------+----------------------------+----------------------------+--------------------+--------------------+--------------+------------+------------+
; -0.755 ; FSM:inst12|CurrentState[2] ; FSM:inst12|CurrentState[1] ; edge_det:inst|inst ; edge_det:inst|inst ; 1.000        ; 0.000      ; 1.791      ;
; -0.629 ; FSM:inst12|CurrentState[0] ; FSM:inst12|CurrentState[1] ; edge_det:inst|inst ; edge_det:inst|inst ; 1.000        ; 0.000      ; 1.665      ;
; -0.603 ; FSM:inst12|CurrentState[2] ; FSM:inst12|CurrentState[0] ; edge_det:inst|inst ; edge_det:inst|inst ; 1.000        ; 0.000      ; 1.639      ;
; -0.592 ; FSM:inst12|CurrentState[2] ; FSM:inst12|CurrentState[2] ; edge_det:inst|inst ; edge_det:inst|inst ; 1.000        ; 0.000      ; 1.628      ;
; -0.492 ; FSM:inst12|CurrentState[1] ; FSM:inst12|CurrentState[1] ; edge_det:inst|inst ; edge_det:inst|inst ; 1.000        ; 0.000      ; 1.528      ;
; -0.473 ; FSM:inst12|CurrentState[0] ; FSM:inst12|CurrentState[0] ; edge_det:inst|inst ; edge_det:inst|inst ; 1.000        ; 0.000      ; 1.509      ;
; -0.471 ; FSM:inst12|CurrentState[0] ; FSM:inst12|CurrentState[2] ; edge_det:inst|inst ; edge_det:inst|inst ; 1.000        ; 0.000      ; 1.507      ;
; -0.336 ; FSM:inst12|CurrentState[1] ; FSM:inst12|CurrentState[0] ; edge_det:inst|inst ; edge_det:inst|inst ; 1.000        ; 0.000      ; 1.372      ;
; -0.334 ; FSM:inst12|CurrentState[1] ; FSM:inst12|CurrentState[2] ; edge_det:inst|inst ; edge_det:inst|inst ; 1.000        ; 0.000      ; 1.370      ;
+--------+----------------------------+----------------------------+--------------------+--------------------+--------------+------------+------------+


+------------------------------------------------------------------------------------------------------------------------+
; Slow Model Setup: 'CLOCK_50'                                                                                           ;
+-------+---------------------+--------------------+--------------+-------------+--------------+------------+------------+
; Slack ; From Node           ; To Node            ; Launch Clock ; Latch Clock ; Relationship ; Clock Skew ; Data Delay ;
+-------+---------------------+--------------------+--------------+-------------+--------------+------------+------------+
; 0.244 ; edge_det:inst|inst1 ; edge_det:inst|inst ; CLOCK_50     ; CLOCK_50    ; 1.000        ; 0.000      ; 0.792      ;
+-------+---------------------+--------------------+--------------+-------------+--------------+------------+------------+


+------------------------------------------------------------------------------------------------------------------------+
; Slow Model Hold: 'CLOCK_50'                                                                                            ;
+-------+---------------------+--------------------+--------------+-------------+--------------+------------+------------+
; Slack ; From Node           ; To Node            ; Launch Clock ; Latch Clock ; Relationship ; Clock Skew ; Data Delay ;
+-------+---------------------+--------------------+--------------+-------------+--------------+------------+------------+
; 0.526 ; edge_det:inst|inst1 ; edge_det:inst|inst ; CLOCK_50     ; CLOCK_50    ; 0.000        ; 0.000      ; 0.792      ;
+-------+---------------------+--------------------+--------------+-------------+--------------+------------+------------+


+----------------------------------------------------------------------------------------------------------------------------------------------------+
; Slow Model Hold: 'edge_det:inst|inst'                                                                                                              ;
+-------+----------------------------+----------------------------+--------------------+--------------------+--------------+------------+------------+
; Slack ; From Node                  ; To Node                    ; Launch Clock       ; Latch Clock        ; Relationship ; Clock Skew ; Data Delay ;
+-------+----------------------------+----------------------------+--------------------+--------------------+--------------+------------+------------+
; 1.104 ; FSM:inst12|CurrentState[1] ; FSM:inst12|CurrentState[2] ; edge_det:inst|inst ; edge_det:inst|inst ; 0.000        ; 0.000      ; 1.370      ;
; 1.106 ; FSM:inst12|CurrentState[1] ; FSM:inst12|CurrentState[0] ; edge_det:inst|inst ; edge_det:inst|inst ; 0.000        ; 0.000      ; 1.372      ;
; 1.241 ; FSM:inst12|CurrentState[0] ; FSM:inst12|CurrentState[2] ; edge_det:inst|inst ; edge_det:inst|inst ; 0.000        ; 0.000      ; 1.507      ;
; 1.243 ; FSM:inst12|CurrentState[0] ; FSM:inst12|CurrentState[0] ; edge_det:inst|inst ; edge_det:inst|inst ; 0.000        ; 0.000      ; 1.509      ;
; 1.262 ; FSM:inst12|CurrentState[1] ; FSM:inst12|CurrentState[1] ; edge_det:inst|inst ; edge_det:inst|inst ; 0.000        ; 0.000      ; 1.528      ;
; 1.362 ; FSM:inst12|CurrentState[2] ; FSM:inst12|CurrentState[2] ; edge_det:inst|inst ; edge_det:inst|inst ; 0.000        ; 0.000      ; 1.628      ;
; 1.373 ; FSM:inst12|CurrentState[2] ; FSM:inst12|CurrentState[0] ; edge_det:inst|inst ; edge_det:inst|inst ; 0.000        ; 0.000      ; 1.639      ;
; 1.399 ; FSM:inst12|CurrentState[0] ; FSM:inst12|CurrentState[1] ; edge_det:inst|inst ; edge_det:inst|inst ; 0.000        ; 0.000      ; 1.665      ;
; 1.525 ; FSM:inst12|CurrentState[2] ; FSM:inst12|CurrentState[1] ; edge_det:inst|inst ; edge_det:inst|inst ; 0.000        ; 0.000      ; 1.791      ;
+-------+----------------------------+----------------------------+--------------------+--------------------+--------------+------------+------------+


+---------------------------------------------------------------------------------------------------------+
; Slow Model Minimum Pulse Width: 'CLOCK_50'                                                              ;
+--------+--------------+----------------+------------------+----------+------------+---------------------+
; Slack  ; Actual Width ; Required Width ; Type             ; Clock    ; Clock Edge ; Target              ;
+--------+--------------+----------------+------------------+----------+------------+---------------------+
; -1.380 ; 1.000        ; 2.380          ; Port Rate        ; CLOCK_50 ; Rise       ; CLOCK_50            ;
; -0.500 ; 0.500        ; 1.000          ; High Pulse Width ; CLOCK_50 ; Rise       ; edge_det:inst|inst  ;
; -0.500 ; 0.500        ; 1.000          ; Low Pulse Width  ; CLOCK_50 ; Rise       ; edge_det:inst|inst  ;
; -0.500 ; 0.500        ; 1.000          ; High Pulse Width ; CLOCK_50 ; Rise       ; edge_det:inst|inst1 ;
; -0.500 ; 0.500        ; 1.000          ; Low Pulse Width  ; CLOCK_50 ; Rise       ; edge_det:inst|inst1 ;
; 0.500  ; 0.500        ; 0.000          ; High Pulse Width ; CLOCK_50 ; Rise       ; CLOCK_50|combout    ;
; 0.500  ; 0.500        ; 0.000          ; Low Pulse Width  ; CLOCK_50 ; Rise       ; CLOCK_50|combout    ;
; 0.500  ; 0.500        ; 0.000          ; High Pulse Width ; CLOCK_50 ; Rise       ; inst|inst1|clk      ;
; 0.500  ; 0.500        ; 0.000          ; Low Pulse Width  ; CLOCK_50 ; Rise       ; inst|inst1|clk      ;
; 0.500  ; 0.500        ; 0.000          ; High Pulse Width ; CLOCK_50 ; Rise       ; inst|inst|clk       ;
; 0.500  ; 0.500        ; 0.000          ; Low Pulse Width  ; CLOCK_50 ; Rise       ; inst|inst|clk       ;
+--------+--------------+----------------+------------------+----------+------------+---------------------+


+---------------------------------------------------------------------------------------------------------------------------+
; Slow Model Minimum Pulse Width: 'edge_det:inst|inst'                                                                      ;
+--------+--------------+----------------+------------------+--------------------+------------+-----------------------------+
; Slack  ; Actual Width ; Required Width ; Type             ; Clock              ; Clock Edge ; Target                      ;
+--------+--------------+----------------+------------------+--------------------+------------+-----------------------------+
; -0.500 ; 0.500        ; 1.000          ; High Pulse Width ; edge_det:inst|inst ; Rise       ; FSM:inst12|CurrentState[0]  ;
; -0.500 ; 0.500        ; 1.000          ; Low Pulse Width  ; edge_det:inst|inst ; Rise       ; FSM:inst12|CurrentState[0]  ;
; -0.500 ; 0.500        ; 1.000          ; High Pulse Width ; edge_det:inst|inst ; Rise       ; FSM:inst12|CurrentState[1]  ;
; -0.500 ; 0.500        ; 1.000          ; Low Pulse Width  ; edge_det:inst|inst ; Rise       ; FSM:inst12|CurrentState[1]  ;
; -0.500 ; 0.500        ; 1.000          ; High Pulse Width ; edge_det:inst|inst ; Rise       ; FSM:inst12|CurrentState[2]  ;
; -0.500 ; 0.500        ; 1.000          ; Low Pulse Width  ; edge_det:inst|inst ; Rise       ; FSM:inst12|CurrentState[2]  ;
; 0.500  ; 0.500        ; 0.000          ; High Pulse Width ; edge_det:inst|inst ; Rise       ; inst12|CurrentState[0]|clk  ;
; 0.500  ; 0.500        ; 0.000          ; Low Pulse Width  ; edge_det:inst|inst ; Rise       ; inst12|CurrentState[0]|clk  ;
; 0.500  ; 0.500        ; 0.000          ; High Pulse Width ; edge_det:inst|inst ; Rise       ; inst12|CurrentState[1]|clk  ;
; 0.500  ; 0.500        ; 0.000          ; Low Pulse Width  ; edge_det:inst|inst ; Rise       ; inst12|CurrentState[1]|clk  ;
; 0.500  ; 0.500        ; 0.000          ; High Pulse Width ; edge_det:inst|inst ; Rise       ; inst12|CurrentState[2]|clk  ;
; 0.500  ; 0.500        ; 0.000          ; Low Pulse Width  ; edge_det:inst|inst ; Rise       ; inst12|CurrentState[2]|clk  ;
; 0.500  ; 0.500        ; 0.000          ; High Pulse Width ; edge_det:inst|inst ; Rise       ; inst|inst6|combout          ;
; 0.500  ; 0.500        ; 0.000          ; Low Pulse Width  ; edge_det:inst|inst ; Rise       ; inst|inst6|combout          ;
; 0.500  ; 0.500        ; 0.000          ; High Pulse Width ; edge_det:inst|inst ; Rise       ; inst|inst6|datad            ;
; 0.500  ; 0.500        ; 0.000          ; Low Pulse Width  ; edge_det:inst|inst ; Rise       ; inst|inst6|datad            ;
; 0.500  ; 0.500        ; 0.000          ; High Pulse Width ; edge_det:inst|inst ; Rise       ; inst|inst6~clkctrl|inclk[0] ;
; 0.500  ; 0.500        ; 0.000          ; Low Pulse Width  ; edge_det:inst|inst ; Rise       ; inst|inst6~clkctrl|inclk[0] ;
; 0.500  ; 0.500        ; 0.000          ; High Pulse Width ; edge_det:inst|inst ; Rise       ; inst|inst6~clkctrl|outclk   ;
; 0.500  ; 0.500        ; 0.000          ; Low Pulse Width  ; edge_det:inst|inst ; Rise       ; inst|inst6~clkctrl|outclk   ;
; 0.500  ; 0.500        ; 0.000          ; High Pulse Width ; edge_det:inst|inst ; Rise       ; inst|inst|regout            ;
; 0.500  ; 0.500        ; 0.000          ; Low Pulse Width  ; edge_det:inst|inst ; Rise       ; inst|inst|regout            ;
+--------+--------------+----------------+------------------+--------------------+------------+-----------------------------+


+----------------------------------------------------------------------------------+
; Setup Times                                                                      ;
+-----------+--------------------+-------+-------+------------+--------------------+
; Data Port ; Clock Port         ; Rise  ; Fall  ; Clock Edge ; Clock Reference    ;
+-----------+--------------------+-------+-------+------------+--------------------+
; KEY[*]    ; CLOCK_50           ; 5.981 ; 5.981 ; Rise       ; CLOCK_50           ;
;  KEY[0]   ; CLOCK_50           ; 5.981 ; 5.981 ; Rise       ; CLOCK_50           ;
; SW[*]     ; edge_det:inst|inst ; 2.045 ; 2.045 ; Rise       ; edge_det:inst|inst ;
;  SW[0]    ; edge_det:inst|inst ; 2.045 ; 2.045 ; Rise       ; edge_det:inst|inst ;
+-----------+--------------------+-------+-------+------------+--------------------+


+------------------------------------------------------------------------------------+
; Hold Times                                                                         ;
+-----------+--------------------+--------+--------+------------+--------------------+
; Data Port ; Clock Port         ; Rise   ; Fall   ; Clock Edge ; Clock Reference    ;
+-----------+--------------------+--------+--------+------------+--------------------+
; KEY[*]    ; CLOCK_50           ; -5.750 ; -5.750 ; Rise       ; CLOCK_50           ;
;  KEY[0]   ; CLOCK_50           ; -5.750 ; -5.750 ; Rise       ; CLOCK_50           ;
; SW[*]     ; edge_det:inst|inst ; -1.629 ; -1.629 ; Rise       ; edge_det:inst|inst ;
;  SW[0]    ; edge_det:inst|inst ; -1.629 ; -1.629 ; Rise       ; edge_det:inst|inst ;
+-----------+--------------------+--------+--------+------------+--------------------+


+----------------------------------------------------------------------------------+
; Clock to Output Times                                                            ;
+-----------+--------------------+-------+-------+------------+--------------------+
; Data Port ; Clock Port         ; Rise  ; Fall  ; Clock Edge ; Clock Reference    ;
+-----------+--------------------+-------+-------+------------+--------------------+
; HEX4[*]   ; edge_det:inst|inst ; 8.045 ; 8.045 ; Rise       ; edge_det:inst|inst ;
;  HEX4[0]  ; edge_det:inst|inst ; 7.381 ; 7.381 ; Rise       ; edge_det:inst|inst ;
;  HEX4[1]  ; edge_det:inst|inst ; 7.897 ; 7.897 ; Rise       ; edge_det:inst|inst ;
;  HEX4[2]  ; edge_det:inst|inst ; 7.903 ; 7.903 ; Rise       ; edge_det:inst|inst ;
;  HEX4[3]  ; edge_det:inst|inst ; 8.045 ; 8.045 ; Rise       ; edge_det:inst|inst ;
;  HEX4[4]  ; edge_det:inst|inst ; 7.382 ; 7.382 ; Rise       ; edge_det:inst|inst ;
;  HEX4[5]  ; edge_det:inst|inst ; 7.016 ; 7.016 ; Rise       ; edge_det:inst|inst ;
;  HEX4[6]  ; edge_det:inst|inst ; 6.998 ; 6.998 ; Rise       ; edge_det:inst|inst ;
; HEX6[*]   ; edge_det:inst|inst ; 7.657 ; 7.657 ; Rise       ; edge_det:inst|inst ;
;  HEX6[0]  ; edge_det:inst|inst ; 7.165 ; 7.165 ; Rise       ; edge_det:inst|inst ;
;  HEX6[1]  ; edge_det:inst|inst ; 7.167 ; 7.167 ; Rise       ; edge_det:inst|inst ;
;  HEX6[2]  ; edge_det:inst|inst ; 6.987 ; 6.987 ; Rise       ; edge_det:inst|inst ;
;  HEX6[3]  ; edge_det:inst|inst ; 7.531 ; 7.531 ; Rise       ; edge_det:inst|inst ;
;  HEX6[4]  ; edge_det:inst|inst ; 7.536 ; 7.536 ; Rise       ; edge_det:inst|inst ;
;  HEX6[5]  ; edge_det:inst|inst ; 7.527 ; 7.527 ; Rise       ; edge_det:inst|inst ;
;  HEX6[6]  ; edge_det:inst|inst ; 7.657 ; 7.657 ; Rise       ; edge_det:inst|inst ;
; LEDG[*]   ; edge_det:inst|inst ; 9.968 ; 9.968 ; Rise       ; edge_det:inst|inst ;
;  LEDG[0]  ; edge_det:inst|inst ; 9.968 ; 9.968 ; Rise       ; edge_det:inst|inst ;
+-----------+--------------------+-------+-------+------------+--------------------+


+----------------------------------------------------------------------------------+
; Minimum Clock to Output Times                                                    ;
+-----------+--------------------+-------+-------+------------+--------------------+
; Data Port ; Clock Port         ; Rise  ; Fall  ; Clock Edge ; Clock Reference    ;
+-----------+--------------------+-------+-------+------------+--------------------+
; HEX4[*]   ; edge_det:inst|inst ; 6.564 ; 6.564 ; Rise       ; edge_det:inst|inst ;
;  HEX4[0]  ; edge_det:inst|inst ; 7.064 ; 7.064 ; Rise       ; edge_det:inst|inst ;
;  HEX4[1]  ; edge_det:inst|inst ; 7.334 ; 7.334 ; Rise       ; edge_det:inst|inst ;
;  HEX4[2]  ; edge_det:inst|inst ; 7.345 ; 7.345 ; Rise       ; edge_det:inst|inst ;
;  HEX4[3]  ; edge_det:inst|inst ; 7.484 ; 7.484 ; Rise       ; edge_det:inst|inst ;
;  HEX4[4]  ; edge_det:inst|inst ; 6.582 ; 6.582 ; Rise       ; edge_det:inst|inst ;
;  HEX4[5]  ; edge_det:inst|inst ; 6.577 ; 6.577 ; Rise       ; edge_det:inst|inst ;
;  HEX4[6]  ; edge_det:inst|inst ; 6.564 ; 6.564 ; Rise       ; edge_det:inst|inst ;
; HEX6[*]   ; edge_det:inst|inst ; 6.660 ; 6.660 ; Rise       ; edge_det:inst|inst ;
;  HEX6[0]  ; edge_det:inst|inst ; 6.838 ; 6.838 ; Rise       ; edge_det:inst|inst ;
;  HEX6[1]  ; edge_det:inst|inst ; 6.840 ; 6.840 ; Rise       ; edge_det:inst|inst ;
;  HEX6[2]  ; edge_det:inst|inst ; 6.660 ; 6.660 ; Rise       ; edge_det:inst|inst ;
;  HEX6[3]  ; edge_det:inst|inst ; 7.204 ; 7.204 ; Rise       ; edge_det:inst|inst ;
;  HEX6[4]  ; edge_det:inst|inst ; 7.211 ; 7.211 ; Rise       ; edge_det:inst|inst ;
;  HEX6[5]  ; edge_det:inst|inst ; 7.204 ; 7.204 ; Rise       ; edge_det:inst|inst ;
;  HEX6[6]  ; edge_det:inst|inst ; 7.332 ; 7.332 ; Rise       ; edge_det:inst|inst ;
; LEDG[*]   ; edge_det:inst|inst ; 9.643 ; 9.643 ; Rise       ; edge_det:inst|inst ;
;  LEDG[0]  ; edge_det:inst|inst ; 9.643 ; 9.643 ; Rise       ; edge_det:inst|inst ;
+-----------+--------------------+-------+-------+------------+--------------------+


+----------------------------------------------------------+
; Propagation Delay                                        ;
+------------+-------------+-------+-------+-------+-------+
; Input Port ; Output Port ; RR    ; RF    ; FR    ; FF    ;
+------------+-------------+-------+-------+-------+-------+
; SW[0]      ; HEX4[0]     ;       ; 6.973 ; 6.973 ;       ;
; SW[0]      ; HEX4[1]     ; 8.183 ; 8.183 ; 8.183 ; 8.183 ;
; SW[0]      ; HEX4[2]     ; 8.135 ; 8.193 ; 8.193 ; 8.135 ;
; SW[0]      ; HEX4[3]     ; 8.312 ; 8.312 ; 8.312 ; 8.312 ;
; SW[0]      ; HEX4[4]     ; 6.967 ; 6.967 ; 6.967 ; 6.967 ;
; SW[0]      ; HEX4[5]     ;       ; 7.294 ; 7.294 ;       ;
; SW[0]      ; HEX4[6]     ; 7.278 ;       ;       ; 7.278 ;
+------------+-------------+-------+-------+-------+-------+


+----------------------------------------------------------+
; Minimum Propagation Delay                                ;
+------------+-------------+-------+-------+-------+-------+
; Input Port ; Output Port ; RR    ; RF    ; FR    ; FF    ;
+------------+-------------+-------+-------+-------+-------+
; SW[0]      ; HEX4[0]     ;       ; 6.973 ; 6.973 ;       ;
; SW[0]      ; HEX4[1]     ; 7.888 ; 7.888 ; 7.888 ; 7.888 ;
; SW[0]      ; HEX4[2]     ; 7.899 ; 7.899 ; 7.899 ; 7.899 ;
; SW[0]      ; HEX4[3]     ; 8.038 ; 8.038 ; 8.038 ; 8.038 ;
; SW[0]      ; HEX4[4]     ; 6.967 ; 6.967 ; 6.967 ; 6.967 ;
; SW[0]      ; HEX4[5]     ;       ; 7.294 ; 7.294 ;       ;
; SW[0]      ; HEX4[6]     ; 7.278 ;       ;       ; 7.278 ;
+------------+-------------+-------+-------+-------+-------+


+--------------------------------------------+
; Fast Model Setup Summary                   ;
+--------------------+-------+---------------+
; Clock              ; Slack ; End Point TNS ;
+--------------------+-------+---------------+
; edge_det:inst|inst ; 0.176 ; 0.000         ;
; CLOCK_50           ; 0.637 ; 0.000         ;
+--------------------+-------+---------------+


+--------------------------------------------+
; Fast Model Hold Summary                    ;
+--------------------+-------+---------------+
; Clock              ; Slack ; End Point TNS ;
+--------------------+-------+---------------+
; CLOCK_50           ; 0.243 ; 0.000         ;
; edge_det:inst|inst ; 0.514 ; 0.000         ;
+--------------------+-------+---------------+


-------------------------------
; Fast Model Recovery Summary ;
-------------------------------
No paths to report.


------------------------------
; Fast Model Removal Summary ;
------------------------------
No paths to report.


+---------------------------------------------+
; Fast Model Minimum Pulse Width Summary      ;
+--------------------+--------+---------------+
; Clock              ; Slack  ; End Point TNS ;
+--------------------+--------+---------------+
; CLOCK_50           ; -1.380 ; -3.380        ;
; edge_det:inst|inst ; -0.500 ; -3.000        ;
+--------------------+--------+---------------+


+----------------------------------------------------------------------------------------------------------------------------------------------------+
; Fast Model Setup: 'edge_det:inst|inst'                                                                                                             ;
+-------+----------------------------+----------------------------+--------------------+--------------------+--------------+------------+------------+
; Slack ; From Node                  ; To Node                    ; Launch Clock       ; Latch Clock        ; Relationship ; Clock Skew ; Data Delay ;
+-------+----------------------------+----------------------------+--------------------+--------------------+--------------+------------+------------+
; 0.176 ; FSM:inst12|CurrentState[2] ; FSM:inst12|CurrentState[1] ; edge_det:inst|inst ; edge_det:inst|inst ; 1.000        ; 0.000      ; 0.856      ;
; 0.233 ; FSM:inst12|CurrentState[0] ; FSM:inst12|CurrentState[1] ; edge_det:inst|inst ; edge_det:inst|inst ; 1.000        ; 0.000      ; 0.799      ;
; 0.247 ; FSM:inst12|CurrentState[2] ; FSM:inst12|CurrentState[0] ; edge_det:inst|inst ; edge_det:inst|inst ; 1.000        ; 0.000      ; 0.785      ;
; 0.257 ; FSM:inst12|CurrentState[2] ; FSM:inst12|CurrentState[2] ; edge_det:inst|inst ; edge_det:inst|inst ; 1.000        ; 0.000      ; 0.775      ;
; 0.287 ; FSM:inst12|CurrentState[1] ; FSM:inst12|CurrentState[1] ; edge_det:inst|inst ; edge_det:inst|inst ; 1.000        ; 0.000      ; 0.745      ;
; 0.312 ; FSM:inst12|CurrentState[0] ; FSM:inst12|CurrentState[0] ; edge_det:inst|inst ; edge_det:inst|inst ; 1.000        ; 0.000      ; 0.720      ;
; 0.312 ; FSM:inst12|CurrentState[0] ; FSM:inst12|CurrentState[2] ; edge_det:inst|inst ; edge_det:inst|inst ; 1.000        ; 0.000      ; 0.720      ;
; 0.366 ; FSM:inst12|CurrentState[1] ; FSM:inst12|CurrentState[0] ; edge_det:inst|inst ; edge_det:inst|inst ; 1.000        ; 0.000      ; 0.666      ;
; 0.366 ; FSM:inst12|CurrentState[1] ; FSM:inst12|CurrentState[2] ; edge_det:inst|inst ; edge_det:inst|inst ; 1.000        ; 0.000      ; 0.666      ;
+-------+----------------------------+----------------------------+--------------------+--------------------+--------------+------------+------------+


+------------------------------------------------------------------------------------------------------------------------+
; Fast Model Setup: 'CLOCK_50'                                                                                           ;
+-------+---------------------+--------------------+--------------+-------------+--------------+------------+------------+
; Slack ; From Node           ; To Node            ; Launch Clock ; Latch Clock ; Relationship ; Clock Skew ; Data Delay ;
+-------+---------------------+--------------------+--------------+-------------+--------------+------------+------------+
; 0.637 ; edge_det:inst|inst1 ; edge_det:inst|inst ; CLOCK_50     ; CLOCK_50    ; 1.000        ; 0.000      ; 0.395      ;
+-------+---------------------+--------------------+--------------+-------------+--------------+------------+------------+


+------------------------------------------------------------------------------------------------------------------------+
; Fast Model Hold: 'CLOCK_50'                                                                                            ;
+-------+---------------------+--------------------+--------------+-------------+--------------+------------+------------+
; Slack ; From Node           ; To Node            ; Launch Clock ; Latch Clock ; Relationship ; Clock Skew ; Data Delay ;
+-------+---------------------+--------------------+--------------+-------------+--------------+------------+------------+
; 0.243 ; edge_det:inst|inst1 ; edge_det:inst|inst ; CLOCK_50     ; CLOCK_50    ; 0.000        ; 0.000      ; 0.395      ;
+-------+---------------------+--------------------+--------------+-------------+--------------+------------+------------+


+----------------------------------------------------------------------------------------------------------------------------------------------------+
; Fast Model Hold: 'edge_det:inst|inst'                                                                                                              ;
+-------+----------------------------+----------------------------+--------------------+--------------------+--------------+------------+------------+
; Slack ; From Node                  ; To Node                    ; Launch Clock       ; Latch Clock        ; Relationship ; Clock Skew ; Data Delay ;
+-------+----------------------------+----------------------------+--------------------+--------------------+--------------+------------+------------+
; 0.514 ; FSM:inst12|CurrentState[1] ; FSM:inst12|CurrentState[0] ; edge_det:inst|inst ; edge_det:inst|inst ; 0.000        ; 0.000      ; 0.666      ;
; 0.514 ; FSM:inst12|CurrentState[1] ; FSM:inst12|CurrentState[2] ; edge_det:inst|inst ; edge_det:inst|inst ; 0.000        ; 0.000      ; 0.666      ;
; 0.568 ; FSM:inst12|CurrentState[0] ; FSM:inst12|CurrentState[0] ; edge_det:inst|inst ; edge_det:inst|inst ; 0.000        ; 0.000      ; 0.720      ;
; 0.568 ; FSM:inst12|CurrentState[0] ; FSM:inst12|CurrentState[2] ; edge_det:inst|inst ; edge_det:inst|inst ; 0.000        ; 0.000      ; 0.720      ;
; 0.593 ; FSM:inst12|CurrentState[1] ; FSM:inst12|CurrentState[1] ; edge_det:inst|inst ; edge_det:inst|inst ; 0.000        ; 0.000      ; 0.745      ;
; 0.623 ; FSM:inst12|CurrentState[2] ; FSM:inst12|CurrentState[2] ; edge_det:inst|inst ; edge_det:inst|inst ; 0.000        ; 0.000      ; 0.775      ;
; 0.633 ; FSM:inst12|CurrentState[2] ; FSM:inst12|CurrentState[0] ; edge_det:inst|inst ; edge_det:inst|inst ; 0.000        ; 0.000      ; 0.785      ;
; 0.647 ; FSM:inst12|CurrentState[0] ; FSM:inst12|CurrentState[1] ; edge_det:inst|inst ; edge_det:inst|inst ; 0.000        ; 0.000      ; 0.799      ;
; 0.704 ; FSM:inst12|CurrentState[2] ; FSM:inst12|CurrentState[1] ; edge_det:inst|inst ; edge_det:inst|inst ; 0.000        ; 0.000      ; 0.856      ;
+-------+----------------------------+----------------------------+--------------------+--------------------+--------------+------------+------------+


+---------------------------------------------------------------------------------------------------------+
; Fast Model Minimum Pulse Width: 'CLOCK_50'                                                              ;
+--------+--------------+----------------+------------------+----------+------------+---------------------+
; Slack  ; Actual Width ; Required Width ; Type             ; Clock    ; Clock Edge ; Target              ;
+--------+--------------+----------------+------------------+----------+------------+---------------------+
; -1.380 ; 1.000        ; 2.380          ; Port Rate        ; CLOCK_50 ; Rise       ; CLOCK_50            ;
; -0.500 ; 0.500        ; 1.000          ; High Pulse Width ; CLOCK_50 ; Rise       ; edge_det:inst|inst  ;
; -0.500 ; 0.500        ; 1.000          ; Low Pulse Width  ; CLOCK_50 ; Rise       ; edge_det:inst|inst  ;
; -0.500 ; 0.500        ; 1.000          ; High Pulse Width ; CLOCK_50 ; Rise       ; edge_det:inst|inst1 ;
; -0.500 ; 0.500        ; 1.000          ; Low Pulse Width  ; CLOCK_50 ; Rise       ; edge_det:inst|inst1 ;
; 0.500  ; 0.500        ; 0.000          ; High Pulse Width ; CLOCK_50 ; Rise       ; CLOCK_50|combout    ;
; 0.500  ; 0.500        ; 0.000          ; Low Pulse Width  ; CLOCK_50 ; Rise       ; CLOCK_50|combout    ;
; 0.500  ; 0.500        ; 0.000          ; High Pulse Width ; CLOCK_50 ; Rise       ; inst|inst1|clk      ;
; 0.500  ; 0.500        ; 0.000          ; Low Pulse Width  ; CLOCK_50 ; Rise       ; inst|inst1|clk      ;
; 0.500  ; 0.500        ; 0.000          ; High Pulse Width ; CLOCK_50 ; Rise       ; inst|inst|clk       ;
; 0.500  ; 0.500        ; 0.000          ; Low Pulse Width  ; CLOCK_50 ; Rise       ; inst|inst|clk       ;
+--------+--------------+----------------+------------------+----------+------------+---------------------+


+---------------------------------------------------------------------------------------------------------------------------+
; Fast Model Minimum Pulse Width: 'edge_det:inst|inst'                                                                      ;
+--------+--------------+----------------+------------------+--------------------+------------+-----------------------------+
; Slack  ; Actual Width ; Required Width ; Type             ; Clock              ; Clock Edge ; Target                      ;
+--------+--------------+----------------+------------------+--------------------+------------+-----------------------------+
; -0.500 ; 0.500        ; 1.000          ; High Pulse Width ; edge_det:inst|inst ; Rise       ; FSM:inst12|CurrentState[0]  ;
; -0.500 ; 0.500        ; 1.000          ; Low Pulse Width  ; edge_det:inst|inst ; Rise       ; FSM:inst12|CurrentState[0]  ;
; -0.500 ; 0.500        ; 1.000          ; High Pulse Width ; edge_det:inst|inst ; Rise       ; FSM:inst12|CurrentState[1]  ;
; -0.500 ; 0.500        ; 1.000          ; Low Pulse Width  ; edge_det:inst|inst ; Rise       ; FSM:inst12|CurrentState[1]  ;
; -0.500 ; 0.500        ; 1.000          ; High Pulse Width ; edge_det:inst|inst ; Rise       ; FSM:inst12|CurrentState[2]  ;
; -0.500 ; 0.500        ; 1.000          ; Low Pulse Width  ; edge_det:inst|inst ; Rise       ; FSM:inst12|CurrentState[2]  ;
; 0.500  ; 0.500        ; 0.000          ; High Pulse Width ; edge_det:inst|inst ; Rise       ; inst12|CurrentState[0]|clk  ;
; 0.500  ; 0.500        ; 0.000          ; Low Pulse Width  ; edge_det:inst|inst ; Rise       ; inst12|CurrentState[0]|clk  ;
; 0.500  ; 0.500        ; 0.000          ; High Pulse Width ; edge_det:inst|inst ; Rise       ; inst12|CurrentState[1]|clk  ;
; 0.500  ; 0.500        ; 0.000          ; Low Pulse Width  ; edge_det:inst|inst ; Rise       ; inst12|CurrentState[1]|clk  ;
; 0.500  ; 0.500        ; 0.000          ; High Pulse Width ; edge_det:inst|inst ; Rise       ; inst12|CurrentState[2]|clk  ;
; 0.500  ; 0.500        ; 0.000          ; Low Pulse Width  ; edge_det:inst|inst ; Rise       ; inst12|CurrentState[2]|clk  ;
; 0.500  ; 0.500        ; 0.000          ; High Pulse Width ; edge_det:inst|inst ; Rise       ; inst|inst6|combout          ;
; 0.500  ; 0.500        ; 0.000          ; Low Pulse Width  ; edge_det:inst|inst ; Rise       ; inst|inst6|combout          ;
; 0.500  ; 0.500        ; 0.000          ; High Pulse Width ; edge_det:inst|inst ; Rise       ; inst|inst6|datad            ;
; 0.500  ; 0.500        ; 0.000          ; Low Pulse Width  ; edge_det:inst|inst ; Rise       ; inst|inst6|datad            ;
; 0.500  ; 0.500        ; 0.000          ; High Pulse Width ; edge_det:inst|inst ; Rise       ; inst|inst6~clkctrl|inclk[0] ;
; 0.500  ; 0.500        ; 0.000          ; Low Pulse Width  ; edge_det:inst|inst ; Rise       ; inst|inst6~clkctrl|inclk[0] ;
; 0.500  ; 0.500        ; 0.000          ; High Pulse Width ; edge_det:inst|inst ; Rise       ; inst|inst6~clkctrl|outclk   ;
; 0.500  ; 0.500        ; 0.000          ; Low Pulse Width  ; edge_det:inst|inst ; Rise       ; inst|inst6~clkctrl|outclk   ;
; 0.500  ; 0.500        ; 0.000          ; High Pulse Width ; edge_det:inst|inst ; Rise       ; inst|inst|regout            ;
; 0.500  ; 0.500        ; 0.000          ; Low Pulse Width  ; edge_det:inst|inst ; Rise       ; inst|inst|regout            ;
+--------+--------------+----------------+------------------+--------------------+------------+-----------------------------+


+----------------------------------------------------------------------------------+
; Setup Times                                                                      ;
+-----------+--------------------+-------+-------+------------+--------------------+
; Data Port ; Clock Port         ; Rise  ; Fall  ; Clock Edge ; Clock Reference    ;
+-----------+--------------------+-------+-------+------------+--------------------+
; KEY[*]    ; CLOCK_50           ; 3.415 ; 3.415 ; Rise       ; CLOCK_50           ;
;  KEY[0]   ; CLOCK_50           ; 3.415 ; 3.415 ; Rise       ; CLOCK_50           ;
; SW[*]     ; edge_det:inst|inst ; 0.765 ; 0.765 ; Rise       ; edge_det:inst|inst ;
;  SW[0]    ; edge_det:inst|inst ; 0.765 ; 0.765 ; Rise       ; edge_det:inst|inst ;
+-----------+--------------------+-------+-------+------------+--------------------+


+------------------------------------------------------------------------------------+
; Hold Times                                                                         ;
+-----------+--------------------+--------+--------+------------+--------------------+
; Data Port ; Clock Port         ; Rise   ; Fall   ; Clock Edge ; Clock Reference    ;
+-----------+--------------------+--------+--------+------------+--------------------+
; KEY[*]    ; CLOCK_50           ; -3.294 ; -3.294 ; Rise       ; CLOCK_50           ;
;  KEY[0]   ; CLOCK_50           ; -3.294 ; -3.294 ; Rise       ; CLOCK_50           ;
; SW[*]     ; edge_det:inst|inst ; -0.567 ; -0.567 ; Rise       ; edge_det:inst|inst ;
;  SW[0]    ; edge_det:inst|inst ; -0.567 ; -0.567 ; Rise       ; edge_det:inst|inst ;
+-----------+--------------------+--------+--------+------------+--------------------+


+----------------------------------------------------------------------------------+
; Clock to Output Times                                                            ;
+-----------+--------------------+-------+-------+------------+--------------------+
; Data Port ; Clock Port         ; Rise  ; Fall  ; Clock Edge ; Clock Reference    ;
+-----------+--------------------+-------+-------+------------+--------------------+
; HEX4[*]   ; edge_det:inst|inst ; 4.241 ; 4.241 ; Rise       ; edge_det:inst|inst ;
;  HEX4[0]  ; edge_det:inst|inst ; 3.959 ; 3.959 ; Rise       ; edge_det:inst|inst ;
;  HEX4[1]  ; edge_det:inst|inst ; 4.194 ; 4.194 ; Rise       ; edge_det:inst|inst ;
;  HEX4[2]  ; edge_det:inst|inst ; 4.197 ; 4.197 ; Rise       ; edge_det:inst|inst ;
;  HEX4[3]  ; edge_det:inst|inst ; 4.241 ; 4.241 ; Rise       ; edge_det:inst|inst ;
;  HEX4[4]  ; edge_det:inst|inst ; 3.958 ; 3.958 ; Rise       ; edge_det:inst|inst ;
;  HEX4[5]  ; edge_det:inst|inst ; 3.802 ; 3.802 ; Rise       ; edge_det:inst|inst ;
;  HEX4[6]  ; edge_det:inst|inst ; 3.794 ; 3.794 ; Rise       ; edge_det:inst|inst ;
; HEX6[*]   ; edge_det:inst|inst ; 4.118 ; 4.118 ; Rise       ; edge_det:inst|inst ;
;  HEX6[0]  ; edge_det:inst|inst ; 3.861 ; 3.861 ; Rise       ; edge_det:inst|inst ;
;  HEX6[1]  ; edge_det:inst|inst ; 3.864 ; 3.864 ; Rise       ; edge_det:inst|inst ;
;  HEX6[2]  ; edge_det:inst|inst ; 3.812 ; 3.812 ; Rise       ; edge_det:inst|inst ;
;  HEX6[3]  ; edge_det:inst|inst ; 4.064 ; 4.064 ; Rise       ; edge_det:inst|inst ;
;  HEX6[4]  ; edge_det:inst|inst ; 4.068 ; 4.068 ; Rise       ; edge_det:inst|inst ;
;  HEX6[5]  ; edge_det:inst|inst ; 4.050 ; 4.050 ; Rise       ; edge_det:inst|inst ;
;  HEX6[6]  ; edge_det:inst|inst ; 4.118 ; 4.118 ; Rise       ; edge_det:inst|inst ;
; LEDG[*]   ; edge_det:inst|inst ; 5.344 ; 5.344 ; Rise       ; edge_det:inst|inst ;
;  LEDG[0]  ; edge_det:inst|inst ; 5.344 ; 5.344 ; Rise       ; edge_det:inst|inst ;
+-----------+--------------------+-------+-------+------------+--------------------+


+----------------------------------------------------------------------------------+
; Minimum Clock to Output Times                                                    ;
+-----------+--------------------+-------+-------+------------+--------------------+
; Data Port ; Clock Port         ; Rise  ; Fall  ; Clock Edge ; Clock Reference    ;
+-----------+--------------------+-------+-------+------------+--------------------+
; HEX4[*]   ; edge_det:inst|inst ; 3.631 ; 3.631 ; Rise       ; edge_det:inst|inst ;
;  HEX4[0]  ; edge_det:inst|inst ; 3.819 ; 3.819 ; Rise       ; edge_det:inst|inst ;
;  HEX4[1]  ; edge_det:inst|inst ; 3.937 ; 3.937 ; Rise       ; edge_det:inst|inst ;
;  HEX4[2]  ; edge_det:inst|inst ; 3.942 ; 3.942 ; Rise       ; edge_det:inst|inst ;
;  HEX4[3]  ; edge_det:inst|inst ; 3.993 ; 3.993 ; Rise       ; edge_det:inst|inst ;
;  HEX4[4]  ; edge_det:inst|inst ; 3.643 ; 3.643 ; Rise       ; edge_det:inst|inst ;
;  HEX4[5]  ; edge_det:inst|inst ; 3.641 ; 3.641 ; Rise       ; edge_det:inst|inst ;
;  HEX4[6]  ; edge_det:inst|inst ; 3.631 ; 3.631 ; Rise       ; edge_det:inst|inst ;
; HEX6[*]   ; edge_det:inst|inst ; 3.646 ; 3.646 ; Rise       ; edge_det:inst|inst ;
;  HEX6[0]  ; edge_det:inst|inst ; 3.723 ; 3.723 ; Rise       ; edge_det:inst|inst ;
;  HEX6[1]  ; edge_det:inst|inst ; 3.726 ; 3.726 ; Rise       ; edge_det:inst|inst ;
;  HEX6[2]  ; edge_det:inst|inst ; 3.646 ; 3.646 ; Rise       ; edge_det:inst|inst ;
;  HEX6[3]  ; edge_det:inst|inst ; 3.927 ; 3.927 ; Rise       ; edge_det:inst|inst ;
;  HEX6[4]  ; edge_det:inst|inst ; 3.930 ; 3.930 ; Rise       ; edge_det:inst|inst ;
;  HEX6[5]  ; edge_det:inst|inst ; 3.913 ; 3.913 ; Rise       ; edge_det:inst|inst ;
;  HEX6[6]  ; edge_det:inst|inst ; 3.976 ; 3.976 ; Rise       ; edge_det:inst|inst ;
; LEDG[*]   ; edge_det:inst|inst ; 5.197 ; 5.197 ; Rise       ; edge_det:inst|inst ;
;  LEDG[0]  ; edge_det:inst|inst ; 5.197 ; 5.197 ; Rise       ; edge_det:inst|inst ;
+-----------+--------------------+-------+-------+------------+--------------------+


+----------------------------------------------------------+
; Propagation Delay                                        ;
+------------+-------------+-------+-------+-------+-------+
; Input Port ; Output Port ; RR    ; RF    ; FR    ; FF    ;
+------------+-------------+-------+-------+-------+-------+
; SW[0]      ; HEX4[0]     ;       ; 3.591 ; 3.591 ;       ;
; SW[0]      ; HEX4[1]     ; 4.123 ; 4.138 ; 4.138 ; 4.123 ;
; SW[0]      ; HEX4[2]     ; 4.141 ; 4.130 ; 4.130 ; 4.141 ;
; SW[0]      ; HEX4[3]     ; 4.185 ; 4.185 ; 4.185 ; 4.185 ;
; SW[0]      ; HEX4[4]     ; 3.591 ; 3.591 ; 3.591 ; 3.591 ;
; SW[0]      ; HEX4[5]     ;       ; 3.737 ; 3.737 ;       ;
; SW[0]      ; HEX4[6]     ; 3.723 ;       ;       ; 3.723 ;
+------------+-------------+-------+-------+-------+-------+


+----------------------------------------------------------+
; Minimum Propagation Delay                                ;
+------------+-------------+-------+-------+-------+-------+
; Input Port ; Output Port ; RR    ; RF    ; FR    ; FF    ;
+------------+-------------+-------+-------+-------+-------+
; SW[0]      ; HEX4[0]     ;       ; 3.591 ; 3.591 ;       ;
; SW[0]      ; HEX4[1]     ; 3.991 ; 3.991 ; 3.991 ; 3.991 ;
; SW[0]      ; HEX4[2]     ; 3.996 ; 3.996 ; 3.996 ; 3.996 ;
; SW[0]      ; HEX4[3]     ; 4.047 ; 4.047 ; 4.047 ; 4.047 ;
; SW[0]      ; HEX4[4]     ; 3.591 ; 3.591 ; 3.591 ; 3.591 ;
; SW[0]      ; HEX4[5]     ;       ; 3.737 ; 3.737 ;       ;
; SW[0]      ; HEX4[6]     ; 3.723 ;       ;       ; 3.723 ;
+------------+-------------+-------+-------+-------+-------+


+---------------------------------------------------------------------------------+
; Multicorner Timing Analysis Summary                                             ;
+---------------------+--------+-------+----------+---------+---------------------+
; Clock               ; Setup  ; Hold  ; Recovery ; Removal ; Minimum Pulse Width ;
+---------------------+--------+-------+----------+---------+---------------------+
; Worst-case Slack    ; -0.755 ; 0.243 ; N/A      ; N/A     ; -1.380              ;
;  CLOCK_50           ; 0.244  ; 0.243 ; N/A      ; N/A     ; -1.380              ;
;  edge_det:inst|inst ; -0.755 ; 0.514 ; N/A      ; N/A     ; -0.500              ;
; Design-wide TNS     ; -1.95  ; 0.0   ; 0.0      ; 0.0     ; -6.38               ;
;  CLOCK_50           ; 0.000  ; 0.000 ; N/A      ; N/A     ; -3.380              ;
;  edge_det:inst|inst ; -1.950 ; 0.000 ; N/A      ; N/A     ; -3.000              ;
+---------------------+--------+-------+----------+---------+---------------------+


+----------------------------------------------------------------------------------+
; Setup Times                                                                      ;
+-----------+--------------------+-------+-------+------------+--------------------+
; Data Port ; Clock Port         ; Rise  ; Fall  ; Clock Edge ; Clock Reference    ;
+-----------+--------------------+-------+-------+------------+--------------------+
; KEY[*]    ; CLOCK_50           ; 5.981 ; 5.981 ; Rise       ; CLOCK_50           ;
;  KEY[0]   ; CLOCK_50           ; 5.981 ; 5.981 ; Rise       ; CLOCK_50           ;
; SW[*]     ; edge_det:inst|inst ; 2.045 ; 2.045 ; Rise       ; edge_det:inst|inst ;
;  SW[0]    ; edge_det:inst|inst ; 2.045 ; 2.045 ; Rise       ; edge_det:inst|inst ;
+-----------+--------------------+-------+-------+------------+--------------------+


+------------------------------------------------------------------------------------+
; Hold Times                                                                         ;
+-----------+--------------------+--------+--------+------------+--------------------+
; Data Port ; Clock Port         ; Rise   ; Fall   ; Clock Edge ; Clock Reference    ;
+-----------+--------------------+--------+--------+------------+--------------------+
; KEY[*]    ; CLOCK_50           ; -3.294 ; -3.294 ; Rise       ; CLOCK_50           ;
;  KEY[0]   ; CLOCK_50           ; -3.294 ; -3.294 ; Rise       ; CLOCK_50           ;
; SW[*]     ; edge_det:inst|inst ; -0.567 ; -0.567 ; Rise       ; edge_det:inst|inst ;
;  SW[0]    ; edge_det:inst|inst ; -0.567 ; -0.567 ; Rise       ; edge_det:inst|inst ;
+-----------+--------------------+--------+--------+------------+--------------------+


+----------------------------------------------------------------------------------+
; Clock to Output Times                                                            ;
+-----------+--------------------+-------+-------+------------+--------------------+
; Data Port ; Clock Port         ; Rise  ; Fall  ; Clock Edge ; Clock Reference    ;
+-----------+--------------------+-------+-------+------------+--------------------+
; HEX4[*]   ; edge_det:inst|inst ; 8.045 ; 8.045 ; Rise       ; edge_det:inst|inst ;
;  HEX4[0]  ; edge_det:inst|inst ; 7.381 ; 7.381 ; Rise       ; edge_det:inst|inst ;
;  HEX4[1]  ; edge_det:inst|inst ; 7.897 ; 7.897 ; Rise       ; edge_det:inst|inst ;
;  HEX4[2]  ; edge_det:inst|inst ; 7.903 ; 7.903 ; Rise       ; edge_det:inst|inst ;
;  HEX4[3]  ; edge_det:inst|inst ; 8.045 ; 8.045 ; Rise       ; edge_det:inst|inst ;
;  HEX4[4]  ; edge_det:inst|inst ; 7.382 ; 7.382 ; Rise       ; edge_det:inst|inst ;
;  HEX4[5]  ; edge_det:inst|inst ; 7.016 ; 7.016 ; Rise       ; edge_det:inst|inst ;
;  HEX4[6]  ; edge_det:inst|inst ; 6.998 ; 6.998 ; Rise       ; edge_det:inst|inst ;
; HEX6[*]   ; edge_det:inst|inst ; 7.657 ; 7.657 ; Rise       ; edge_det:inst|inst ;
;  HEX6[0]  ; edge_det:inst|inst ; 7.165 ; 7.165 ; Rise       ; edge_det:inst|inst ;
;  HEX6[1]  ; edge_det:inst|inst ; 7.167 ; 7.167 ; Rise       ; edge_det:inst|inst ;
;  HEX6[2]  ; edge_det:inst|inst ; 6.987 ; 6.987 ; Rise       ; edge_det:inst|inst ;
;  HEX6[3]  ; edge_det:inst|inst ; 7.531 ; 7.531 ; Rise       ; edge_det:inst|inst ;
;  HEX6[4]  ; edge_det:inst|inst ; 7.536 ; 7.536 ; Rise       ; edge_det:inst|inst ;
;  HEX6[5]  ; edge_det:inst|inst ; 7.527 ; 7.527 ; Rise       ; edge_det:inst|inst ;
;  HEX6[6]  ; edge_det:inst|inst ; 7.657 ; 7.657 ; Rise       ; edge_det:inst|inst ;
; LEDG[*]   ; edge_det:inst|inst ; 9.968 ; 9.968 ; Rise       ; edge_det:inst|inst ;
;  LEDG[0]  ; edge_det:inst|inst ; 9.968 ; 9.968 ; Rise       ; edge_det:inst|inst ;
+-----------+--------------------+-------+-------+------------+--------------------+


+----------------------------------------------------------------------------------+
; Minimum Clock to Output Times                                                    ;
+-----------+--------------------+-------+-------+------------+--------------------+
; Data Port ; Clock Port         ; Rise  ; Fall  ; Clock Edge ; Clock Reference    ;
+-----------+--------------------+-------+-------+------------+--------------------+
; HEX4[*]   ; edge_det:inst|inst ; 3.631 ; 3.631 ; Rise       ; edge_det:inst|inst ;
;  HEX4[0]  ; edge_det:inst|inst ; 3.819 ; 3.819 ; Rise       ; edge_det:inst|inst ;
;  HEX4[1]  ; edge_det:inst|inst ; 3.937 ; 3.937 ; Rise       ; edge_det:inst|inst ;
;  HEX4[2]  ; edge_det:inst|inst ; 3.942 ; 3.942 ; Rise       ; edge_det:inst|inst ;
;  HEX4[3]  ; edge_det:inst|inst ; 3.993 ; 3.993 ; Rise       ; edge_det:inst|inst ;
;  HEX4[4]  ; edge_det:inst|inst ; 3.643 ; 3.643 ; Rise       ; edge_det:inst|inst ;
;  HEX4[5]  ; edge_det:inst|inst ; 3.641 ; 3.641 ; Rise       ; edge_det:inst|inst ;
;  HEX4[6]  ; edge_det:inst|inst ; 3.631 ; 3.631 ; Rise       ; edge_det:inst|inst ;
; HEX6[*]   ; edge_det:inst|inst ; 3.646 ; 3.646 ; Rise       ; edge_det:inst|inst ;
;  HEX6[0]  ; edge_det:inst|inst ; 3.723 ; 3.723 ; Rise       ; edge_det:inst|inst ;
;  HEX6[1]  ; edge_det:inst|inst ; 3.726 ; 3.726 ; Rise       ; edge_det:inst|inst ;
;  HEX6[2]  ; edge_det:inst|inst ; 3.646 ; 3.646 ; Rise       ; edge_det:inst|inst ;
;  HEX6[3]  ; edge_det:inst|inst ; 3.927 ; 3.927 ; Rise       ; edge_det:inst|inst ;
;  HEX6[4]  ; edge_det:inst|inst ; 3.930 ; 3.930 ; Rise       ; edge_det:inst|inst ;
;  HEX6[5]  ; edge_det:inst|inst ; 3.913 ; 3.913 ; Rise       ; edge_det:inst|inst ;
;  HEX6[6]  ; edge_det:inst|inst ; 3.976 ; 3.976 ; Rise       ; edge_det:inst|inst ;
; LEDG[*]   ; edge_det:inst|inst ; 5.197 ; 5.197 ; Rise       ; edge_det:inst|inst ;
;  LEDG[0]  ; edge_det:inst|inst ; 5.197 ; 5.197 ; Rise       ; edge_det:inst|inst ;
+-----------+--------------------+-------+-------+------------+--------------------+


+----------------------------------------------------------+
; Progagation Delay                                        ;
+------------+-------------+-------+-------+-------+-------+
; Input Port ; Output Port ; RR    ; RF    ; FR    ; FF    ;
+------------+-------------+-------+-------+-------+-------+
; SW[0]      ; HEX4[0]     ;       ; 6.973 ; 6.973 ;       ;
; SW[0]      ; HEX4[1]     ; 8.183 ; 8.183 ; 8.183 ; 8.183 ;
; SW[0]      ; HEX4[2]     ; 8.135 ; 8.193 ; 8.193 ; 8.135 ;
; SW[0]      ; HEX4[3]     ; 8.312 ; 8.312 ; 8.312 ; 8.312 ;
; SW[0]      ; HEX4[4]     ; 6.967 ; 6.967 ; 6.967 ; 6.967 ;
; SW[0]      ; HEX4[5]     ;       ; 7.294 ; 7.294 ;       ;
; SW[0]      ; HEX4[6]     ; 7.278 ;       ;       ; 7.278 ;
+------------+-------------+-------+-------+-------+-------+


+----------------------------------------------------------+
; Minimum Progagation Delay                                ;
+------------+-------------+-------+-------+-------+-------+
; Input Port ; Output Port ; RR    ; RF    ; FR    ; FF    ;
+------------+-------------+-------+-------+-------+-------+
; SW[0]      ; HEX4[0]     ;       ; 3.591 ; 3.591 ;       ;
; SW[0]      ; HEX4[1]     ; 3.991 ; 3.991 ; 3.991 ; 3.991 ;
; SW[0]      ; HEX4[2]     ; 3.996 ; 3.996 ; 3.996 ; 3.996 ;
; SW[0]      ; HEX4[3]     ; 4.047 ; 4.047 ; 4.047 ; 4.047 ;
; SW[0]      ; HEX4[4]     ; 3.591 ; 3.591 ; 3.591 ; 3.591 ;
; SW[0]      ; HEX4[5]     ;       ; 3.737 ; 3.737 ;       ;
; SW[0]      ; HEX4[6]     ; 3.723 ;       ;       ; 3.723 ;
+------------+-------------+-------+-------+-------+-------+


+-------------------------------------------------------------------------------------+
; Setup Transfers                                                                     ;
+--------------------+--------------------+----------+----------+----------+----------+
; From Clock         ; To Clock           ; RR Paths ; FR Paths ; RF Paths ; FF Paths ;
+--------------------+--------------------+----------+----------+----------+----------+
; CLOCK_50           ; CLOCK_50           ; 1        ; 0        ; 0        ; 0        ;
; edge_det:inst|inst ; edge_det:inst|inst ; 9        ; 0        ; 0        ; 0        ;
+--------------------+--------------------+----------+----------+----------+----------+
Entries labeled "false path" only account for clock-to-clock false paths and not path-based false paths. As a result, actual path counts may be lower than reported.


+-------------------------------------------------------------------------------------+
; Hold Transfers                                                                      ;
+--------------------+--------------------+----------+----------+----------+----------+
; From Clock         ; To Clock           ; RR Paths ; FR Paths ; RF Paths ; FF Paths ;
+--------------------+--------------------+----------+----------+----------+----------+
; CLOCK_50           ; CLOCK_50           ; 1        ; 0        ; 0        ; 0        ;
; edge_det:inst|inst ; edge_det:inst|inst ; 9        ; 0        ; 0        ; 0        ;
+--------------------+--------------------+----------+----------+----------+----------+
Entries labeled "false path" only account for clock-to-clock false paths and not path-based false paths. As a result, actual path counts may be lower than reported.


---------------
; Report TCCS ;
---------------
No dedicated SERDES Transmitter circuitry present in device or used in design


---------------
; Report RSKM ;
---------------
No dedicated SERDES Receiver circuitry present in device or used in design


+------------------------------------------------+
; Unconstrained Paths                            ;
+---------------------------------+-------+------+
; Property                        ; Setup ; Hold ;
+---------------------------------+-------+------+
; Illegal Clocks                  ; 0     ; 0    ;
; Unconstrained Clocks            ; 0     ; 0    ;
; Unconstrained Input Ports       ; 3     ; 3    ;
; Unconstrained Input Port Paths  ; 17    ; 17   ;
; Unconstrained Output Ports      ; 15    ; 15   ;
; Unconstrained Output Port Paths ; 52    ; 52   ;
+---------------------------------+-------+------+


+------------------------------------+
; TimeQuest Timing Analyzer Messages ;
+------------------------------------+
Info: *******************************************************************
Info: Running Quartus II 64-Bit TimeQuest Timing Analyzer
    Info: Version 13.0.1 Build 232 06/12/2013 Service Pack 1 SJ Web Edition
    Info: Processing started: Wed Feb 14 15:13:22 2018
Info: Command: quartus_sta Lab7_top_level -c Lab7_top_level
Info: qsta_default_script.tcl version: #1
Warning (20013): Ignored assignments for entity "Lab2_top_level" -- entity does not exist in design
    Warning (20014): Assignment for entity set_instance_assignment -name PARTITION_HIERARCHY root_partition -to | -entity Lab2_top_level -section_id Top was ignored
    Warning (20014): Assignment for entity set_global_assignment -name PARTITION_PRESERVE_HIGH_SPEED_TILES ON -entity Lab2_top_level -section_id Top was ignored
    Warning (20014): Assignment for entity set_global_assignment -name PARTITION_IGNORE_SOURCE_FILE_CHANGES OFF -entity Lab2_top_level -section_id Top was ignored
    Warning (20014): Assignment for entity set_global_assignment -name PARTITION_ALWAYS_USE_QXP_NETLIST OFF -entity Lab2_top_level -section_id Top was ignored
    Warning (20014): Assignment for entity set_global_assignment -name PARTITION_IMPORT_ASSIGNMENTS ON -entity Lab2_top_level -section_id Top was ignored
    Warning (20014): Assignment for entity set_global_assignment -name PARTITION_IMPORT_EXISTING_ASSIGNMENTS REPLACE_CONFLICTING -entity Lab2_top_level -section_id Top was ignored
    Warning (20014): Assignment for entity set_global_assignment -name PARTITION_IMPORT_EXISTING_LOGICLOCK_REGIONS UPDATE_CONFLICTING -entity Lab2_top_level -section_id Top was ignored
    Warning (20014): Assignment for entity set_global_assignment -name PARTITION_IMPORT_PIN_ASSIGNMENTS ON -entity Lab2_top_level -section_id Top was ignored
    Warning (20014): Assignment for entity set_global_assignment -name PARTITION_IMPORT_PROMOTE_ASSIGNMENTS ON -entity Lab2_top_level -section_id Top was ignored
    Warning (20014): Assignment for entity set_global_assignment -name PARTITION_TYPE STANDARD_PARTITION -entity Lab2_top_level -section_id Top was ignored
    Warning (20014): Assignment for entity set_global_assignment -name ALLOW_MULTIPLE_PERSONAS OFF -entity Lab2_top_level -section_id Top was ignored
    Warning (20014): Assignment for entity set_global_assignment -name PARTITION_ASD_REGION_ID 1 -entity Lab2_top_level -section_id Top was ignored
    Warning (20014): Assignment for entity set_global_assignment -name CROSS_BOUNDARY_OPTIMIZATIONS OFF -entity Lab2_top_level -section_id Top was ignored
    Warning (20014): Assignment for entity set_global_assignment -name PROPAGATE_CONSTANTS_ON_INPUTS ON -entity Lab2_top_level -section_id Top was ignored
    Warning (20014): Assignment for entity set_global_assignment -name PROPAGATE_INVERSIONS_ON_INPUTS ON -entity Lab2_top_level -section_id Top was ignored
    Warning (20014): Assignment for entity set_global_assignment -name REMOVE_LOGIC_ON_UNCONNECTED_OUTPUTS ON -entity Lab2_top_level -section_id Top was ignored
    Warning (20014): Assignment for entity set_global_assignment -name MERGE_EQUIVALENT_INPUTS ON -entity Lab2_top_level -section_id Top was ignored
    Warning (20014): Assignment for entity set_global_assignment -name MERGE_EQUIVALENT_BIDIRS ON -entity Lab2_top_level -section_id Top was ignored
    Warning (20014): Assignment for entity set_global_assignment -name ABSORB_PATHS_FROM_OUTPUTS_TO_INPUTS ON -entity Lab2_top_level -section_id Top was ignored
    Warning (20014): Assignment for entity set_global_assignment -name PARTITION_EXTRACT_HARD_BLOCK_NODES ON -entity Lab2_top_level -section_id Top was ignored
Warning (20013): Ignored assignments for entity "Lab3_top_level" -- entity does not exist in design
    Warning (20014): Assignment for entity set_instance_assignment -name PARTITION_HIERARCHY root_partition -to | -entity Lab3_top_level -section_id Top was ignored
    Warning (20014): Assignment for entity set_global_assignment -name PARTITION_PRESERVE_HIGH_SPEED_TILES ON -entity Lab3_top_level -section_id Top was ignored
    Warning (20014): Assignment for entity set_global_assignment -name PARTITION_IGNORE_SOURCE_FILE_CHANGES OFF -entity Lab3_top_level -section_id Top was ignored
    Warning (20014): Assignment for entity set_global_assignment -name PARTITION_ALWAYS_USE_QXP_NETLIST OFF -entity Lab3_top_level -section_id Top was ignored
    Warning (20014): Assignment for entity set_global_assignment -name PARTITION_IMPORT_ASSIGNMENTS ON -entity Lab3_top_level -section_id Top was ignored
    Warning (20014): Assignment for entity set_global_assignment -name PARTITION_IMPORT_EXISTING_ASSIGNMENTS REPLACE_CONFLICTING -entity Lab3_top_level -section_id Top was ignored
    Warning (20014): Assignment for entity set_global_assignment -name PARTITION_IMPORT_EXISTING_LOGICLOCK_REGIONS UPDATE_CONFLICTING -entity Lab3_top_level -section_id Top was ignored
    Warning (20014): Assignment for entity set_global_assignment -name PARTITION_IMPORT_PIN_ASSIGNMENTS ON -entity Lab3_top_level -section_id Top was ignored
    Warning (20014): Assignment for entity set_global_assignment -name PARTITION_IMPORT_PROMOTE_ASSIGNMENTS ON -entity Lab3_top_level -section_id Top was ignored
    Warning (20014): Assignment for entity set_global_assignment -name PARTITION_TYPE STANDARD_PARTITION -entity Lab3_top_level -section_id Top was ignored
    Warning (20014): Assignment for entity set_global_assignment -name ALLOW_MULTIPLE_PERSONAS OFF -entity Lab3_top_level -section_id Top was ignored
    Warning (20014): Assignment for entity set_global_assignment -name PARTITION_ASD_REGION_ID 1 -entity Lab3_top_level -section_id Top was ignored
    Warning (20014): Assignment for entity set_global_assignment -name CROSS_BOUNDARY_OPTIMIZATIONS OFF -entity Lab3_top_level -section_id Top was ignored
    Warning (20014): Assignment for entity set_global_assignment -name PROPAGATE_CONSTANTS_ON_INPUTS ON -entity Lab3_top_level -section_id Top was ignored
    Warning (20014): Assignment for entity set_global_assignment -name PROPAGATE_INVERSIONS_ON_INPUTS ON -entity Lab3_top_level -section_id Top was ignored
    Warning (20014): Assignment for entity set_global_assignment -name REMOVE_LOGIC_ON_UNCONNECTED_OUTPUTS ON -entity Lab3_top_level -section_id Top was ignored
    Warning (20014): Assignment for entity set_global_assignment -name MERGE_EQUIVALENT_INPUTS ON -entity Lab3_top_level -section_id Top was ignored
    Warning (20014): Assignment for entity set_global_assignment -name MERGE_EQUIVALENT_BIDIRS ON -entity Lab3_top_level -section_id Top was ignored
    Warning (20014): Assignment for entity set_global_assignment -name ABSORB_PATHS_FROM_OUTPUTS_TO_INPUTS ON -entity Lab3_top_level -section_id Top was ignored
    Warning (20014): Assignment for entity set_global_assignment -name PARTITION_EXTRACT_HARD_BLOCK_NODES ON -entity Lab3_top_level -section_id Top was ignored
Warning (20028): Parallel compilation is not licensed and has been disabled
Info (21077): Low junction temperature is 0 degrees C
Info (21077): High junction temperature is 85 degrees C
Critical Warning (332012): Synopsys Design Constraints File file not found: 'Lab7_top_level.sdc'. A Synopsys Design Constraints File is required by the TimeQuest Timing Analyzer to get proper timing constraints. Without it, the Compiler will not properly optimize the design.
Info (332142): No user constrained base clocks found in the design. Calling "derive_clocks -period 1.0"
Info (332105): Deriving Clocks
    Info (332105): create_clock -period 1.000 -name edge_det:inst|inst edge_det:inst|inst
    Info (332105): create_clock -period 1.000 -name CLOCK_50 CLOCK_50
Info: Found TIMEQUEST_REPORT_SCRIPT_INCLUDE_DEFAULT_ANALYSIS = ON
Info: Analyzing Slow Model
Critical Warning (332148): Timing requirements not met
Info (332146): Worst-case setup slack is -0.755
    Info (332119):     Slack End Point TNS Clock 
    Info (332119): ========= ============= =====================
    Info (332119):    -0.755        -1.950 edge_det:inst|inst 
    Info (332119):     0.244         0.000 CLOCK_50 
Info (332146): Worst-case hold slack is 0.526
    Info (332119):     Slack End Point TNS Clock 
    Info (332119): ========= ============= =====================
    Info (332119):     0.526         0.000 CLOCK_50 
    Info (332119):     1.104         0.000 edge_det:inst|inst 
Info (332140): No Recovery paths to report
Info (332140): No Removal paths to report
Info (332146): Worst-case minimum pulse width slack is -1.380
    Info (332119):     Slack End Point TNS Clock 
    Info (332119): ========= ============= =====================
    Info (332119):    -1.380        -3.380 CLOCK_50 
    Info (332119):    -0.500        -3.000 edge_det:inst|inst 
Info (332001): The selected device family is not supported by the report_metastability command.
Info: Analyzing Fast Model
Info (332146): Worst-case setup slack is 0.176
    Info (332119):     Slack End Point TNS Clock 
    Info (332119): ========= ============= =====================
    Info (332119):     0.176         0.000 edge_det:inst|inst 
    Info (332119):     0.637         0.000 CLOCK_50 
Info (332146): Worst-case hold slack is 0.243
    Info (332119):     Slack End Point TNS Clock 
    Info (332119): ========= ============= =====================
    Info (332119):     0.243         0.000 CLOCK_50 
    Info (332119):     0.514         0.000 edge_det:inst|inst 
Info (332140): No Recovery paths to report
Info (332140): No Removal paths to report
Critical Warning (332148): Timing requirements not met
Info (332146): Worst-case minimum pulse width slack is -1.380
    Info (332119):     Slack End Point TNS Clock 
    Info (332119): ========= ============= =====================
    Info (332119):    -1.380        -3.380 CLOCK_50 
    Info (332119):    -0.500        -3.000 edge_det:inst|inst 
Info (332001): The selected device family is not supported by the report_metastability command.
Info (332102): Design is not fully constrained for setup requirements
Info (332102): Design is not fully constrained for hold requirements
Info: Quartus II 64-Bit TimeQuest Timing Analyzer was successful. 0 errors, 46 warnings
    Info: Peak virtual memory: 472 megabytes
    Info: Processing ended: Wed Feb 14 15:13:23 2018
    Info: Elapsed time: 00:00:01
    Info: Total CPU time (on all processors): 00:00:01


