       0   0.0000   0.0000
       5   0.0000   0.0000
      10   0.0000   0.0000
      15   0.0000   0.0000
      20   0.0000   0.0000
      25   0.0000   0.0000
      30   0.0000   0.0000
      35   0.0000   0.0000
      40   0.0000   0.0000
      45   0.0000   0.0000
      50   0.0000   0.0000
      55   0.0000   0.0000
      60   0.0000   0.0000
      65   0.0000   0.0000
      70   0.0000   0.0000
      75   0.0000   0.0000
      80   0.0000   0.0000
      85   0.0000   0.0000
      90   0.0000   0.0000
      95   0.0000   0.0000
     100   0.0000   0.0000
     105   0.0000   0.0000
     110   0.0000   0.0000
     115   0.0000   0.0000
     119   0.0000   0.0000
     124   0.0000   0.0000
     129   0.0000   0.0000
     134   0.0000   0.0000
     139   0.0000   0.0000
     144   0.0000   0.0000
     149   0.0000   0.0000
     154   0.0000   0.0000
     159   0.0000   0.0000
     164   0.0000   0.0000
     169   0.0000   0.0000
     174   0.0000   0.0000
     179   0.0000   0.0000
     184   0.0000   0.0000
     189   0.0000   0.0000
     194   0.0000   0.0000
     199   0.0000   0.0000
     204   0.0000   0.0000
     209   0.0000   0.0000
     214   0.0000   0.0000
     219   0.0000   0.0000
     224   0.0000   0.0000
     229   0.0000   0.0000
     234   0.0000   0.0000
     239   0.0000   0.0000
     244   0.0000   0.0000
     249   0.0000   0.0000
     254   0.0000   0.0000
     259   0.0000   0.0000
     264   0.0000   0.0000
     269   0.0000   0.0000
     274   5.0000   0.1585
     279  46.0000   2.1650
     284  67.0000   9.9884
     289  68.0000  25.6938
     294 100.0000  46.2888
     299 130.0000  68.3411
     304 140.0000  91.1172
     309 142.0000 113.2266
     314 141.0000 131.1712
     319 141.0000 142.1413
     324 141.0000 146.1514
     329 141.0000 145.5327
     334 142.0000 143.1809
     339 140.0000 141.1376
     344 143.0000 140.1753
     349 140.0000 140.1979
     354 138.0000 140.5761
     359 139.0000 140.5682
     364 135.0000 139.8999
     369 135.0000 138.6581
     374 137.0000 137.1679
     379 136.0000 136.0237
     384 137.0000 135.5922
     389 138.0000 135.8047
     394 138.0000 136.4397
     399 139.0000 137.2458
     404 138.0000 137.9811
     409 141.0000 138.5406
     414 138.0000 138.9738
     419 135.0000 139.1150
     424 137.0000 138.6254
     429 136.0000 137.6461
     434 137.0000 136.7228
     439 139.0000 136.2971
     444 137.0000 136.5132
     449 138.0000 137.0967
     454 138.0000 137.6355
     459 139.0000 137.9964
     464 140.0000 138.3065
     469 140.0000 138.7270
     475 142.0000 139.3199
     480 142.0000 140.0853
     485 171.0000 141.8549
     490 349.0000 152.3211
     495 414.0000 187.8779
     500 418.0000 254.7323
     505 458.0000 335.4445
     510 496.0000 406.8222
     515 500.0000 458.3769
     520 502.0000 489.9035
     525 501.0000 504.8274
     530 502.0000 508.3506
     535 498.0000 506.0768
     540 499.0000 502.2186
     545 498.0000 499.0710
     550 495.0000 497.3195
     555 497.0000 496.5813
     560 495.0000 496.2859
     565 497.0000 496.1490
     570 500.0000 496.2305
     575 497.0000 496.7328
     580 500.0000 497.5228
     585 500.0000 498.3293
     590 499.0000 499.0447
     595 500.0000 499.5421
     600 498.0000 499.7128
     605 499.0000 499.5552
     610 498.0000 499.1733
     615 495.0000 498.6347
     620 497.0000 497.8802
     625 495.0000 497.0040
     630 497.0000 496.2742
     635 499.0000 495.9848
     640 497.0000 496.3072
     645 499.0000 497.0235
     650 500.0000 497.8129
     655 499.0000 498.5666
     660 498.0000 499.1208
     665 500.0000 499.3044
     670 502.0000 499.3435
     675 499.0000 499.5966
     680 506.0000 500.1568
     685 553.0000 502.6852
     690 638.0000 513.6489
     695 851.0000 546.9812
     700 992.0000 620.4312
     705 1005.0000 736.1896
     710 1008.0000 866.2979
     715 1009.0000 971.2908
     720 1012.0000 1023.0000
     725 1007.0000 1023.0000
     730 1010.0000 1009.3484
     735 1013.0000 999.6587
     740 1003.0000 998.0450
     745 1000.0000 1001.1462
     750 1005.0000 1004.2404
     755 1002.0000 1005.3905
     760 1006.0000 1005.0869
     765 1007.0000 1004.4942
     770 1005.0000 1004.4503
     775 1008.0000 1004.9927
     780 1012.0000 1005.9603
     785 1008.0000 1007.3453
     790 1007.0000 1008.6556
     795 1003.0000 1009.0223
     800 1008.0000 1008.1946
     805 1003.0000 1006.8171
     810 1004.0000 1005.5385
     815 1005.0000 1004.5729
     820 1004.0000 1004.0559
     825 1004.0000 1003.9595
     830 1005.0000 1004.0667
     835 1003.0000 1004.2085
     840 1008.0000 1004.3622
     845 1008.0000 1004.7956
     850 1008.0000 1005.7283
     855 1006.0000 1006.8199
     860 1002.0000 1007.3323
     865 1000.0000 1006.6365
     870 995.0000 1004.5782
     875 990.0000 1001.3589
     880 948.0000 996.0525
     885 886.0000 984.2406
     890 859.0000 960.2964
     895 823.0000 924.1291
     900 768.0000 881.1234
     905 765.0000 836.9635
     910 766.0000 797.9073
     915 715.0000 769.0706
     920 676.0000 747.7332
     925 671.0000 726.4440
     930 664.0000 703.0817
     935 630.0000 680.7020
     940 603.0000 660.1944
     945 584.0000 639.4020
     950 581.0000 617.7618
     955 583.0000 598.1771
     960 583.0000 584.4941
     965 584.0000 578.2068
     970 583.0000 577.7436
     975 590.0000 580.3073
     980 588.0000 583.7645
     985 590.0000 586.8904
     990 588.0000 588.9691
     995 588.0000 589.7765
    1000 586.0000 589.4902
    1005 585.0000 588.4634
    1010 585.0000 587.1001
    1015 584.0000 585.7991
    1020 585.0000 584.8439
    1025 587.0000 584.4285
    1030 588.0000 584.7199
    1035 588.0000 585.6514
    1040 588.0000 586.8214
    1045 588.0000 587.7698
    1050 588.0000 588.2727
    1055 583.0000 588.2158
    1060 586.0000 587.4821
    1065 583.0000 586.2777
    1070 582.0000 584.9869
    1075 577.0000 583.6113
    1080 571.0000 581.6852
    1085 563.0000 578.5406
    1090 559.0000 573.8176
    1095 522.0000 566.9041
    1100 404.0000 552.6019
    1105 204.0000 515.8876
    1110 112.0000 439.6435
    1115 107.0000 327.3307
    1120  65.0000 208.7209
    1125  44.0000 114.7858
    1130  33.0000  57.0028
    1135  29.0000  30.2537
    1140  30.0000  23.1914
    1145  29.0000  25.1447
    1150  30.0000  29.0381
    1155  32.0000  31.6384
    1160  30.0000  32.4643
    1165  32.0000  32.1671
    1170  33.0000  31.5911
    1175  31.0000  31.3431
    1180  33.0000  31.4786
    1185  31.0000  31.7565
    1190  33.0000  31.9894
    1195  30.0000  32.0714
    1200  28.0000  31.8121
    1205  29.0000  31.0247
    1210  28.0000  29.9064
    1215  30.0000  28.9402
    1220  32.0000  28.5832
    1225  30.0000  29.0060
    1230  31.0000  29.8519
    1235  33.0000  30.6622
    1240  31.0000  31.3165
    1245  32.0000  31.7641
    1250  30.0000  31.8867
    1255  32.0000  31.6923
    1260  29.0000  31.3223
    1265  27.0000  30.7618
    1270  28.0000  29.8619
    1275   6.0000  28.0986
    1280   0.0000  23.9835
    1285   0.0000  16.7759
    1290   0.0000   8.3895
    1295   0.0000   1.7115
    1300   0.0000   0.0000
    1305   0.0000   0.1013
    1310   0.0000   0.4863
    1315   0.0000   0.6173
    1320   0.0000   0.4780
    1325   0.0000   0.2315
    1330   0.0000   0.0248
    1335   0.0000   0.0000
    1340   0.0000   0.0232
    1345   0.0000   0.0388
    1350   0.0000   0.0355
    1355   0.0000   0.0210
    1360   0.0000   0.0060
    1365   0.0000   0.0000
    1370   0.0000   0.0000
    1375   0.0000   0.0012
    1380   0.0000   0.0017
    1385   0.0000   0.0015
    1390   0.0000   0.0008
    1395   0.0000   0.0001
    1400   0.0000   0.0000
    1405   0.0000   0.0000
    1410   0.0000   0.0001
    1415   0.0000   0.0001
    1420   0.0000   0.0000
    1425   0.0000   0.0000
    1430   0.0000   0.0000
    1435   0.0000   0.0000
    1440   0.0000   0.0000
    1445   0.0000   0.0000
    1450   0.0000   0.0000
    1455   0.0000   0.0000
    1460   0.0000   0.0000
    1465   0.0000   0.0000
    1470   0.0000   0.0000
    1475   0.0000   0.0000
    1480   0.0000   0.0000
    1485   0.0000   0.0000
    1490   0.0000   0.0000
    1495   0.0000   0.0000
    1500   0.0000   0.0000
    1505   0.0000   0.0000
    1510   0.0000   0.0000
    1515   0.0000   0.0000
    1520   0.0000   0.0000
    1525   0.0000   0.0000
    1530   0.0000   0.0000
    1535   0.0000   0.0000
    1540   0.0000   0.0000
    1545   0.0000   0.0000
    1550   0.0000   0.0000
    1555   0.0000   0.0000
    1560   0.0000   0.0000
    1565   0.0000   0.0000
    1570   0.0000   0.0000
    1575   0.0000   0.0000
    1580   0.0000   0.0000
    1585   0.0000   0.0000
    1590   0.0000   0.0000
    1595   0.0000   0.0000
    1600   0.0000   0.0000
