       0        0        0        0
       5        0        0        0
      10        0        0        0
      15        0        0        0
      20        0        0        0
      25        0        0        0
      30        0        0        0
      35        0        0        0
      40        0        0        0
      45        0        0        0
      50        0        0        0
      55        0        0        0
      60        0        0        0
      65        0        0        0
      70        0        0        0
      75        0        0        0
      80        0        0        0
      85        0        0        0
      90        0        0        0
      95        0        0        0
     100        0        0        0
     105        0        0        0
     110        0        0        0
     115        0        0        0
     119        0        0        0
     124        0        0        0
     129        0        0        0
     134        0        0        0
     139      100       53        0
     144      300     1003        0
     149      700     4505        0
     154     1000    10348        0
     159     1300    15689        0
     164     1600    18676        0
     169     1800    20329      100
     174     2000    21445      400
     179     2200    20311      800
     184     2300    15859     1300
     189     2300     9603     1900
     194     2500     3630     2400
     199     2600        0     2900
     204     2900        0     3300
     209     3100        0     3600
     214     3200        0     3700
     219     3300        0     3600
     224     3300     1233     3300
     229     3200     4379     3100
     234     3200     7103     2800
     239     3100     8937     2600
     244     3200    10171     2500
     249     3200    11460     2400
     254     3200    12538     2500
     259     3200    12334     2600
     264     3200    10562     2700
     269     3200     7974     2900
     274     3200     5535     3100
     279     3200     3755     3200
     284     3200     2605     3300
     289     3200     1987     3400
     294     3200     1898     3300
     299     3200     2384     3200
     304     3100     3743     3100
     309     3100     5981     2900
     314     3100     8360     2800
     319     3100    10232     2600
     324     3200    11458     2600
     329     3200    12028     2600
     334     3200    11760     2600
     339     3200    10379     2800
     344     3100     8109     2900
     349     3100     5708     3100
     354     3100     3823     3300
     359     3100     2604     3400
     364     3100     1884     3400
     369     3100     1675     3400
     374     3200     2152     3300
     379     3200     3666     3200
     384     3300     6472     3000
     389     3600     9939     2800
     394     4300    14564     2700
     399     5300    24564     2600
     404     6200    29478     2600
     409     6800    29478     2800
     414     6800    29478     3100
     419     6600    29478     3600
     424     6300    29478     4100
     429     6200    17803     4600
     434     6200    18599     5200
     439     6300    24006     5700
     444     6500    23260     6200
     449     6600    15219     6600
     454     6700     6685     7100
     459     6700     2583     7400
     464     6700     2195     7600
     469     6700     2632     7600
     475     6700     2625     7500
     480     6700     3653     7300
     485     6700     7289     7000
     490     6700    12324     6700
     495     6700    16030     6500
     500     6700    17115     6300
     505     6700    16745     6200
     510     6700    16892     6200
     515     6700    17757     6200
     520     6700    17794     6300
     525     6700    16121     6500
     530     6700    13715     6600
     535     6700    12156     6700
     540     6700    11817     6800
     545     6700    11734     6900
     550     6700    11098     6900
     555     6700    10162     6900
     560     6700     9746     6900
     565     6700    10162     6900
     570     6700    10830     6800
     575     6700    11146     6800
     580     6700    11139     6800
     585     6700    11221     6800
     590     6700    11660     6800
     595     6700    12258     6700
     600     6700    12688     6700
     605     6700    12880     6700
     610     6700    12934     6700
     615     6700    12891     6700
     620     6700    12490     6700
     625     6700    11619     6800
     630     6700    10747     6800
     635     6700    10385     6800
     640     6700    10624     6800
     645     6700    11120     6800
     650     6700    11448     6800
     655     6700    11580     6800
     660     6700    11685     6800
     665     6700    11813     6800
     670     6700    11850     6700
     675     6700    11641     6700
     680     6700    11419     6700
     685     6800    11556     6700
     690     6900    12023     6700
     695     7500    13394     6800
     700     8200    18976     6800
     705     9100    28976     6800
     710     9700    29478     6800
     715     9900    29478     6800
     720     9900    29478     7000
     725     9800    29478     7300
     730     9600    29478     7700
     735     9500    29478     8100
     740     9500    29478     8500
     745     9600    28701     8900
     750     9600    24625     9100
     755     9600    19756     9400
     760     9600    16983     9600
     765     9600    16798     9700
     770     9700    17733     9800
     775     9700    18388     9800
     780     9700    18473     9700
     785     9700    18806     9600
     790     9700    20070     9600
     795     9700    21726     9500
     800     9700    22577     9500
     805     9700    22181     9400
     810     9700    21397     9400
     815     9700    21190     9500
     820     9700    21501     9500
     825     9700    21694     9500
     830     9700    21448     9500
     835     9700    21203     9500
     840     9700    21534     9500
     845     9700    22226     9500
     850     9700    22655     9500
     855     9700    22537     9500
     860     9700    22165     9500
     865     9700    22042     9500
     870     9700    22196     9500
     875     9700    22293     9500
     880     9700    22076     9500
     885     9700    21664     9500
     890     9700    21526     9500
     895     9700    21737     9500
     900     9700    22028     9500
     905     9700    22259     9500
     910     9700    22298     9500
     915     9700    22272     9500
     920     9700    22444     9500
     925     9700    22731     9500
     930     9700    22863     9500
     935     9700    22678     9600
     940     9700    22309     9600
     945     9700    21945     9600
     950     9600    21560     9600
     955     9500    20993     9600
     960     9300    19694     9600
     965     9200    17239     9600
     970     9000    14546     9600
     975     8800    12998     9600
     980     8400    11751     9500
     985     7900     7516     9500
     990     7500        0     9400
     995     7200        0     9200
    1000     7100        0     9100
    1005     7100        0     8900
    1010     7100     2869     8700
    1015     7100     5533     8400
    1020     7200     5240     8100
    1025     7100     5682     7900
    1030     7100     8805     7600
    1035     7100    12965     7400
    1040     7000    15106     7200
    1045     6900    14174     7100
    1050     6800    12116     7000
    1055     6600    11244     6900
    1060     6500    11498     6900
    1065     6400    10936     7000
    1070     6200     8477     7000
    1075     6100     5130     7000
    1080     5800     2181     7000
    1085     5700        0     6900
    1090     5500        0     6800
    1095     5400        0     6700
    1100     5300       43     6500
    1105     5200     1757     6200
    1110     5200     2984     6000
    1115     5100     3995     5800
    1120     5000     5267     5600
    1125     5000     6986     5400
    1130     5000     8871     5200
    1135     5000    10449     5100
    1140     5000    11582     5000
    1145     5000    12256     4900
    1150     5000    12518     4900
    1155     5000    12370     4900
    1160     5000    11857     5000
    1165     5000    11150     5100
    1170     5000    10250     5100
    1175     5000     9196     5200
    1180     5000     8244     5300
    1185     5000     7653     5300
    1190     5000     7494     5300
    1195     5000     7629     5300
    1200     5000     7895     5300
    1205     5000     8048     5300
    1210     5000     7874     5300
    1215     5000     7561     5300
    1220     5000     7435     5200
    1225     5000     7635     5200
    1230     5000     8041     5200
    1235     5000     8336     5200
    1240     5000     8443     5200
    1245     5000     8616     5100
    1250     5100     9041     5100
    1255     5100     9505     5100
    1260     5000     9528     5100
    1265     5000     8978     5100
    1270     5000     8180     5200
    1275     5000     7571     5200
    1280     5000     7418     5200
    1285     5000     7530     5200
    1290     5000     7633     5200
    1295     5000     7840     5200
    1300     5000     8245     5200
    1305     5100     8672     5100
    1310     5100     8949     5100
    1315     5100     9016     5100
    1320     5100     8871     5100
    1325     5000     8595     5100
    1330     5000     8332     5100
    1335     4900     7904     5100
    1340     4800     6804     5100
    1345     4600     4884     5100
    1350     4500     2515     5100
    1355     4300      165     5100
    1360     4100        0     5100
    1365     4000        0     5000
    1370     3900        0     4900
    1375     3900        0     4700
    1380     3900      908     4500
    1385     3900     4224     4300
    1390     3800     5580     4100
    1395     3700     5041     3900
    1400     3700     4561     3800
    1405     3600     5631     3600
    1410     3600     7602     3600
    1415     3600     8581     3600
    1420     3600     7772     3600
    1425     3600     6355     3600
    1430     3500     5770     3600
    1435     3500     5976     3600
    1440     3500     5847     3700
    1445     3400     4691     3700
    1450     3400     3139     3700
    1455     3300     2329     3700
    1460     3200     2372     3600
    1465     3100     2218     3600
    1470     3000     1036     3500
    1475     2900        0     3400
    1480     2900      364     3200
    1485     2900     3103     3100
    1490     3000     6315     2900
    1495     3000     8385     2800
    1500     3000     9295     2700
    1505     3000    10063     2600
    1510     3000    10843     2600
    1515     2900    10629     2700
    1520     2900     8745     2800
    1525     2900     5799     2900
    1530     2800     3056     3100
    1535     2800     1298     3200
    1540     2800      671     3300
    1545     2900      961     3300
    1550     2900     1872     3200
    1555     3000     3397     3100
    1560     3000     5589     2900
    1565     3000     8113     2700
    1570     3000    10328     2600
    1575     3000    11556     2500
    1580     2900    11352     2500
    1585     2800     9770     2600
    1590     2800     7256     2800
    1595     2800     4399     2900
    1600     2700     1834     3100
    1605     2800      199     3200
    1610     2800        0     3300
    1615     2900      680     3300
    1620     3000     2543     3100
    1625     3000     5041     3000
    1630     3000     7580     2800
    1635     3000     9674     2600
    1640     2900    11010     2500
    1645     2900    11357     2500
    1650     2800    10527     2500
    1655     2700     8520     2600
    1660     2700     5699     2800
    1665     2700     2649     3000
    1670     2700      181     3100
    1675     2700        0     3200
    1680     2800      285     3200
    1685     2900     2266     3200
    1690     3000     4266     3000
    1695     3000     6260     2900
    1700     3000     8373     2700
    1705     2900    10121     2600
    1710     2800    10724     2500
    1715     2800     9693     2500
    1720     2700     7561     2600
    1725     2700     5445     2700
    1730     2700     3909     2900
    1735     2700     2857     3000
    1740     2700     2073     3000
    1745     2500     1688     3100
    1750     2100      983     3000
    1755     1400        0     2900
    1760      700        0     2800
    1765      100        0     2700
    1770        0        0     2500
    1775        0        0     2400
    1780        0        0     2200
    1785        0        0     2100
    1790        0        0     2000
    1795        0        0     1800
    1800        0        0     1700
    1805        0        0     1500
    1810        0        0     1400
    1815        0        0     1300
    1820        0        0     1100
    1825        0        0     1000
    1830        0        0      900
    1835        0        0      700
    1840        0        0      600
    1845        0        0      500
    1850        0        0      400
    1855        0        0      200
    1860        0        0      100
    1865        0        0        0
    1870        0        0        0
