       0        0        0        0
       5        0        0        0
      10        0        0        0
      15        0        0        0
      20        0        0        0
      25        0        0        0
      30        0        0        0
      35        0        0        0
      40        0        0        0
      45        0        0        0
      50        0        0        0
      55        0        0        0
      60        0        0        0
      65        0        0        0
      70        0        0        0
      75        0        0        0
      80        0        0        0
      85        0        0        0
      90        0        0        0
      95        0        0        0
     100        0        0        0
     105        0        0        0
     110        0        0        0
     115        0        0        0
     119        0        0        0
     124        0        0        0
     129        0        0        0
     134        0        3        0
     139        0       29        0
     144        0      114        0
     149      100      311        0
     154      300      655        0
     159      600     1130        0
     164      900     1663        0
     169     1200     2164        0
     174     1400     2570        0
     179     1600     2886        0
     184     1700     3162        0
     189     1900     3436        0
     194     2000     3717        0
     199     2200     4002        0
     204     2300     4296        0
     209     2500     4616        0
     214     2700     4949        0
     219     2900     5262        0
     224     3000     5544        0
     229     3200     5802        0
     234     3300     6032      100
     239     3400     6236      200
     244     3500     6438      300
     249     3600     6660      400
     254     3800     6911      600
     259     3900     7176      700
     264     4100     7421      800
     269     4200     7610      900
     274     4200     7738     1100
     279     4300     7815     1200
     284     4300     7864     1300
     289     4300     7909     1400
     294     4400     7957     1500
     299     4400     8001     1600
     304     4400     8037     1700
     309     4400     8079     1800
     314     4500     8152     1900
     319     4500     8282     2000
     324     4700     8467     2100
     329     4800     8669     2200
     334     4900     8846     2300
     339     4900     8981     2400
     344     5000     9079     2500
     349     5000     9153     2600
     354     5100     9238     2700
     359     5100     9358     2800
     364     5200     9509     2800
     369     5300     9672     2900
     374     5400     9831     3000
     379     5500     9973     3100
     384     5600    10086     3200
     389     5600    10178     3200
     394     5700    10267     3300
     399     5700    10359     3400
     404     5800    10450     3500
     409     5800    10531     3600
     414     5800    10601     3700
     419     5900    10665     3800
     424     5900    10725     3800
     429     5900    10789     3900
     434     6000    10860     4000
     439     6000    10934     4100
     444     6100    11002     4100
     449     6100    11059     4200
     454     6100    11116     4200
     459     6200    11185     4300
     464     6200    11267     4300
     469     6300    11350     4400
     475     6300    11422     4500
     480     6300    11479     4500
     485     6400    11530     4600
     490     6400    11577     4600
     495     6400    11616     4700
     500     6400    11643     4800
     505     6400    11659     4800
     510     6400    11663     4900
     515     6400    11651     4900
     520     6400    11621     4900
     525     6400    11584     5000
     530     6400    11556     5000
     535     6400    11550     5100
     540     6400    11561     5200
     545     6400    11573     5200
     550     6400    11579     5200
     555     6400    11578     5300
     560     6400    11571     5300
     565     6400    11559     5300
     570     6400    11547     5400
     575     6400    11535     5400
     580     6300    11521     5400
     585     6300    11506     5500
     590     6300    11495     5500
     595     6300    11493     5500
     600     6300    11499     5600
     605     6300    11509     5600
     610     6300    11522     5600
     615     6400    11544     5600
     620     6400    11565     5600
     625     6400    11576     5700
     630     6400    11572     5700
     635     6400    11560     5700
     640     6400    11540     5700
     645     6300    11515     5800
     650     6300    11492     5800
     655     6300    11481     5800
     660     6300    11481     5800
     665     6300    11492     5800
     670     6300    11508     5800
     675     6300    11524     5900
     680     6400    11538     5900
     685     6400    11550     5900
     690     6400    11558     5900
     695     6400    11558     6000
     700     6400    11553     5900
     705     6400    11545     6000
     710     6300    11525     6000
     715     6300    11494     6000
     720     6300    11463     6000
     725     6300    11446     6000
     730     6300    11451     6000
     735     6300    11473     6100
     740     6300    11498     6000
     745     6300    11521     6100
     750     6400    11537     6100
     755     6400    11544     6100
     760     6400    11543     6100
     765     6400    11540     6100
     770     6400    11537     6100
     775     6400    11528     6100
     780     6300    11511     6100
     785     6300    11490     6100
     790     6300    11477     6100
     795     6300    11480     6100
     800     6300    11497     6200
     805     6300    11518     6200
     810     6400    11540     6200
     815     6400    11560     6200
     820     6400    11575     6200
     825     6400    11590     6200
     830     6400    11609     6200
     835     6400    11625     6200
     840     6400    11627     6300
     845     6400    11618     6300
     850     6400    11615     6300
     855     6400    11629     6300
     860     6400    11662     6300
     865     6500    11708     6300
     870     6500    11753     6300
     875     6500    11788     6300
     880     6500    11812     6300
     885     6500    11829     6300
     890     6500    11846     6400
     895     6500    11861     6400
     900     6500    11868     6400
     905     6500    11864     6400
     910     6500    11855     6400
     915     6500    11854     6400
     920     6500    11878     6400
     925     6600    11934     6400
     930     6600    12013     6400
     935     6700    12103     6400
     940     6700    12209     6400
     945     6800    12326     6400
     950     6900    12430     6400
     955     6900    12506     6400
     960     6900    12559     6400
     965     6900    12594     6500
     970     7000    12613     6500
     975     7000    12633     6500
     980     7000    12676     6500
     985     7000    12754     6500
     990     7100    12856     6600
     995     7100    12958     6500
    1000     7200    13048     6600
    1005     7200    13133     6600
    1010     7300    13222     6600
    1015     7300    13304     6700
    1020     7400    13362     6700
    1025     7400    13405     6700
    1030     7400    13454     6700
    1035     7500    13513     6700
    1040     7500    13564     6700
    1045     7500    13596     6800
    1050     7500    13624     6800
    1055     7500    13671     6800
    1060     7600    13736     6900
    1065     7600    13812     6900
    1070     7700    13895     6900
    1075     7700    13980     6900
    1080     7800    14054     6900
    1085     7800    14111     7000
    1090     7800    14159     7000
    1095     7800    14203     7000
    1100     7900    14237     7000
    1105     7900    14266     7100
    1110     7900    14299     7000
    1115     7900    14332     7100
    1120     7900    14355     7100
    1125     7900    14364     7200
    1130     7900    14373     7100
    1135     7900    14403     7200
    1140     8000    14455     7200
    1145     8000    14516     7200
    1150     8000    14569     7200
    1155     8100    14607     7200
    1160     8100    14627     7300
    1165     8100    14625     7300
    1170     8100    14604     7300
    1175     8000    14579     7300
    1180     8000    14568     7400
    1185     8000    14575     7300
    1190     8000    14584     7400
    1195     8000    14584     7400
    1200     8000    14574     7400
    1205     8000    14557     7400
    1210     8000    14534     7400
    1215     8000    14512     7400
    1220     8000    14503     7500
    1225     8000    14506     7500
    1230     8000    14506     7500
    1235     8000    14492     7500
    1240     8000    14464     7500
    1245     8000    14440     7500
    1250     8000    14439     7500
    1255     8000    14464     7500
    1260     8000    14505     7500
    1265     8000    14542     7600
    1270     8000    14557     7600
    1275     8000    14547     7600
    1280     8000    14524     7600
    1285     8000    14509     7600
    1290     8000    14502     7600
    1295     8000    14489     7600
    1300     8000    14465     7600
    1305     8000    14437     7600
    1310     8000    14415     7700
    1315     7900    14403     7600
    1320     7900    14402     7600
    1325     8000    14412     7600
    1330     8000    14437     7700
    1335     8000    14469     7700
    1340     8000    14494     7700
    1345     8000    14496     7700
    1350     8000    14475     7700
    1355     8000    14445     7700
    1360     8000    14417     7700
    1365     7900    14399     7700
    1370     7900    14395     7700
    1375     7900    14404     7700
    1380     8000    14420     7700
    1385     8000    14437     7700
    1390     8000    14448     7700
    1395     8000    14455     7700
    1400     8000    14461     7800
    1405     8000    14466     7700
    1410     8000    14464     7800
    1415     8000    14455     7800
    1420     8000    14443     7800
    1425     8000    14428     7800
    1430     8000    14407     7800
    1435     7900    14379     7800
    1440     7900    14343     7800
    1445     7900    14306     7800
    1450     7900    14270     7800
    1455     7900    14230     7800
    1460     7800    14176     7800
    1465     7800    14107     7800
    1470     7700    14039     7800
    1475     7700    13989     7800
    1480     7700    13959     7800
    1485     7700    13934     7800
    1490     7700    13895     7800
    1495     7600    13849     7800
    1500     7600    13802     7800
    1505     7600    13756     7800
    1510     7600    13718     7800
    1515     7600    13697     7800
    1520     7600    13692     7700
    1525     7600    13699     7700
    1530     7600    13709     7700
    1535     7600    13706     7700
    1540     7500    13682     7800
    1545     7500    13647     7700
    1550     7500    13608     7700
    1555     7500    13566     7700
    1560     7500    13521     7700
    1565     7400    13468     7700
    1570     7400    13405     7700
    1575     7400    13343     7700
    1580     7300    13299     7700
    1585     7300    13280     7700
    1590     7300    13284     7600
    1595     7300    13295     7700
    1600     7300    13290     7600
    1605     7300    13258     7700
    1610     7300    13206     7600
    1615     7200    13133     7700
    1620     7200    13011     7600
    1625     7100    12823     7600
    1630     6900    12596     7600
    1635     6800    12388     7600
    1640     6700    12222     7600
    1645     6700    12081     7600
    1650     6600    11958     7600
    1655     6500    11861     7500
    1660     6500    11778     7500
    1665     6400    11683     7500
    1670     6400    11560     7500
    1675     6300    11414     7500
    1680     6200    11256     7500
    1685     6100    11105     7400
    1690     6000    10984     7400
    1695     6000    10893     7400
    1700     6000    10825     7400
    1705     5900    10785     7300
    1710     5900    10780     7300
    1715     5900    10798     7300
    1720     6000    10821     7200
    1725     6000    10837     7200
    1730     6000    10841     7200
    1735     6000    10834     7200
    1740     6000    10820     7100
    1745     5900    10804     7100
    1750     5900    10779     7100
    1755     5900    10743     7100
    1760     5900    10709     7100
    1765     5900    10689     7100
    1770     5900    10685     7100
    1775     5900    10683     7000
    1780     5900    10684     7000
    1785     5900    10700     7000
    1790     5900    10731     7000
    1795     5900    10756     7000
    1800     5900    10758     6900
    1805     5900    10732     6900
    1810     5900    10689     6900
    1815     5900    10650     6900
    1820     5800    10625     6900
    1825     5800    10606     6900
    1830     5800    10594     6900
    1835     5800    10591     6800
    1840     5800    10588     6800
    1845     5800    10572     6800
    1850     5800    10537     6800
    1855     5800    10485     6800
    1860     5700    10436     6800
    1865     5700    10400     6800
    1870     5700    10370     6800
    1875     5700    10333     6800
    1879     5700    10284     6700
    1884     5600    10219     6700
    1889     5600    10151     6700
    1894     5600    10100     6700
    1899     5500    10077     6700
    1904     5500    10081     6700
    1909     5600    10111     6700
    1914     5600    10160     6700
    1919     5600    10205     6700
    1924     5600    10228     6600
    1929     5600    10227     6600
    1934     5600    10213     6600
    1939     5600    10187     6600
    1944     5600    10151     6600
    1949     5600    10121     6600
    1954     5600    10105     6600
    1959     5600    10097     6600
    1964     5600    10098     6600
    1969     5600    10110     6600
    1974     5600    10134     6600
    1979     5600    10167     6600
    1984     5600    10204     6600
    1989     5600    10233     6600
    1994     5600    10242     6500
    1999     5600    10234     6500
    2004     5600    10225     6500
    2009     5600    10221     6500
    2014     5600    10224     6500
    2019     5600    10241     6500
    2024     5700    10283     6500
    2029     5700    10322     6500
    2034     5700    10313     6500
    2039     5600    10264     6500
    2044     5600    10241     6500
    2049     5700    10284     6500
    2054     5700    10373     6500
    2059     5800    10464     6500
    2064     5800    10521     6500
    2069     5800    10536     6500
    2074     5800    10513     6500
    2079     5800    10471     6500
    2084     5700    10439     6500
    2089     5700    10434     6500
    2094     5800    10448     6500
    2099     5800    10462     6500
    2104     5800    10472     6500
    2109     5800    10488     6500
    2114     5800    10511     6500
    2119     5800    10530     6500
    2124     5800    10535     6500
    2129     5800    10529     6500
    2134     5800    10519     6500
    2139     5800    10508     6500
    2144     5800    10498     6500
    2149     5800    10490     6500
    2154     5800    10489     6500
    2159     5800    10502     6500
    2164     5800    10520     6500
    2169     5800    10538     6500
    2174     5800    10555     6500
    2179     5800    10576     6500
    2184     5800    10598     6500
    2189     5800    10611     6500
    2194     5800    10606     6500
    2199     5800    10581     6500
    2204     5800    10545     6500
    2209     5800    10514     6500
    2214     5800    10494     6500
    2219     5800    10488     6500
    2224     5800    10501     6500
    2229     5800    10528     6500
    2234     5800    10559     6500
    2239     5800    10588     6500
    2244     5800    10605     6500
    2249     5800    10609     6500
    2254     5800    10599     6500
    2259     5800    10583     6500
    2264     5800    10566     6500
    2269     5800    10546     6500
    2274     5800    10525     6500
    2279     5800    10510     6500
    2284     5800    10505     6500
    2289     5800    10513     6500
    2294     5800    10528     6500
    2299     5800    10549     6500
    2304     5800    10578     6600
    2309     5800    10606     6500
    2314     5800    10621     6500
    2319     5800    10619     6500
    2324     5800    10607     6500
    2329     5800    10590     6500
    2334     5800    10568     6500
    2339     5800    10542     6600
    2344     5800    10520     6500
    2349     5800    10512     6600
    2354     5800    10522     6500
    2359     5800    10546     6500
    2364     5800    10574     6500
    2369     5800    10604     6600
    2374     5900    10632     6600
    2379     5900    10652     6600
    2384     5900    10656     6500
    2389     5900    10647     6600
    2394     5900    10628     6500
    2399     5800    10602     6600
    2404     5800    10572     6500
    2409     5800    10542     6600
    2414     5800    10520     6600
    2419     5800    10521     6600
    2424     5800    10545     6600
    2429     5800    10583     6500
    2434     5800    10621     6500
    2439     5900    10647     6600
    2444     5900    10654     6500
    2449     5900    10641     6600
    2454     5800    10619     6600
    2459     5800    10595     6600
    2464     5800    10571     6600
    2469     5800    10545     6500
    2474     5800    10519     6600
    2479     5800    10506     6500
    2484     5800    10512     6600
    2489     5800    10529     6600
    2494     5800    10545     6600
    2499     5800    10559     6600
    2504     5800    10563     6600
    2509     5800    10546     6600
    2514     5800    10510     6500
    2519     5800    10466     6500
    2524     5700    10425     6600
    2529     5700    10391     6600
    2534     5700    10367     6500
    2539     5700    10340     6600
    2544     5700    10282     6500
    2549     5600    10178     6500
    2554     5500    10032     6500
    2559     5400     9875     6500
    2564     5400     9734     6500
    2569     5300     9607     6500
    2574     5200     9472     6500
    2579     5100     9315     6500
    2584     5000     9145     6500
    2589     4900     8978     6400
    2594     4900     8825     6400
    2599     4800     8693     6400
    2604     4700     8582     6400
    2609     4700     8501     6400
    2614     4600     8457     6300
    2619     4600     8446     6300
    2624     4600     8453     6300
    2629     4700     8473     6300
    2634     4700     8494     6200
    2639     4700     8501     6200
    2644     4700     8488     6200
    2649     4700     8469     6200
    2654     4600     8460     6200
    2659     4600     8462     6200
    2664     4700     8468     6100
    2669     4700     8474     6100
    2674     4700     8486     6100
    2679     4700     8508     6100
    2684     4700     8536     6100
    2689     4700     8569     6000
    2694     4700     8600     6000
    2699     4700     8617     6000
    2704     4700     8613     6000
    2709     4700     8599     6000
    2714     4700     8587     6000
    2719     4700     8578     5900
    2724     4700     8561     5900
    2729     4700     8536     5900
    2734     4700     8515     5900
    2739     4700     8509     5900
    2744     4700     8520     5900
    2749     4700     8537     5900
    2754     4700     8551     5900
    2759     4700     8564     5900
    2764     4700     8578     5800
    2769     4700     8592     5800
    2774     4700     8601     5800
    2779     4700     8599     5800
    2784     4700     8587     5800
    2789     4700     8570     5800
    2794     4700     8552     5800
    2799     4700     8537     5800
    2804     4700     8527     5800
    2809     4700     8524     5700
    2814     4700     8527     5700
    2819     4700     8536     5700
    2824     4700     8551     5700
    2829     4700     8570     5700
    2834     4700     8582     5700
    2839     4700     8582     5700
    2844     4700     8571     5700
    2849     4700     8558     5700
    2854     4700     8543     5700
    2859     4700     8527     5700
    2864     4700     8514     5600
    2869     4700     8512     5700
    2874     4700     8525     5700
    2879     4700     8544     5700
    2884     4700     8559     5700
    2889     4700     8565     5600
    2894     4700     8560     5600
    2899     4700     8551     5600
    2904     4700     8545     5600
    2909     4700     8549     5600
    2914     4700     8561     5600
    2919     4700     8568     5600
    2924     4700     8561     5600
    2929     4700     8541     5600
    2934     4700     8515     5600
    2939     4700     8501     5600
    2944     4700     8503     5600
    2949     4700     8518     5600
    2954     4700     8546     5600
    2959     4700     8580     5600
    2964     4700     8605     5600
    2969     4700     8614     5600
    2974     4700     8610     5600
    2979     4700     8599     5600
    2984     4700     8578     5600
    2989     4700     8543     5600
    2994     4700     8507     5600
    2999     4700     8489     5600
    3004     4700     8500     5600
    3009     4700     8530     5600
    3014     4700     8560     5600
    3019     4700     8584     5600
    3024     4700     8602     5600
    3029     4700     8612     5600
    3034     4700     8608     5600
    3039     4700     8588     5600
    3044     4700     8560     5600
    3049     4700     8529     5600
    3054     4700     8505     5600
    3059     4700     8491     5600
    3064     4700     8492     5600
    3069     4700     8513     5600
    3074     4700     8545     5600
    3079     4700     8571     5600
    3084     4700     8587     5500
    3089     4700     8595     5600
    3094     4700     8598     5600
    3099     4700     8600     5600
    3104     4700     8600     5600
    3109     4700     8597     5600
    3114     4700     8583     5600
    3119     4700     8557     5600
    3124     4700     8529     5600
    3129     4700     8514     5600
    3134     4700     8523     5600
    3139     4700     8551     5600
    3144     4700     8580     5500
    3149     4700     8600     5600
    3154     4700     8614     5600
    3159     4700     8622     5600
    3164     4700     8621     5600
    3169     4700     8607     5600
    3174     4700     8576     5600
    3179     4700     8533     5500
    3184     4700     8489     5600
    3189     4600     8455     5600
    3194     4600     8433     5600
    3199     4600     8422     5600
    3204     4600     8425     5600
    3209     4600     8436     5600
    3214     4600     8451     5600
    3219     4600     8462     5500
    3224     4600     8463     5600
    3229     4600     8452     5600
    3234     4600     8427     5600
    3239     4600     8389     5600
    3244     4600     8343     5600
    3249     4600     8302     5600
    3254     4500     8270     5600
    3259     4500     8251     5600
    3264     4500     8242     5500
    3269     4500     8221     5500
    3274     4500     8150     5500
    3279     4400     8011     5500
    3284     4300     7829     5500
    3289     4200     7657     5500
    3294     4100     7528     5500
    3299     4100     7432     5500
    3304     4000     7339     5500
    3309     4000     7234     5400
    3314     3900     7122     5400
    3319     3900     7031     5400
    3324     3800     6978     5400
    3329     3800     6965     5400
    3334     3800     6971     5400
    3339     3800     6981     5300
    3344     3800     6993     5300
    3349     3800     7007     5300
    3354     3800     7017     5300
    3359     3800     7018     5300
    3364     3800     7014     5200
    3369     3800     7008     5200
    3374     3800     6996     5200
    3379     3800     6976     5200
    3384     3800     6950     5200
    3389     3800     6931     5200
    3394     3800     6929     5200
    3399     3800     6942     5200
    3404     3800     6958     5100
    3409     3800     6975     5100
    3414     3800     6993     5100
    3419     3800     7008     5100
    3424     3800     7015     5100
    3429     3800     7018     5000
    3434     3800     7022     5000
    3439     3800     7019     5000
    3444     3800     7006     5000
    3449     3800     6993     5000
    3454     3800     6990     5000
    3459     3800     6994     5000
    3464     3800     6989     5000
    3469     3800     6978     5000
    3474     3800     6987     5000
    3479     3800     7016     4900
    3484     3900     7045     5000
    3489     3900     7059     4900
    3494     3900     7059     4900
    3499     3900     7048     4900
    3504     3900     7025     4900
    3509     3800     6999     4900
    3514     3800     6981     4900
    3519     3800     6978     4900
    3524     3800     6988     4900
    3529     3800     7004     4900
    3534     3800     7017     4900
    3539     3900     7029     4900
    3544     3900     7040     4900
    3549     3900     7046     4900
    3554     3900     7043     4800
    3559     3900     7031     4900
    3564     3800     7011     4900
    3569     3800     6982     4800
    3574     3800     6950     4800
    3579     3800     6925     4800
    3584     3800     6910     4800
    3589     3800     6907     4800
    3594     3800     6916     4800
    3599     3800     6934     4800
    3604     3800     6954     4800
    3609     3800     6968     4800
    3614     3800     6970     4800
    3619     3800     6961     4800
    3624     3800     6951     4800
    3629     3800     6944     4700
    3634     3800     6928     4700
    3639     3800     6902     4700
    3644     3800     6878     4700
    3649     3800     6868     4700
    3654     3800     6878     4700
    3659     3800     6898     4700
    3664     3800     6917     4700
    3669     3800     6938     4700
    3674     3800     6958     4700
    3679     3800     6967     4700
    3684     3800     6955     4700
    3689     3800     6929     4700
    3694     3800     6899     4700
    3699     3800     6862     4700
    3704     3700     6825     4700
    3709     3700     6797     4700
    3714     3700     6786     4700
    3719     3700     6794     4700
    3724     3700     6810     4600
    3729     3700     6829     4600
    3734     3800     6856     4600
    3739     3800     6890     4600
    3744     3800     6910     4600
    3749     3800     6903     4600
    3754     3800     6871     4600
    3759     3700     6827     4600
    3764     3700     6786     4600
    3769     3700     6762     4600
    3774     3700     6754     4600
    3779     3700     6756     4600
    3784     3700     6764     4600
    3789     3700     6776     4600
    3794     3700     6798     4600
    3799     3700     6843     4600
    3804     3800     6906     4500
    3809     3800     6971     4500
    3814     3900     7030     4600
    3819     3900     7082     4600
    3824     3900     7116     4600
    3829     3900     7125     4600
    3834     3900     7127     4600
    3839     3900     7147     4600
    3844     3900     7191     4500
    3849     4000     7249     4500
    3854     4000     7306     4500
    3859     4000     7343     4500
    3864     4000     7353     4500
    3869     4000     7344     4600
    3874     4000     7329     4600
    3879     4000     7317     4600
    3884     4000     7307     4600
    3889     4000     7292     4600
    3894     4000     7267     4600
    3899     4000     7233     4600
    3904     3900     7201     4600
    3909     3900     7185     4600
    3914     3900     7187     4600
    3919     3900     7198     4600
    3924     4000     7213     4600
    3929     4000     7228     4600
    3934     4000     7235     4600
    3939     4000     7236     4600
    3944     4000     7232     4600
    3949     4000     7226     4600
    3954     4000     7227     4600
    3959     4000     7254     4600
    3964     4000     7313     4600
    3969     4000     7381     4600
    3974     4100     7436     4600
    3979     4100     7467     4600
    3984     4100     7476     4600
    3989     4100     7474     4600
    3994     4100     7475     4600
    3999     4100     7489     4700
    4004     4100     7511     4700
    4009     4100     7526     4600
    4014     4100     7529     4700
    4019     4100     7521     4700
    4024     4100     7506     4700
    4029     4100     7486     4700
    4034     4100     7466     4700
    4039     4100     7454     4700
    4044     4100     7458     4700
    4049     4100     7478     4700
    4054     4100     7508     4700
    4059     4100     7538     4700
    4064     4100     7559     4700
    4069     4200     7567     4700
    4074     4200     7569     4700
    4079     4200     7570     4700
    4084     4100     7562     4700
    4089     4100     7540     4700
    4094     4100     7514     4700
    4099     4100     7497     4800
    4104     4100     7499     4800
    4109     4100     7519     4800
    4114     4100     7543     4800
    4119     4100     7557     4800
    4124     4200     7571     4800
    4129     4200     7594     4800
    4134     4200     7618     4800
    4139     4200     7627     4800
    4144     4200     7618     4800
    4149     4200     7597     4800
    4154     4200     7565     4800
    4159     4100     7529     4800
    4164     4100     7501     4800
    4169     4100     7492     4800
    4174     4100     7507     4800
    4179     4100     7536     4800
    4184     4200     7566     4800
    4189     4200     7589     4800
    4194     4200     7605     4800
    4199     4200     7614     4800
    4204     4200     7611     4800
    4209     4200     7600     4800
    4214     4200     7588     4800
    4219     4200     7572     4900
    4224     4100     7553     4800
    4229     4100     7537     4900
    4234     4100     7531     4800
    4239     4100     7540     4900
    4244     4200     7564     4800
    4249     4200     7595     4900
    4254     4200     7626     4800
    4259     4200     7644     4900
    4264     4200     7643     4900
    4269     4200     7632     4900
    4274     4200     7623     4900
    4279     4200     7617     4900
    4284     4200     7605     4900
    4289     4200     7585     4900
    4294     4200     7567     4900
    4299     4100     7561     4900
    4304     4200     7571     4900
    4309     4200     7593     4900
    4314     4200     7615     4900
    4319     4200     7631     4900
    4324     4200     7634     4900
    4329     4200     7627     4900
    4334     4200     7615     4900
    4339     4200     7603     4900
    4344     4200     7591     4900
    4349     4200     7578     4900
    4354     4200     7567     4900
    4359     4100     7558     4900
    4364     4100     7554     4900
    4369     4100     7561     4900
    4374     4200     7580     4900
    4379     4200     7604     4900
    4384     4200     7627     4900
    4389     4200     7640     4900
    4394     4200     7641     4900
    4399     4200     7635     4900
    4404     4200     7630     4900
    4409     4200     7626     4900
    4414     4200     7618     4900
    4419     4200     7606     4900
    4424     4200     7590     4900
    4429     4200     7573     4900
    4434     4200     7567     4900
    4439     4200     7571     4900
    4444     4200     7574     4900
    4449     4200     7572     4900
    4454     4200     7566     4900
    4459     4100     7551     4900
    4464     4100     7522     4900
    4469     4100     7479     4900
    4474     4100     7410     4900
    4479     4000     7282     4900
    4484     3900     7091     4900
    4489     3800     6890     4900
    4494     3700     6738     4900
    4499     3600     6657     4900
    4504     3600     6626     4800
    4509     3600     6609     4800
    4514     3600     6589     4800
    4519     3600     6564     4800
    4524     3600     6531     4800
    4529     3600     6484     4800
    4534     3500     6428     4800
    4539     3500     6370     4800
    4544     3500     6312     4800
    4549     3400     6242     4700
    4554     3400     6144     4700
    4559     3300     6013     4700
    4564     3200     5862     4700
    4569     3100     5706     4700
    4574     3000     5556     4600
    4579     3000     5417     4600
    4584     2900     5287     4600
    4589     2800     5167     4500
    4594     2800     5061     4500
    4599     2700     4970     4500
    4604     2700     4874     4400
    4609     2600     4746     4300
    4614     2500     4576     4200
    4619     2400     4386     4200
    4624     2300     4222     4200
    4629     2200     4117     4200
    4634     2200     4064     4000
    4639     2200     4030     4000
    4644     2200     3990     4000
    4649     2100     3943     3900
    4654     2100     3900     3800
    4659     2100     3868     3800
    4664     2100     3851     3700
    4669     2100     3847     3600
    4674     2100     3840     3500
    4679     2100     3807     3500
    4684     2000     3729     3400
    4689     1900     3566     3300
    4694     1800     3268     3300
    4699     1500     2844     3200
    4704     1300     2377     3100
    4709     1000     1920     3100
    4714      700     1432     3000
    4719      400      893     2800
    4724      200      391     2700
    4729        0       40     2600
    4734        0        0     2400
    4739        0       40     2300
    4744        0       66     2100
    4749        0       60     2000
    4754        0       35     1900
    4759        0       10     1700
    4764        0        0     1600
    4769        0        0     1400
    4774        0        2     1300
    4779        0        2     1200
    4784        0        2     1000
    4789        0        1      900
    4794        0        0      800
    4799        0        0      600
    4804        0        0      600
    4809        0        0      400
    4814        0        0      300
    4819        0        0      200
