       0     4500     1000        0        0        0
       5     4500     2000        0        0        0
      10     4500     3000        0        0        0
      15     4500     4000        0        0        0
      20     4500     5000        0        0        0
      25     4500     6000        0        0        0
      30     4500     7000        0        0        0
      35     4500     8000        0        0        0
      40     4500     8104        0        0        0
      45     4500     8104      100        0        0
      50     4500     8104      200        0        0
      55     4500     8104      400        0        0
      60     4500     8104      600        0        0
      65     4500     8104      800        0        0
      70     4500     8104      900        0        0
      75     4500     8104     1100        0        0
      80     4500     8104     1200        0        0
      85     4500     8104     1300        0        0
      90     4500     8104     1400        0        0
      95     4500     8104     1500        0        0
     100     4500     8104     1600        0        0
     105     4500     8104     1700        0        0
     110     4500     8104     1800        0        0
     115     4500     8104     1900        0        0
     119     4500     8104     2000        0        0
     124     4500     8104     2000        0        0
     129     4500     8104     2100        0        0
     134     4500     8104     2100        0        0
     139     4500     8104     2200        0        0
     144     4500     8104     2300        0        0
     149     4500     8104     2300        0        0
     154     4500     8104     2400        0        0
     159     4500     8104     2400        0        0
     164     4500     8104     2500        0        0
     169     4500     8104     2600        0        0
     174     4500     8104     2600        0        0
     179     4500     8104     2700        0        0
     184     4500     8104     2800        0        0
     189     4500     8104     2800        0        0
     194     4500     8104     2900        0        0
     199     4500     8104     2900        0        0
     204     4500     8104     2900        0        0
     209     4500     8104     3000        0        0
     214     4500     8104     3000        0        0
     219     4500     8104     3000        0        0
     224     4500     8104     3100        0        0
     229     4500     8104     3100        0        0
     234     4500     8104     3100        0        0
     239     4500     8104     3100        0        0
     244     4500     8104     3200        0        0
     249     4500     8104     3200        0        0
     254     4500     8104     3200        0        0
     259     4500     8104     3300        0        0
     264     4500     8104     3300        0        0
     269     4500     8104     3400        0        0
     274     4500     8104     3400        0        0
     279     4500     8104     3400        0        0
     284     4500     8104     3500        0        0
     289     4500     8104     3500        0        0
     294     4500     8104     3500        0        0
     299     4500     8104     3500        0        0
     304     4500     8104     3500        0        0
     309     4500     8104     3500        0        0
     314     4500     8104     3500        0        0
     319     4500     8104     3600        0        0
     324     4500     8104     3600        0        0
     329     4500     8104     3600        0        0
     334     4500     8104     3700        0        0
     339     4500     8104     3700        0        0
     344     4500     8104     3700        0        0
     349     4500     8104     3700        0        0
     354     4500     8104     3700        0        0
     359     4500     8104     3800        0        0
     364     4500     8104     3800        0        0
     369     4500     8104     3800        0        0
     374     4500     8104     3800        0        0
     379     4500     8104     3800        0        0
     384     4500     8104     3800        0        0
     389     4500     8104     3800        0        0
     394     4500     8104     3800        0        0
     399     4500     8104     3900        0        0
     404     4500     8104     3900        0        0
     409     4500     8104     3900        0        0
     414     4500     8104     3900        0        0
     419     4500     8104     3900        0        0
     424     4500     8104     4000        0        0
     429     4500     8104     4000        0        0
     434     4500     8104     4000        0        0
     439     4500     8104     4000        0        0
     444     4500     8104     4000        0        0
     449     4500     8104     4000        0        0
     454     4500     8104     4000        0        0
     459     4500     8104     4000        0        0
     464     4500     8104     4000        0        0
     469     4500     8104     4000        0        0
     475     4500     8104     4000        0        0
     480     4500     8104     4100        0        0
     485     4500     8104     4100        0        0
     490     4500     8104     4100        0        0
     495     4500     8104     4100        0        0
     500     4500     8104     4100        0        0
     505     4500     8104     4100        0        0
     510     4500     8104     4100        0        0
     515     4500     8104     4100        0        0
     520     4500     8104     4100        0        0
     525     4500     8104     4100        0        0
     530     4500     8104     4100        0        0
     535     4500     8104     4200        0        0
     540     4500     8104     4200        0        0
     545     4500     8104     4200        0        0
     550     4500     8104     4200        0        0
     555     4500     8104     4200        0        0
     560     4500     8104     4200        0        0
     565     4500     8104     4200        0        0
     570     4500     8104     4200        0        0
     575     4500     8104     4200        0        0
     580     4500     8104     4200        0        0
     585     4500     8104     4200        0        0
     590     4500     8104     4200        0        0
     595     4500     8104     4200        0        0
     600     4500     8104     4200        0        0
     605     4500     8104     4300        0        0
     610     4500     8104     4300        0        0
     615     4500     8104     4300        0        0
     620     4500     8104     4300        0        0
     625     4500     8104     4300        0        0
     630     4500     8104     4300        0        0
     635     4500     8104     4300        0        0
     640     4500     8104     4300        0        0
     645     4500     8104     4300        0        0
     650     4500     8104     4300        0        0
     655     4500     8104     4300        0        0
     660     4500     8104     4300        0        0
     665     4500     8104     4300        0        0
     670     4500     8104     4300        0        0
     675     4500     8104     4300        0        0
     680     4500     8104     4300        0        0
     685     4500     8104     4300        0        0
     690     4500     8104     4300        0        0
     695     4500     8104     4300        0        0
     700     4500     8104     4300        0        0
     705     4500     8104     4300        0        0
     710     4500     8104     4300        0        0
     715     4500     8104     4300        0        0
     720     4500     8104     4300        0        0
     725     4500     8104     4300        0        0
     730     4500     8104     4400        0        0
     735     4500     8104     4400        0        0
     740     4500     8104     4400        0        0
     745     4500     8104     4400        0        0
     750     4500     8104     4400        0        0
     755     4500     8104     4300        0        0
     760     4500     8104     4300        0        0
     765     4500     8104     4400        0        0
     770     4500     8104     4400        0        0
     775     4500     8104     4400        0        0
     780     4500     8104     4400        0        0
     785     4500     8104     4400        0        0
     790     4500     8104     4400        0        0
     795     4500     8104     4400        0        0
     800     4500     8104     4400        0        0
     805     4500     8104     4400        0        0
     810     4500     8104     4400        0        0
     815     4500     8104     4400        0        0
     820     4500     8104     4400        0        0
     825     4500     8104     4400        0        0
     830     4500     8104     4400        0        0
     835     4500     8104     4400        0        0
     840     4500     8104     4400        0        0
     845     4500     8104     4400        0        0
     850     4500     8104     4400        0        0
     855     4500     8104     4400        0        0
     860     4500     8104     4400        0        0
     865     4500     8104     4400        0        0
     870     4500     8104     4400        0        0
     875     4500     8104     4400        0        0
     880     4500     8104     4400        0        0
     885     4500     8104     4500        0        0
     890     4500     8104     4500        0        0
     895     4500     8104     4500        0        0
     900     4500     8104     4500        0        0
     905     4500     8104     4500        0        0
     910     4500     8104     4500        0        0
     915     4500     8104     4500        0        0
     920     4500     8104     4500        0        0
     925     4500     8104     4500        0        0
     930     4500     8104     4500        0        0
     935     4500     8104     4500        0        0
     940     4500     8104     4500        0        0
     945     4500     8104     4500        0        0
     950     4500     8104     4500        0        0
     955     4500     8104     4500        0        0
     960     4500     8104     4600        0        0
     965     4500     8104     4600        0        0
     970     4500     8104     4600        0        0
     975     4500     8104     4600        0        0
     980     4500     8104     4600        0        0
     985     4500     8104     4500        0        0
     990     4500     8104     4500        0        0
     995     4500     8104     4500        0        0
    1000     4500     8104     4500        0        0
    1005     4500     8104     4600        0        0
    1010     4500     8104     4600        0        0
    1015     4500     8104     4600        0        0
    1020     4500     8104     4600        0        0
    1025     4500     8104     4600        0        0
    1030     4500     8104     4600        0        0
    1035     4500     8104     4600        0        0
    1040     4500     8104     4600        0        0
    1045     4500     8104     4600        0        0
    1050     4500     8104     4600        0        0
    1055     4500     8104     4600        0        0
    1060     4500     8104     4600        0        0
    1065     4500     8104     4600        0        0
    1070     4500     8104     4600        0        0
    1075     4500     8104     4600        0        0
    1080     4500     8104     4600        0        0
    1085     4500     8104     4600        0        0
    1090     4500     8104     4600        0        0
    1095     4500     8104     4600        0        0
    1100     4500     8104     4600        0        0
    1105     4500     8104     4600        0        0
    1110     4500     8104     4600        0        0
    1115     4500     8104     4600        0        0
    1120     4500     8104     4600        0        0
    1125     4500     8104     4600        0        0
    1130     4500     8104     4600        0        0
    1135     4500     8104     4600        0        0
    1140     4500     8104     4600        0        0
    1145     4500     8104     4600        0        0
    1150     4500     8104     4600        0        0
    1155     4500     8104     4600        0        0
    1160     4500     8104     4600        0        0
    1165     4500     8104     4600        0        0
    1170     4500     8104     4600        0        0
    1175     4500     8104     4600        0        0
    1180     4500     8104     4600        0        0
    1185     4500     8104     4600        0        0
    1190     4500     8104     4600        0        0
    1195     4500     8104     4600        0        0
    1200     4500     8104     4600        0        0
    1205     4500     8104     4600        0        0
    1210     4500     8104     4600        0        0
    1215     4500     8104     4600        0        0
    1220     4500     8104     4600        0        0
    1225     4500     8104     4600        0        0
    1230     4500     8104     4600        0        0
    1235     4500     8104     4600        0        0
    1240     4500     8104     4600        0        0
    1245     4500     8104     4600        0        0
    1250     4500     8104     4600        0        0
    1255     4500     8104     4600        0        0
    1260     4500     8104     4600        0        0
    1265     4500     8104     4600        0        0
    1270     4500     8104     4600        0        0
    1275     4500     8104     4600        0        0
    1280     4500     8104     4600        0        0
    1285     4500     8104     4600        0        0
    1290     4500     8104     4600        0        0
    1295     4500     8104     4700        0        0
    1300     4500     8104     4700        0        0
    1305     4500     8104     4700        0        0
    1310     4500     8104     4700        0        0
    1315     4500     8104     4600        0        0
    1320     4500     8104     4600        0        0
    1325     4500     8104     4600        0        0
    1330     4500     8104     4600        0        0
    1335     4500     8104     4600        0        0
    1340     4500     8104     4600        0        0
    1345     4500     8104     4600        0        0
    1350     4500     8104     4600        0        0
    1355     4500     8104     4700        0        0
    1360     4500     8104     4700        0        0
    1365     4500     8104     4700        0        0
    1370     4500     8104     4700        0        0
    1375     4500     8104     4600        0        0
    1380     4500     8104     4600        0        0
    1385     4500     8104     4600        0        0
    1390     4500     8104     4600        0        0
    1395     4500     8104     4600        0        0
    1400     4500     8104     4700        0        0
    1405     4500     8104     4700        0        0
    1410     4500     8104     4700        0        0
    1415     4500     8104     4700        0        0
    1420     4500     8104     4700        0        0
    1425     4500     8104     4700        0        0
    1430     4500     8104     4700        0        0
    1435     4500     8104     4600        0        0
    1440     4500     8104     4600        0        0
    1445     4500     8104     4600        0        0
    1450     4500     8104     4700        0        0
    1455     4500     8104     4700        0        0
    1460     4500     8104     4700        0        0
    1465     4500     8104     4700        0        0
    1470     4500     8104     4700        0        0
    1475     4500     8104     4700        0        0
    1480     4500     8104     4700        0        0
    1485     4500     8104     4700        0        0
    1490     4500     8104     4700        0        0
    1495     4500     8104     4700        0        0
    1500     6000     9104     4700        0        0
    1505     6000    10104     4700        0        0
    1510     6000    10805     4700        0        0
    1515     6000    10805     4700        0        0
    1520     6000    10805     4700        0        0
    1525     6000    10805     4700        0        0
    1530     6000    10805     4800        0        0
    1535     6000    10805     4800        0        0
    1540     6000    10805     4900        0        0
    1545     6000    10805     4900        0        0
    1550     6000    10805     4900        0        0
    1555     6000    10805     5000        0        0
    1560     6000    10805     5000        0        0
    1565     6000    10805     5100        0        0
    1570     6000    10805     5100        0        0
    1575     6000    10805     5100        0        0
    1580     6000    10805     5200        0        0
    1585     6000    10805     5200        0        0
    1590     6000    10805     5200        0        0
    1595     6000    10805     5200        0        0
    1600     6000    10805     5300        0        0
    1605     6000    10805     5300        0        0
    1610     6000    10805     5300        0        0
    1615     6000    10805     5400        0        0
    1620     6000    10805     5400        0        0
    1625     6000    10805     5400        0        0
    1630     6000    10805     5500        0        0
    1635     6000    10805     5500        0        0
    1640     6000    10805     5500        0        0
    1645     6000    10805     5500        0        0
    1650     6000    10805     5500        0        0
    1655     6000    10805     5500        0        0
    1660     6000    10805     5600        0        0
    1665     6000    10805     5600        0        0
    1670     6000    10805     5600        0        0
    1675     6000    10805     5600        0        0
    1680     6000    10805     5700        0        0
    1685     6000    10805     5700        0        0
    1690     6000    10805     5700        0        0
    1695     6000    10805     5700        0        0
    1700     6000    10805     5700        0        0
    1705     6000    10805     5700        0        0
    1710     6000    10805     5700        0        0
    1715     6000    10805     5800        0        0
    1720     6000    10805     5800        0        0
    1725     6000    10805     5800        0        0
    1730     6000    10805     5800        0        0
    1735     6000    10805     5800        0        0
    1740     6000    10805     5800        0        0
    1745     6000    10805     5800        0        0
    1750     6000    10805     5800        0        0
    1755     6000    10805     5800        0        0
    1760     6000    10805     5900        0        0
    1765     6000    10805     5900        0        0
    1770     6000    10805     5900        0        0
    1775     6000    10805     5900        0        0
    1780     6000    10805     5900        0        0
    1785     6000    10805     5900        0        0
    1790     6000    10805     5900        0        0
    1795     6000    10805     5900        0        0
    1800     6000    10805     5900        0        0
    1805     6000    10805     5900        0        0
    1810     6000    10805     5900        0        0
    1815     6000    10805     5900        0        0
    1820     6000    10805     6000        0        0
    1825     6000    10805     6000        0        0
    1830     6000    10805     6000        0        0
    1835     6000    10805     6000        0        0
    1840     6000    10805     6000        0        0
    1845     6000    10805     6000        0        0
    1850     6000    10805     6000        0        0
    1855     6000    10805     6000        0        0
    1860     6000    10805     6000        0        0
    1865     6000    10805     6000        0        0
    1870     6000    10805     6000        0        0
    1875     6000    10805     6000        0        0
    1879     6000    10805     6000        0        0
    1884     6000    10805     6000        0        0
    1889     6000    10805     6000        0        0
    1894     6000    10805     6000        0        0
    1899     6000    10805     6000        0        0
    1904     6000    10805     6000        0        0
    1909     6000    10805     6000        0        0
    1914     6000    10805     6000        0        0
    1919     6000    10805     6000        0        0
    1924     6000    10805     6000        0        0
    1929     6000    10805     6100        0        0
    1934     6000    10805     6100        0        0
    1939     6000    10805     6100        0        0
    1944     6000    10805     6100        0        0
    1949     6000    10805     6100        0        0
    1954     6000    10805     6100        0        0
    1959     6000    10805     6100        0        0
    1964     6000    10805     6100        0        0
    1969     6000    10805     6100        0        0
    1974     6000    10805     6100        0        0
    1979     6000    10805     6100        0        0
    1984     6000    10805     6100        0        0
    1989     6000    10805     6100        0        0
    1994     6000    10805     6100        0        0
    1999     6000    10805     6100        0        0
    2004     6000    10805     6100        0        0
    2009     6000    10805     6100        0        0
    2014     6000    10805     6100        0        0
    2019     6000    10805     6100        0        0
    2024     6000    10805     6100        0        0
    2029     6000    10805     6100        0        0
    2034     6000    10805     6100        0        0
    2039     6000    10805     6100        0        0
    2044     6000    10805     6100        0        0
    2049     6000    10805     6100        0        0
    2054     6000    10805     6100        0        0
    2059     6000    10805     6200        0        0
    2064     6000    10805     6200        0        0
    2069     6000    10805     6200        0        0
    2074     6000    10805     6200        0        0
    2079     6000    10805     6200        0        0
    2084     6000    10805     6200        0        0
    2089     6000    10805     6200        0        0
    2094     6000    10805     6200        0        0
    2099     6000    10805     6200        0        0
    2104     6000    10805     6200        0        0
    2109     6000    10805     6200        0        0
    2114     6000    10805     6200        0        0
    2119     6000    10805     6200        0        0
    2124     6000    10805     6200        0        0
    2129     6000    10805     6200        0        0
    2134     6000    10805     6200        0        0
    2139     6000    10805     6200        0        0
    2144     6000    10805     6200        0        0
    2149     6000    10805     6200        0        0
    2154     6000    10805     6200        0        0
    2159     6000    10805     6200        0        0
    2164     6000    10805     6200        0        0
    2169     6000    10805     6200        0        0
    2174     6000    10805     6200        0        0
    2179     6000    10805     6200        0        0
    2184     6000    10805     6200        0        0
    2189     6000    10805     6200        0        0
    2194     6000    10805     6200        0        0
    2199     6000    10805     6200        0        0
    2204     6000    10805     6200        0        0
    2209     6000    10805     6200        0        0
    2214     6000    10805     6200        0        0
    2219     6000    10805     6200        0        0
    2224     6000    10805     6300        0        0
    2229     6000    10805     6300        0        0
    2234     6000    10805     6300        0        0
    2239     6000    10805     6300        0        0
    2244     6000    10805     6300        0        0
    2249     6000    10805     6300        0        0
    2254     6000    10805     6300        0        0
    2259     6000    10805     6300        0        0
    2264     6000    10805     6300        0        0
    2269     6000    10805     6300        0        0
    2274     6000    10805     6300        0        0
    2279     6000    10805     6300        0        0
    2284     6000    10805     6300        0        0
    2289     6000    10805     6300        0        0
    2294     6000    10805     6300        0        0
    2299     6000    10805     6300        0        0
    2304     6000    10805     6300        0        0
    2309     6000    10805     6300        0        0
    2314     6000    10805     6300        0        0
    2319     6000    10805     6300        0        0
    2324     6000    10805     6300        0        0
    2329     6000    10805     6300        0        0
    2334     6000    10805     6300        0        0
    2339     6000    10805     6400        0        0
    2344     6000    10805     6400        0        0
    2349     6000    10805     6400        0        0
    2354     6000    10805     6400        0        0
    2359     6000    10805     6400        0        0
    2364     6000    10805     6400        0        0
    2369     6000    10805     6400        0        0
    2374     6000    10805     6400        0        0
    2379     6000    10805     6400        0        0
    2384     6000    10805     6400        0        0
    2389     6000    10805     6400        0        0
    2394     6000    10805     6400        0        0
    2399     6000    10805     6400        0        0
    2404     6000    10805     6400        0        0
    2409     6000    10805     6400        0        0
    2414     6000    10805     6400        0        0
    2419     6000    10805     6400        0        0
    2424     6000    10805     6400        0        0
    2429     6000    10805     6400        0        0
    2434     6000    10805     6400        0        0
    2439     6000    10805     6400        0        0
    2444     6000    10805     6400        0        0
    2449     6000    10805     6400        0        0
    2454     6000    10805     6400        0        0
    2459     6000    10805     6400        0        0
    2464     6000    10805     6400        0        0
    2469     6000    10805     6400        0        0
    2474     6000    10805     6400        0        0
    2479     6000    10805     6400        0        0
    2484     6000    10805     6400        0        0
    2489     6000    10805     6400        0        0
    2494     6000    10805     6400        0        0
    2499     6000    10805     6400        0        0
    2504     6000    10805     6400        0        0
    2509     6000    10805     6400        0        0
    2514     6000    10805     6400        0        0
    2519     6000    10805     6400        0        0
    2524     6000    10805     6400        0        0
    2529     6000    10805     6400        0        0
    2534     6000    10805     6400        0        0
    2539     6000    10805     6400        0        0
    2544     6000    10805     6400        0        0
    2549     6000    10805     6400        0        0
    2554     6000    10805     6500        0        0
    2559     6000    10805     6500        0        0
    2564     6000    10805     6500        0        0
    2569     6000    10805     6500        0        0
    2574     6000    10805     6500        0        0
    2579     6000    10805     6500        0        0
    2584     6000    10805     6500        0        0
    2589     6000    10805     6500        0        0
    2594     6000    10805     6500        0        0
    2599     6000    10805     6500        0        0
    2604     6000    10805     6500        0        0
    2609     6000    10805     6500        0        0
    2614     6000    10805     6500        0        0
    2619     6000    10805     6500        0        0
    2624     6000    10805     6500        0        0
    2629     6000    10805     6500        0        0
    2634     6000    10805     6500        0        0
    2639     6000    10805     6600        0        0
    2644     6000    10805     6600        0        0
    2649     6000    10805     6600        0        0
    2654     6000    10805     6600        0        0
    2659     6000    10805     6600        0        0
    2664     6000    10805     6600        0        0
    2669     6000    10805     6600        0        0
    2674     6000    10805     6600        0        0
    2679     6000    10805     6600        0        0
    2684     6000    10805     6600        0        0
    2689     6000    10805     6600        0        0
    2694     6000    10805     6600        0        0
    2699     6000    10805     6600        0        0
    2704     6000    10805     6600        0        0
    2709     6000    10805     6600        0        0
    2714     6000    10805     6600        0        0
    2719     6000    10805     6600        0        0
    2724     6000    10805     6600        0        0
    2729     6000    10805     6600        0        0
    2734     6000    10805     6600        0        0
    2739     6000    10805     6600        0        0
    2744     6000    10805     6600        0        0
    2749     6000    10805     6600        0        0
    2754     6000    10805     6600        0        0
    2759     6000    10805     6600        0        0
    2764     6000    10805     6600        0        0
    2769     6000    10805     6600        0        0
    2774     6000    10805     6600        0        0
    2779     6000    10805     6600        0        0
    2784     6000    10805     6600        0        0
    2789     6000    10805     6600        0        0
    2794     6000    10805     6600        0        0
    2799     6000    10805     6600        0        0
    2804     6000    10805     6600        0        0
    2809     6000    10805     6600        0        0
    2814     6000    10805     6600        0        0
    2819     6000    10805     6600        0        0
    2824     6000    10805     6600        0        0
    2829     6000    10805     6600        0        0
    2834     6000    10805     6500        0        0
    2839     6000    10805     6500        0        0
    2844     6000    10805     6500        0        0
    2849     6000    10805     6600        0        0
    2854     6000    10805     6600        0        0
    2859     6000    10805     6700        0        0
    2864     6000    10805     6700        0        0
    2869     6000    10805     6700        0        0
    2874     6000    10805     6700        0        0
    2879     6000    10805     6700        0        0
    2884     6000    10805     6700        0        0
    2889     6000    10805     6600        0        0
    2894     6000    10805     6600        0        0
    2899     6000    10805     6700        0        0
    2904     6000    10805     6700        0        0
    2909     6000    10805     6700        0        0
    2914     6000    10805     6700        0        0
    2919     6000    10805     6700        0        0
    2924     6000    10805     6700        0        0
    2929     6000    10805     6700        0        0
    2934     6000    10805     6700        0        0
    2939     6000    10805     6700        0        0
    2944     6000    10805     6700        0        0
    2949     6000    10805     6700        0        0
    2954     6000    10805     6700        0        0
    2959     6000    10805     6700        0        0
    2964     6000    10805     6700        0        0
    2969     6000    10805     6700        0        0
    2974     6000    10805     6700        0        0
    2979     6000    10805     6700        0        0
    2984     6000    10805     6700        0        0
    2989     6000    10805     6700        0        0
    2994     6000    10805     6700        0        0
    2999     6000    10805     6700        0        0
    3004        0        0     6700        0        0
    3009        0        0     6700        0        0
    3014        0        0     6700        0        0
    3019        0        0     6600        0        0
    3024        0        0     6500        0        0
    3029        0        0     6400        0        0
    3034        0        0     6100        0        0
    3039        0        0     5900        0        0
    3044        0        0     5700        0        0
    3049        0        0     5500        0        0
    3054        0        0     5300        0        0
    3059        0        0     5100        0        0
    3064        0        0     4900        0        0
    3069        0        0     4700        0        0
    3074        0        0     4500        0        0
    3079        0        0     4400        0        0
    3084        0        0     4200        0        0
    3089        0        0     4000        0        0
    3094        0        0     3800        0        0
    3099        0        0     3700        0        0
    3104        0        0     3500        0        0
    3109        0        0     3300        0        0
    3114        0        0     3200        0        0
    3119        0        0     3000        0        0
    3124        0        0     2800        0        0
    3129        0        0     2700        0        0
    3134        0        0     2600        0        0
    3139        0        0     2400        0        0
    3144        0        0     2300        0        0
    3149        0        0     2100        0        0
    3154        0        0     2000        0        0
    3159        0        0     1900        0        0
    3164        0        0     1700        0        0
    3169        0        0     1600        0        0
    3174        0        0     1500        0        0
    3179        0        0     1400        0        0
    3184        0        0     1200        0        0
    3189        0        0     1100        0        0
    3194        0        0     1000        0        0
    3199        0        0      800        0        0
    3204        0        0      700        0        0
    3209        0        0      600        0        0
    3214        0        0      500        0        0
    3219        0        0      300        0        0
    3224        0        0      200        0        0
    3229        0        0      100        0        0
    3234        0        0        0        0        0
    3239        0        0        0        0        0
    3244        0        0        0        0        0
    3249        0        0        0        0        0
    3254        0        0        0        0        0
    3259        0        0        0        0        0
    3264        0        0        0        0        0
    3269        0        0        0        0        0
    3274        0        0        0        0        0
    3279        0        0        0        0        0
    3284        0        0        0        0        0
