       0     5000     1000        0        0        0
       5     5000     2000        0        0        0
      10     5000     3000        0        0        0
      15     5000     4000        0        0        0
      20     5000     5000        0        0        0
      25     5000     6000        0        0        0
      30     5000     7000        0        0        0
      35     5000     8000        0        0        0
      40     5000     9000        0        0        0
      45     5000     9004      100        0        0
      50     5000     9004      200        0        0
      55     5000     9004      400        0        0
      60     5000     9004      600        0        0
      65     5000     9004      800        0        0
      70     5000     9004     1000        0        0
      75     5000     9004     1200        0        0
      80     5000     9004     1400        0        0
      85     5000     9004     1500        0        0
      90     5000     9004     1600        0        0
      95     5000     9004     1700        0        0
     100     5000     9004     1800        0        0
     105     5000     9004     1900        0        0
     110     5000     9004     2000        0        0
     115     5000     9004     2100        0        0
     119     5000     9004     2100        0        0
     124     5000     9004     2200        0        0
     129     5000     9004     2300        0        0
     134     5000     9004     2400        0        0
     139     5000     9004     2400        0        0
     144     5000     9004     2500        0        0
     149     5000     9004     2600        0        0
     154     5000     9004     2600        0        0
     159     5000     9004     2700        0        0
     164     5000     9004     2800        0        0
     169     5000     9004     2800        0        0
     174     5000     9004     2900        0        0
     179     5000     9004     2900        0        0
     184     5000     9004     3000        0        0
     189     5000     9004     3000        0        0
     194     5000     9004     3100        0        0
     199     5000     9004     3100        0        0
     204     5000     9004     3200        0        0
     209     5000     9004     3200        0        0
     214     5000     9004     3200        0        0
     219     5000     9004     3300        0        0
     224     5000     9004     3300        0        0
     229     5000     9004     3300        0        0
     234     5000     9004     3300        0        0
     239     5000     9004     3400        0        0
     244     5000     9004     3400        0        0
     249     5000     9004     3500        0        0
     254     5000     9004     3500        0        0
     259     5000     9004     3500        0        0
     264     5000     9004     3600        0        0
     269     5000     9004     3600        0        0
     274     5000     9004     3600        0        0
     279     5000     9004     3600        0        0
     284     5000     9004     3700        0        0
     289     5000     9004     3700        0        0
     294     5000     9004     3700        0        0
     299     5000     9004     3700        0        0
     304     5000     9004     3700        0        0
     309     5000     9004     3700        0        0
     314     5000     9004     3800        0        0
     319     5000     9004     3800        0        0
     324     5000     9004     3800        0        0
     329     5000     9004     3800        0        0
     334     5000     9004     3900        0        0
     339     5000     9004     3900        0        0
     344     5000     9004     3900        0        0
     349     5000     9004     3900        0        0
     354     5000     9004     3900        0        0
     359     5000     9004     3900        0        0
     364     5000     9004     3900        0        0
     369     5000     9004     3900        0        0
     374     5000     9004     4000        0        0
     379     5000     9004     4000        0        0
     384     5000     9004     4000        0        0
     389     5000     9004     4000        0        0
     394     5000     9004     4000        0        0
     399     5000     9004     4000        0        0
     404     5000     9004     4000        0        0
     409     5000     9004     4100        0        0
     414     5000     9004     4100        0        0
     419     5000     9004     4100        0        0
     424     5000     9004     4100        0        0
     429     5000     9004     4100        0        0
     434     5000     9004     4100        0        0
     439     5000     9004     4100        0        0
     444     5000     9004     4100        0        0
     449     5000     9004     4100        0        0
     454     5000     9004     4100        0        0
     459     5000     9004     4200        0        0
     464     5000     9004     4200        0        0
     469     5000     9004     4200        0        0
     475     5000     9004     4200        0        0
     480     5000     9004     4200        0        0
     485     5000     9004     4200        0        0
     490     5000     9004     4200        0        0
     495     5000     9004     4200        0        0
     500     5000     9004     4200        0        0
     505     5000     9004     4200        0        0
     510     5000     9004     4200        0        0
     515     5000     9004     4300        0        0
     520     5000     9004     4300        0        0
     525     5000     9004     4300        0        0
     530     5000     9004     4300        0        0
     535     5000     9004     4300        0        0
     540     5000     9004     4300        0        0
     545     5000     9004     4300        0        0
     550     5000     9004     4300        0        0
     555     5000     9004     4300        0        0
     560     5000     9004     4300        0        0
     565     5000     9004     4300        0        0
     570     5000     9004     4300        0        0
     575     5000     9004     4300        0        0
     580     5000     9004     4400        0        0
     585     5000     9004     4400        0        0
     590     5000     9004     4400        0        0
     595     5000     9004     4400        0        0
     600     5000     9004     4400        0        0
     605     5000     9004     4400        0        0
     610     5000     9004     4400        0        0
     615     5000     9004     4400        0        0
     620     5000     9004     4400        0        0
     625     5000     9004     4400        0        0
     630     5000     9004     4400        0        0
     635     5000     9004     4400        0        0
     640     5000     9004     4400        0        0
     645     5000     9004     4400        0        0
     650     5000     9004     4400        0        0
     655     5000     9004     4400        0        0
     660     5000     9004     4400        0        0
     665     5000     9004     4400        0        0
     670     5000     9004     4400        0        0
     675     5000     9004     4400        0        0
     680     5000     9004     4400        0        0
     685     5000     9004     4400        0        0
     690     5000     9004     4500        0        0
     695     5000     9004     4500        0        0
     700     5000     9004     4500        0        0
     705     5000     9004     4500        0        0
     710     5000     9004     4500        0        0
     715     5000     9004     4500        0        0
     720     5000     9004     4500        0        0
     725     5000     9004     4500        0        0
     730     5000     9004     4500        0        0
     735     5000     9004     4500        0        0
     740     5000     9004     4500        0        0
     745     5000     9004     4500        0        0
     750     5000     9004     4500        0        0
     755     5000     9004     4500        0        0
     760     5000     9004     4500        0        0
     765     5000     9004     4500        0        0
     770     5000     9004     4500        0        0
     775     5000     9004     4500        0        0
     780     5000     9004     4500        0        0
     785     5000     9004     4500        0        0
     790     5000     9004     4500        0        0
     795     5000     9004     4500        0        0
     800     5000     9004     4500        0        0
     805     5000     9004     4500        0        0
     810     5000     9004     4500        0        0
     815     5000     9004     4500        0        0
     820     5000     9004     4500        0        0
     825     5000     9004     4500        0        0
     830     5000     9004     4500        0        0
     835     5000     9004     4500        0        0
     840     5000     9004     4500        0        0
     845     5000     9004     4500        0        0
     850     5000     9004     4500        0        0
     855     5000     9004     4500        0        0
     860     5000     9004     4600        0        0
     865     5000     9004     4600        0        0
     870     5000     9004     4600        0        0
     875     5000     9004     4600        0        0
     880     5000     9004     4600        0        0
     885     5000     9004     4600        0        0
     890     5000     9004     4600        0        0
     895     5000     9004     4600        0        0
     900     5000     9004     4600        0        0
     905     5000     9004     4600        0        0
     910     5000     9004     4600        0        0
     915     5000     9004     4600        0        0
     920     5000     9004     4600        0        0
     925     5000     9004     4600        0        0
     930     5000     9004     4600        0        0
     935     5000     9004     4600        0        0
     940     5000     9004     4600        0        0
     945     5000     9004     4600        0        0
     950     5000     9004     4600        0        0
     955     5000     9004     4600        0        0
     960     5000     9004     4600        0        0
     965     5000     9004     4600        0        0
     970     5000     9004     4600        0        0
     975     5000     9004     4600        0        0
     980     5000     9004     4600        0        0
     985     5000     9004     4600        0        0
     990     5000     9004     4700        0        0
     995     5000     9004     4700        0        0
    1000     5000     9004     4700        0        0
    1005     5000     9004     4700        0        0
    1010     5000     9004     4600        0        0
    1015     5000     9004     4600        0        0
    1020     5000     9004     4600        0        0
    1025     5000     9004     4600        0        0
    1030     5000     9004     4700        0        0
    1035     5000     9004     4700        0        0
    1040     5000     9004     4700        0        0
    1045     5000     9004     4700        0        0
    1050     5000     9004     4700        0        0
    1055     5000     9004     4700        0        0
    1060     5000     9004     4700        0        0
    1065     5000     9004     4700        0        0
    1070     5000     9004     4700        0        0
    1075     5000     9004     4700        0        0
    1080     5000     9004     4700        0        0
    1085     5000     9004     4700        0        0
    1090     5000     9004     4700        0        0
    1095     5000     9004     4700        0        0
    1100     5000     9004     4700        0        0
    1105     5000     9004     4700        0        0
    1110     5000     9004     4700        0        0
    1115     5000     9004     4700        0        0
    1120     5000     9004     4700        0        0
    1125     5000     9004     4700        0        0
    1130     5000     9004     4700        0        0
    1135     5000     9004     4700        0        0
    1140     5000     9004     4700        0        0
    1145     5000     9004     4800        0        0
    1150     5000     9004     4800        0        0
    1155     5000     9004     4800        0        0
    1160     5000     9004     4800        0        0
    1165     5000     9004     4800        0        0
    1170     5000     9004     4800        0        0
    1175     5000     9004     4800        0        0
    1180     5000     9004     4800        0        0
    1185     5000     9004     4800        0        0
    1190     5000     9004     4800        0        0
    1195     5000     9004     4800        0        0
    1200     5000     9004     4800        0        0
    1205     5000     9004     4800        0        0
    1210     5000     9004     4800        0        0
    1215     5000     9004     4800        0        0
    1220     5000     9004     4800        0        0
    1225     5000     9004     4800        0        0
    1230     5000     9004     4800        0        0
    1235     5000     9004     4800        0        0
    1240     5000     9004     4800        0        0
    1245     5000     9004     4800        0        0
    1250     5000     9004     4800        0        0
    1255     5000     9004     4900        0        0
    1260     5000     9004     4900        0        0
    1265     5000     9004     4900        0        0
    1270     5000     9004     4900        0        0
    1275     5000     9004     4900        0        0
    1280     5000     9004     4900        0        0
    1285     5000     9004     4900        0        0
    1290     5000     9004     4900        0        0
    1295     5000     9004     4900        0        0
    1300     5000     9004     4900        0        0
    1305     5000     9004     4900        0        0
    1310     5000     9004     4900        0        0
    1315     5000     9004     4900        0        0
    1320     5000     9004     4900        0        0
    1325     5000     9004     4900        0        0
    1330     5000     9004     4900        0        0
    1335     5000     9004     4900        0        0
    1340     5000     9004     4900        0        0
    1345     5000     9004     4900        0        0
    1350     5000     9004     4900        0        0
    1355     5000     9004     4900        0        0
    1360     5000     9004     4900        0        0
    1365     5000     9004     4900        0        0
    1370     5000     9004     4900        0        0
    1375     5000     9004     4900        0        0
    1380     5000     9004     4900        0        0
    1385     5000     9004     4900        0        0
    1390     5000     9004     4900        0        0
    1395     5000     9004     4900        0        0
    1400     5000     9004     4900        0        0
    1405     5000     9004     4900        0        0
    1410     5000     9004     4900        0        0
    1415     5000     9004     5000        0        0
    1420     5000     9004     5000        0        0
