       0     4000     1000        0        0        0
       5     4000     2000        0        0        0
      10     4000     3000        0        0        0
      15     4000     4000        0        0        0
      20     4000     5000        0        0        0
      25     4000     6000        0        0        0
      30     4000     7000        0        0        0
      35     4000     7203        0        0        0
      40     4000     7203        0        0        0
      45     4000     7203        0        0        0
      50     4000     7203      100        0        0
      55     4000     7203      200        0        0
      60     4000     7203      300        0        0
      65     4000     7203      400        0        0
      70     4000     7203      500        0        0
      75     4000     7203      600        0        0
      80     4000     7203      700        0        0
      85     4000     7203      800        0        0
      90     4000     7203      900        0        0
      95     4000     7203     1000        0        0
     100     4000     7203     1000        0        0
     105     4000     7203     1100        0        0
     110     4000     7203     1200        0        0
     115     4000     7203     1200        0        0
     119     4000     7203     1300        0        0
     124     4000     7203     1300        0        0
     129     4000     7203     1400        0        0
     134     4000     7203     1500        0        0
     139     4000     7203     1500        0        0
     144     4000     7203     1600        0        0
     149     4000     7203     1600        0        0
     154     4000     7203     1700        0        0
     159     4000     7203     1700        0        0
     164     4000     7203     1800        0        0
     169     4000     7203     1800        0        0
     174     4000     7203     1900        0        0
     179     4000     7203     1900        0        0
     184     4000     7203     2000        0        0
     189     4000     7203     2000        0        0
     194     4000     7203     2000        0        0
     199     4000     7203     2100        0        0
     204     4000     7203     2100        0        0
     209     4000     7203     2100        0        0
     214     4000     7203     2100        0        0
     219     4000     7203     2200        0        0
     224     4000     7203     2200        0        0
     229     4000     7203     2200        0        0
     234     4000     7203     2200        0        0
     239     4000     7203     2200        0        0
     244     4000     7203     2200        0        0
     249     4000     7203     2300        0        0
     254     4000     7203     2300        0        0
     259     4000     7203     2300        0        0
     264     4000     7203     2300        0        0
     269     4000     7203     2300        0        0
     274     4000     7203     2400        0        0
     279     4000     7203     2400        0        0
     284     4000     7203     2400        0        0
     289     4000     7203     2400        0        0
     294     4000     7203     2500        0        0
     299     4000     7203     2500        0        0
     304     4000     7203     2500        0        0
     309     4000     7203     2500        0        0
     314     4000     7203     2600        0        0
     319     4000     7203     2600        0        0
     324     4000     7203     2600        0        0
     329     4000     7203     2600        0        0
     334     4000     7203     2600        0        0
     339     4000     7203     2600        0        0
     344     4000     7203     2600        0        0
     349     4000     7203     2600        0        0
     354     4000     7203     2600        0        0
     359     4000     7203     2600        0        0
     364     4000     7203     2700        0        0
     369     4000     7203     2700        0        0
     374     4000     7203     2700        0        0
     379     4000     7203     2700        0        0
     384     4000     7203     2700        0        0
     389     4000     7203     2800        0        0
     394     4000     7203     2800        0        0
     399     4000     7203     2800        0        0
     404     4000     7203     2800        0        0
     409     4000     7203     2800        0        0
     414     4000     7203     2800        0        0
     419     4000     7203     2900        0        0
     424     4000     7203     2900        0        0
     429     4000     7203     2900        0        0
     434     4000     7203     2900        0        0
     439     4000     7203     2900        0        0
     444     4000     7203     2900        0        0
     449     4000     7203     2900        0        0
     454     4000     7203     2900        0        0
     459     4000     7203     2900        0        0
     464     4000     7203     2900        0        0
     469     4000     7203     2900        0        0
     475     4000     7203     2900        0        0
     480     4000     7203     3000        0        0
     485     4000     7203     3000        0        0
     490     4000     7203     3000        0        0
     495     4000     7203     3000        0        0
     500     4000     7203     3000        0        0
     505     4000     7203     3000        0        0
     510     4000     7203     3000        0        0
     515     4000     7203     3000        0        0
     520     4000     7203     3000        0        0
     525     4000     7203     3000        0        0
     530     4000     7203     3000        0        0
     535     4000     7203     3000        0        0
     540     4000     7203     3000        0        0
     545     4000     7203     3000        0        0
     550     4000     7203     3000        0        0
     555     4000     7203     3100        0        0
     560     4000     7203     3100        0        0
     565     4000     7203     3100        0        0
     570     4000     7203     3100        0        0
     575     4000     7203     3100        0        0
     580     4000     7203     3100        0        0
     585     4000     7203     3100        0        0
     590     4000     7203     3200        0        0
     595     4000     7203     3200        0        0
     600     4000     7203     3200        0        0
     605     4000     7203     3200        0        0
     610     4000     7203     3200        0        0
     615     4000     7203     3200        0        0
     620     4000     7203     3200        0        0
     625     4000     7203     3200        0        0
     630     4000     7203     3200        0        0
     635     4000     7203     3200        0        0
     640     4000     7203     3200        0        0
     645     4000     7203     3200        0        0
     650     4000     7203     3200        0        0
     655     4000     7203     3200        0        0
     660     4000     7203     3200        0        0
     665     4000     7203     3200        0        0
     670     4000     7203     3200        0        0
     675     4000     7203     3300        0        0
     680     4000     7203     3300        0        0
     685     4000     7203     3300        0        0
     690     4000     7203     3200        0        0
     695     4000     7203     3200        0        0
     700     4000     7203     3200        0        0
     705     4000     7203     3200        0        0
     710     4000     7203     3200        0        0
     715     4000     7203     3300        0        0
     720     4000     7203     3300        0        0
     725     4000     7203     3300        0        0
     730     4000     7203     3300        0        0
     735     4000     7203     3300        0        0
     740     4000     7203     3300        0        0
     745     4000     7203     3300        0        0
     750     4000     7203     3300        0        0
     755     4000     7203     3300        0        0
     760     4000     7203     3300        0        0
     765     4000     7203     3300        0        0
     770     4000     7203     3300        0        0
     775     4000     7203     3300        0        0
     780     4000     7203     3300        0        0
     785     4000     7203     3300        0        0
     790     4000     7203     3300        0        0
     795     4000     7203     3300        0        0
     800     4000     7203     3300        0        0
     805     4000     7203     3300        0        0
     810     4000     7203     3300        0        0
     815     4000     7203     3400        0        0
     820     4000     7203     3400        0        0
     825     4000     7203     3400        0        0
     830     4000     7203     3400        0        0
     835     4000     7203     3400        0        0
     840     4000     7203     3400        0        0
     845     4000     7203     3400        0        0
     850     4000     7203     3400        0        0
     855     4000     7203     3300        0        0
     860     4000     7203     3300        0        0
     865     4000     7203     3300        0        0
     870     4000     7203     3400        0        0
     875     4000     7203     3400        0        0
     880     4000     7203     3400        0        0
     885     4000     7203     3400        0        0
     890     4000     7203     3400        0        0
     895     4000     7203     3400        0        0
     900     4000     7203     3400        0        0
     905     4000     7203     3400        0        0
     910     4000     7203     3400        0        0
     915     4000     7203     3400        0        0
     920     4000     7203     3400        0        0
     925     4000     7203     3400        0        0
     930     4000     7203     3400        0        0
     935     4000     7203     3400        0        0
     940     4000     7203     3400        0        0
     945     4000     7203     3400        0        0
     950     4000     7203     3400        0        0
     955     4000     7203     3400        0        0
     960     4000     7203     3400        0        0
     965     4000     7203     3500        0        0
     970     4000     7203     3500        0        0
     975     4000     7203     3500        0        0
     980     4000     7203     3500        0        0
     985     4000     7203     3500        0        0
     990     4000     7203     3500        0        0
     995     4000     7203     3400        0        0
    1000     5500     8203     3400        0        0
    1005     5500     9203     3400        0        0
    1010     5500     9905     3400        0        0
    1015     5500     9905     3400        0        0
    1020     5500     9905     3500        0        0
    1025     5500     9905     3500        0        0
    1030     5500     9905     3600        0        0
    1035     5500     9905     3600        0        0
    1040     5500     9905     3700        0        0
    1045     5500     9905     3700        0        0
    1050     5500     9905     3800        0        0
    1055     5500     9905     3800        0        0
    1060     5500     9905     3900        0        0
    1065     5500     9905     3900        0        0
    1070     5500     9905     3900        0        0
    1075     5500     9905     4000        0        0
    1080     5500     9905     4000        0        0
    1085     5500     9905     4000        0        0
    1090     5500     9905     4100        0        0
    1095     5500     9905     4100        0        0
    1100     5500     9905     4200        0        0
    1105     5500     9905     4200        0        0
    1110     5500     9905     4200        0        0
    1115     5500     9905     4300        0        0
    1120     5500     9905     4300        0        0
    1125     5500     9905     4300        0        0
    1130     5500     9905     4300        0        0
    1135     5500     9905     4300        0        0
    1140     5500     9905     4300        0        0
    1145     5500     9905     4400        0        0
    1150     5500     9905     4400        0        0
    1155     5500     9905     4400        0        0
    1160     5500     9905     4500        0        0
    1165     5500     9905     4500        0        0
    1170     5500     9905     4500        0        0
    1175     5500     9905     4500        0        0
    1180     5500     9905     4500        0        0
    1185     5500     9905     4500        0        0
    1190     5500     9905     4600        0        0
    1195     5500     9905     4600        0        0
    1200     5500     9905     4600        0        0
    1205     5500     9905     4600        0        0
    1210     5500     9905     4600        0        0
    1215     5500     9905     4600        0        0
    1220     5500     9905     4700        0        0
    1225     5500     9905     4700        0        0
    1230     5500     9905     4700        0        0
    1235     5500     9905     4700        0        0
    1240     5500     9905     4700        0        0
    1245     5500     9905     4700        0        0
    1250     5500     9905     4700        0        0
    1255     5500     9905     4700        0        0
    1260     5500     9905     4800        0        0
    1265     5500     9905     4800        0        0
    1270     5500     9905     4800        0        0
    1275     5500     9905     4800        0        0
    1280     5500     9905     4800        0        0
    1285     5500     9905     4800        0        0
    1290     5500     9905     4900        0        0
    1295     5500     9905     4900        0        0
    1300     5500     9905     4900        0        0
    1305     5500     9905     4900        0        0
    1310     5500     9905     4900        0        0
    1315     5500     9905     4900        0        0
    1320     5500     9905     4900        0        0
    1325     5500     9905     4900        0        0
    1330     5500     9905     4900        0        0
    1335     5500     9905     4900        0        0
    1340     5500     9905     5000        0        0
    1345     5500     9905     5000        0        0
    1350     5500     9905     5000        0        0
    1355     5500     9905     5000        0        0
    1360     5500     9905     5000        0        0
    1365     5500     9905     5000        0        0
    1370     5500     9905     5000        0        0
    1375     5500     9905     5000        0        0
    1380     5500     9905     5000        0        0
    1385     5500     9905     5000        0        0
    1390     5500     9905     5000        0        0
    1395     5500     9905     5000        0        0
    1400     5500     9905     5000        0        0
    1405     5500     9905     5000        0        0
    1410     5500     9905     5000        0        0
    1415     5500     9905     5000        0        0
    1420     5500     9905     5000        0        0
    1425     5500     9905     5100        0        0
    1430     5500     9905     5100        0        0
    1435     5500     9905     5100        0        0
    1440     5500     9905     5100        0        0
    1445     5500     9905     5100        0        0
    1450     5500     9905     5100        0        0
    1455     5500     9905     5100        0        0
    1460     5500     9905     5100        0        0
    1465     5500     9905     5100        0        0
    1470     5500     9905     5100        0        0
    1475     5500     9905     5100        0        0
    1480     5500     9905     5100        0        0
    1485     5500     9905     5100        0        0
    1490     5500     9905     5100        0        0
    1495     5500     9905     5100        0        0
    1500     5500     9905     5100        0        0
    1505     5500     9905     5100        0        0
    1510     5500     9905     5100        0        0
    1515     5500     9905     5100        0        0
    1520     5500     9905     5100        0        0
    1525     5500     9905     5100        0        0
    1530     5500     9905     5100        0        0
    1535     5500     9905     5200        0        0
    1540     5500     9905     5200        0        0
    1545     5500     9905     5200        0        0
    1550     5500     9905     5200        0        0
    1555     5500     9905     5200        0        0
    1560     5500     9905     5200        0        0
    1565     5500     9905     5200        0        0
    1570     5500     9905     5200        0        0
    1575     5500     9905     5200        0        0
    1580     5500     9905     5200        0        0
    1585     5500     9905     5200        0        0
    1590     5500     9905     5200        0        0
    1595     5500     9905     5200        0        0
    1600     5500     9905     5200        0        0
    1605     5500     9905     5200        0        0
    1610     5500     9905     5200        0        0
    1615     5500     9905     5200        0        0
    1620     5500     9905     5200        0        0
    1625     5500     9905     5200        0        0
    1630     5500     9905     5200        0        0
    1635     5500     9905     5200        0        0
    1640     5500     9905     5200        0        0
    1645     5500     9905     5200        0        0
    1650     5500     9905     5200        0        0
    1655     5500     9905     5200        0        0
    1660     5500     9905     5200        0        0
    1665     5500     9905     5200        0        0
    1670     5500     9905     5200        0        0
    1675     5500     9905     5200        0        0
    1680     5500     9905     5200        0        0
    1685     5500     9905     5200        0        0
    1690     5500     9905     5200        0        0
    1695     5500     9905     5200        0        0
    1700     5500     9905     5200        0        0
    1705     5500     9905     5200        0        0
    1710     5500     9905     5200        0        0
    1715     5500     9905     5200        0        0
    1720     5500     9905     5200        0        0
    1725     5500     9905     5200        0        0
    1730     5500     9905     5300        0        0
    1735     5500     9905     5300        0        0
    1740     5500     9905     5300        0        0
    1745     5500     9905     5300        0        0
    1750     5500     9905     5300        0        0
    1755     5500     9905     5300        0        0
    1760     5500     9905     5300        0        0
    1765     5500     9905     5300        0        0
    1770     5500     9905     5300        0        0
    1775     5500     9905     5300        0        0
    1780     5500     9905     5300        0        0
    1785     5500     9905     5300        0        0
    1790     5500     9905     5300        0        0
    1795     5500     9905     5300        0        0
    1800     5500     9905     5300        0        0
    1805     5500     9905     5300        0        0
    1810     5500     9905     5300        0        0
    1815     5500     9905     5300        0        0
    1820     5500     9905     5300        0        0
    1825     5500     9905     5300        0        0
    1830     5500     9905     5300        0        0
    1835     5500     9905     5400        0        0
    1840     5500     9905     5400        0        0
    1845     5500     9905     5400        0        0
    1850     5500     9905     5400        0        0
    1855     5500     9905     5400        0        0
    1860     5500     9905     5400        0        0
    1865     5500     9905     5400        0        0
    1870     5500     9905     5400        0        0
    1875     5500     9905     5400        0        0
    1879     5500     9905     5400        0        0
    1884     5500     9905     5400        0        0
    1889     5500     9905     5400        0        0
    1894     5500     9905     5400        0        0
    1899     5500     9905     5400        0        0
    1904     5500     9905     5400        0        0
    1909     5500     9905     5400        0        0
    1914     5500     9905     5400        0        0
    1919     5500     9905     5400        0        0
    1924     5500     9905     5400        0        0
    1929     5500     9905     5400        0        0
    1934     5500     9905     5400        0        0
    1939     5500     9905     5400        0        0
    1944     5500     9905     5400        0        0
    1949     5500     9905     5400        0        0
    1954     5500     9905     5400        0        0
    1959     5500     9905     5400        0        0
    1964     5500     9905     5400        0        0
    1969     5500     9905     5400        0        0
    1974     5500     9905     5400        0        0
    1979     5500     9905     5400        0        0
    1984     5500     9905     5400        0        0
    1989     5500     9905     5400        0        0
    1994     5500     9905     5400        0        0
    1999     5500     9905     5400        0        0
    2004     7000    10905     5400        0        0
    2009     7000    11905     5400        0        0
    2014     7000    12606     5400        0        0
    2019     7000    12606     5400        0        0
    2024     7000    12606     5500        0        0
    2029     7000    12606     5500        0        0
    2034     7000    12606     5500        0        0
    2039     7000    12606     5600        0        0
    2044     7000    12606     5600        0        0
    2049     7000    12606     5600        0        0
    2054     7000    12606     5700        0        0
    2059     7000    12606     5700        0        0
    2064     7000    12606     5800        0        0
    2069     7000    12606     5800        0        0
    2074     7000    12606     5800        0        0
    2079     7000    12606     5900        0        0
    2084     7000    12606     5900        0        0
    2089     7000    12606     5900        0        0
    2094     7000    12606     5900        0        0
    2099     7000    12606     6000        0        0
    2104     7000    12606     6000        0        0
    2109     7000    12606     6000        0        0
    2114     7000    12606     6100        0        0
    2119     7000    12606     6100        0        0
    2124     7000    12606     6100        0        0
    2129     7000    12606     6100        0        0
    2134     7000    12606     6100        0        0
    2139     7000    12606     6200        0        0
    2144     7000    12606     6200        0        0
    2149     7000    12606     6200        0        0
    2154     7000    12606     6200        0        0
    2159     7000    12606     6300        0        0
    2164     7000    12606     6300        0        0
    2169     7000    12606     6300        0        0
    2174     7000    12606     6300        0        0
    2179     7000    12606     6300        0        0
    2184     7000    12606     6300        0        0
    2189     7000    12606     6300        0        0
    2194     7000    12606     6400        0        0
    2199     7000    12606     6400        0        0
    2204     7000    12606     6400        0        0
    2209     7000    12606     6400        0        0
    2214     7000    12606     6400        0        0
    2219     7000    12606     6400        0        0
    2224     7000    12606     6400        0        0
    2229     7000    12606     6400        0        0
    2234     7000    12606     6400        0        0
    2239     7000    12606     6500        0        0
    2244     7000    12606     6500        0        0
    2249     7000    12606     6500        0        0
    2254     7000    12606     6500        0        0
    2259     7000    12606     6500        0        0
    2264     7000    12606     6500        0        0
    2269     7000    12606     6500        0        0
    2274     7000    12606     6500        0        0
    2279     7000    12606     6600        0        0
    2284     7000    12606     6600        0        0
    2289     7000    12606     6600        0        0
    2294     7000    12606     6600        0        0
    2299     7000    12606     6600        0        0
    2304     7000    12606     6600        0        0
    2309     7000    12606     6600        0        0
    2314     7000    12606     6600        0        0
    2319     7000    12606     6600        0        0
    2324     7000    12606     6600        0        0
    2329     7000    12606     6600        0        0
    2334     7000    12606     6700        0        0
    2339     7000    12606     6700        0        0
    2344     7000    12606     6700        0        0
    2349     7000    12606     6700        0        0
    2354     7000    12606     6700        0        0
    2359     7000    12606     6700        0        0
    2364     7000    12606     6700        0        0
    2369     7000    12606     6700        0        0
    2374     7000    12606     6700        0        0
    2379     7000    12606     6700        0        0
    2384     7000    12606     6700        0        0
    2389     7000    12606     6700        0        0
    2394     7000    12606     6700        0        0
    2399     7000    12606     6700        0        0
    2404     7000    12606     6700        0        0
    2409     7000    12606     6700        0        0
    2414     7000    12606     6700        0        0
    2419     7000    12606     6700        0        0
    2424     7000    12606     6700        0        0
    2429     7000    12606     6700        0        0
    2434     7000    12606     6700        0        0
    2439     7000    12606     6800        0        0
    2444     7000    12606     6800        0        0
    2449     7000    12606     6800        0        0
    2454     7000    12606     6800        0        0
    2459     7000    12606     6800        0        0
    2464     7000    12606     6800        0        0
    2469     7000    12606     6800        0        0
    2474     7000    12606     6800        0        0
    2479     7000    12606     6800        0        0
    2484     7000    12606     6800        0        0
    2489     7000    12606     6800        0        0
    2494     7000    12606     6800        0        0
    2499     7000    12606     6800        0        0
    2504     7000    12606     6800        0        0
    2509     7000    12606     6800        0        0
    2514     7000    12606     6800        0        0
    2519     7000    12606     6800        0        0
    2524     7000    12606     6800        0        0
    2529     7000    12606     6800        0        0
    2534     7000    12606     6800        0        0
    2539     7000    12606     6800        0        0
    2544     7000    12606     6800        0        0
    2549     7000    12606     6800        0        0
    2554     7000    12606     6800        0        0
    2559     7000    12606     6800        0        0
    2564     7000    12606     6800        0        0
    2569     7000    12606     6800        0        0
    2574     7000    12606     6800        0        0
    2579     7000    12606     6800        0        0
    2584     7000    12606     6900        0        0
    2589     7000    12606     6900        0        0
    2594     7000    12606     6900        0        0
    2599     7000    12606     6900        0        0
    2604     7000    12606     6900        0        0
    2609     7000    12606     6900        0        0
    2614     7000    12606     6900        0        0
    2619     7000    12606     6900        0        0
    2624     7000    12606     6900        0        0
    2629     7000    12606     6900        0        0
    2634     7000    12606     6900        0        0
    2639     7000    12606     6900        0        0
    2644     7000    12606     6900        0        0
    2649     7000    12606     6900        0        0
    2654     7000    12606     6900        0        0
    2659     7000    12606     6900        0        0
    2664     7000    12606     6900        0        0
    2669     7000    12606     6900        0        0
    2674     7000    12606     6900        0        0
    2679     7000    12606     6900        0        0
    2684     7000    12606     6900        0        0
    2689     7000    12606     6900        0        0
    2694     7000    12606     7000        0        0
    2699     7000    12606     7000        0        0
    2704     7000    12606     7000        0        0
    2709     7000    12606     7000        0        0
    2714     7000    12606     7000        0        0
    2719     7000    12606     7000        0        0
    2724     7000    12606     7000        0        0
    2729     7000    12606     7000        0        0
    2734     7000    12606     7000        0        0
    2739     7000    12606     7000        0        0
    2744     7000    12606     7000        0        0
    2749     7000    12606     7000        0        0
    2754     7000    12606     7000        0        0
    2759     7000    12606     7000        0        0
    2764     7000    12606     7000        0        0
    2769     7000    12606     7000        0        0
    2774     7000    12606     7000        0        0
    2779     7000    12606     7000        0        0
    2784     7000    12606     7000        0        0
    2789     7000    12606     7000        0        0
    2794     7000    12606     7000        0        0
    2799     7000    12606     7000        0        0
    2804     7000    12606     7000        0        0
    2809     7000    12606     7000        0        0
    2814     7000    12606     7000        0        0
    2819     7000    12606     7000        0        0
    2824     7000    12606     7000        0        0
    2829     7000    12606     7000        0        0
    2834     7000    12606     7000        0        0
    2839     7000    12606     7100        0        0
    2844     7000    12606     7100        0        0
    2849     7000    12606     7100        0        0
    2854     7000    12606     7100        0        0
    2859     7000    12606     7100        0        0
    2864     7000    12606     7100        0        0
    2869     7000    12606     7100        0        0
    2874     7000    12606     7100        0        0
    2879     7000    12606     7100        0        0
    2884     7000    12606     7100        0        0
    2889     7000    12606     7100        0        0
    2894     7000    12606     7100        0        0
    2899     7000    12606     7100        0        0
    2904     7000    12606     7100        0        0
    2909     7000    12606     7100        0        0
    2914     7000    12606     7100        0        0
    2919     7000    12606     7100        0        0
    2924     7000    12606     7100        0        0
    2929     7000    12606     7100        0        0
    2934     7000    12606     7100        0        0
    2939     7000    12606     7100        0        0
    2944     7000    12606     7100        0        0
    2949     7000    12606     7100        0        0
    2954     7000    12606     7100        0        0
    2959     7000    12606     7100        0        0
    2964     7000    12606     7200        0        0
    2969     7000    12606     7100        0        0
    2974     7000    12606     7100        0        0
    2979     7000    12606     7100        0        0
    2984     7000    12606     7100        0        0
    2989     7000    12606     7100        0        0
    2994     7000    12606     7100        0        0
    2999     7000    12606     7100        0        0
    3004        0        0     7100        0        0
    3009        0        0     7100        0        0
    3014        0        0     7100        0        0
    3019        0        0     7100        0        0
    3024        0        0     7000        0        0
    3029        0        0     6800        0        0
    3034        0        0     6500        0        0
    3039        0        0     6300        0        0
    3044        0        0     6000        0        0
    3049        0        0     5800        0        0
    3054        0        0     5600        0        0
    3059        0        0     5300        0        0
    3064        0        0     5100        0        0
    3069        0        0     4900        0        0
    3074        0        0     4700        0        0
    3079        0        0     4500        0        0
    3084        0        0     4400        0        0
    3089        0        0     4200        0        0
    3094        0        0     4000        0        0
    3099        0        0     3800        0        0
    3104        0        0     3600        0        0
    3109        0        0     3400        0        0
    3114        0        0     3200        0        0
    3119        0        0     3100        0        0
    3124        0        0     2900        0        0
    3129        0        0     2700        0        0
    3134        0        0     2600        0        0
    3139        0        0     2400        0        0
    3144        0        0     2300        0        0
    3149        0        0     2100        0        0
    3154        0        0     2000        0        0
    3159        0        0     1800        0        0
    3164        0        0     1700        0        0
    3169        0        0     1600        0        0
    3174        0        0     1400        0        0
    3179        0        0     1300        0        0
    3184        0        0     1200        0        0
    3189        0        0     1000        0        0
    3194        0        0      900        0        0
    3199        0        0      700        0        0
    3204        0        0      600        0        0
    3209        0        0      500        0        0
    3214        0        0      300        0        0
    3219        0        0      100        0        0
    3224        0        0        0        0        0
    3229        0        0        0        0        0
    3234        0        0        0        0        0
    3239        0        0        0        0        0
    3244        0        0        0        0        0
    3249        0        0        0        0        0
    3254        0        0        0        0        0
    3259        0        0        0        0        0
