       0        0        0
       5        0        0
      10        0        0
      15        0        0
      20        0        0
      25        0        0
      30        0        0
      35        0        0
      40        0        0
      45        0        0
      50        0        0
      55        0        0
      60        0        0
      65        0        0
      70        0        0
      75        0        0
      80        0        0
      85        0        0
      90        0        0
      95        0        0
     100        0        0
     105      100        0
     110      100        0
     115      100        0
     119      200        0
     124      200        0
     129      300        0
     134      300        0
     139      400        0
     144      400        0
     149      400        0
     154      400        0
     159      500        0
     164      500        0
     169      500        0
     174      600        0
     179      600        0
     184      700        0
     189      700        0
     194      800        0
     199      900        0
     204     1000        0
     209     1200        0
     214     1300        0
     219     1500        0
     224     1700        0
     229     1800        0
     234     2000        0
     239     2100        0
     244     2200        0
     249     2300        0
     254     2300        0
     259     2300        0
     264     2400        0
     269     2400        0
     274     2500        0
     279     2700        0
     284     2800        0
     289     2900        0
     294     3100        0
     299     3300      100
     304     3400      200
     309     3600      300
     314     3700      500
     319     3700      600
     324     3800      700
     329     3900      900
     334     4000     1000
     339     4100     1100
     344     4200     1200
     349     4200     1300
     354     4300     1500
     359     4300     1600
     364     4300     1600
     369     4300     1700
     374     4300     1800
     379     4300     1900
     384     4300     2000
     389     4300     2000
     394     4300     2100
     399     4200     2100
     404     4300     2200
     409     4300     2300
     414     4300     2300
     419     4300     2400
     424     4300     2400
     429     4300     2500
     434     4300     2600
     439     4300     2700
     444     4200     2700
     449     4200     2800
     454     4200     2800
     459     4200     2800
     464     4200     2900
     469     4200     3000
     475     4200     3000
     480     4200     3000
     485     4200     3100
     490     4200     3100
     495     4200     3100
     500     4200     3100
     505     4200     3100
     510     4200     3200
     515     4200     3200
     520     4200     3300
     525     4200     3300
     530     4200     3300
     535     4200     3400
     540     4200     3400
     545     4200     3400
     550     4200     3400
     555     4200     3500
     560     4200     3500
     565     4200     3500
     570     4200     3500
     575     4200     3500
     580     4200     3500
     585     4200     3500
     590     4200     3600
     595     4200     3600
     600     4200     3600
     605     4200     3700
     610     4200     3700
     615     4200     3700
     620     4300     3700
     625     4300     3700
     630     4300     3700
     635     4300     3700
     640     4200     3700
     645     4200     3800
     650     4200     3800
     655     4200     3800
     660     4200     3800
     665     4200     3800
     670     4200     3800
     675     4200     3800
     680     4200     3900
     685     4200     3900
     690     4200     3900
     695     4200     3900
     700     4200     3900
     705     4200     3900
     710     4200     3900
     715     4200     3900
     720     4200     3900
     725     4200     3900
     730     4200     3900
     735     4200     4000
     740     4200     4000
     745     4200     4000
     750     4300     4000
     755     4300     4000
     760     4300     4100
     765     4200     4000
     770     4200     4100
     775     4200     4000
     780     4200     4100
     785     4200     4000
     790     4200     4100
     795     4200     4100
     800     4200     4100
     805     4200     4100
     810     4200     4100
     815     4300     4100
     820     4300     4100
     825     4300     4200
     830     4300     4100
     835     4200     4200
     840     4200     4200
     845     4200     4100
     850     4200     4200
     855     4200     4200
     860     4200     4200
     865     4200     4200
     870     4200     4200
     875     4200     4200
     880     4200     4200
     885     4200     4200
     890     4200     4200
     895     4200     4200
     900     4200     4200
     905     4200     4200
     910     4200     4200
     915     4200     4200
     920     4200     4200
     925     4200     4200
     930     4200     4300
     935     4200     4200
     940     4200     4200
     945     4300     4300
     950     4300     4300
     955     4300     4200
     960     4300     4300
     965     4200     4300
     970     4200     4200
     975     4200     4300
     980     4200     4300
     985     4200     4300
     990     4200     4300
     995     4200     4300
    1000     4200     4300
    1005     4300     4300
    1010     4300     4300
    1015     4300     4300
    1020     4300     4300
    1025     4300     4300
    1030     4400     4300
    1035     4500     4300
    1040     4800     4300
    1045     5000     4300
    1050     5300     4400
    1055     5500     4400
    1060     5700     4500
    1065     6000     4500
    1070     6200     4600
    1075     6400     4600
    1080     6500     4700
    1085     6600     4700
    1090     6700     4800
    1095     6700     4900
    1100     6800     4900
    1105     6800     5000
    1110     6800     5100
    1115     6800     5200
    1120     6800     5200
    1125     6800     5300
    1130     6800     5300
    1135     6800     5400
    1140     6800     5400
    1145     6800     5500
    1150     6800     5500
    1155     6800     5600
    1160     6700     5600
    1165     6700     5700
    1170     6700     5700
    1175     6700     5800
    1180     6700     5800
    1185     6700     5800
    1190     6700     5900
    1195     6700     5900
    1200     6700     6000
    1205     6700     6000
    1210     6800     6000
    1215     6800     6100
    1220     6700     6100
    1225     6700     6100
    1230     6700     6100
    1235     6700     6200
    1240     6700     6200
    1245     6700     6200
    1250     6700     6300
    1255     6700     6300
    1260     6700     6300
    1265     6700     6300
    1270     6800     6300
    1275     6800     6400
    1280     6700     6400
    1285     6700     6400
    1290     6700     6400
    1295     6700     6400
    1300     6700     6400
    1305     6700     6400
    1310     6700     6400
    1315     6700     6500
    1320     6700     6500
    1325     6700     6500
    1330     6700     6500
    1335     6700     6500
    1340     6700     6500
    1345     6700     6500
    1350     6700     6500
    1355     6700     6500
    1360     6700     6600
    1365     6700     6600
    1370     6700     6600
    1375     6600     6600
    1380     6700     6600
    1385     6700     6600
    1390     6700     6600
    1395     6700     6600
    1400     6700     6600
    1405     6700     6600
    1410     6700     6700
    1415     6700     6700
    1420     6700     6700
    1425     6700     6700
    1430     6700     6700
    1435     6600     6700
    1440     6700     6700
    1445     6700     6700
    1450     6700     6700
    1455     6700     6700
    1460     6700     6700
    1465     6700     6700
    1470     6700     6700
    1475     6700     6700
    1480     6700     6700
    1485     6600     6700
    1490     6600     6700
    1495     6500     6700
    1500     6500     6700
    1505     6400     6700
    1510     6400     6700
    1515     6400     6700
    1520     6400     6700
    1525     6400     6700
    1530     6300     6700
    1535     6300     6700
    1540     6300     6700
    1545     6200     6700
    1550     6100     6700
    1555     5800     6700
    1560     5400     6700
    1565     5100     6700
    1570     4800     6700
    1575     4800     6600
    1580     4700     6600
    1585     4800     6400
    1590     4800     6400
    1595     4700     6400
    1600     4700     6400
    1605     4600     6300
    1610     4500     6300
    1615     4500     6200
    1620     4500     6100
    1625     4500     6100
    1630     4500     6100
    1635     4500     6100
    1640     4500     6000
    1645     4500     5900
    1650     4500     5900
    1655     4500     5900
    1660     4500     5800
    1665     4500     5800
    1670     4500     5800
    1675     4500     5800
    1680     4400     5700
    1685     4400     5700
    1690     4300     5700
    1695     4300     5700
    1700     4200     5700
    1705     4000     5600
    1710     3700     5600
    1715     3300     5500
    1720     3000     5500
    1725     2900     5400
    1730     2800     5300
    1735     2800     5300
    1740     2900     5100
    1745     2900     5100
    1750     2900     5000
    1755     2800     4900
    1760     2800     4800
    1765     2800     4800
    1770     2800     4600
    1775     2800     4600
    1780     2800     4600
    1785     2900     4500
    1790     2900     4400
    1795     2900     4400
    1800     2900     4300
    1805     2900     4300
    1810     2900     4300
    1815     2900     4200
    1820     2900     4100
    1825     2800     4100
    1830     2800     4100
    1835     2800     4000
    1840     2800     4000
    1845     2800     4000
    1850     2900     4000
    1855     2900     3900
    1860     2900     3900
    1865     2900     3900
    1870     2900     3800
    1875     3000     3800
    1879     3000     3800
    1884     3000     3700
    1889     3000     3700
    1894     3000     3700
    1899     3000     3700
    1904     3000     3700
    1909     3000     3700
    1914     3100     3700
    1919     3100     3700
    1924     3100     3700
    1929     3100     3700
    1934     3100     3600
    1939     3100     3600
    1944     3000     3600
    1949     3000     3600
    1954     3000     3500
    1959     3000     3500
    1964     3100     3500
    1969     3100     3500
    1974     3100     3500
    1979     3100     3500
    1984     3100     3500
    1989     3100     3500
    1994     3100     3500
    1999     3100     3500
    2004     3100     3500
    2009     3100     3500
    2014     3100     3400
    2019     3000     3400
    2024     3100     3400
    2029     3100     3400
    2034     3100     3400
    2039     3100     3400
    2044     3100     3400
    2049     3100     3400
    2054     3100     3400
    2059     3100     3400
    2064     3100     3400
    2069     3100     3400
    2074     3100     3400
    2079     3100     3400
    2084     3000     3400
    2089     3100     3300
    2094     3100     3300
    2099     3100     3300
    2104     3100     3300
    2109     3100     3200
    2114     3100     3300
    2119     3100     3200
    2124     3100     3200
    2129     3100     3200
    2134     3100     3300
    2139     3100     3300
    2144     3100     3200
    2149     3100     3300
    2154     3100     3300
    2159     3100     3300
    2164     3100     3200
    2169     3100     3300
    2174     3100     3200
    2179     3100     3200
    2184     3100     3200
    2189     3100     3200
    2194     3100     3200
    2199     3100     3200
    2204     3100     3200
    2209     3100     3200
    2214     3100     3200
    2219     3100     3200
    2224     3100     3200
    2229     3100     3200
    2234     3100     3200
    2239     3100     3200
    2244     3100     3200
    2249     3100     3200
    2254     3100     3200
    2259     3100     3200
    2264     3100     3200
    2269     3100     3200
    2274     3100     3200
    2279     3100     3200
    2284     3100     3200
    2289     3100     3200
    2294     3100     3200
    2299     3100     3200
    2304     3100     3200
    2309     3100     3200
    2314     3100     3200
    2319     3100     3200
    2324     3100     3200
    2329     3100     3200
    2334     3100     3200
    2339     3100     3200
    2344     3100     3200
    2349     3100     3200
    2354     3100     3100
    2359     3100     3100
    2364     3100     3200
    2369     3100     3200
    2374     3100     3200
    2379     3100     3200
    2384     3100     3200
    2389     3100     3200
    2394     3100     3200
    2399     3100     3200
    2404     3100     3200
    2409     3100     3200
    2414     3100     3200
    2419     3100     3100
    2424     3100     3100
    2429     3100     3100
    2434     3100     3100
    2439     3100     3100
    2444     3100     3100
    2449     3100     3100
    2454     3100     3100
    2459     3100     3200
    2464     3100     3200
    2469     3100     3200
    2474     3100     3200
    2479     3100     3200
    2484     3100     3200
    2489     3100     3200
    2494     3100     3100
    2499     3100     3100
    2504     3100     3100
    2509     3100     3100
    2514     3100     3100
    2519     3100     3100
    2524     3100     3100
    2529     3100     3100
    2534     3100     3100
    2539     3100     3100
    2544     3100     3100
    2549     3100     3200
    2554     3100     3100
    2559     3100     3100
    2564     3100     3200
    2569     3100     3200
    2574     3100     3100
    2579     3100     3100
    2584     3000     3100
    2589     2800     3100
    2594     2600     3100
    2599     2400     3100
    2604     2200     3100
    2609     2100     3100
    2614     2000     3000
    2619     2000     3000
    2624     2000     2900
    2629     1900     2900
    2634     1900     2800
    2639     1800     2800
    2644     1700     2700
    2649     1500     2700
    2654     1400     2600
    2659     1300     2500
    2664     1200     2400
    2669     1100     2300
    2674      900     2200
    2679      600     2100
    2684      300     2000
    2689        0     1900
    2694        0     1700
    2699        0     1600
    2704        0     1500
    2709        0     1300
    2714        0     1200
    2719        0     1100
    2724        0     1000
    2729        0      800
    2734        0      700
    2739        0      600
    2744        0      500
    2749        0      400
    2754        0      300
    2759        0      100
    2764        0        0
    2769        0        0
    2774        0        0
    2779        0        0
    2784        0        0
    2789        0        0
    2794        0        0
    2799        0        0
    2804        0        0
    2809        0        0
    2814        0        0
    2819        0        0
    2824        0        0
    2829        0        0
    2834        0        0
    2839        0        0
    2844        0        0
    2849        0        0
    2854        0        0
    2859        0        0
    2864        0        0
    2869        0        0
    2874        0        0
    2879        0        0
    2884        0        0
    2889        0        0
    2894        0        0
    2899        0        0
    2904        0        0
    2909        0        0
    2914        0        0
    2919        0        0
    2924        0        0
    2929        0        0
    2934        0        0
    2939        0        0
    2944        0        0
    2949        0        0
    2954        0        0
    2959        0        0
    2964        0        0
    2969        0        0
    2974        0        0
    2979        0        0
    2984        0        0
    2989        0        0
    2994        0        0
    2999        0        0
    3004        0        0
    3009        0        0
    3014        0        0
    3019        0        0
    3024        0        0
    3029        0        0
    3034        0        0
    3039        0        0
    3044        0        0
    3049        0        0
    3054        0        0
    3059        0        0
    3064        0        0
    3069        0        0
