       0        0        0
       5        0        0
      10        0        0
      15        0        0
      20        0        0
      25        0        0
      30        0        0
      35        0        0
      40        0        0
      45        0        0
      50        0        0
      55        0        0
      60        0        0
      65        0        0
      70        0        0
      75        0        0
      80        0        0
      85        0        0
      90        0        0
      95        0        0
     100        0        0
     105        0        0
     110        0        0
     115        0        0
     119        0        0
     124        0        0
     129        0        0
     134        0        0
     139        0        0
     144        0        0
     149        0        0
     154        0        0
     159        0        0
     164        0        0
     169        0        0
     174        0        0
     179        0        0
     184        0        0
     189        0        0
     194        0        0
     199        0        0
     204        0        0
     209        0        0
     214        0        0
     219        0        0
     224        0        0
     229        0        0
     234        0        0
     239        0        0
     244        0        0
     249        0        0
     254        0        0
     259        0        0
     264        0        0
     269        0        0
     274        0        0
     279        0        0
     284        0        0
     289        0        0
     294        0        0
     299        0        0
     304        0        0
     309        0        0
     314        0        0
     319        0        0
     324        0        0
     329        0        0
     334        0        0
     339        0        0
     344        0        0
     349        0        0
     354        0        0
     359        0        0
     364        0        0
     369        0        0
     374        0        0
     379        0        0
     384        0        0
     389        0        0
     394        0        0
     399        0        0
     404        0        0
     409        0        0
     414        0        0
     419        0        0
     424       84        0
     429      251        0
     434      420        0
     439      503        0
     444      672      400
     449      672      600
     454      756      600
     459      756      600
     464      756      600
     469      840      700
     475      840      700
     480      840      700
     485      840      700
     490      840      700
     495      840      700
     500      840      700
     505      840      700
     510      756      700
     515      756      700
     520      756      700
     525      756      700
     530      756      600
     535      756      600
     540      756      600
     545      756      600
     550      756      700
     555      756      700
     560      756      700
     565      756      700
     570      756      700
     575      756      700
     580      756      700
     585      756      700
     590      672      700
     595      672      700
     600      672      700
     605      756      700
     610      756      600
     615      756      600
     620      756      600
     625      756      700
     630      756      700
     635      756      700
     640      756      700
     645      756      700
     650      756      700
     655      672      600
     660      672      700
     665      672      600
     670      756      700
     675      756      600
     680      756      600
     685      756      700
     690      756      700
     695      756      700
     700      756      700
     705      756      700
     710      756      700
     715      756      700
     720      672      700
     725      672      700
     730      672      600
     735      756      600
     740      756      600
     745      756      600
     750      756      700
     755      756      700
     760      756      700
     765      756      700
     770      756      700
     775      756      700
     780      756      700
     785      756      700
     790      756      600
     795      756      600
     800      756      600
     805      756      600
     810      756      600
     815      756      600
     820      756      600
     825      756      600
     830      756      700
     835      756      700
     840      756      700
     845      756      600
     850      756      600
     855      756      600
     860      756      600
     865      756      600
     870      756      600
     875      756      600
     880      756      600
     885      756      700
     890      756      700
     895      840      700
     900      840      700
     905      840      700
     910      840      700
     915      840      800
     920      840      800
     925      924      800
     930     1007      800
     935     1092      900
     940     1260     1000
     945     1344     1100
     950     1428     1200
     955     1512     1400
     960     1512     1400
     965     1512     1500
     970     1512     1500
     975     1512     1500
     980     1512     1500
     985     1512     1500
     990     1512     1500
     995     1512     1500
    1000     1512     1500
    1005     1512     1500
    1010     1512     1500
    1015     1512     1500
    1020     1512     1500
    1025     1428     1500
    1030     1428     1500
    1035     1428     1500
    1040     1428     1500
    1045     1428     1400
    1050     1428     1400
    1055     1428     1400
    1060     1428     1400
    1065     1428     1400
    1070     1428     1400
    1075     1512     1400
    1080     1512     1400
    1085     1512     1400
    1090     1512     1400
    1095     1428     1500
    1100     1428     1400
    1105     1428     1500
    1110     1428     1500
    1115     1428     1500
    1120     1428     1400
    1125     1428     1400
    1130     1428     1400
    1135     1512     1500
    1140     1512     1500
    1145     1512     1500
    1150     1512     1500
    1155     1512     1500
    1160     1428     1500
    1165     1428     1500
    1170     1428     1500
    1175     1428     1500
    1180     1428     1500
    1185     1428     1400
    1190     1428     1400
    1195     1428     1400
    1200     1512     1500
    1205     1512     1500
    1210     1512     1500
    1215     1512     1500
    1220     1512     1500
    1225     1428     1500
    1230     1428     1500
    1235     1428     1400
    1240     1428     1400
    1245     1428     1400
    1250     1428     1400
    1255     1428     1400
    1260     1428     1400
    1265     1428     1400
    1270     1428     1400
    1275     1512     1400
    1280     1512     1500
    1285     1512     1500
    1290     1512     1500
    1295     1512     1500
    1300     1512     1500
    1305     1512     1500
    1310     1512     1500
    1315     1512     1500
    1320     1512     1500
    1325     1596     1500
    1330     1680     1500
    1335     1680     1600
    1340     1764     1600
    1345     1764     1700
    1350     1848     1800
    1355     1848     1800
    1360     1848     1800
    1365     1932     1900
    1370     1932     1900
    1375     2015     1900
    1380     2015     2000
    1385     2100     2000
    1390     2100     2100
    1395     2100     2100
    1400     2184     2100
    1405     2184     2100
    1410     2268     2100
    1415     2268     2200
    1420     2352     2300
    1425     2436     2300
    1430     2436     2400
    1435     2436     2500
    1440     2436     2500
    1445     2436     2500
    1450     2436     2500
    1455     2520     2500
    1460     2520     2500
    1465     2520     2600
    1470     2520     2600
    1475     2520     2600
    1480     2520     2600
    1485     2436     2600
    1490     2436     2600
    1495     2436     2500
    1500     2436     2500
    1505     2436     2500
    1510     2436     2500
    1515     2436     2500
    1520     2436     2500
    1525     2436     2500
    1530     2436     2500
    1535     2436     2500
    1540     2436     2500
    1545     2436     2500
    1550     2352     2500
    1555     2352     2500
    1560     2352     2500
    1565     2352     2500
    1570     2352     2500
    1575     2352     2400
    1580     2352     2400
    1585     2352     2400
    1590     2352     2400
    1595     2352     2400
    1600     2352     2400
    1605     2352     2400
    1610     2352     2400
    1615     2352     2400
    1620     2352     2400
    1625     2268     2400
    1630     2268     2400
    1635     2268     2400
    1640     2268     2400
    1645     2268     2300
    1650     2268     2300
    1655     2268     2300
    1660     2352     2400
    1665     2352     2400
    1670     2268     2400
    1675     2268     2400
    1680     2268     2400
    1685     2268     2400
    1690     2268     2400
    1695     2268     2400
    1700     2268     2400
    1705     2352     2400
    1710     2352     2300
    1715     2352     2400
    1720     2352     2400
    1725     2352     2400
    1730     2352     2400
    1735     2352     2400
    1740     2352     2400
    1745     2352     2400
    1750     2352     2500
    1755     2352     2400
    1760     2352     2400
    1765     2352     2400
    1770     2436     2400
    1775     2436     2500
    1780     2520     2500
    1785     2520     2500
    1790     2604     2600
    1795     2604     2600
    1800     2688     2700
    1805     2688     2700
    1810     2772     2800
    1815     2772     2800
    1820     2772     2800
    1825     2856     2800
    1830     2856     2900
    1835     3024     2900
    1840     3192     3000
    1845     3276     3100
    1850     3444     3200
    1855     3444     3400
    1860     3528     3500
    1865     3444     3600
    1870     3444     3700
    1875     3444     3700
    1879     3444     3700
    1884     3444     3600
    1889     3444     3600
    1894     3444     3600
    1899     3444     3600
    1904     3444     3600
    1909     3444     3600
    1914     3444     3600
    1919     3444     3600
    1924     3444     3600
    1929     3444     3700
    1934     3444     3700
    1939     3528     3700
    1944     3528     3700
    1949     3612     3700
    1954     3612     3700
    1959     3612     3700
    1964     3612     3700
    1969     3612     3800
    1974     3696     3800
    1979     3780     3800
    1984     3780     3800
    1989     3780     3900
    1994     3696     3900
    1999     3696     3900
    2004     3696     3900
    2009     3780     3900
    2014     3780     3900
    2019     3780     3900
    2024     3780     4000
    2029     3780     4000
    2034     3780     4000
    2039     3780     4000
    2044     3780     4000
    2049     3780     4000
    2054     3780     4000
    2059     3864     4000
    2064     3864     4000
    2069     3864     4000
    2074     3864     4100
    2079     3864     4000
    2084     3864     4100
    2089     3864     4000
    2094     3864     4000
    2099     3864     4000
    2104     3864     4000
    2109     3864     4000
    2114     3864     4100
    2119     3864     4100
    2124     3864     4100
    2129     3864     4100
    2134     3864     4100
    2139     3864     4100
    2144     3864     4100
    2149     3864     4100
    2154     3864     4100
    2159     3864     4100
    2164     3864     4100
    2169     3864     4100
    2174     3864     4100
    2179     3947     4100
    2184     3947     4100
    2189     3864     4100
    2194     3864     4100
    2199     3864     4100
    2204     3864     4100
    2209     3864     4100
    2214     3864     4100
    2219     3864     4100
    2224     3864     4100
    2229     3864     4000
    2234     3780     4000
    2239     3780     4000
    2244     3780     4000
    2249     3780     4000
    2254     3864     4000
    2259     3864     4000
    2264     3864     4000
    2269     3780     4000
    2274     3780     4000
    2279     3780     4000
    2284     3780     4000
    2289     3780     4000
    2294     3780     4000
    2299     3780     3900
    2304     3780     4000
    2309     3780     4000
    2314     3864     4000
    2319     3864     4000
    2324     3864     4100
    2329     3864     4000
    2334     3780     4100
    2339     3780     4100
    2344     3780     4000
    2349     3864     4000
    2354     3864     4000
    2359     3864     4000
    2364     3947     4100
    2369     3947     4100
    2374     3947     4100
    2379     3947     4100
    2384     3947     4200
    2389     3947     4200
    2394     3947     4200
    2399     3947     4200
    2404     3947     4200
    2409     3864     4100
    2414     3864     4100
    2419     3864     4100
    2424     3947     4100
    2429     3947     4100
    2434     3947     4100
    2439     3947     4100
    2444     4031     4200
    2449     4031     4200
    2454     4031     4200
    2459     4031     4200
    2464     4031     4200
    2469     4031     4200
    2474     4031     4200
    2479     4031     4200
    2484     4031     4200
    2489     4031     4200
    2494     4031     4200
    2499     4116     4300
    2504     4116     4300
    2509     4116     4300
    2514     4200     4300
    2519     4200     4400
    2524     4200     4400
    2529     4284     4400
    2534     4284     4400
    2539     4284     4500
    2544     4284     4500
    2549     4368     4500
    2554     4368     4500
    2559     4452     4600
    2564     4452     4600
    2569     4452     4700
    2574     4536     4700
    2579     4536     4700
    2584     4536     4700
    2589     4620     4800
    2594     4788     4800
    2599     4872     4900
    2604     5040     4900
    2609     5040     5100
    2614     5124     5200
    2619     5124     5300
    2624     5124     5300
    2629     5124     5400
    2634     5208     5400
    2639     5208     5400
    2644     5292     5400
    2649     5292     5500
    2654     5292     5500
    2659     5292     5500
    2664     5292     5600
    2669     5208     5600
    2674     5208     5600
    2679     5208     5600
    2684     5292     5600
    2689     5292     5600
    2694     5376     5600
    2699     5376     5600
    2704     5376     5600
    2709     5376     5600
    2714     5376     5700
    2719     5376     5700
    2724     5376     5700
    2729     5376     5700
    2734     5376     5700
    2739     5460     5700
    2744     5460     5700
    2749     5460     5700
    2754     5460     5700
    2759     5544     5800
    2764     5544     5800
    2769     5544     5800
    2774     5544     5800
    2779     5544     5800
    2784     5544     5800
    2789     5544     5800
    2794     5544     5800
    2799     5544     5800
    2804     5460     5800
    2809     5460     5800
    2814     5544     5800
    2819     5544     5800
    2824     5544     5800
    2829     5544     5800
    2834     5544     5800
    2839     5544     5800
    2844     5544     5800
    2849     5544     5800
    2854     5544     5900
    2859     5544     5900
    2864     5544     5900
    2869     5460     5800
    2874     5544     5800
    2879     5544     5800
    2884     5544     5800
    2889     5544     5800
    2894     5544     5900
    2899     5628     5900
    2904     5628     5900
    2909     5628     5900
    2914     5544     5900
    2919     5544     5900
    2924     5544     5900
    2929     5544     5900
    2934     5544     5900
    2939     5544     5900
    2944     5628     5900
    2949     5628     5900
    2954     5628     5900
    2959     5628     5900
    2964     5628     5900
    2969     5628     5900
    2974     5628     6000
    2979     5628     6000
    2984     5628     6000
    2989     5628     6000
    2994     5628     6000
    2999     5628     6000
    3004     5628     6000
    3009     5628     6000
    3014     5628     6000
    3019     5712     6000
    3024     5712     6000
    3029     5712     6000
    3034     5712     6000
    3039     5712     6000
    3044     5628     6000
    3049     5628     6000
    3054     5628     6000
    3059     5544     6000
    3064     5544     6000
    3069     5544     6000
    3074     5628     6000
    3079     5628     6000
    3084     5628     5900
    3089     5628     5900
    3094     5628     5900
    3099     5628     5900
    3104     5628     5900
    3109     5628     6000
    3114     5544     6000
    3119     5544     6000
    3124     5544     6000
    3129     5544     5900
    3134     5544     5900
    3139     5544     5900
    3144     5628     5900
    3149     5628     5900
    3154     5628     5900
    3159     5628     6000
    3164     5628     6000
    3169     5628     6000
    3174     5628     6000
    3179     5544     5900
    3184     5544     5900
    3189     5544     5900
    3194     5544     5900
    3199     5544     6000
    3204     5628     5900
    3209     5628     5900
    3214     5628     5900
    3219     5628     5900
    3224     5628     5900
    3229     5628     5900
    3234     5628     6000
    3239     5628     6000
    3244     5544     6000
    3249     5544     6000
    3254     5544     6000
    3259     5544     5900
    3264     5544     5900
    3269     5544     5900
    3274     5544     5900
    3279     5544     5900
    3284     5544     5900
    3289     5628     6000
    3294     5628     6000
    3299     5628     6000
    3304     5544     6000
    3309     5544     6000
    3314     5544     5900
    3319     5544     5900
    3324     5544     5900
    3329     5544     5900
    3334     5544     5900
    3339     5544     5900
    3344     5544     5900
    3349     5628     5900
    3354     5628     5900
    3359     5628     5900
    3364     5628     5900
    3369     5544     5900
    3374     5544     6000
    3379     5544     6000
    3384     5544     5900
    3389     5544     6000
    3394     5544     5900
    3399     5544     5900
    3404     5628     5900
    3409     5628     5900
    3414     5628     6000
    3419     5544     6000
    3424     5544     6000
    3429     5544     6000
    3434     5544     6000
    3439     5460     5900
    3444     5460     5900
    3449     5460     5900
    3454     5460     5900
    3459     5460     5800
    3464     5460     5800
    3469     5376     5800
    3474     5376     5800
    3479     5376     5800
    3484     5292     5800
    3489     5292     5700
    3494     5292     5700
    3499     5208     5700
    3504     5208     5700
    3509     5208     5700
    3514     5124     5600
    3519     5124     5500
    3524     5124     5500
    3529     5124     5500
    3534     5124     5400
    3539     5124     5500
    3544     5124     5500
    3549     5040     5500
    3554     5040     5500
    3559     5040     5400
    3564     5040     5400
    3569     5040     5400
    3574     5040     5400
    3579     4956     5400
    3584     4956     5400
    3589     4956     5300
    3594     5040     5300
    3599     5040     5300
    3604     5040     5400
    3609     5040     5400
    3614     4956     5400
    3619     4956     5400
    3624     4956     5400
    3629     4956     5300
    3634     4956     5300
    3639     4956     5300
    3644     4956     5300
    3649     4956     5300
    3654     4956     5300
    3659     4956     5300
    3664     4956     5300
    3669     4956     5300
    3674     4956     5300
    3679     4956     5300
    3684     4956     5300
    3689     4956     5300
    3694     4956     5300
    3699     4956     5300
    3704     4956     5300
    3709     4956     5300
    3714     4956     5300
    3719     4956     5300
    3724     4956     5300
    3729     4956     5300
    3734     4956     5300
    3739     4956     5300
    3744     4956     5300
    3749     4956     5300
    3754     4956     5300
    3759     4956     5300
    3764     4872     5300
    3769     4872     5300
    3774     4872     5300
    3779     4872     5200
    3784     4872     5300
    3789     4872     5300
    3794     4872     5300
    3799     4872     5300
    3804     4872     5300
    3809     4956     5300
    3814     4956     5300
    3819     4956     5300
    3824     4872     5300
    3829     4872     5300
    3834     4872     5200
    3839     4872     5200
    3844     4872     5300
    3849     4872     5300
    3854     4872     5300
    3859     4872     5300
    3864     4872     5300
    3869     4956     5200
    3874     4956     5200
    3879     4956     5300
    3884     4872     5200
    3889     4872     5300
    3894     4872     5300
    3899     4872     5300
    3904     4872     5300
    3909     4872     5300
    3914     4872     5200
    3919     4872     5200
    3924     4872     5200
    3929     4872     5200
    3934     4872     5200
    3939     4872     5200
    3944     4956     5200
    3949     4956     5300
    3954     4872     5300
    3959     4872     5300
    3964     4872     5300
    3969     4872     5300
    3974     4872     5200
    3979     4872     5200
    3984     4872     5200
    3989     4956     5200
    3994     4956     5200
    3999     4956     5300
    4004     4956     5300
    4009     4872     5300
    4014     4956     5300
    4019     4956     5300
    4024     4956     5300
    4029     4956     5300
    4034     4956     5300
    4039     4956     5300
    4044     4956     5300
    4049     4956     5300
    4054     4956     5300
    4059     4956     5400
    4064     5040     5300
    4069     5040     5300
    4074     4956     5300
    4079     4872     5300
    4084     4788     5300
    4089     4620     5300
    4094     4536     5100
    4099     4452     5000
    4104     4368     4800
    4109     4368     4800
    4114     4368     4700
    4119     4368     4700
    4124     4368     4700
    4129     4368     4700
    4134     4368     4700
    4139     4368     4700
    4144     4368     4700
    4149     4368     4700
    4154     4368     4700
    4159     4368     4700
    4164     4368     4700
    4169     4368     4700
    4174     4284     4600
    4179     4284     4600
    4184     4284     4600
    4189     4284     4600
    4194     4284     4600
    4199     4284     4600
    4204     4284     4600
    4209     4284     4600
    4214     4284     4600
    4219     4200     4600
    4224     4200     4600
    4229     4200     4500
    4234     4200     4500
    4239     4200     4500
    4244     4200     4500
    4249     4200     4500
    4254     4200     4500
    4259     4200     4500
    4264     4200     4500
    4269     4200     4500
    4274     4200     4500
    4279     4200     4500
    4284     4116     4500
    4289     4116     4500
    4294     4116     4400
    4299     4116     4400
    4304     4116     4400
    4309     4116     4400
    4314     4116     4400
    4319     4116     4500
    4324     4116     4400
    4329     4116     4400
    4334     4116     4400
    4339     4116     4400
    4344     4116     4400
    4349     4116     4400
    4354     4116     4400
    4359     4116     4400
    4364     4116     4400
    4369     4116     4400
    4374     4116     4400
    4379     4116     4400
    4384     4116     4400
    4389     4200     4400
    4394     4200     4400
    4399     4200     4400
    4404     4200     4500
    4409     4116     4400
    4414     4116     4400
    4419     4116     4400
    4424     4116     4400
    4429     4116     4400
    4434     4116     4400
    4439     4116     4400
    4444     4116     4400
    4449     4116     4400
    4454     4116     4500
    4459     4200     4400
    4464     4116     4400
    4469     4116     4400
    4474     4116     4400
    4479     4116     4400
    4484     4116     4400
    4489     4116     4500
    4494     4116     4500
    4499     4116     4400
    4504     4116     4400
    4509     4116     4500
    4514     4116     4400
    4519     4200     4500
    4524     4200     4400
    4529     4200     4500
    4534     4200     4400
    4539     4116     4500
    4544     4116     4500
    4549     4116     4500
    4554     4116     4500
    4559     4116     4500
    4564     4116     4500
    4569     4116     4500
    4574     4116     4400
    4579     4116     4400
    4584     4116     4500
    4589     4200     4400
    4594     4200     4400
    4599     4200     4500
    4604     4200     4500
    4609     4116     4500
    4614     4116     4500
    4619     4116     4500
    4624     4116     4500
    4629     4116     4500
    4634     4116     4400
    4639     4116     4400
    4644     4116     4400
    4649     4116     4400
    4654     4116     4500
    4659     4116     4400
    4664     4116     4400
    4669     4116     4500
    4674     4116     4500
    4679     4116     4500
    4684     4031     4500
    4689     4031     4400
    4694     4031     4400
    4699     4031     4300
    4704     3947     4300
    4709     3947     4200
    4714     3947     4300
    4719     3947     4300
    4724     3947     4300
    4729     3947     4300
    4734     3947     4300
    4739     3947     4300
    4744     3947     4200
    4749     3864     4200
    4754     3864     4200
    4759     3864     4200
    4764     3864     4200
    4769     3864     4200
    4774     3864     4100
    4779     3780     4200
    4784     3780     4100
    4789     3780     4100
    4794     3780     4100
    4799     3696     4100
    4804     3612     4100
    4809     3528     3900
    4814     3444     3900
    4819     3360     3800
    4824     3360     3700
    4829     3276     3600
    4834     3360     3500
    4839     3360     3500
    4844     3360     3500
    4849     3360     3600
    4854     3360     3600
    4859     3360     3600
    4864     3360     3600
    4869     3360     3600
    4874     3360     3600
    4879     3276     3600
    4884     3276     3600
    4889     3360     3500
    4894     3360     3500
    4899     3360     3500
    4904     3360     3500
    4909     3360     3500
    4914     3360     3500
    4919     3360     3600
    4924     3360     3600
    4929     3360     3600
    4934     3360     3600
    4939     3360     3600
    4944     3360     3600
    4949     3360     3500
    4954     3360     3600
    4959     3360     3600
    4964     3360     3500
    4969     3360     3500
    4974     3360     3500
    4979     3360     3500
    4984     3360     3500
    4989     3360     3600
    4994     3360     3500
    4999     3360     3600
    5004     3360     3600
    5009     3276     3600
    5014     3276     3600
    5019     3276     3600
    5024     3360     3600
    5029     3360     3500
    5034     3360     3500
    5039     3360     3500
    5044     3360     3500
    5049     3360     3500
    5054     3360     3500
    5059     3360     3600
    5064     3360     3600
    5069     3360     3600
    5074     3360     3600
    5079     3360     3600
    5084     3360     3600
    5089     3360     3600
    5094     3360     3600
    5099     3360     3600
    5104     3360     3500
    5109     3360     3600
    5114     3360     3500
    5119     3360     3600
    5124     3360     3600
    5129     3360     3600
    5134     3360     3600
    5139     3360     3600
    5144     3360     3600
    5149     3360     3600
    5154     3360     3600
    5159     3360     3600
    5164     3360     3600
    5169     3360     3600
    5174     3360     3600
    5179     3360     3600
    5184     3360     3600
    5189     3360     3600
    5194     3360     3600
    5199     3360     3600
    5204     3360     3600
    5209     3360     3600
    5214     3360     3600
    5219     3360     3600
    5224     3360     3600
    5229     3360     3600
    5234     3360     3600
    5239     3360     3600
    5244     3360     3600
    5249     3360     3600
    5254     3360     3600
    5259     3276     3600
    5264     3108     3500
    5269     2940     3500
    5274     2688     3500
    5279     2352     3100
    5284     1932     3100
    5289     1428     2800
    5294     1007     2800
    5299      756     2600
    5304      588     2500
    5309      503     2300
    5314      420     2100
    5319      336     2000
    5324      168     1900
    5329       84     1700
    5334        0     1600
    5339        0     1400
    5344        0     1300
    5349        0     1100
    5354        0     1100
    5359        0      900
    5364        0      800
    5369        0      600
    5374        0      500
    5379        0      400
    5384        0      300
    5389        0      100
    5394        0        0
    5399        0        0
    5404        0        0
    5409        0        0
    5414        0        0
    5419        0        0
    5424        0        0
    5429        0        0
    5434        0        0
    5439        0        0
    5444        0        0
    5449        0        0
    5454        0        0
    5459        0        0
