       0        0        0
       5        0        0
      10        0        0
      15        0        0
      20        0        0
      25        0        0
      30        0        0
      35        0        0
      40        0        0
      45        0        0
      50        0        0
      55        0        0
      60        0        0
      65        0        0
      70        0        0
      75        0        0
      80        0        0
      85        0        0
      90        0        0
      95        0        0
     100        0        0
     105        0        0
     110        0        0
     115        0      200
     119      100      200
     124      300      200
     129      300      100
     134      400      300
     139      400      500
     144      400      600
     149      400      400
     154      400      200
     159      500      500
     164      500      600
     169      500      600
     174      600      500
     179      600      200
     184      700      500
     189      700      500
     194      800      700
     199      900      800
     204      900      900
     209     1000     1000
     214     1100     1000
     219     1200     1100
     224     1300     1200
     229     1300     1300
     234     1300     1300
     239     1300     1400
     244     1300     1100
     249     1300     1000
     254     1200     1200
     259     1200     1200
     264     1200     1200
     269     1200     1300
     274     1200     1000
     279     1300      900
     284     1300     1000
     289     1300     1100
     294     1300     1100
     299     1300     1200
     304     1300     1200
     309     1300     1300
     314     1300     1300
     319     1300     1300
     324     1200     1200
     329     1200      900
     334     1200      900
     339     1200     1000
     344     1300     1100
     349     1300     1100
     354     1300     1200
     359     1300     1300
     364     1300     1300
     369     1300     1200
     374     1300      900
     379     1300     1100
     384     1200     1100
     389     1200     1200
     394     1200     1300
     399     1200     1100
     404     1200      900
     409     1200     1100
     414     1200     1100
     419     1300     1200
     424     1300     1300
     429     1300     1300
     434     1300     1200
     439     1300     1000
     444     1300     1100
     449     1200     1200
     454     1200     1300
     459     1200     1300
     464     1200     1200
     469     1200      900
     475     1200      900
     480     1200     1000
     485     1300     1100
     490     1300     1200
     495     1300     1200
     500     1300     1300
     505     1300     1300
     510     1300     1300
     515     1200     1100
     520     1200      900
     525     1200     1100
     530     1200     1100
     535     1200     1200
     540     1200     1200
     545     1300     1200
     550     1300     1200
     555     1300     1200
     560     1300     1300
     565     1300     1300
     570     1300     1300
     575     1300     1000
     580     1200      900
     585     1200     1000
     590     1200     1100
     595     1200     1200
     600     1200     1300
     605     1200     1300
     610     1200     1200
     615     1200      900
     620     1300     1100
     625     1300     1200
     630     1300     1200
     635     1200     1300
     640     1200     1400
     645     1200     1200
     650     1200     1000
     655     1200     1200
     660     1200     1200
     665     1200     1300
     670     1200     1300
     675     1200     1200
     680     1300      900
     685     1300     1100
     690     1300     1200
     695     1300     1200
     700     1300     1300
     705     1200     1300
     710     1200     1100
     715     1200      900
     720     1200     1100
     725     1200     1100
     730     1200     1200
     735     1200     1300
     740     1300     1200
     745     1300     1200
     750     1300     1200
     755     1300     1300
     760     1300     1300
     765     1300     1100
     770     1300      900
     775     1300     1100
     780     1200     1200
     785     1200     1200
     790     1200     1300
     795     1200     1000
     800     1200      900
     805     1300     1000
     810     1300     1100
     815     1300     1200
     820     1300     1300
     825     1300     1300
     830     1300     1400
     835     1300     1200
     840     1200     1000
     845     1200     1200
     850     1200     1200
     855     1200     1300
     860     1200     1000
     865     1300      900
     870     1300     1100
     875     1300     1200
     880     1300     1200
     885     1300     1300
     890     1300     1400
     895     1300     1200
     900     1300     1000
     905     1200     1200
     910     1200     1200
     915     1200     1300
     920     1200     1300
     925     1200     1000
     930     1300      900
     935     1300     1000
     940     1300     1100
     945     1300     1200
     950     1300     1200
     955     1300     1300
     960     1300     1300
     965     1300     1300
     970     1300     1200
     975     1300     1000
     980     1300     1100
     985     1300     1200
     990     1300     1200
     995     1400     1300
    1000     1400     1400
    1005     1500     1400
    1010     1600     1500
    1015     1800     1500
    1020     1900     1600
    1025     2100     1600
    1030     2100     1700
    1035     2100     1700
    1040     2100     1800
    1045     2100     1800
    1050     2000     1900
    1055     2000     1900
    1060     2100     2000
    1065     2100     2000
    1070     2100     2000
    1075     2100     2100
    1080     2100     2100
    1085     2100     2100
    1090     2100     2100
    1095     2100     2000
    1100     2100     2100
    1105     2100     2100
    1110     2100     1800
    1115     2100     1700
    1120     2100     1800
    1125     2200     1800
    1130     2200     1800
    1135     2200     1900
    1140     2200     1900
    1145     2200     1900
    1150     2300     1900
    1155     2300     2000
    1160     2300     2000
    1165     2300     2100
    1170     2300     2100
    1175     2300     2100
    1180     2300     2200
    1185     2300     2200
    1190     2300     2200
    1195     2400     2200
    1200     2400     2300
    1205     2400     2300
    1210     2500     2300
    1215     2600     2300
    1220     2700     2300
    1225     2700     2400
    1230     2800     2300
    1235     2800     2300
    1240     2800     2400
    1245     2800     2300
    1250     2800     2400
    1255     2800     2400
    1260     2800     2400
    1265     2800     2400
    1270     2800     2400
    1275     2800     2500
    1280     2800     2500
    1285     2800     2500
    1290     2700     2500
    1295     2700     2600
    1300     2700     2600
    1305     2700     2600
    1310     2700     2600
    1315     2700     2600
    1320     2700     2600
    1325     2700     2600
    1330     2800     2600
    1335     2800     2600
    1340     2800     2600
    1345     2800     2600
    1350     2700     2600
    1355     2700     2600
    1360     2700     2600
    1365     2700     2700
    1370     2700     2700
    1375     2700     2700
    1380     2700     2700
    1385     2700     2700
    1390     2700     2700
    1395     2700     2700
    1400     2800     2600
    1405     2800     2500
    1410     2800     2600
    1415     2800     2600
    1420     2700     2600
    1425     2700     2600
    1430     2700     2600
    1435     2700     2600
    1440     2700     2600
    1445     2700     2600
    1450     2700     2600
    1455     2700     2600
    1460     2700     2600
    1465     2700     2700
    1470     2700     2700
    1475     2800     2700
    1480     2800     2700
    1485     2800     2700
    1490     2700     2800
    1495     2700     2700
    1500     2700     2600
    1505     2700     2300
    1510     2700     2400
    1515     2700     2400
    1520     2700     2400
    1525     2700     2400
    1530     2700     2400
    1535     2700     2400
    1540     2700     2500
    1545     2700     2400
    1550     2700     2500
    1555     2700     2500
    1560     2600     2500
    1565     2600     2500
    1570     2600     2500
    1575     2600     2600
    1580     2600     2600
    1585     2700     2600
    1590     2700     2600
    1595     2700     2600
    1600     2700     2700
    1605     2700     2700
    1610     2700     2700
    1615     2700     2600
    1620     2700     2200
    1625     2700     2300
    1630     2600     2300
    1635     2600     2400
    1640     2600     2300
    1645     2600     2400
    1650     2600     2400
    1655     2600     2400
    1660     2600     2400
    1665     2600     2400
    1670     2600     2400
    1675     2600     2500
    1680     2600     2500
    1685     2600     2500
    1690     2500     2500
    1695     2500     2600
    1700     2500     2600
    1705     2600     2400
    1710     2600     2100
    1715     2700     2300
    1720     2700     2300
    1725     2600     2300
    1730     2600     2300
    1735     2500     2300
    1740     2500     2300
    1745     2500     2400
    1750     2500     2300
    1755     2500     2400
    1760     2500     2400
    1765     2500     2400
    1770     2500     2400
    1775     2500     2400
    1780     2500     2400
    1785     2500     2500
    1790     2500     2500
    1795     2500     2500
    1800     2500     2300
    1805     2600     2100
    1810     2600     2200
    1815     2600     2200
    1820     2500     2200
    1825     2400     2300
    1830     2400     2300
    1835     2400     2300
    1840     2400     2300
    1845     2400     2400
    1850     2400     2400
    1855     2400     2400
    1860     2400     2400
    1865     2400     2400
    1870     2400     2400
    1875     2400     2400
    1879     2400     2200
    1884     2400     2000
    1889     2500     2100
    1894     2500     2100
    1899     2500     2100
    1904     2400     2200
    1909     2400     2300
    1914     2300     2300
    1919     2300     2300
    1924     2200     2300
    1929     2200     2200
    1934     2200     1900
    1939     2200     2000
    1944     2100     2000
    1949     2100     2100
    1954     2100     2100
    1959     2000     2100
    1964     1800     2100
    1969     1600     2000
    1974     1400     1700
    1979     1300     1600
    1984     1200     1500
