       0        0        0
       5        0        0
      10        0        0
      15        0        0
      20        0        0
      25        0        0
      30        0        0
      35        0        0
      40        0        0
      45        0        0
      50     1000        0
      55     1000        0
      60     1000      100
      65     1000      200
      70     1000      300
      75     1000      400
      80     1000      500
      85     1000      600
      90     1000      700
      95     1000      700
     100     1000      800
     105     1000      900
     110     1000      900
     115     1000     1000
     119     1000     1000
     124     1000      800
     129     1000      600
     134     1000      800
     139     1000      800
     144     1000      900
     149     1000     1000
     154     1000     1000
     159     1000      800
     164     1000      600
     169     1000      800
     174     1000      900
     179     1000     1000
     184     1000     1000
     189     1000      800
     194     1000      600
     199     1000      800
     204     1000      900
     209     1000     1000
     214     1000     1000
     219     1000      800
     224     1000      700
     229     1000      800
     234     1000      900
     239     1000     1000
     244     1000     1000
     249     1000      900
     254     1000      600
     259     1000      800
     264     1000      900
     269     1000     1000
     274     1000     1000
     279     1000      700
     284     1000      600
     289     1000      800
     294     1000      900
     299     1000     1000
     304     1000     1000
     309     1000      800
     314     1000      600
     319     1000      800
     324     1000      900
     329     1000      900
     334     1000     1000
     339     1000     1100
     344     1000      800
     349     1000      700
     354     1000      800
     359     1000      900
     364     1000      900
     369     1000     1000
     374     1000     1000
     379     1000      800
     384     1000      700
     389     1000      800
     394     1000      900
     399     1000     1000
     404     1000     1100
     409     1000      800
     414     1000      700
     419     1000      900
     424     1000      900
     429     1000     1000
     434     1000     1100
     439     1000      900
     444     1000      700
     449     1000      900
     454     1000     1000
     459     1000     1000
     464     1000      900
     469     1000      700
     475     1000      900
     480     1000     1000
     485     1000     1000
     490     1000      800
     495     1000      600
     500     1000      800
     505     1000      900
     510     1000     1000
     515     1000     1100
     520     1000      900
     525     1000      700
     530     1000      900
     535     1000     1000
     540     1000     1100
     545     1000      800
     550     1000      700
     555     1000      800
     560     1000      900
     565     1000     1000
     570     1000     1100
     575     1000      900
     580     1000      700
     585     1000      900
     590     1000     1000
     595     1000     1000
     600     1000      900
     605     1000      600
     610     1000      900
     615     1000      900
     620     1000     1000
     625     1000     1000
     630     1000      800
     635     1000      700
     640     1000      800
     645     1000      900
     650     1000     1000
     655     1000     1000
     660     1000      900
     665     1000      700
     670     1000      900
     675     1000      900
     680     1000     1000
     685     1000     1100
     690     1000      900
     695     1000      700
     700     1000      900
     705     1000     1000
     710     1000     1000
     715     1000      900
     720     1000      700
     725     1000      900
     730     1000      900
     735     1000     1100
     740     1000     1100
     745     1000     1000
     750     1000      700
     755     1000      700
     760     1000      900
     765     1000     1000
     770     1000     1100
     775     1000      900
     780     1000      700
     785     1000      900
     790     1000     1000
     795     1000     1100
     800     1000     1000
     805     1000      700
     810     1000      700
     815     1000      900
     820     1000     1000
     825     1000     1100
     830     1000      800
     835     1000      700
     840     1000      900
     845     1000     1000
     850     2500     1000
     855     2500     1000
     860     2500     1100
     865     2500     1200
     870     2500     1200
     875     2500     1300
     880     2500     1300
     885     2500     1400
     890     2500     1400
     895     2500     1500
     900     2500     1500
     905     2500     1600
     910     2500     1600
     915     2500     1600
     920     2500     1700
     925     2500     1700
     930     2500     1800
     935     2500     1800
     940     2500     1900
     945     2500     1900
     950     2500     1900
     955     2500     2000
     960     2500     2000
     965     2500     2100
     970     2500     2100
     975     2500     2200
     980     2500     2200
     985     2500     2200
     990     2500     2300
     995     2500     2300
    1000     2500     2300
    1005     2500     2300
    1010     2500     2300
    1015     2500     2400
    1020     2500     2400
    1025     2500     2400
    1030     2500     2400
    1035     2500     2400
    1040     2500     2400
    1045     2500     2400
    1050     2500     2400
    1055     2500     2500
    1060     2500     2500
    1065     2500     2300
    1070     2500     2000
    1075     2500     2100
    1080     2500     2100
    1085     2500     2200
    1090     2500     2200
    1095     2500     2300
    1100     2500     2300
    1105     2500     2300
    1110     2500     2400
    1115     2500     2400
    1120     2500     2400
    1125     2500     2400
    1130     2500     2400
    1135     2500     2400
    1140     2500     2400
    1145     2500     2400
    1150     2500     2400
    1155     2500     2400
    1160     2500     2500
    1165     2500     2500
    1170     2500     2300
    1175     2500     2000
    1180     2500     2200
    1185     2500     2200
    1190     2500     2200
    1195     2500     2300
    1200     2500     2300
    1205     2500     2300
    1210     2500     2400
    1215     2500     2400
    1220     2500     2400
    1225     2500     2400
    1230     2500     2400
    1235     2500     2500
    1240     2500     2400
    1245     2500     2400
    1250     2500     2300
    1255     2500     2300
    1260     2500     2300
    1265     2500     2400
    1270     2500     2400
    1275     2500     2400
    1280     2500     2500
    1285     2500     2400
    1290     2500     2400
    1295     2500     2400
    1300     2500     2400
    1305     2500     2500
    1310     2500     2500
    1315     2500     2300
    1320     2500     2000
    1325     2500     2200
    1330     2500     2200
    1335     2500     2200
    1340     2500     2200
    1345     2500     2300
    1350     2500     2300
    1355     2500     2300
    1360     2500     2300
    1365     2500     2300
    1370     2500     2300
    1375     2500     2300
    1380     2500     2400
    1385     2500     2400
    1390     2500     2400
    1395     2500     2400
    1400     2500     2500
    1405     2500     2500
    1410     2500     2400
    1415     2500     2000
    1420     2500     2200
    1425     2500     2200
    1430     2500     2200
    1435     2500     2200
    1440     2500     2300
    1445     2500     2300
    1450     2500     2300
    1455     2500     2300
    1460     2500     2300
    1465     2500     2400
    1470     2500     2400
    1475     2500     2400
    1480     2500     2400
    1485     2500     2400
    1490     2500     2400
    1495     2500     2500
    1500     2500     2500
    1505     2500     2400
    1510     2500     2000
    1515     2500     2200
    1520     2500     2200
    1525     2500     2200
    1530     2500     2300
    1535     2500     2300
    1540     2500     2300
    1545     2500     2300
    1550     2500     2400
    1555     2500     2400
    1560     2500     2400
    1565     2500     2400
    1570     2500     2400
    1575     2500     2400
    1580     2500     2400
    1585     2500     2400
    1590     2500     2400
    1595     2500     2500
    1600     2500     2500
    1605     2500     2300
    1610     2500     2000
    1615     2500     2200
    1620     2500     2200
    1625     2500     2200
    1630     2500     2300
    1635     2500     2300
    1640     2500     2300
    1645     2500     2300
    1650     2500     2400
    1655     2500     2400
    1660     2500     2400
    1665     2500     2400
    1670     2500     2400
    1675     2500     2500
    1680     2500     2400
    1685     2500     2400
    1690     2500     2300
    1695     2500     2300
    1700     2500     2300
    1705     2500     2400
    1710     2500     2400
    1715     2500     2400
    1720     2500     2400
    1725     2500     2500
    1730     2500     2500
    1735     2500     2400
    1740     2500     2100
    1745     2500     2200
    1750     2500     2200
    1755     2500     2200
    1760     2500     2300
    1765     2500     2300
    1770     2500     2300
    1775     2500     2400
    1780     2500     2400
    1785     2500     2400
    1790     2500     2400
    1795     2500     2400
    1800     2500     2400
    1805     2500     2400
    1810     2500     2400
    1815     2500     2400
    1820     2500     2500
    1825     2500     2500
    1830     2500     2300
    1835     2500     2000
    1840     2500     2200
    1845     2500     2200
    1850     2500     2200
    1855     2500     2300
    1860     2500     2300
    1865     2500     2300
    1870     2500     2300
    1875     2500     2400
    1879     2500     2400
    1884     2500     2400
    1889     2500     2400
    1894     2500     2400
    1899     2500     2400
    1904     2500     2400
    1909     2500     2500
    1914     2500     2400
    1919     2500     2400
    1924     2500     2300
    1929     2500     2400
    1934     2500     2400
    1939     2500     2400
    1944     2500     2500
    1949     2500     2500
    1954     2500     2300
    1959     2500     2000
    1964     2500     2200
    1969     2500     2200
    1974     2500     2200
    1979     2500     2300
    1984     2500     2300
    1989     2500     2300
    1994     2500     2300
    1999     2500     2400
    2004     2500     2400
    2009     2500     2400
    2014     2500     2400
    2019     2500     2400
    2024     2500     2400
    2029     2500     2400
    2034     2500     2400
    2039     2500     2500
    2044     2500     2500
    2049     2500     2300
    2054     4000     2000
    2059     4000     2200
    2064     4000     2200
    2069     4000     2200
    2074     4000     2300
    2079     4000     2300
    2084     4000     2300
    2089     4000     2300
    2094     4000     2400
    2099     4000     2400
    2104     4000     2400
    2109     4000     2400
    2114     4000     2400
    2119     4000     2400
    2124     4000     2400
    2129     4000     2400
    2134     4000     2500
    2139     4000     2400
    2144     4000     2500
    2149     4000     2500
    2154     4000     2500
    2159     4000     2600
    2164     4000     2600
    2169     4000     2600
    2174     4000     2600
    2179     4000     2700
    2184     4000     2700
    2189     4000     2700
    2194     4000     2700
    2199     4000     2700
    2204     4000     2700
    2209     4000     2700
    2214     4000     2700
    2219     4000     2700
    2224     4000     2700
    2229     4000     2700
    2234     4000     2700
    2239     4000     2700
    2244     4000     2800
    2249     4000     2800
    2254     4000     2800
    2259     4000     2800
    2264     4000     2800
    2269     4000     2900
    2274     4000     2900
    2279     4000     2900
    2284     4000     2900
    2289     4000     2900
    2294     4000     2900
    2299     4000     2900
    2304     4000     2900
    2309     4000     2900
    2314     4000     2900
    2319     4000     2900
    2324     4000     2900
    2329     4000     2900
    2334     4000     2900
    2339     4000     3000
    2344     4000     3000
    2349     4000     3000
    2354     4000     3000
    2359     4000     3000
    2364     4000     3000
    2369     4000     3000
    2374     4000     3000
    2379     4000     3000
    2384     4000     3000
    2389     4000     3000
    2394     4000     3000
    2399     4000     3000
    2404     4000     3000
    2409     4000     3000
    2414     4000     3000
    2419     4000     3000
    2424     4000     3000
    2429     4000     3000
    2434     4000     3100
    2439     4000     3100
    2444     4000     3100
    2449     4000     3100
    2454     4000     3100
    2459     4000     3100
    2464     4000     3100
    2469     4000     3100
    2474     4000     3100
    2479     4000     3100
    2484     4000     3100
    2489     4000     3100
    2494     4000     3100
    2499     4000     3100
    2504     4000     3100
    2509     4000     3100
    2514     4000     3100
    2519     4000     3100
    2524     4000     3200
    2529     4000     3200
    2534     4000     3200
    2539     4000     3200
    2544     4000     3200
    2549     4000     3200
    2554     4000     3200
    2559     4000     3200
    2564     4000     3200
    2569     4000     3200
    2574     4000     3200
    2579     4000     3200
    2584     4000     3200
    2589     4000     3200
    2594     4000     3200
    2599     4000     3200
    2604     4000     3200
    2609     4000     3200
    2614     4000     3200
    2619     4000     3200
    2624     4000     3200
    2629     4000     3200
    2634     4000     3200
    2639     4000     3200
    2644     4000     3200
    2649     4000     3200
    2654     4000     3200
    2659     4000     3200
    2664     4000     3200
    2669     4000     3200
    2674     4000     3200
    2679     4000     3200
    2684     4000     3300
    2689     4000     3300
    2694     4000     3300
    2699     4000     3300
    2704     4000     3300
    2709     4000     3300
    2714     4000     3300
    2719     4000     3300
    2724     4000     3300
    2729     4000     3300
    2734     4000     3300
    2739     4000     3200
    2744     4000     3300
    2749     4000     3300
    2754     4000     3300
    2759     4000     3300
    2764     4000     3300
    2769     4000     3300
    2774     4000     3300
    2779     4000     3300
    2784     4000     3300
    2789     4000     3300
    2794     4000     3300
    2799     4000     3300
    2804     4000     3300
    2809     4000     3300
    2814     4000     3300
    2819     4000     3300
    2824     4000     3300
    2829     4000     3300
    2834     4000     3300
    2839     4000     3300
    2844     4000     3300
    2849     4000     3300
    2854     4000     3400
    2859     4000     3400
    2864     4000     3400
    2869     4000     3300
    2874     4000     3300
    2879     4000     3300
    2884     4000     3300
    2889     4000     3300
    2894     4000     3300
    2899     4000     3300
    2904     4000     3300
    2909     4000     3300
    2914     4000     3300
    2919     4000     3300
    2924     4000     3400
    2929     4000     3300
    2934     4000     3400
    2939     4000     3300
    2944     4000     3400
    2949     4000     3300
    2954     4000     3400
    2959     4000     3300
    2964     4000     3300
    2969     4000     3300
    2974     4000     3300
    2979     4000     3400
    2984     4000     3300
    2989     4000     3300
    2994     4000     3400
    2999     4000     3400
    3004     4000     3400
    3009     4000     3400
    3014     4000     3400
    3019     4000     3400
    3024     4000     3400
    3029     4000     3400
    3034     4000     3400
    3039     4000     3400
    3044     4000     3300
    3049     4000     3400
    3054     4000     3300
    3059     4000     3400
    3064     4000     3400
    3069     4000     3400
    3074     4000     3400
    3079     4000     3400
    3084     4000     3400
    3089     4000     3400
    3094     4000     3400
    3099     4000     3400
    3104     4000     3400
    3109     4000     3400
    3114     4000     3300
    3119     4000     3400
    3124     4000     3400
    3129     4000     3300
    3134     4000     3400
    3139     4000     3400
    3144     4000     3400
    3149     4000     3400
    3154     4000     3400
    3159     4000     3400
    3164     4000     3400
    3169     4000     3400
    3174     4000     3400
    3179     4000     3400
    3184     4000     3400
    3189     4000     3400
    3194     4000     3400
    3199     4000     3300
    3204     4000     3400
    3209     4000     3400
    3214     4000     3400
    3219     4000     3400
    3224     4000     3400
    3229     4000     3400
    3234     4000     3400
    3239     4000     3400
    3244     4000     3400
    3249     4000     3400
    3254     4000     3400
    3259     4000     3400
    3264     4000     3400
    3269     4000     3300
    3274     4000     3400
    3279     4000     3300
    3284     4000     3400
    3289     4000     3400
    3294     4000     3400
    3299     4000     3400
    3304     4000     3400
    3309     4000     3400
    3314     4000     3400
    3319     4000     3400
    3324     4000     3400
    3329     4000     3400
    3334     4000     3400
    3339     4000     3400
    3344     4000     3400
    3349     4000     3400
    3354     4000     3300
    3359     4000     3400
    3364     4000     3400
    3369     4000     3400
    3374     4000     3400
    3379     4000     3400
    3384     4000     3400
    3389     4000     3400
    3394     4000     3400
    3399     4000     3400
    3404     4000     3400
    3409     4000     3400
    3414     4000     3400
    3419     4000     3400
    3424     4000     3400
    3429     4000     3400
    3434     4000     3400
    3439     4000     3400
    3444     4000     3400
    3449     4000     3400
    3454     4000     3400
    3459     4000     3400
