       0     7500      500        0
       5     7500     1000        0
      10     7500     1500        0
      15     7500     2000        0
      20     7500     2500        0
      25     7500     3000        0
      30     7500     3500        0
      35     7500     4000        0
      40     7500     4500        0
      45     7500     5000        0
      50     7500     5500        0
      55     7500     6000        0
      60     7500     6500      100
      65     7500     7000      200
      70     7500     7500      400
      75     7500     8000      600
      80     7500     8500      800
      85     7500     9000      900
      90     7500     9500     1100
      95     7500    10000     1300
     100     7500    10500     1500
     105     7500    11000     1600
     110     7500    11500     1900
     115     7500    12000     2000
     119     7500    12500     2200
     124     7500    13000     2400
     129     7500    13500     2600
     134     7500    13507     2800
     139     7500    13507     3000
     144     7500    13507     3200
     149     7500    13507     3400
     154     7500    13507     3600
     159     7500    13507     3700
     164     7500    13507     3900
     169     7500    13507     4000
     174     7500    13507     4200
     179     7500    13507     4300
     184     7500    13507     4400
     189     7500    13507     4500
     194     7500    13507     4600
     199     7500    13507     4700
     204     7500    13507     4700
     209     7500    13507     4900
     214     7500    13507     4900
     219     7500    13507     5000
     224     7500    13507     5100
     229     7500    13507     5200
     234     7500    13507     5200
     239     7500    13507     5300
     244     7500    13507     5400
     249     7500    13507     5400
     254     7500    13507     5500
     259     7500    13507     5500
     264     7500    13507     5600
     269     7500    13507     5700
     274     7500    13507     5700
     279     7500    13507     5700
     284     7500    13507     5800
     289     7500    13507     5800
     294     7500    13507     5900
     299     7500    13507     5900
     304     7500    13507     6000
     309     7500    13507     6000
     314     7500    13507     6000
     319     7500    13507     6100
     324     7500    13507     6100
     329     7500    13507     6100
     334     7500    13507     6200
     339     7500    13507     6200
     344     7500    13507     6200
     349     7500    13507     6200
     354     7500    13507     6300
     359     7500    13507     6300
     364     7500    13507     6400
     369     7500    13507     6400
     374     7500    13507     6400
     379     7500    13507     6400
     384     7500    13507     6400
     389     7500    13507     6400
     394     7500    13507     6500
     399     7500    13507     6500
     404     7500    13507     6500
     409     7500    13507     6500
     414     7500    13507     6600
     419     7500    13507     6500
     424     7500    13507     6600
     429     7500    13507     6600
     434     7500    13507     6600
     439     7500    13507     6700
     444     7500    13507     6700
     449     7500    13507     6700
     454     7500    13507     6700
     459     7500    13507     6700
     464     7500    13507     6700
     469     7500    13507     6700
     475     7500    13507     6800
     480     7500    13507     6800
     485     7500    13507     6800
     490     7500    13507     6800
     495     7500    13507     6800
     500     7500    13507     6800
     505     7500    13507     6800
     510     7500    13507     6800
     515     7500    13507     6900
     520     7500    13507     6900
     525     7500    13507     6900
     530     7500    13507     6900
     535     7500    13507     6900
     540     7500    13507     6900
     545     7500    13507     6900
     550     7500    13507     6900
     555     7500    13507     6900
     560     7500    13507     6900
     565     7500    13507     6900
     570     7500    13507     6900
     575     7500    13507     6900
     580     7500    13507     6900
     585     7500    13507     7000
     590     7500    13507     7000
     595     7500    13507     7000
     600     7500    13507     7000
     605     7500    13507     7000
     610     7500    13507     7000
     615     7500    13507     7000
     620     7500    13507     7000
     625     7500    13507     7000
     630     7500    13507     7000
     635     7500    13507     7100
     640     7500    13507     7000
     645     7500    13507     7000
     650     7500    13507     7100
     655     7500    13507     7100
     660     7500    13507     7100
     665     7500    13507     7100
     670     7500    13507     7100
     675     7500    13507     7100
     680     7500    13507     7100
     685     7500    13507     7100
     690     7500    13507     7100
     695     7500    13507     7100
     700     7500    13507     7100
     705     7500    13507     7100
     710     7500    13507     7100
     715     7500    13507     7100
     720     7500    13507     7100
     725     7500    13507     7100
     730     7500    13507     7100
     735     7500    13507     7100
     740     7500    13507     7100
     745     7500    13507     7100
     750     7500    13507     7100
     755     7500    13507     7100
     760     7500    13507     7100
     765     7500    13507     7100
     770     7500    13507     7100
     775     7500    13507     7200
     780     7500    13507     7100
     785     7500    13507     7200
     790     7500    13507     7200
     795     7500    13507     7100
     800     7500    13507     7200
     805     7500    13507     7200
     810     7500    13507     7200
     815     7500    13507     7200
     820     7500    13507     7200
     825     7500    13507     7200
     830     7500    13507     7100
     835     7500    13507     7200
     840     7500    13507     7200
     845     7500    13507     7200
     850     7500    13507     7200
     855     7500    13507     7200
     860     7500    13507     7200
     865     7500    13507     7200
     870     7500    13507     7200
     875     7500    13507     7200
     880     7500    13507     7200
     885     7500    13507     7200
     890     7500    13507     7200
     895     7500    13507     7200
     900     7500    13507     7200
     905     7500    13507     7200
     910     7500    13507     7200
     915     7500    13507     7200
     920     7500    13507     7300
     925     7500    13507     7300
     930     7500    13507     7300
     935     7500    13507     7200
     940     7500    13507     7300
     945     7500    13507     7300
     950     7500    13507     7300
     955     7500    13507     7300
     960     7500    13507     7300
     965     7500    13507     7300
     970     7500    13507     7300
     975     7500    13507     7300
     980     7500    13507     7300
     985     7500    13507     7300
     990     7500    13507     7300
     995     7500    13507     7300
    1000     7500    13507     7300
    1005     7500    13507     7300
    1010     7500    13507     7300
    1015     7500    13507     7300
    1020     7500    13507     7300
    1025     7500    13507     7400
    1030     7500    13507     7400
    1035     7500    13507     7400
    1040     7500    13507     7400
    1045     7500    13507     7400
    1050     7500    13507     7400
    1055     7500    13507     7400
    1060     7500    13507     7400
    1065     7500    13507     7400
    1070     7500    13507     7400
    1075     7500    13507     7400
    1080     7500    13507     7400
    1085     7500    13507     7400
    1090     7500    13507     7400
    1095     7500    13507     7400
    1100     7500    13507     7400
    1105     7500    13507     7400
    1110     7500    13507     7400
    1115     7500    13507     7400
