       0     5000       90        0
       5     5000       90      100
      10     5000       90      400
      15     5000       90      700
      20     5000       90      900
      25     5000       90     1100
      30     5000       90     1200
      35     5000       90     1400
      40     5000       90     1500
      45     5000       90     1700
      50     5000       90     1800
      55     5000       90     1900
      60     5000       90     2000
      65     5000       90     2100
      70     5000       90     2200
      75     5000       90     2300
      80     5000       90     2300
      85     5000       90     2400
      90     5000       90     2500
      95     5000       90     2600
     100     5000       90     2700
     105     5000       90     2800
     110     5000       90     2800
     115     5000       90     2900
     119     5000       90     3000
     124     5000       90     3100
     129     5000       90     3100
     134     5000       90     3200
     139     5000       90     3200
     144     5000       90     3300
     149     5000       90     3300
     154     5000       90     3400
     159     5000       90     3400
     164     5000       90     3400
     169     5000       90     3500
     174     5000       90     3500
     179     5000       90     3500
     184     5000       90     3600
     189     5000       90     3600
     194     5000       90     3700
     199     5000       90     3700
     204     5000       90     3800
     209     5000       90     3800
     214     5000       90     3800
     219     5000       90     3800
     224     5000       90     3800
     229     5000       90     3900
     234     5000       90     3900
     239     5000       90     3900
     244     5000       90     3900
     249     5000       90     3900
     254     5000       90     4000
     259     5000       90     4000
     264     5000       90     4000
     269     5000       90     4100
     274     5000       90     4100
     279     5000       90     4100
     284     5000       90     4100
     289     5000       90     4100
     294     5000       90     4100
     299     5000       90     4100
     304     5000       90     4200
     309     5000       90     4200
     314     5000       90     4200
     319     5000       90     4200
     324     5000       90     4300
     329     5000       90     4300
     334     5000       90     4300
     339     5000       90     4300
     344     5000       90     4300
     349     5000       90     4300
     354     5000       90     4300
     359     5000       90     4300
     364     5000       90     4300
     369     5000       90     4300
     374     5000       90     4300
     379     5000       90     4400
     384     5000       90     4400
     389     5000       90     4400
     394     5000       90     4500
     399     5000       90     4500
     404     5000       90     4500
     409     5000       90     4500
     414     5000       90     4500
     419     5000       90     4500
     424     5000       90     4500
     429     5000       90     4500
     434     5000       90     4500
     439     5000       90     4500
     444     5000       90     4600
     449     5000       90     4500
     454     5000       90     4600
     459     5000       90     4600
     464     5000       90     4600
     469     5000       90     4600
     475     5000       90     4600
     480     5000       90     4600
     485     5000       90     4600
     490     5000       90     4600
     495     5000       90     4600
     500     5000       90     4600
     505     5000       90     4600
     510     5000       90     4600
     515     5000       90     4700
     520     5000       90     4600
     525     5000       90     4700
     530     5000       90     4600
     535     5000       90     4700
     540     5000       90     4600
     545     5000       90     4700
     550     5000       90     4700
     555     5000       90     4700
     560     5000       90     4700
     565     5000       90     4700
     570     5000       90     4700
     575     5000       90     4700
     580     5000       90     4700
     585     5000       90     4700
     590     5000       90     4700
     595     5000       90     4700
     600     5000       90     4800
     605     5000       90     4700
     610     5000       90     4800
     615     5000       90     4800
     620     5000       90     4800
     625     5000       90     4800
     630     5000       90     4800
     635     5000       90     4800
     640     5000       90     4800
     645     5000       90     4800
     650     5000       90     4800
     655     5000       90     4800
     660     5000       90     4900
     665     5000       90     4800
     670     5000       90     4900
     675     5000       90     4900
     680     5000       90     4900
     685     5000       90     4900
     690     5000       90     4900
     695     5000       90     4900
     700     5000       90     4900
     705     5000       90     4900
     710     5000       90     4900
     715     5000       90     4900
     720     5000       90     4900
     725     5000       90     4900
     730     5000       90     4900
     735     5000       90     4900
     740     5000       90     4900
     745     5000       90     4900
     750     5000       90     4900
     755     5000       90     4900
     760     5000       90     4900
     765     5000       90     5000
     770     5000       90     5000
     775     5000       90     5000
     780     5000       90     5000
     785     5000       90     5000
     790     5000       90     5000
     795     5000       90     5000
     800     5000       90     5000
     805     5000       90     5000
     810     5000       90     5000
     815     5000       90     5000
     820     5000       90     5000
     825     5000       90     5000
     830     5000       90     5000
     835     5000       90     5000
     840     5000       90     5000
     845     5000       90     5000
     850     5000       90     5000
     855     5000       90     5000
     860     5000       90     5000
     865     5000       90     5000
     870     5000       90     5000
     875     5000       90     5000
     880     5000       90     5100
     885     5000       90     5100
     890     5000       90     5000
     895     5000       90     5100
     900     5000       90     5000
     905     5000       90     5000
     910     5000       90     5100
     915     5000       90     5000
     920     5000       90     5100
     925     5000       90     5100
     930     5000       90     5100
     935     5000       90     5100
     940     5000       90     5100
     945     5000       90     5100
     950     5000       90     5100
     955     5000       90     5100
     960     5000       90     5100
     965     5000       90     5100
     970     5000       90     5100
     975     5000       90     5100
     980     5000       90     5100
     985     5000       90     5100
     990     5000       90     5100
     995     5000       90     5100
    1000     5000       90     5100
    1005     5000       90     5100
    1010     5000       90     5100
    1015     5000       90     5100
    1020     5000       90     5100
    1025     5000       90     5200
    1030     5000       90     5100
    1035     5000       90     5200
    1040     5000       90     5200
    1045     5000       90     5100
    1050     5000       90     5200
    1055     5000       90     5200
    1060     5000       90     5200
    1065     5000       90     5200
    1070     5000       90     5200
    1075     5000       90     5200
    1080     5000       90     5200
    1085     5000       90     5200
    1090     5000       90     5200
    1095     5000       90     5200
    1100     5000       90     5200
    1105     5000       90     5200
    1110     5000       90     5200
    1115     5000       90     5200
    1120     5000       90     5200
    1125     5000       90     5200
    1130     5000       90     5300
    1135     5000       90     5200
    1140     5000       90     5300
    1145     5000       90     5200
    1150     5000       90     5200
    1155     5000       90     5200
    1160     5000       90     5200
    1165     5000       90     5200
    1170     5000       90     5200
    1175     5000       90     5300
    1180     5000       90     5300
    1185     5000       90     5300
    1190     5000       90     5300
    1195     5000       90     5300
    1200     5000       90     5300
    1205     5000       90     5300
    1210     5000       90     5300
