       0        0        0        0        0        0
       5        0        0        0        0        0
      10        0        0        0        0        0
      15        0        0        0        0        0
      20        0        0        0        0        0
      25        0        0        0        0        0
      30        0        0        0        0        0
      35        0        0        0        0        0
      40        0        0        0        0        0
      45        0        0        0        0        0
      50        0        0        0        0        0
      55        0        0        0        0        0
      60        0        0        0        0        0
      65        0        0        0        0        0
      70        0        0        0        0        0
      75        0        0        0        0        0
      80        0        0        0        0        0
      85        0        0        0        0        0
      90        0        0        0        0        0
      95        0        0        0        0        0
     100        0        0        0        0        0
     105        0        0        0        0        0
     110        0        0        0        0        0
     115        0        0        0        0        0
     119        0        0        0        0        0
     124        0        0        0        0        0
     129        0        0        0        0        0
     134        0        0        0        0        0
     139        0        0        0        0        0
     144        0        0        0        0        0
     149        0        0        0        0        0
     154        0        0        0        0        0
     159        0        0        0        0        0
     164        0        0        0        0        0
     169        0        0        0        0        0
     174        0        0        0        0        0
     179        0        0        0        0        0
     184        0        0        0        0        0
     189        0        0        0        0        0
     194        0        0        0        0        0
     199        0        0        0        0        0
     204        0        0        0        0        0
     209        0        0        0        0        0
     214        0        0        0        0        0
     219        0        0        0        0        0
     224        0        0        0        0        0
     229        0        0        0        0        0
     234        0        0        0        0        0
     239        0        0        0        0        0
     244        0       41        0        0        0
     249        0      299        0        0        0
     254      100     1037        0        2        1
     259      300     2037        0        6        1
     264      600     3037        0       12        2
     269      800     4037        0       21        2
     274     1100     5037        0       32        2
     279     1200     6037        0       45        1
     284     1300     7037        0       59        0
     289     1400     8037        0       73        0
     294     1500     9037        0       88        0
     299     1600    10037      100      103        0
     304     1800    11037      300      118        0
     309     2000    12037      500      133        0
     314     2100    13037      800      146       -1
     319     2100    14037     1000      157       -2
     324     2000    14652     1300      164       -3
     329     2000    12297     1600      168       -3
     334     2000     9666     1900      169       -3
     339     1900     6945     2200      166       -3
     344     1900     4405     2400      161       -2
     349     1900     2307     2600      155       -1
     354     2000      760     2800      147       -1
     359     2000        0     2800      138        0
     364     2000        0     2800      130        0
     369     1900        0     2600      123        1
     374     1900      378     2500      118        1
     379     1900     1378     2300      115        1
     384     1900     2378     2100      113        2
     389     1900     3378     1900      114        1
     394     2000     4378     1700      116        1
     399     2000     5378     1600      120        1
     404     2000     6378     1500      124        0
     409     1900     7378     1500      129        0
     414     1900     8378     1400      134        0
     419     1900     9378     1500      139        0
     424     1900     9743     1600      142        0
     429     1900     9058     1700      145       -1
     434     1900     8151     1800      146       -1
     439     1900     7119     1900      146       -1
     444     1900     6046     2100      145       -1
     449     1900     5002     2200      142       -1
     454     1900     4086     2300      139        0
     459     2000     3392     2300      136        0
     464     2000     2936     2400      132        0
     469     2000     2679     2400      128        0
     475     2000     2584     2300      124        0
     480     2000     2649     2300      121        0
     485     2000     2894     2200      118        0
     490     1900     3314     2100      116        0
     495     1900     3866     2100      115        0
     500     1900     4497     2000      114        0
     505     1900     5179     1900      115        0
     510     1900     5871     1800      116        0
     515     1900     6479     1800      117        0
     520     1900     6898     1800      119        0
     525     2000     7080     1800      121        0
     530     2000     7038     1800      123        0
     535     2000     6806     1800      124        0
     540     2000     6413     1900      125        0
     545     1900     5890     2000      125        0
     550     1900     5271     2000      124        0
     555     1900     4610     2100      122        0
     560     1900     3977     2100      120        0
     565     1900     3446     2100      118        0
     570     1900     3083     2200      115        0
     575     1900     2914     2200      112        0
     580     1900     2927     2200      110        0
     585     1900     3126     2100      108        0
     590     2000     3517     2100      106        0
     595     2000     4053     2000      106        0
     600     2000     4629     2000      106        0
     605     2000     5143     1900      107        0
     610     1900     5520     1800      108        0
     615     1900     5694     1800      109        0
     620     1900     5638     1800      109        0
     625     1900     5413     1900      110        0
     630     1900     5140     1900      110        0
     635     1900     4938     1900      109        0
     640     1900     4877     1900      109        0
     645     1900     4960     1900      109        0
     650     2000     5167     1900      110        0
     655     2000     5483     1900      111        0
     660     2100     5888     1900      112        0
     665     2100     6370     1900      114        0
     670     2200     6998     1900      116        0
     675     2300     7996     2000      120        1
     680     2600     8996     2000      126        2
     685     2900     9996     2000      134        2
     690     3200    10996     2100      145        2
     695     3400    11996     2200      157        1
     700     3500    12996     2300      169        0
     705     3600    13996     2500      180        0
     710     3600    14996     2600      189       -1
     715     3500    15566     2800      196       -2
     720     3500    14047     3000      201       -2
     725     3500    12380     3200      204       -2
     730     3500    10625     3400      205       -2
     735     3500     8854     3600      203       -2
     740     3500     7173     3800      200       -1
     745     3500     5669     3900      195       -1
     750     3400     4390     4000      189       -1
     755     3400     3373     4100      183        0
     760     3400     2647     4000      176        0
     765     3300     2265     4000      169        0
     770     3300     2314     3900      163        0
     775     3300     2827     3800      159        1
     780     3400     3723     3700      155        1
     785     3400     4723     3500      153        1
     790     3400     5723     3400      153        1
     795     3400     6723     3300      154        1
     800     3400     7723     3200      156        0
     805     3400     8723     3100      158        0
     810     3300     9133     3100      161        0
     815     3300     9089     3100      163        0
     820     3300     8795     3200      164        0
     825     3300     8369     3200      165        0
     830     3300     7915     3300      165        0
     835     3300     7491     3300      165        0
     840     3300     7100     3400      164        0
     845     3300     6736     3400      163        0
     850     3400     6412     3500      162        0
     855     3400     6144     3500      160        0
     860     3400     5928     3500      159        0
     865     3400     5740     3500      157        0
     870     3400     5551     3600      155        0
     875     3300     5342     3600      153        0
     880     3300     5121     3600      151        0
     885     3300     4949     3500      148        0
     890     3300     4907     3500      146        0
     895     3300     5034     3500      145        0
     900     3300     5290     3500      143        0
     905     3300     5590     3400      142        0
     910     3300     5869     3400      142        0
     915     3300     6094     3400      142        0
     920     3400     6257     3400      141        0
     925     3400     6363     3400      141        0
     930     3400     6404     3400      141        0
     935     3400     6360     3400      141        0
     940     3300     6209     3400      141        0
     945     3300     5956     3400      140        0
     950     3300     5658     3400      139        0
     955     3300     5404     3400      138        0
     960     3300     5274     3400      137        0
     965     3300     5309     3400      136        0
     970     3300     5497     3400      135        0
     975     3300     5787     3400      135        0
     980     3400     6106     3300      135        0
     985     3400     6382     3300      136        0
     990     3400     6569     3300      136        0
     995     3400     6662     3300      137        0
    1000     3400     6658     3300      137        0
    1005     3400     6548     3300      138        0
    1010     3300     6351     3300      137        0
    1015     3300     6130     3400      137        0
    1020     3300     5965     3400      137        0
    1025     3400     5931     3400      137        0
    1030     3400     6076     3400      137        0
    1035     3500     6386     3400      137        0
    1040     3500     6800     3400      138        0
    1045     3500     7257     3400      139        0
    1050     3600     7763     3400      141        0
    1055     3700     8416     3400      144        0
    1060     3800     9381     3400      148        1
    1065     4000    10381     3400      153        1
    1070     4200    11381     3400      161        1
    1075     4400    12381     3500      170        1
    1080     4600    13381     3600      180        1
    1085     4800    14381     3700      191        0
    1090     4900    15381     3800      202        0
    1095     5000    16381     3900      212        0
    1100     5000    17381     4100      222        0
    1105     5100    17724     4200      230        0
    1110     5200    17304     4400      238        0
    1115     5200    16879     4600      245        0
    1120     5300    16375     4800      250       -1
    1125     5400    15591     4900      250       -1
    1130     5400    14274     5100      250       -1
    1135     5300    12659     5300      250       -2
    1140     5300    10884     5400      248       -2
    1145     5200     9111     5600      245       -1
    1150     5200     7556     5600      240       -1
    1155     5100     6386     5700      234        0
    1160     5100     5654     5700      228        0
    1165     5100     5341     5700      222        0
    1170     5200     5429     5700      217        0
    1175     5200     5882     5600      213        0
    1180     5200     6589     5500      210        1
    1185     5200     7395     5400      208        1
    1190     5200     8171     5300      207        0
    1195     5200     8846     5200      207        0
    1200     5200     9378     5100      207        0
    1205     5200     9730     5100      207        0
    1210     5100     9880     5100      208        0
    1215     5100     9843     5100      208        0
    1220     5100     9693     5100      208        0
    1225     5100     9551     5100      209        0
    1230     5100     9477     5100      209        0
    1235     5200     9448     5200      209        0
    1240     5200     9424     5200      208        0
    1245     5200     9384     5200      208        0
    1250     5200     9313     5200      208        0
    1255     5200     9211     5200      208        0
    1260     5200     9096     5200      207        0
    1265     5200     8965     5300      207        0
    1270     5200     8798     5300      206        0
    1275     5200     8605     5300      205        0
    1280     5100     8432     5300      204        0
    1285     5100     8312     5300      203        0
    1290     5200     8236     5300      202        0
    1295     5200     8196     5300      201        0
    1300     5200     8219     5300      200        0
    1305     5200     8309     5300      199        0
    1310     5200     8423     5300      198        0
    1315     5200     8516     5200      198        0
    1320     5200     8575     5200      197        0
    1325     5200     8590     5200      197        0
    1330     5200     8533     5200      196        0
    1335     5200     8396     5200      196        0
    1340     5100     8236     5200      195        0
    1345     5100     8122     5200      194        0
    1350     5100     8091     5200      193        0
    1355     5200     8134     5200      192        0
    1360     5200     8231     5200      192        0
    1365     5200     8372     5200      192        0
    1370     5200     8546     5200      192        0
    1375     5200     8712     5200      192        0
    1380     5200     8819     5200      192        0
    1385     5200     8836     5200      192        0
    1390     5200     8757     5200      192        0
    1395     5200     8585     5200      192        0
    1400     5100     8345     5200      191        0
    1405     5100     8108     5200      190        0
    1410     5100     7968     5200      190        0
    1415     5100     7985     5200      189        0
    1420     5100     8130     5200      189        0
    1425     5200     8309     5200      188        0
    1430     5200     8463     5200      188        0
    1435     5200     8584     5200      188        0
    1440     5200     8655     5200      189        0
    1445     5200     8648     5200      189        0
    1450     5200     8581     5200      189        0
    1455     5200     8505     5200      189        0
    1460     5100     8424     5200      188        0
    1465     5100     8314     5200      188        0
    1470     5100     8187     5200      188        0
    1475     5100     8075     5200      187        0
    1480     5100     8005     5200      186        0
    1485     5100     8000     5200      186        0
    1490     5100     8055     5200      185        0
    1495     5100     8141     5200      185        0
    1500     5100     8219     5200      185        0
    1505     5100     8267     5200      185        0
    1510     5100     8280     5100      185        0
    1515     5100     8274     5100      185        0
    1520     5100     8262     5100      185        0
    1525     5100     8220     5100      184        0
    1530     5100     8121     5100      184        0
    1535     5100     7981     5100      183        0
    1540     5100     7847     5100      183        0
    1545     5100     7767     5100      182        0
    1550     5100     7762     5100      182        0
    1555     5100     7822     5100      181        0
    1560     5100     7940     5100      181        0
    1565     5100     8114     5100      181        0
    1570     5100     8310     5100      181        0
