TimeQuest Timing Analyzer report for Lab2_top_level
Wed Dec 20 14:00:15 2017
Quartus II 64-Bit Version 13.0.1 Build 232 06/12/2013 Service Pack 1 SJ Web Edition


---------------------
; Table of Contents ;
---------------------
  1. Legal Notice
  2. TimeQuest Timing Analyzer Summary
  3. Parallel Compilation
  4. Clocks
  5. Slow Model Fmax Summary
  6. Slow Model Setup Summary
  7. Slow Model Hold Summary
  8. Slow Model Recovery Summary
  9. Slow Model Removal Summary
 10. Slow Model Minimum Pulse Width Summary
 11. Propagation Delay
 12. Minimum Propagation Delay
 13. Fast Model Setup Summary
 14. Fast Model Hold Summary
 15. Fast Model Recovery Summary
 16. Fast Model Removal Summary
 17. Fast Model Minimum Pulse Width Summary
 18. Propagation Delay
 19. Minimum Propagation Delay
 20. Multicorner Timing Analysis Summary
 21. Progagation Delay
 22. Minimum Progagation Delay
 23. Clock Transfers
 24. Report TCCS
 25. Report RSKM
 26. Unconstrained Paths
 27. TimeQuest Timing Analyzer Messages



----------------
; Legal Notice ;
----------------
Copyright (C) 1991-2013 Altera Corporation
Your use of Altera Corporation's design tools, logic functions 
and other software and tools, and its AMPP partner logic 
functions, and any output files from any of the foregoing 
(including device programming or simulation files), and any 
associated documentation or information are expressly subject 
to the terms and conditions of the Altera Program License 
Subscription Agreement, Altera MegaCore Function License 
Agreement, or other applicable license agreement, including, 
without limitation, that your use is for the sole purpose of 
programming logic devices manufactured by Altera and sold by 
Altera or its authorized distributors.  Please refer to the 
applicable agreement for further details.



+----------------------------------------------------------------------------------------+
; TimeQuest Timing Analyzer Summary                                                      ;
+--------------------+-------------------------------------------------------------------+
; Quartus II Version ; Version 13.0.1 Build 232 06/12/2013 Service Pack 1 SJ Web Edition ;
; Revision Name      ; Lab2_top_level                                                    ;
; Device Family      ; Cyclone II                                                        ;
; Device Name        ; EP2C35F672C6                                                      ;
; Timing Models      ; Final                                                             ;
; Delay Model        ; Combined                                                          ;
; Rise/Fall Delays   ; Unavailable                                                       ;
+--------------------+-------------------------------------------------------------------+


Parallel compilation was disabled, but you have multiple processors available. Enable parallel compilation to reduce compilation time.
+-------------------------------------+
; Parallel Compilation                ;
+----------------------------+--------+
; Processors                 ; Number ;
+----------------------------+--------+
; Number detected on machine ; 8      ;
; Maximum allowed            ; 1      ;
+----------------------------+--------+


----------
; Clocks ;
----------
No clocks to report.


---------------------------
; Slow Model Fmax Summary ;
---------------------------
No paths to report.


----------------------------
; Slow Model Setup Summary ;
----------------------------
No paths to report.


---------------------------
; Slow Model Hold Summary ;
---------------------------
No paths to report.


-------------------------------
; Slow Model Recovery Summary ;
-------------------------------
No paths to report.


------------------------------
; Slow Model Removal Summary ;
------------------------------
No paths to report.


------------------------------------------
; Slow Model Minimum Pulse Width Summary ;
------------------------------------------
No paths to report.


+--------------------------------------------------------------+
; Propagation Delay                                            ;
+------------+-------------+--------+--------+--------+--------+
; Input Port ; Output Port ; RR     ; RF     ; FR     ; FF     ;
+------------+-------------+--------+--------+--------+--------+
; SW[0]      ; HEX0[3]     ; 5.764  ;        ;        ; 5.764  ;
; SW[0]      ; HEX1[6]     ; 5.264  ;        ;        ; 5.264  ;
; SW[0]      ; HEX2[0]     ; 5.264  ;        ;        ; 5.264  ;
; SW[0]      ; HEX4[0]     ; 6.777  ;        ;        ; 6.777  ;
; SW[0]      ; HEX4[1]     ; 7.420  ;        ;        ; 7.420  ;
; SW[0]      ; HEX4[2]     ; 6.769  ;        ;        ; 6.769  ;
; SW[0]      ; HEX4[3]     ; 7.124  ;        ;        ; 7.124  ;
; SW[0]      ; HEX4[4]     ; 7.330  ;        ;        ; 7.330  ;
; SW[0]      ; HEX4[5]     ; 7.312  ;        ;        ; 7.312  ;
; SW[0]      ; HEX4[6]     ; 7.068  ;        ;        ; 7.068  ;
; SW[0]      ; HEX5[0]     ; 7.309  ;        ;        ; 7.309  ;
; SW[0]      ; HEX5[1]     ; 7.586  ;        ;        ; 7.586  ;
; SW[0]      ; HEX5[2]     ; 7.949  ;        ;        ; 7.949  ;
; SW[0]      ; HEX5[3]     ; 8.507  ;        ;        ; 8.507  ;
; SW[0]      ; HEX5[4]     ; 8.120  ;        ;        ; 8.120  ;
; SW[0]      ; HEX5[5]     ; 7.583  ;        ;        ; 7.583  ;
; SW[0]      ; HEX5[6]     ; 7.298  ;        ;        ; 7.298  ;
; SW[0]      ; HEX6[0]     ; 7.073  ;        ;        ; 7.073  ;
; SW[0]      ; HEX6[1]     ; 7.079  ;        ;        ; 7.079  ;
; SW[0]      ; HEX6[2]     ; 7.827  ;        ;        ; 7.827  ;
; SW[0]      ; HEX6[3]     ; 7.634  ;        ;        ; 7.634  ;
; SW[0]      ; HEX6[4]     ; 8.820  ;        ;        ; 8.820  ;
; SW[0]      ; HEX6[5]     ; 8.022  ;        ;        ; 8.022  ;
; SW[0]      ; HEX6[6]     ; 7.593  ;        ;        ; 7.593  ;
; SW[0]      ; HEX7[0]     ; 7.913  ;        ;        ; 7.913  ;
; SW[0]      ; HEX7[1]     ; 7.913  ;        ;        ; 7.913  ;
; SW[0]      ; HEX7[2]     ; 8.326  ;        ;        ; 8.326  ;
; SW[0]      ; HEX7[3]     ; 7.881  ;        ;        ; 7.881  ;
; SW[0]      ; HEX7[4]     ; 8.375  ;        ;        ; 8.375  ;
; SW[0]      ; HEX7[5]     ; 8.033  ;        ;        ; 8.033  ;
; SW[0]      ; HEX7[6]     ; 7.946  ;        ;        ; 7.946  ;
; SW[1]      ; HEX4[0]     ; 8.046  ; 8.046  ; 8.046  ; 8.046  ;
; SW[1]      ; HEX4[1]     ; 8.212  ; 8.212  ; 8.212  ; 8.212  ;
; SW[1]      ; HEX4[2]     ; 7.457  ; 7.637  ; 7.637  ; 7.457  ;
; SW[1]      ; HEX4[3]     ; 7.916  ; 7.916  ; 7.916  ; 7.916  ;
; SW[1]      ; HEX4[4]     ; 7.720  ; 7.720  ; 7.720  ; 7.720  ;
; SW[1]      ; HEX4[5]     ; 7.267  ; 7.267  ; 7.267  ; 7.267  ;
; SW[1]      ; HEX4[6]     ; 8.332  ; 8.332  ; 8.332  ; 8.332  ;
; SW[1]      ; HEX5[0]     ; 9.703  ; 9.703  ; 9.703  ; 9.703  ;
; SW[1]      ; HEX5[1]     ; 10.974 ; 10.974 ; 10.974 ; 10.974 ;
; SW[1]      ; HEX5[2]     ; 10.006 ; 10.006 ; 10.006 ; 10.006 ;
; SW[1]      ; HEX5[3]     ; 10.528 ; 10.528 ; 10.528 ; 10.528 ;
; SW[1]      ; HEX5[4]     ; 10.177 ; 10.177 ; 10.177 ; 10.177 ;
; SW[1]      ; HEX5[5]     ; 10.973 ; 10.973 ; 10.973 ; 10.973 ;
; SW[1]      ; HEX5[6]     ; 10.872 ; 10.872 ; 10.872 ; 10.872 ;
; SW[10]     ; HEX4[0]     ; 6.683  ; 6.683  ; 6.683  ; 6.683  ;
; SW[10]     ; HEX4[1]     ; 6.280  ; 6.280  ; 6.280  ; 6.280  ;
; SW[10]     ; HEX4[2]     ; 6.107  ; 6.291  ; 6.291  ; 6.107  ;
; SW[10]     ; HEX4[3]     ; 5.984  ; 5.984  ; 5.984  ; 5.984  ;
; SW[10]     ; HEX4[4]     ; 5.887  ; 5.887  ; 5.887  ; 5.887  ;
; SW[10]     ; HEX4[5]     ; 5.730  ; 6.035  ; 6.035  ; 5.730  ;
; SW[10]     ; HEX4[6]     ; 6.969  ; 6.969  ; 6.969  ; 6.969  ;
; SW[10]     ; HEX5[0]     ; 8.196  ; 8.196  ; 8.196  ; 8.196  ;
; SW[10]     ; HEX5[1]     ; 9.467  ; 9.467  ; 9.467  ; 9.467  ;
; SW[10]     ; HEX5[2]     ; 8.499  ; 8.499  ; 8.499  ; 8.499  ;
; SW[10]     ; HEX5[3]     ; 9.021  ; 9.021  ; 9.021  ; 9.021  ;
; SW[10]     ; HEX5[4]     ; 8.670  ; 8.670  ; 8.670  ; 8.670  ;
; SW[10]     ; HEX5[5]     ; 9.466  ; 9.466  ; 9.466  ; 9.466  ;
; SW[10]     ; HEX5[6]     ; 9.365  ; 9.365  ; 9.365  ; 9.365  ;
; SW[10]     ; HEX6[0]     ; 5.851  ; 5.851  ; 5.851  ; 5.851  ;
; SW[10]     ; HEX6[1]     ; 5.867  ; 5.867  ; 5.867  ; 5.867  ;
; SW[10]     ; HEX6[2]     ;        ; 5.609  ; 5.609  ;        ;
; SW[10]     ; HEX6[3]     ; 7.062  ; 7.062  ; 7.062  ; 7.062  ;
; SW[10]     ; HEX6[4]     ; 6.421  ;        ;        ; 6.421  ;
; SW[10]     ; HEX6[5]     ; 6.894  ;        ;        ; 6.894  ;
; SW[10]     ; HEX6[6]     ; 6.994  ;        ;        ; 6.994  ;
; SW[11]     ; HEX4[0]     ; 6.521  ; 6.521  ; 6.521  ; 6.521  ;
; SW[11]     ; HEX4[1]     ; 6.046  ; 6.046  ; 6.046  ; 6.046  ;
; SW[11]     ; HEX4[2]     ; 5.932  ; 6.120  ; 6.120  ; 5.932  ;
; SW[11]     ; HEX4[3]     ; 5.749  ; 5.749  ; 5.749  ; 5.749  ;
; SW[11]     ; HEX4[4]     ; 6.204  ; 6.204  ; 6.204  ; 6.204  ;
; SW[11]     ; HEX4[5]     ; 6.070  ; 6.070  ; 6.070  ; 6.070  ;
; SW[11]     ; HEX4[6]     ; 6.807  ; 6.807  ; 6.807  ; 6.807  ;
; SW[11]     ; HEX5[0]     ; 7.518  ; 7.518  ; 7.518  ; 7.518  ;
; SW[11]     ; HEX5[1]     ; 8.789  ; 8.789  ; 8.789  ; 8.789  ;
; SW[11]     ; HEX5[2]     ; 7.821  ; 7.821  ; 7.821  ; 7.821  ;
; SW[11]     ; HEX5[3]     ; 8.343  ; 8.343  ; 8.343  ; 8.343  ;
; SW[11]     ; HEX5[4]     ; 7.992  ; 7.992  ; 7.992  ; 7.992  ;
; SW[11]     ; HEX5[5]     ; 8.788  ; 8.788  ; 8.788  ; 8.788  ;
; SW[11]     ; HEX5[6]     ; 8.687  ; 8.687  ; 8.687  ; 8.687  ;
; SW[11]     ; HEX6[0]     ; 5.678  ; 5.678  ; 5.678  ; 5.678  ;
; SW[11]     ; HEX6[1]     ; 5.695  ; 5.695  ; 5.695  ; 5.695  ;
; SW[11]     ; HEX6[2]     ; 5.788  ;        ;        ; 5.788  ;
; SW[11]     ; HEX6[3]     ; 7.099  ; 7.099  ; 7.099  ; 7.099  ;
; SW[11]     ; HEX6[4]     ; 6.761  ; 6.761  ; 6.761  ; 6.761  ;
; SW[11]     ; HEX6[5]     ; 6.919  ;        ;        ; 6.919  ;
; SW[11]     ; HEX6[6]     ; 7.013  ; 7.013  ; 7.013  ; 7.013  ;
; SW[12]     ; HEX4[0]     ; 6.688  ; 6.688  ; 6.688  ; 6.688  ;
; SW[12]     ; HEX4[1]     ; 6.302  ;        ;        ; 6.302  ;
; SW[12]     ; HEX4[2]     ; 5.601  ; 5.601  ; 5.601  ; 5.601  ;
; SW[12]     ; HEX4[3]     ; 6.006  ; 6.006  ; 6.006  ; 6.006  ;
; SW[12]     ; HEX4[4]     ; 6.388  ; 6.388  ; 6.388  ; 6.388  ;
; SW[12]     ; HEX4[5]     ; 6.050  ; 6.050  ; 6.050  ; 6.050  ;
; SW[12]     ; HEX4[6]     ; 6.974  ; 6.974  ; 6.974  ; 6.974  ;
; SW[12]     ; HEX5[0]     ; 8.329  ; 8.329  ; 8.329  ; 8.329  ;
; SW[12]     ; HEX5[1]     ; 9.600  ; 9.600  ; 9.600  ; 9.600  ;
; SW[12]     ; HEX5[2]     ; 8.632  ; 8.632  ; 8.632  ; 8.632  ;
; SW[12]     ; HEX5[3]     ; 9.154  ; 9.154  ; 9.154  ; 9.154  ;
; SW[12]     ; HEX5[4]     ; 8.803  ; 8.803  ; 8.803  ; 8.803  ;
; SW[12]     ; HEX5[5]     ; 9.599  ; 9.599  ; 9.599  ; 9.599  ;
; SW[12]     ; HEX5[6]     ; 9.498  ; 9.498  ; 9.498  ; 9.498  ;
; SW[12]     ; HEX6[0]     ; 5.627  ; 5.627  ; 5.627  ; 5.627  ;
; SW[12]     ; HEX6[1]     ; 5.642  ;        ;        ; 5.642  ;
; SW[12]     ; HEX6[2]     ; 6.045  ; 5.638  ; 5.638  ; 6.045  ;
; SW[12]     ; HEX6[3]     ; 7.075  ; 7.075  ; 7.075  ; 7.075  ;
; SW[12]     ; HEX6[4]     ; 7.020  ;        ;        ; 7.020  ;
; SW[12]     ; HEX6[5]     ; 6.898  ; 6.898  ; 6.898  ; 6.898  ;
; SW[12]     ; HEX6[6]     ; 7.002  ; 7.002  ; 7.002  ; 7.002  ;
; SW[13]     ; HEX4[0]     ; 9.926  ; 9.926  ; 9.926  ; 9.926  ;
; SW[13]     ; HEX4[1]     ; 9.548  ; 9.548  ; 9.548  ; 9.548  ;
; SW[13]     ; HEX4[2]     ; 9.919  ; 9.729  ; 9.729  ; 9.919  ;
; SW[13]     ; HEX4[3]     ; 9.251  ; 9.251  ; 9.251  ; 9.251  ;
; SW[13]     ; HEX4[4]     ; 10.001 ;        ;        ; 10.001 ;
; SW[13]     ; HEX4[5]     ; 9.655  ; 9.655  ; 9.655  ; 9.655  ;
; SW[13]     ; HEX4[6]     ; 10.212 ; 10.212 ; 10.212 ; 10.212 ;
; SW[13]     ; HEX5[0]     ; 11.307 ; 11.307 ; 11.307 ; 11.307 ;
; SW[13]     ; HEX5[1]     ; 12.578 ; 12.578 ; 12.578 ; 12.578 ;
; SW[13]     ; HEX5[2]     ; 11.610 ; 11.610 ; 11.610 ; 11.610 ;
; SW[13]     ; HEX5[3]     ; 12.132 ; 12.132 ; 12.132 ; 12.132 ;
; SW[13]     ; HEX5[4]     ; 11.781 ; 11.781 ; 11.781 ; 11.781 ;
; SW[13]     ; HEX5[5]     ; 12.577 ; 12.577 ; 12.577 ; 12.577 ;
; SW[13]     ; HEX5[6]     ; 12.476 ; 12.476 ; 12.476 ; 12.476 ;
; SW[13]     ; HEX6[0]     ; 10.169 ; 10.169 ; 10.169 ; 10.169 ;
; SW[13]     ; HEX6[1]     ; 10.189 ;        ;        ; 10.189 ;
; SW[13]     ; HEX6[2]     ; 9.953  ;        ;        ; 9.953  ;
; SW[13]     ; HEX6[3]     ; 10.684 ;        ;        ; 10.684 ;
; SW[13]     ; HEX6[4]     ; 10.947 ;        ;        ; 10.947 ;
; SW[13]     ; HEX6[5]     ; 10.520 ; 10.520 ; 10.520 ; 10.520 ;
; SW[13]     ; HEX6[6]     ; 10.621 ; 10.621 ; 10.621 ; 10.621 ;
; SW[14]     ; HEX5[0]     ; 10.701 ; 10.701 ; 10.701 ; 10.701 ;
; SW[14]     ; HEX5[1]     ; 11.972 ; 11.972 ; 11.972 ; 11.972 ;
; SW[14]     ; HEX5[2]     ; 10.675 ; 10.675 ; 10.675 ; 10.675 ;
; SW[14]     ; HEX5[3]     ; 11.071 ; 11.071 ; 11.071 ; 11.071 ;
; SW[14]     ; HEX5[4]     ; 10.720 ; 10.720 ; 10.720 ; 10.720 ;
; SW[14]     ; HEX5[5]     ; 11.971 ; 11.971 ; 11.971 ; 11.971 ;
; SW[14]     ; HEX5[6]     ; 11.870 ; 11.870 ; 11.870 ; 11.870 ;
; SW[14]     ; HEX7[0]     ; 10.297 ; 10.297 ; 10.297 ; 10.297 ;
; SW[14]     ; HEX7[1]     ; 10.298 ; 10.298 ; 10.298 ; 10.298 ;
; SW[14]     ; HEX7[2]     ;        ; 9.812  ; 9.812  ;        ;
; SW[14]     ; HEX7[3]     ; 10.288 ; 10.288 ; 10.288 ; 10.288 ;
; SW[14]     ; HEX7[4]     ; 9.779  ;        ;        ; 9.779  ;
; SW[14]     ; HEX7[5]     ; 10.863 ;        ;        ; 10.863 ;
; SW[14]     ; HEX7[6]     ; 10.880 ;        ;        ; 10.880 ;
; SW[15]     ; HEX5[0]     ; 10.143 ; 10.143 ; 10.143 ; 10.143 ;
; SW[15]     ; HEX5[1]     ; 11.414 ; 11.414 ; 11.414 ; 11.414 ;
; SW[15]     ; HEX5[2]     ; 10.505 ; 10.505 ; 10.505 ; 10.505 ;
; SW[15]     ; HEX5[3]     ; 11.027 ; 11.027 ; 11.027 ; 11.027 ;
; SW[15]     ; HEX5[4]     ; 10.676 ; 10.676 ; 10.676 ; 10.676 ;
; SW[15]     ; HEX5[5]     ; 11.413 ; 11.413 ; 11.413 ; 11.413 ;
; SW[15]     ; HEX5[6]     ; 11.312 ; 11.312 ; 11.312 ; 11.312 ;
; SW[15]     ; HEX7[0]     ; 10.124 ; 10.124 ; 10.124 ; 10.124 ;
; SW[15]     ; HEX7[1]     ; 10.121 ; 10.121 ; 10.121 ; 10.121 ;
; SW[15]     ; HEX7[2]     ; 10.048 ;        ;        ; 10.048 ;
; SW[15]     ; HEX7[3]     ; 10.114 ; 10.114 ; 10.114 ; 10.114 ;
; SW[15]     ; HEX7[4]     ; 10.101 ; 10.101 ; 10.101 ; 10.101 ;
; SW[15]     ; HEX7[5]     ; 10.688 ;        ;        ; 10.688 ;
; SW[15]     ; HEX7[6]     ; 10.700 ; 10.700 ; 10.700 ; 10.700 ;
; SW[16]     ; HEX5[0]     ; 10.465 ; 10.465 ; 10.465 ; 10.465 ;
; SW[16]     ; HEX5[1]     ; 11.736 ; 11.736 ; 11.736 ; 11.736 ;
; SW[16]     ; HEX5[2]     ; 10.439 ; 10.439 ; 10.439 ; 10.439 ;
; SW[16]     ; HEX5[3]     ; 10.788 ; 10.788 ; 10.788 ; 10.788 ;
; SW[16]     ; HEX5[4]     ; 10.437 ; 10.437 ; 10.437 ; 10.437 ;
; SW[16]     ; HEX5[5]     ; 11.735 ; 11.735 ; 11.735 ; 11.735 ;
; SW[16]     ; HEX5[6]     ; 11.634 ; 11.634 ; 11.634 ; 11.634 ;
; SW[16]     ; HEX7[0]     ; 10.348 ; 10.348 ; 10.348 ; 10.348 ;
; SW[16]     ; HEX7[1]     ; 10.349 ;        ;        ; 10.349 ;
; SW[16]     ; HEX7[2]     ; 10.263 ; 9.850  ; 9.850  ; 10.263 ;
; SW[16]     ; HEX7[3]     ; 10.321 ; 10.321 ; 10.321 ; 10.321 ;
; SW[16]     ; HEX7[4]     ; 10.315 ;        ;        ; 10.315 ;
; SW[16]     ; HEX7[5]     ; 10.919 ; 10.919 ; 10.919 ; 10.919 ;
; SW[16]     ; HEX7[6]     ; 10.921 ; 10.921 ; 10.921 ; 10.921 ;
; SW[17]     ; HEX5[0]     ; 9.923  ; 9.923  ; 9.923  ; 9.923  ;
; SW[17]     ; HEX5[1]     ; 11.194 ; 11.194 ; 11.194 ; 11.194 ;
; SW[17]     ; HEX5[2]     ; 9.897  ; 9.897  ; 9.897  ; 9.897  ;
; SW[17]     ; HEX5[3]     ; 10.244 ; 10.244 ; 10.244 ; 10.244 ;
; SW[17]     ; HEX5[4]     ; 9.896  ; 9.896  ; 9.896  ; 9.896  ;
; SW[17]     ; HEX5[5]     ; 11.193 ; 11.193 ; 11.193 ; 11.193 ;
; SW[17]     ; HEX5[6]     ; 11.092 ; 11.092 ; 11.092 ; 11.092 ;
; SW[17]     ; HEX7[0]     ; 10.068 ; 10.068 ; 10.068 ; 10.068 ;
; SW[17]     ; HEX7[1]     ; 10.066 ;        ;        ; 10.066 ;
; SW[17]     ; HEX7[2]     ; 9.979  ;        ;        ; 9.979  ;
; SW[17]     ; HEX7[3]     ; 10.034 ;        ;        ; 10.034 ;
; SW[17]     ; HEX7[4]     ; 10.026 ;        ;        ; 10.026 ;
; SW[17]     ; HEX7[5]     ; 10.636 ; 10.636 ; 10.636 ; 10.636 ;
; SW[17]     ; HEX7[6]     ; 10.639 ; 10.639 ; 10.639 ; 10.639 ;
+------------+-------------+--------+--------+--------+--------+


+--------------------------------------------------------------+
; Minimum Propagation Delay                                    ;
+------------+-------------+--------+--------+--------+--------+
; Input Port ; Output Port ; RR     ; RF     ; FR     ; FF     ;
+------------+-------------+--------+--------+--------+--------+
; SW[0]      ; HEX0[3]     ; 5.764  ;        ;        ; 5.764  ;
; SW[0]      ; HEX1[6]     ; 5.264  ;        ;        ; 5.264  ;
; SW[0]      ; HEX2[0]     ; 5.264  ;        ;        ; 5.264  ;
; SW[0]      ; HEX4[0]     ; 6.777  ;        ;        ; 6.777  ;
; SW[0]      ; HEX4[1]     ; 7.420  ;        ;        ; 7.420  ;
; SW[0]      ; HEX4[2]     ; 6.769  ;        ;        ; 6.769  ;
; SW[0]      ; HEX4[3]     ; 7.124  ;        ;        ; 7.124  ;
; SW[0]      ; HEX4[4]     ; 7.330  ;        ;        ; 7.330  ;
; SW[0]      ; HEX4[5]     ; 7.312  ;        ;        ; 7.312  ;
; SW[0]      ; HEX4[6]     ; 7.068  ;        ;        ; 7.068  ;
; SW[0]      ; HEX5[0]     ; 7.309  ;        ;        ; 7.309  ;
; SW[0]      ; HEX5[1]     ; 7.586  ;        ;        ; 7.586  ;
; SW[0]      ; HEX5[2]     ; 7.949  ;        ;        ; 7.949  ;
; SW[0]      ; HEX5[3]     ; 8.507  ;        ;        ; 8.507  ;
; SW[0]      ; HEX5[4]     ; 8.120  ;        ;        ; 8.120  ;
; SW[0]      ; HEX5[5]     ; 7.583  ;        ;        ; 7.583  ;
; SW[0]      ; HEX5[6]     ; 7.298  ;        ;        ; 7.298  ;
; SW[0]      ; HEX6[0]     ; 7.073  ;        ;        ; 7.073  ;
; SW[0]      ; HEX6[1]     ; 7.079  ;        ;        ; 7.079  ;
; SW[0]      ; HEX6[2]     ; 7.827  ;        ;        ; 7.827  ;
; SW[0]      ; HEX6[3]     ; 7.634  ;        ;        ; 7.634  ;
; SW[0]      ; HEX6[4]     ; 8.820  ;        ;        ; 8.820  ;
; SW[0]      ; HEX6[5]     ; 8.022  ;        ;        ; 8.022  ;
; SW[0]      ; HEX6[6]     ; 7.593  ;        ;        ; 7.593  ;
; SW[0]      ; HEX7[0]     ; 7.913  ;        ;        ; 7.913  ;
; SW[0]      ; HEX7[1]     ; 7.913  ;        ;        ; 7.913  ;
; SW[0]      ; HEX7[2]     ; 8.326  ;        ;        ; 8.326  ;
; SW[0]      ; HEX7[3]     ; 7.881  ;        ;        ; 7.881  ;
; SW[0]      ; HEX7[4]     ; 8.375  ;        ;        ; 8.375  ;
; SW[0]      ; HEX7[5]     ; 8.033  ;        ;        ; 8.033  ;
; SW[0]      ; HEX7[6]     ; 7.946  ;        ;        ; 7.946  ;
; SW[1]      ; HEX4[0]     ; 7.649  ; 7.649  ; 7.649  ; 7.649  ;
; SW[1]      ; HEX4[1]     ; 7.943  ; 7.943  ; 7.943  ; 7.943  ;
; SW[1]      ; HEX4[2]     ; 7.457  ; 7.457  ; 7.457  ; 7.457  ;
; SW[1]      ; HEX4[3]     ; 7.642  ; 7.642  ; 7.642  ; 7.642  ;
; SW[1]      ; HEX4[4]     ; 7.219  ; 7.219  ; 7.219  ; 7.219  ;
; SW[1]      ; HEX4[5]     ; 7.267  ; 7.267  ; 7.267  ; 7.267  ;
; SW[1]      ; HEX4[6]     ; 7.753  ; 7.753  ; 7.753  ; 7.753  ;
; SW[1]      ; HEX5[0]     ; 8.703  ; 8.703  ; 8.703  ; 8.703  ;
; SW[1]      ; HEX5[1]     ; 9.960  ; 9.960  ; 9.960  ; 9.960  ;
; SW[1]      ; HEX5[2]     ; 8.501  ; 8.501  ; 8.501  ; 8.501  ;
; SW[1]      ; HEX5[3]     ; 8.760  ; 8.760  ; 8.760  ; 8.760  ;
; SW[1]      ; HEX5[4]     ; 8.603  ; 8.603  ; 8.603  ; 8.603  ;
; SW[1]      ; HEX5[5]     ; 9.959  ; 9.959  ; 9.959  ; 9.959  ;
; SW[1]      ; HEX5[6]     ; 9.288  ; 9.288  ; 9.288  ; 9.288  ;
; SW[10]     ; HEX4[0]     ; 6.311  ; 6.311  ; 6.311  ; 6.311  ;
; SW[10]     ; HEX4[1]     ; 6.010  ; 6.010  ; 6.010  ; 6.010  ;
; SW[10]     ; HEX4[2]     ; 6.107  ; 6.107  ; 6.107  ; 6.107  ;
; SW[10]     ; HEX4[3]     ; 5.710  ; 5.710  ; 5.710  ; 5.710  ;
; SW[10]     ; HEX4[4]     ; 5.887  ; 5.887  ; 5.887  ; 5.887  ;
; SW[10]     ; HEX4[5]     ; 5.730  ; 6.035  ; 6.035  ; 5.730  ;
; SW[10]     ; HEX4[6]     ; 6.422  ; 6.422  ; 6.422  ; 6.422  ;
; SW[10]     ; HEX5[0]     ; 7.857  ; 7.857  ; 7.857  ; 7.857  ;
; SW[10]     ; HEX5[1]     ; 9.114  ; 9.114  ; 9.114  ; 9.114  ;
; SW[10]     ; HEX5[2]     ; 7.655  ; 7.655  ; 7.655  ; 7.655  ;
; SW[10]     ; HEX5[3]     ; 7.914  ; 7.914  ; 7.914  ; 7.914  ;
; SW[10]     ; HEX5[4]     ; 7.757  ; 7.757  ; 7.757  ; 7.757  ;
; SW[10]     ; HEX5[5]     ; 9.113  ; 9.113  ; 9.113  ; 9.113  ;
; SW[10]     ; HEX5[6]     ; 8.442  ; 8.442  ; 8.442  ; 8.442  ;
; SW[10]     ; HEX6[0]     ; 5.851  ; 5.851  ; 5.851  ; 5.851  ;
; SW[10]     ; HEX6[1]     ; 5.867  ; 5.867  ; 5.867  ; 5.867  ;
; SW[10]     ; HEX6[2]     ;        ; 5.609  ; 5.609  ;        ;
; SW[10]     ; HEX6[3]     ; 7.062  ; 7.062  ; 7.062  ; 7.062  ;
; SW[10]     ; HEX6[4]     ; 6.421  ;        ;        ; 6.421  ;
; SW[10]     ; HEX6[5]     ; 6.894  ;        ;        ; 6.894  ;
; SW[10]     ; HEX6[6]     ; 6.994  ;        ;        ; 6.994  ;
; SW[11]     ; HEX4[0]     ; 6.125  ; 6.125  ; 6.125  ; 6.125  ;
; SW[11]     ; HEX4[1]     ; 5.767  ; 5.767  ; 5.767  ; 5.767  ;
; SW[11]     ; HEX4[2]     ; 5.932  ; 5.932  ; 5.932  ; 5.932  ;
; SW[11]     ; HEX4[3]     ; 5.476  ; 5.476  ; 5.476  ; 5.476  ;
; SW[11]     ; HEX4[4]     ; 6.204  ; 6.204  ; 6.204  ; 6.204  ;
; SW[11]     ; HEX4[5]     ; 5.755  ; 6.070  ; 6.070  ; 5.755  ;
; SW[11]     ; HEX4[6]     ; 6.238  ; 6.238  ; 6.238  ; 6.238  ;
; SW[11]     ; HEX5[0]     ; 7.179  ; 7.179  ; 7.179  ; 7.179  ;
; SW[11]     ; HEX5[1]     ; 8.436  ; 8.436  ; 8.436  ; 8.436  ;
; SW[11]     ; HEX5[2]     ; 6.977  ; 6.977  ; 6.977  ; 6.977  ;
; SW[11]     ; HEX5[3]     ; 7.236  ; 7.236  ; 7.236  ; 7.236  ;
; SW[11]     ; HEX5[4]     ; 7.079  ; 7.079  ; 7.079  ; 7.079  ;
; SW[11]     ; HEX5[5]     ; 8.435  ; 8.435  ; 8.435  ; 8.435  ;
; SW[11]     ; HEX5[6]     ; 7.764  ; 7.764  ; 7.764  ; 7.764  ;
; SW[11]     ; HEX6[0]     ; 5.678  ; 5.678  ; 5.678  ; 5.678  ;
; SW[11]     ; HEX6[1]     ; 5.695  ; 5.695  ; 5.695  ; 5.695  ;
; SW[11]     ; HEX6[2]     ; 5.644  ;        ;        ; 5.644  ;
; SW[11]     ; HEX6[3]     ; 7.099  ; 7.099  ; 7.099  ; 7.099  ;
; SW[11]     ; HEX6[4]     ; 6.761  ; 6.761  ; 6.761  ; 6.761  ;
; SW[11]     ; HEX6[5]     ; 6.919  ;        ;        ; 6.919  ;
; SW[11]     ; HEX6[6]     ; 7.013  ; 7.013  ; 7.013  ; 7.013  ;
; SW[12]     ; HEX4[0]     ; 6.318  ; 6.318  ; 6.318  ; 6.318  ;
; SW[12]     ; HEX4[1]     ; 6.026  ;        ;        ; 6.026  ;
; SW[12]     ; HEX4[2]     ; 5.601  ; 5.601  ; 5.601  ; 5.601  ;
; SW[12]     ; HEX4[3]     ; 5.728  ; 5.728  ; 5.728  ; 5.728  ;
; SW[12]     ; HEX4[4]     ; 6.388  ; 6.388  ; 6.388  ; 6.388  ;
; SW[12]     ; HEX4[5]     ; 5.735  ; 5.735  ; 5.735  ; 5.735  ;
; SW[12]     ; HEX4[6]     ; 6.423  ; 6.423  ; 6.423  ; 6.423  ;
; SW[12]     ; HEX5[0]     ; 7.990  ; 7.990  ; 7.990  ; 7.990  ;
; SW[12]     ; HEX5[1]     ; 9.247  ; 9.247  ; 9.247  ; 9.247  ;
; SW[12]     ; HEX5[2]     ; 7.788  ; 7.788  ; 7.788  ; 7.788  ;
; SW[12]     ; HEX5[3]     ; 8.047  ; 8.047  ; 8.047  ; 8.047  ;
; SW[12]     ; HEX5[4]     ; 7.890  ; 7.890  ; 7.890  ; 7.890  ;
; SW[12]     ; HEX5[5]     ; 9.246  ; 9.246  ; 9.246  ; 9.246  ;
; SW[12]     ; HEX5[6]     ; 8.575  ; 8.575  ; 8.575  ; 8.575  ;
; SW[12]     ; HEX6[0]     ; 5.627  ; 5.627  ; 5.627  ; 5.627  ;
; SW[12]     ; HEX6[1]     ; 5.642  ;        ;        ; 5.642  ;
; SW[12]     ; HEX6[2]     ; 6.045  ; 5.638  ; 5.638  ; 6.045  ;
; SW[12]     ; HEX6[3]     ; 7.075  ; 7.075  ; 7.075  ; 7.075  ;
; SW[12]     ; HEX6[4]     ; 7.020  ;        ;        ; 7.020  ;
; SW[12]     ; HEX6[5]     ; 6.898  ; 6.898  ; 6.898  ; 6.898  ;
; SW[12]     ; HEX6[6]     ; 7.002  ; 7.002  ; 7.002  ; 7.002  ;
; SW[13]     ; HEX4[0]     ; 9.926  ; 9.926  ; 9.926  ; 9.926  ;
; SW[13]     ; HEX4[1]     ; 9.548  ; 9.548  ; 9.548  ; 9.548  ;
; SW[13]     ; HEX4[2]     ; 9.729  ; 9.729  ; 9.729  ; 9.729  ;
; SW[13]     ; HEX4[3]     ; 9.251  ; 9.251  ; 9.251  ; 9.251  ;
; SW[13]     ; HEX4[4]     ; 10.001 ;        ;        ; 10.001 ;
; SW[13]     ; HEX4[5]     ; 9.356  ; 9.356  ; 9.356  ; 9.356  ;
; SW[13]     ; HEX4[6]     ; 10.212 ; 10.212 ; 10.212 ; 10.212 ;
; SW[13]     ; HEX5[0]     ; 10.968 ; 10.968 ; 10.968 ; 10.968 ;
; SW[13]     ; HEX5[1]     ; 12.225 ; 12.225 ; 12.225 ; 12.225 ;
; SW[13]     ; HEX5[2]     ; 10.766 ; 10.766 ; 10.766 ; 10.766 ;
; SW[13]     ; HEX5[3]     ; 11.025 ; 11.025 ; 11.025 ; 11.025 ;
; SW[13]     ; HEX5[4]     ; 10.868 ; 10.868 ; 10.868 ; 10.868 ;
; SW[13]     ; HEX5[5]     ; 12.224 ; 12.224 ; 12.224 ; 12.224 ;
; SW[13]     ; HEX5[6]     ; 11.553 ; 11.553 ; 11.553 ; 11.553 ;
; SW[13]     ; HEX6[0]     ; 10.169 ; 10.169 ; 10.169 ; 10.169 ;
; SW[13]     ; HEX6[1]     ; 10.189 ;        ;        ; 10.189 ;
; SW[13]     ; HEX6[2]     ; 9.953  ;        ;        ; 9.953  ;
; SW[13]     ; HEX6[3]     ; 10.684 ;        ;        ; 10.684 ;
; SW[13]     ; HEX6[4]     ; 10.947 ;        ;        ; 10.947 ;
; SW[13]     ; HEX6[5]     ; 10.520 ; 10.520 ; 10.520 ; 10.520 ;
; SW[13]     ; HEX6[6]     ; 10.621 ; 10.621 ; 10.621 ; 10.621 ;
; SW[14]     ; HEX5[0]     ; 9.938  ; 9.938  ; 9.938  ; 9.938  ;
; SW[14]     ; HEX5[1]     ; 11.056 ; 11.056 ; 11.056 ; 11.056 ;
; SW[14]     ; HEX5[2]     ; 9.738  ; 9.738  ; 9.738  ; 9.738  ;
; SW[14]     ; HEX5[3]     ; 9.996  ; 9.996  ; 9.996  ; 9.996  ;
; SW[14]     ; HEX5[4]     ; 9.839  ; 9.839  ; 9.839  ; 9.839  ;
; SW[14]     ; HEX5[5]     ; 11.055 ; 11.055 ; 11.055 ; 11.055 ;
; SW[14]     ; HEX5[6]     ; 10.724 ; 10.724 ; 10.724 ; 10.724 ;
; SW[14]     ; HEX7[0]     ; 10.297 ; 10.297 ; 10.297 ; 10.297 ;
; SW[14]     ; HEX7[1]     ; 10.298 ; 10.298 ; 10.298 ; 10.298 ;
; SW[14]     ; HEX7[2]     ;        ; 9.812  ; 9.812  ;        ;
; SW[14]     ; HEX7[3]     ; 10.288 ; 10.288 ; 10.288 ; 10.288 ;
; SW[14]     ; HEX7[4]     ; 9.779  ;        ;        ; 9.779  ;
; SW[14]     ; HEX7[5]     ; 10.863 ;        ;        ; 10.863 ;
; SW[14]     ; HEX7[6]     ; 10.880 ;        ;        ; 10.880 ;
; SW[15]     ; HEX5[0]     ; 9.893  ; 9.893  ; 9.893  ; 9.893  ;
; SW[15]     ; HEX5[1]     ; 10.866 ; 10.866 ; 10.866 ; 10.866 ;
; SW[15]     ; HEX5[2]     ; 9.690  ; 9.690  ; 9.690  ; 9.690  ;
; SW[15]     ; HEX5[3]     ; 9.908  ; 9.908  ; 9.908  ; 9.908  ;
; SW[15]     ; HEX5[4]     ; 9.750  ; 9.750  ; 9.750  ; 9.750  ;
; SW[15]     ; HEX5[5]     ; 10.865 ; 10.865 ; 10.865 ; 10.865 ;
; SW[15]     ; HEX5[6]     ; 10.549 ; 10.549 ; 10.549 ; 10.549 ;
; SW[15]     ; HEX7[0]     ; 10.124 ; 10.124 ; 10.124 ; 10.124 ;
; SW[15]     ; HEX7[1]     ; 10.121 ; 10.121 ; 10.121 ; 10.121 ;
; SW[15]     ; HEX7[2]     ; 9.661  ;        ;        ; 9.661  ;
; SW[15]     ; HEX7[3]     ; 10.114 ; 10.114 ; 10.114 ; 10.114 ;
; SW[15]     ; HEX7[4]     ; 10.101 ; 10.101 ; 10.101 ; 10.101 ;
; SW[15]     ; HEX7[5]     ; 10.688 ;        ;        ; 10.688 ;
; SW[15]     ; HEX7[6]     ; 10.700 ; 10.700 ; 10.700 ; 10.700 ;
; SW[16]     ; HEX5[0]     ; 9.617  ; 9.617  ; 9.617  ; 9.617  ;
; SW[16]     ; HEX5[1]     ; 10.906 ; 10.906 ; 10.906 ; 10.906 ;
; SW[16]     ; HEX5[2]     ; 10.047 ; 9.418  ; 9.418  ; 10.047 ;
; SW[16]     ; HEX5[3]     ; 9.674  ; 9.674  ; 9.674  ; 9.674  ;
; SW[16]     ; HEX5[4]     ; 9.517  ; 9.517  ; 9.517  ; 9.517  ;
; SW[16]     ; HEX5[5]     ; 10.902 ; 10.902 ; 10.902 ; 10.902 ;
; SW[16]     ; HEX5[6]     ; 10.768 ; 10.768 ; 10.768 ; 10.768 ;
; SW[16]     ; HEX7[0]     ; 10.348 ; 10.348 ; 10.348 ; 10.348 ;
; SW[16]     ; HEX7[1]     ; 10.349 ;        ;        ; 10.349 ;
; SW[16]     ; HEX7[2]     ; 10.263 ; 9.850  ; 9.850  ; 10.263 ;
; SW[16]     ; HEX7[3]     ; 10.321 ; 10.321 ; 10.321 ; 10.321 ;
; SW[16]     ; HEX7[4]     ; 10.315 ;        ;        ; 10.315 ;
; SW[16]     ; HEX7[5]     ; 10.919 ; 10.919 ; 10.919 ; 10.919 ;
; SW[16]     ; HEX7[6]     ; 10.921 ; 10.921 ; 10.921 ; 10.921 ;
; SW[17]     ; HEX5[0]     ; 9.923  ; 9.923  ; 9.923  ; 9.923  ;
; SW[17]     ; HEX5[1]     ; 11.194 ; 11.194 ; 11.194 ; 11.194 ;
; SW[17]     ; HEX5[2]     ; 9.725  ; 9.725  ; 9.725  ; 9.725  ;
; SW[17]     ; HEX5[3]     ; 10.244 ; 10.244 ; 10.244 ; 10.244 ;
; SW[17]     ; HEX5[4]     ; 9.896  ; 9.896  ; 9.896  ; 9.896  ;
; SW[17]     ; HEX5[5]     ; 11.193 ; 11.193 ; 11.193 ; 11.193 ;
; SW[17]     ; HEX5[6]     ; 10.496 ; 10.496 ; 10.496 ; 10.496 ;
; SW[17]     ; HEX7[0]     ; 10.068 ; 10.068 ; 10.068 ; 10.068 ;
; SW[17]     ; HEX7[1]     ; 10.066 ;        ;        ; 10.066 ;
; SW[17]     ; HEX7[2]     ; 9.979  ;        ;        ; 9.979  ;
; SW[17]     ; HEX7[3]     ; 10.034 ;        ;        ; 10.034 ;
; SW[17]     ; HEX7[4]     ; 10.026 ;        ;        ; 10.026 ;
; SW[17]     ; HEX7[5]     ; 10.636 ; 10.636 ; 10.636 ; 10.636 ;
; SW[17]     ; HEX7[6]     ; 10.639 ; 10.639 ; 10.639 ; 10.639 ;
+------------+-------------+--------+--------+--------+--------+


----------------------------
; Fast Model Setup Summary ;
----------------------------
No paths to report.


---------------------------
; Fast Model Hold Summary ;
---------------------------
No paths to report.


-------------------------------
; Fast Model Recovery Summary ;
-------------------------------
No paths to report.


------------------------------
; Fast Model Removal Summary ;
------------------------------
No paths to report.


------------------------------------------
; Fast Model Minimum Pulse Width Summary ;
------------------------------------------
No paths to report.


+----------------------------------------------------------+
; Propagation Delay                                        ;
+------------+-------------+-------+-------+-------+-------+
; Input Port ; Output Port ; RR    ; RF    ; FR    ; FF    ;
+------------+-------------+-------+-------+-------+-------+
; SW[0]      ; HEX0[3]     ; 3.153 ;       ;       ; 3.153 ;
; SW[0]      ; HEX1[6]     ; 2.774 ;       ;       ; 2.774 ;
; SW[0]      ; HEX2[0]     ; 2.774 ;       ;       ; 2.774 ;
; SW[0]      ; HEX4[0]     ; 3.562 ;       ;       ; 3.562 ;
; SW[0]      ; HEX4[1]     ; 3.857 ;       ;       ; 3.857 ;
; SW[0]      ; HEX4[2]     ; 3.566 ;       ;       ; 3.566 ;
; SW[0]      ; HEX4[3]     ; 3.712 ;       ;       ; 3.712 ;
; SW[0]      ; HEX4[4]     ; 3.809 ;       ;       ; 3.809 ;
; SW[0]      ; HEX4[5]     ; 3.801 ;       ;       ; 3.801 ;
; SW[0]      ; HEX4[6]     ; 3.704 ;       ;       ; 3.704 ;
; SW[0]      ; HEX5[0]     ; 3.805 ;       ;       ; 3.805 ;
; SW[0]      ; HEX5[1]     ; 3.927 ;       ;       ; 3.927 ;
; SW[0]      ; HEX5[2]     ; 4.072 ;       ;       ; 4.072 ;
; SW[0]      ; HEX5[3]     ; 4.315 ;       ;       ; 4.315 ;
; SW[0]      ; HEX5[4]     ; 4.152 ;       ;       ; 4.152 ;
; SW[0]      ; HEX5[5]     ; 3.929 ;       ;       ; 3.929 ;
; SW[0]      ; HEX5[6]     ; 3.804 ;       ;       ; 3.804 ;
; SW[0]      ; HEX6[0]     ; 3.709 ;       ;       ; 3.709 ;
; SW[0]      ; HEX6[1]     ; 3.709 ;       ;       ; 3.709 ;
; SW[0]      ; HEX6[2]     ; 4.029 ;       ;       ; 4.029 ;
; SW[0]      ; HEX6[3]     ; 3.995 ;       ;       ; 3.995 ;
; SW[0]      ; HEX6[4]     ; 4.517 ;       ;       ; 4.517 ;
; SW[0]      ; HEX6[5]     ; 4.159 ;       ;       ; 4.159 ;
; SW[0]      ; HEX6[6]     ; 3.966 ;       ;       ; 3.966 ;
; SW[0]      ; HEX7[0]     ; 4.126 ;       ;       ; 4.126 ;
; SW[0]      ; HEX7[1]     ; 4.128 ;       ;       ; 4.128 ;
; SW[0]      ; HEX7[2]     ; 4.284 ;       ;       ; 4.284 ;
; SW[0]      ; HEX7[3]     ; 4.095 ;       ;       ; 4.095 ;
; SW[0]      ; HEX7[4]     ; 4.306 ;       ;       ; 4.306 ;
; SW[0]      ; HEX7[5]     ; 4.191 ;       ;       ; 4.191 ;
; SW[0]      ; HEX7[6]     ; 4.150 ;       ;       ; 4.150 ;
; SW[1]      ; HEX4[0]     ; 4.079 ; 4.079 ; 4.079 ; 4.079 ;
; SW[1]      ; HEX4[1]     ; 4.154 ; 4.154 ; 4.154 ; 4.154 ;
; SW[1]      ; HEX4[2]     ; 3.838 ; 3.914 ; 3.914 ; 3.838 ;
; SW[1]      ; HEX4[3]     ; 4.009 ; 4.009 ; 4.009 ; 4.009 ;
; SW[1]      ; HEX4[4]     ; 3.962 ; 3.962 ; 3.962 ; 3.962 ;
; SW[1]      ; HEX4[5]     ; 3.751 ; 3.751 ; 3.751 ; 3.751 ;
; SW[1]      ; HEX4[6]     ; 4.219 ; 4.219 ; 4.219 ; 4.219 ;
; SW[1]      ; HEX5[0]     ; 4.830 ; 4.830 ; 4.830 ; 4.830 ;
; SW[1]      ; HEX5[1]     ; 5.392 ; 5.392 ; 5.392 ; 5.392 ;
; SW[1]      ; HEX5[2]     ; 4.950 ; 4.950 ; 4.950 ; 4.950 ;
; SW[1]      ; HEX5[3]     ; 5.193 ; 5.193 ; 5.193 ; 5.193 ;
; SW[1]      ; HEX5[4]     ; 5.030 ; 5.030 ; 5.030 ; 5.030 ;
; SW[1]      ; HEX5[5]     ; 5.393 ; 5.393 ; 5.393 ; 5.393 ;
; SW[1]      ; HEX5[6]     ; 5.338 ; 5.338 ; 5.338 ; 5.338 ;
; SW[10]     ; HEX4[0]     ; 3.355 ; 3.355 ; 3.355 ; 3.355 ;
; SW[10]     ; HEX4[1]     ; 3.174 ; 3.174 ; 3.174 ; 3.174 ;
; SW[10]     ; HEX4[2]     ; 3.105 ; 3.186 ; 3.186 ; 3.105 ;
; SW[10]     ; HEX4[3]     ; 3.029 ; 3.029 ; 3.029 ; 3.029 ;
; SW[10]     ; HEX4[4]     ; 3.020 ; 3.020 ; 3.020 ; 3.020 ;
; SW[10]     ; HEX4[5]     ; 2.935 ; 3.062 ; 3.062 ; 2.935 ;
; SW[10]     ; HEX4[6]     ; 3.495 ; 3.495 ; 3.495 ; 3.495 ;
; SW[10]     ; HEX5[0]     ; 4.025 ; 4.025 ; 4.025 ; 4.025 ;
; SW[10]     ; HEX5[1]     ; 4.587 ; 4.587 ; 4.587 ; 4.587 ;
; SW[10]     ; HEX5[2]     ; 4.145 ; 4.145 ; 4.145 ; 4.145 ;
; SW[10]     ; HEX5[3]     ; 4.388 ; 4.388 ; 4.388 ; 4.388 ;
; SW[10]     ; HEX5[4]     ; 4.225 ; 4.225 ; 4.225 ; 4.225 ;
; SW[10]     ; HEX5[5]     ; 4.588 ; 4.588 ; 4.588 ; 4.588 ;
; SW[10]     ; HEX5[6]     ; 4.533 ; 4.533 ; 4.533 ; 4.533 ;
; SW[10]     ; HEX6[0]     ; 2.957 ; 2.957 ; 2.957 ; 2.957 ;
; SW[10]     ; HEX6[1]     ; 2.957 ; 2.957 ; 2.957 ; 2.957 ;
; SW[10]     ; HEX6[2]     ;       ; 2.906 ; 2.906 ;       ;
; SW[10]     ; HEX6[3]     ; 3.557 ; 3.557 ; 3.557 ; 3.557 ;
; SW[10]     ; HEX6[4]     ; 3.313 ;       ;       ; 3.313 ;
; SW[10]     ; HEX6[5]     ; 3.483 ;       ;       ; 3.483 ;
; SW[10]     ; HEX6[6]     ; 3.521 ;       ;       ; 3.521 ;
; SW[11]     ; HEX4[0]     ; 3.302 ; 3.302 ; 3.302 ; 3.302 ;
; SW[11]     ; HEX4[1]     ; 3.092 ; 3.092 ; 3.092 ; 3.092 ;
; SW[11]     ; HEX4[2]     ; 3.035 ; 3.119 ; 3.119 ; 3.035 ;
; SW[11]     ; HEX4[3]     ; 2.947 ; 2.947 ; 2.947 ; 2.947 ;
; SW[11]     ; HEX4[4]     ; 3.167 ; 3.167 ; 3.167 ; 3.167 ;
; SW[11]     ; HEX4[5]     ; 3.097 ; 3.097 ; 3.097 ; 3.097 ;
; SW[11]     ; HEX4[6]     ; 3.442 ; 3.442 ; 3.442 ; 3.442 ;
; SW[11]     ; HEX5[0]     ; 3.745 ; 3.745 ; 3.745 ; 3.745 ;
; SW[11]     ; HEX5[1]     ; 4.307 ; 4.307 ; 4.307 ; 4.307 ;
; SW[11]     ; HEX5[2]     ; 3.865 ; 3.865 ; 3.865 ; 3.865 ;
; SW[11]     ; HEX5[3]     ; 4.108 ; 4.108 ; 4.108 ; 4.108 ;
; SW[11]     ; HEX5[4]     ; 3.945 ; 3.945 ; 3.945 ; 3.945 ;
; SW[11]     ; HEX5[5]     ; 4.308 ; 4.308 ; 4.308 ; 4.308 ;
; SW[11]     ; HEX5[6]     ; 4.253 ; 4.253 ; 4.253 ; 4.253 ;
; SW[11]     ; HEX6[0]     ; 2.886 ; 2.886 ; 2.886 ; 2.886 ;
; SW[11]     ; HEX6[1]     ; 2.886 ; 2.886 ; 2.886 ; 2.886 ;
; SW[11]     ; HEX6[2]     ; 2.984 ;       ;       ; 2.984 ;
; SW[11]     ; HEX6[3]     ; 3.592 ; 3.592 ; 3.592 ; 3.592 ;
; SW[11]     ; HEX6[4]     ; 3.456 ; 3.456 ; 3.456 ; 3.456 ;
; SW[11]     ; HEX6[5]     ; 3.506 ;       ;       ; 3.506 ;
; SW[11]     ; HEX6[6]     ; 3.546 ; 3.546 ; 3.546 ; 3.546 ;
; SW[12]     ; HEX4[0]     ; 3.359 ; 3.359 ; 3.359 ; 3.359 ;
; SW[12]     ; HEX4[1]     ; 3.202 ;       ;       ; 3.202 ;
; SW[12]     ; HEX4[2]     ; 2.897 ; 2.897 ; 2.897 ; 2.897 ;
; SW[12]     ; HEX4[3]     ; 3.061 ; 3.061 ; 3.061 ; 3.061 ;
; SW[12]     ; HEX4[4]     ; 3.238 ; 3.238 ; 3.238 ; 3.238 ;
; SW[12]     ; HEX4[5]     ; 3.071 ; 3.071 ; 3.071 ; 3.071 ;
; SW[12]     ; HEX4[6]     ; 3.499 ; 3.499 ; 3.499 ; 3.499 ;
; SW[12]     ; HEX5[0]     ; 4.106 ; 4.106 ; 4.106 ; 4.106 ;
; SW[12]     ; HEX5[1]     ; 4.668 ; 4.668 ; 4.668 ; 4.668 ;
; SW[12]     ; HEX5[2]     ; 4.226 ; 4.226 ; 4.226 ; 4.226 ;
; SW[12]     ; HEX5[3]     ; 4.469 ; 4.469 ; 4.469 ; 4.469 ;
; SW[12]     ; HEX5[4]     ; 4.306 ; 4.306 ; 4.306 ; 4.306 ;
; SW[12]     ; HEX5[5]     ; 4.669 ; 4.669 ; 4.669 ; 4.669 ;
; SW[12]     ; HEX5[6]     ; 4.614 ; 4.614 ; 4.614 ; 4.614 ;
; SW[12]     ; HEX6[0]     ; 2.870 ; 2.870 ; 2.870 ; 2.870 ;
; SW[12]     ; HEX6[1]     ; 2.869 ;       ;       ; 2.869 ;
; SW[12]     ; HEX6[2]     ; 3.095 ; 2.909 ; 2.909 ; 3.095 ;
; SW[12]     ; HEX6[3]     ; 3.567 ; 3.567 ; 3.567 ; 3.567 ;
; SW[12]     ; HEX6[4]     ; 3.568 ;       ;       ; 3.568 ;
; SW[12]     ; HEX6[5]     ; 3.489 ; 3.489 ; 3.489 ; 3.489 ;
; SW[12]     ; HEX6[6]     ; 3.526 ; 3.526 ; 3.526 ; 3.526 ;
; SW[13]     ; HEX4[0]     ; 5.439 ; 5.439 ; 5.439 ; 5.439 ;
; SW[13]     ; HEX4[1]     ; 5.315 ; 5.315 ; 5.315 ; 5.315 ;
; SW[13]     ; HEX4[2]     ; 5.453 ; 5.362 ; 5.362 ; 5.453 ;
; SW[13]     ; HEX4[3]     ; 5.170 ; 5.170 ; 5.170 ; 5.170 ;
; SW[13]     ; HEX4[4]     ; 5.495 ;       ;       ; 5.495 ;
; SW[13]     ; HEX4[5]     ; 5.348 ; 5.348 ; 5.348 ; 5.348 ;
; SW[13]     ; HEX4[6]     ; 5.579 ; 5.579 ; 5.579 ; 5.579 ;
; SW[13]     ; HEX5[0]     ; 6.072 ; 6.072 ; 6.072 ; 6.072 ;
; SW[13]     ; HEX5[1]     ; 6.634 ; 6.634 ; 6.634 ; 6.634 ;
; SW[13]     ; HEX5[2]     ; 6.192 ; 6.192 ; 6.192 ; 6.192 ;
; SW[13]     ; HEX5[3]     ; 6.435 ; 6.435 ; 6.435 ; 6.435 ;
; SW[13]     ; HEX5[4]     ; 6.272 ; 6.272 ; 6.272 ; 6.272 ;
; SW[13]     ; HEX5[5]     ; 6.635 ; 6.635 ; 6.635 ; 6.635 ;
; SW[13]     ; HEX5[6]     ; 6.580 ; 6.580 ; 6.580 ; 6.580 ;
; SW[13]     ; HEX6[0]     ; 5.567 ; 5.567 ; 5.567 ; 5.567 ;
; SW[13]     ; HEX6[1]     ; 5.570 ;       ;       ; 5.570 ;
; SW[13]     ; HEX6[2]     ; 5.484 ;       ;       ; 5.484 ;
; SW[13]     ; HEX6[3]     ; 5.845 ;       ;       ; 5.845 ;
; SW[13]     ; HEX6[4]     ; 5.975 ;       ;       ; 5.975 ;
; SW[13]     ; HEX6[5]     ; 5.774 ; 5.774 ; 5.774 ; 5.774 ;
; SW[13]     ; HEX6[6]     ; 5.813 ; 5.813 ; 5.813 ; 5.813 ;
; SW[14]     ; HEX5[0]     ; 5.805 ; 5.805 ; 5.805 ; 5.805 ;
; SW[14]     ; HEX5[1]     ; 6.367 ; 6.367 ; 6.367 ; 6.367 ;
; SW[14]     ; HEX5[2]     ; 5.776 ; 5.776 ; 5.776 ; 5.776 ;
; SW[14]     ; HEX5[3]     ; 5.967 ; 5.967 ; 5.967 ; 5.967 ;
; SW[14]     ; HEX5[4]     ; 5.804 ; 5.804 ; 5.804 ; 5.804 ;
; SW[14]     ; HEX5[5]     ; 6.368 ; 6.368 ; 6.368 ; 6.368 ;
; SW[14]     ; HEX5[6]     ; 6.313 ; 6.313 ; 6.313 ; 6.313 ;
; SW[14]     ; HEX7[0]     ; 5.698 ; 5.698 ; 5.698 ; 5.698 ;
; SW[14]     ; HEX7[1]     ; 5.696 ; 5.696 ; 5.696 ; 5.696 ;
; SW[14]     ; HEX7[2]     ;       ; 5.486 ; 5.486 ;       ;
; SW[14]     ; HEX7[3]     ; 5.678 ; 5.678 ; 5.678 ; 5.678 ;
; SW[14]     ; HEX7[4]     ; 5.457 ;       ;       ; 5.457 ;
; SW[14]     ; HEX7[5]     ; 5.943 ;       ;       ; 5.943 ;
; SW[14]     ; HEX7[6]     ; 5.958 ;       ;       ; 5.958 ;
; SW[15]     ; HEX5[0]     ; 5.588 ; 5.588 ; 5.588 ; 5.588 ;
; SW[15]     ; HEX5[1]     ; 6.150 ; 6.150 ; 6.150 ; 6.150 ;
; SW[15]     ; HEX5[2]     ; 5.705 ; 5.705 ; 5.705 ; 5.705 ;
; SW[15]     ; HEX5[3]     ; 5.948 ; 5.948 ; 5.948 ; 5.948 ;
; SW[15]     ; HEX5[4]     ; 5.785 ; 5.785 ; 5.785 ; 5.785 ;
; SW[15]     ; HEX5[5]     ; 6.151 ; 6.151 ; 6.151 ; 6.151 ;
; SW[15]     ; HEX5[6]     ; 6.096 ; 6.096 ; 6.096 ; 6.096 ;
; SW[15]     ; HEX7[0]     ; 5.619 ; 5.619 ; 5.619 ; 5.619 ;
; SW[15]     ; HEX7[1]     ; 5.624 ; 5.624 ; 5.624 ; 5.624 ;
; SW[15]     ; HEX7[2]     ; 5.575 ;       ;       ; 5.575 ;
; SW[15]     ; HEX7[3]     ; 5.605 ; 5.605 ; 5.605 ; 5.605 ;
; SW[15]     ; HEX7[4]     ; 5.601 ; 5.601 ; 5.601 ; 5.601 ;
; SW[15]     ; HEX7[5]     ; 5.872 ;       ;       ; 5.872 ;
; SW[15]     ; HEX7[6]     ; 5.889 ; 5.889 ; 5.889 ; 5.889 ;
; SW[16]     ; HEX5[0]     ; 5.738 ; 5.738 ; 5.738 ; 5.738 ;
; SW[16]     ; HEX5[1]     ; 6.300 ; 6.300 ; 6.300 ; 6.300 ;
; SW[16]     ; HEX5[2]     ; 5.709 ; 5.709 ; 5.709 ; 5.709 ;
; SW[16]     ; HEX5[3]     ; 5.835 ; 5.835 ; 5.835 ; 5.835 ;
; SW[16]     ; HEX5[4]     ; 5.672 ; 5.672 ; 5.672 ; 5.672 ;
; SW[16]     ; HEX5[5]     ; 6.301 ; 6.301 ; 6.301 ; 6.301 ;
; SW[16]     ; HEX5[6]     ; 6.246 ; 6.246 ; 6.246 ; 6.246 ;
; SW[16]     ; HEX7[0]     ; 5.740 ; 5.740 ; 5.740 ; 5.740 ;
; SW[16]     ; HEX7[1]     ; 5.738 ;       ;       ; 5.738 ;
; SW[16]     ; HEX7[2]     ; 5.682 ; 5.521 ; 5.521 ; 5.682 ;
; SW[16]     ; HEX7[3]     ; 5.712 ; 5.712 ; 5.712 ; 5.712 ;
; SW[16]     ; HEX7[4]     ; 5.704 ;       ;       ; 5.704 ;
; SW[16]     ; HEX7[5]     ; 5.991 ; 5.991 ; 5.991 ; 5.991 ;
; SW[16]     ; HEX7[6]     ; 5.996 ; 5.996 ; 5.996 ; 5.996 ;
; SW[17]     ; HEX5[0]     ; 5.501 ; 5.501 ; 5.501 ; 5.501 ;
; SW[17]     ; HEX5[1]     ; 6.063 ; 6.063 ; 6.063 ; 6.063 ;
; SW[17]     ; HEX5[2]     ; 5.472 ; 5.472 ; 5.472 ; 5.472 ;
; SW[17]     ; HEX5[3]     ; 5.604 ; 5.604 ; 5.604 ; 5.604 ;
; SW[17]     ; HEX5[4]     ; 5.441 ; 5.441 ; 5.441 ; 5.441 ;
; SW[17]     ; HEX5[5]     ; 6.064 ; 6.064 ; 6.064 ; 6.064 ;
; SW[17]     ; HEX5[6]     ; 6.009 ; 6.009 ; 6.009 ; 6.009 ;
; SW[17]     ; HEX7[0]     ; 5.621 ; 5.621 ; 5.621 ; 5.621 ;
; SW[17]     ; HEX7[1]     ; 5.622 ;       ;       ; 5.622 ;
; SW[17]     ; HEX7[2]     ; 5.561 ;       ;       ; 5.561 ;
; SW[17]     ; HEX7[3]     ; 5.588 ;       ;       ; 5.588 ;
; SW[17]     ; HEX7[4]     ; 5.583 ;       ;       ; 5.583 ;
; SW[17]     ; HEX7[5]     ; 5.875 ; 5.875 ; 5.875 ; 5.875 ;
; SW[17]     ; HEX7[6]     ; 5.880 ; 5.880 ; 5.880 ; 5.880 ;
+------------+-------------+-------+-------+-------+-------+


+----------------------------------------------------------+
; Minimum Propagation Delay                                ;
+------------+-------------+-------+-------+-------+-------+
; Input Port ; Output Port ; RR    ; RF    ; FR    ; FF    ;
+------------+-------------+-------+-------+-------+-------+
; SW[0]      ; HEX0[3]     ; 3.153 ;       ;       ; 3.153 ;
; SW[0]      ; HEX1[6]     ; 2.774 ;       ;       ; 2.774 ;
; SW[0]      ; HEX2[0]     ; 2.774 ;       ;       ; 2.774 ;
; SW[0]      ; HEX4[0]     ; 3.562 ;       ;       ; 3.562 ;
; SW[0]      ; HEX4[1]     ; 3.857 ;       ;       ; 3.857 ;
; SW[0]      ; HEX4[2]     ; 3.566 ;       ;       ; 3.566 ;
; SW[0]      ; HEX4[3]     ; 3.712 ;       ;       ; 3.712 ;
; SW[0]      ; HEX4[4]     ; 3.809 ;       ;       ; 3.809 ;
; SW[0]      ; HEX4[5]     ; 3.801 ;       ;       ; 3.801 ;
; SW[0]      ; HEX4[6]     ; 3.704 ;       ;       ; 3.704 ;
; SW[0]      ; HEX5[0]     ; 3.805 ;       ;       ; 3.805 ;
; SW[0]      ; HEX5[1]     ; 3.927 ;       ;       ; 3.927 ;
; SW[0]      ; HEX5[2]     ; 4.072 ;       ;       ; 4.072 ;
; SW[0]      ; HEX5[3]     ; 4.315 ;       ;       ; 4.315 ;
; SW[0]      ; HEX5[4]     ; 4.152 ;       ;       ; 4.152 ;
; SW[0]      ; HEX5[5]     ; 3.929 ;       ;       ; 3.929 ;
; SW[0]      ; HEX5[6]     ; 3.804 ;       ;       ; 3.804 ;
; SW[0]      ; HEX6[0]     ; 3.709 ;       ;       ; 3.709 ;
; SW[0]      ; HEX6[1]     ; 3.709 ;       ;       ; 3.709 ;
; SW[0]      ; HEX6[2]     ; 4.029 ;       ;       ; 4.029 ;
; SW[0]      ; HEX6[3]     ; 3.995 ;       ;       ; 3.995 ;
; SW[0]      ; HEX6[4]     ; 4.517 ;       ;       ; 4.517 ;
; SW[0]      ; HEX6[5]     ; 4.159 ;       ;       ; 4.159 ;
; SW[0]      ; HEX6[6]     ; 3.966 ;       ;       ; 3.966 ;
; SW[0]      ; HEX7[0]     ; 4.126 ;       ;       ; 4.126 ;
; SW[0]      ; HEX7[1]     ; 4.128 ;       ;       ; 4.128 ;
; SW[0]      ; HEX7[2]     ; 4.284 ;       ;       ; 4.284 ;
; SW[0]      ; HEX7[3]     ; 4.095 ;       ;       ; 4.095 ;
; SW[0]      ; HEX7[4]     ; 4.306 ;       ;       ; 4.306 ;
; SW[0]      ; HEX7[5]     ; 4.191 ;       ;       ; 4.191 ;
; SW[0]      ; HEX7[6]     ; 4.150 ;       ;       ; 4.150 ;
; SW[1]      ; HEX4[0]     ; 3.915 ; 3.915 ; 3.915 ; 3.915 ;
; SW[1]      ; HEX4[1]     ; 4.040 ; 4.040 ; 4.040 ; 4.040 ;
; SW[1]      ; HEX4[2]     ; 3.838 ; 3.838 ; 3.838 ; 3.838 ;
; SW[1]      ; HEX4[3]     ; 3.891 ; 3.891 ; 3.891 ; 3.891 ;
; SW[1]      ; HEX4[4]     ; 3.748 ; 3.748 ; 3.748 ; 3.748 ;
; SW[1]      ; HEX4[5]     ; 3.751 ; 3.751 ; 3.751 ; 3.751 ;
; SW[1]      ; HEX4[6]     ; 3.975 ; 3.975 ; 3.975 ; 3.975 ;
; SW[1]      ; HEX5[0]     ; 4.400 ; 4.400 ; 4.400 ; 4.400 ;
; SW[1]      ; HEX5[1]     ; 4.954 ; 4.954 ; 4.954 ; 4.954 ;
; SW[1]      ; HEX5[2]     ; 4.284 ; 4.284 ; 4.284 ; 4.284 ;
; SW[1]      ; HEX5[3]     ; 4.426 ; 4.426 ; 4.426 ; 4.426 ;
; SW[1]      ; HEX5[4]     ; 4.350 ; 4.350 ; 4.350 ; 4.350 ;
; SW[1]      ; HEX5[5]     ; 4.956 ; 4.956 ; 4.956 ; 4.956 ;
; SW[1]      ; HEX5[6]     ; 4.645 ; 4.645 ; 4.645 ; 4.645 ;
; SW[10]     ; HEX4[0]     ; 3.186 ; 3.186 ; 3.186 ; 3.186 ;
; SW[10]     ; HEX4[1]     ; 3.059 ; 3.059 ; 3.059 ; 3.059 ;
; SW[10]     ; HEX4[2]     ; 3.105 ; 3.105 ; 3.105 ; 3.105 ;
; SW[10]     ; HEX4[3]     ; 2.912 ; 2.912 ; 2.912 ; 2.912 ;
; SW[10]     ; HEX4[4]     ; 3.020 ; 3.020 ; 3.020 ; 3.020 ;
; SW[10]     ; HEX4[5]     ; 2.935 ; 3.062 ; 3.062 ; 2.935 ;
; SW[10]     ; HEX4[6]     ; 3.248 ; 3.248 ; 3.248 ; 3.248 ;
; SW[10]     ; HEX5[0]     ; 3.878 ; 3.878 ; 3.878 ; 3.878 ;
; SW[10]     ; HEX5[1]     ; 4.432 ; 4.432 ; 4.432 ; 4.432 ;
; SW[10]     ; HEX5[2]     ; 3.762 ; 3.762 ; 3.762 ; 3.762 ;
; SW[10]     ; HEX5[3]     ; 3.904 ; 3.904 ; 3.904 ; 3.904 ;
; SW[10]     ; HEX5[4]     ; 3.828 ; 3.828 ; 3.828 ; 3.828 ;
; SW[10]     ; HEX5[5]     ; 4.434 ; 4.434 ; 4.434 ; 4.434 ;
; SW[10]     ; HEX5[6]     ; 4.123 ; 4.123 ; 4.123 ; 4.123 ;
; SW[10]     ; HEX6[0]     ; 2.957 ; 2.957 ; 2.957 ; 2.957 ;
; SW[10]     ; HEX6[1]     ; 2.957 ; 2.957 ; 2.957 ; 2.957 ;
; SW[10]     ; HEX6[2]     ;       ; 2.906 ; 2.906 ;       ;
; SW[10]     ; HEX6[3]     ; 3.557 ; 3.557 ; 3.557 ; 3.557 ;
; SW[10]     ; HEX6[4]     ; 3.313 ;       ;       ; 3.313 ;
; SW[10]     ; HEX6[5]     ; 3.483 ;       ;       ; 3.483 ;
; SW[10]     ; HEX6[6]     ; 3.521 ;       ;       ; 3.521 ;
; SW[11]     ; HEX4[0]     ; 3.112 ; 3.112 ; 3.112 ; 3.112 ;
; SW[11]     ; HEX4[1]     ; 2.970 ; 2.970 ; 2.970 ; 2.970 ;
; SW[11]     ; HEX4[2]     ; 3.035 ; 3.035 ; 3.035 ; 3.035 ;
; SW[11]     ; HEX4[3]     ; 2.830 ; 2.830 ; 2.830 ; 2.830 ;
; SW[11]     ; HEX4[4]     ; 3.167 ; 3.167 ; 3.167 ; 3.167 ;
; SW[11]     ; HEX4[5]     ; 2.958 ; 3.097 ; 3.097 ; 2.958 ;
; SW[11]     ; HEX4[6]     ; 3.178 ; 3.178 ; 3.178 ; 3.178 ;
; SW[11]     ; HEX5[0]     ; 3.598 ; 3.598 ; 3.598 ; 3.598 ;
; SW[11]     ; HEX5[1]     ; 4.152 ; 4.152 ; 4.152 ; 4.152 ;
; SW[11]     ; HEX5[2]     ; 3.482 ; 3.482 ; 3.482 ; 3.482 ;
; SW[11]     ; HEX5[3]     ; 3.624 ; 3.624 ; 3.624 ; 3.624 ;
; SW[11]     ; HEX5[4]     ; 3.548 ; 3.548 ; 3.548 ; 3.548 ;
; SW[11]     ; HEX5[5]     ; 4.154 ; 4.154 ; 4.154 ; 4.154 ;
; SW[11]     ; HEX5[6]     ; 3.843 ; 3.843 ; 3.843 ; 3.843 ;
; SW[11]     ; HEX6[0]     ; 2.886 ; 2.886 ; 2.886 ; 2.886 ;
; SW[11]     ; HEX6[1]     ; 2.886 ; 2.886 ; 2.886 ; 2.886 ;
; SW[11]     ; HEX6[2]     ; 2.920 ;       ;       ; 2.920 ;
; SW[11]     ; HEX6[3]     ; 3.592 ; 3.592 ; 3.592 ; 3.592 ;
; SW[11]     ; HEX6[4]     ; 3.456 ; 3.456 ; 3.456 ; 3.456 ;
; SW[11]     ; HEX6[5]     ; 3.506 ;       ;       ; 3.506 ;
; SW[11]     ; HEX6[6]     ; 3.546 ; 3.546 ; 3.546 ; 3.546 ;
; SW[12]     ; HEX4[0]     ; 3.190 ; 3.190 ; 3.190 ; 3.190 ;
; SW[12]     ; HEX4[1]     ; 3.085 ;       ;       ; 3.085 ;
; SW[12]     ; HEX4[2]     ; 2.897 ; 2.897 ; 2.897 ; 2.897 ;
; SW[12]     ; HEX4[3]     ; 2.943 ; 2.943 ; 2.943 ; 2.943 ;
; SW[12]     ; HEX4[4]     ; 3.238 ; 3.238 ; 3.238 ; 3.238 ;
; SW[12]     ; HEX4[5]     ; 2.941 ; 2.941 ; 2.941 ; 2.941 ;
; SW[12]     ; HEX4[6]     ; 3.252 ; 3.252 ; 3.252 ; 3.252 ;
; SW[12]     ; HEX5[0]     ; 3.959 ; 3.959 ; 3.959 ; 3.959 ;
; SW[12]     ; HEX5[1]     ; 4.513 ; 4.513 ; 4.513 ; 4.513 ;
; SW[12]     ; HEX5[2]     ; 3.843 ; 3.843 ; 3.843 ; 3.843 ;
; SW[12]     ; HEX5[3]     ; 3.985 ; 3.985 ; 3.985 ; 3.985 ;
; SW[12]     ; HEX5[4]     ; 3.909 ; 3.909 ; 3.909 ; 3.909 ;
; SW[12]     ; HEX5[5]     ; 4.515 ; 4.515 ; 4.515 ; 4.515 ;
; SW[12]     ; HEX5[6]     ; 4.204 ; 4.204 ; 4.204 ; 4.204 ;
; SW[12]     ; HEX6[0]     ; 2.870 ; 2.870 ; 2.870 ; 2.870 ;
; SW[12]     ; HEX6[1]     ; 2.869 ;       ;       ; 2.869 ;
; SW[12]     ; HEX6[2]     ; 3.095 ; 2.909 ; 2.909 ; 3.095 ;
; SW[12]     ; HEX6[3]     ; 3.567 ; 3.567 ; 3.567 ; 3.567 ;
; SW[12]     ; HEX6[4]     ; 3.568 ;       ;       ; 3.568 ;
; SW[12]     ; HEX6[5]     ; 3.489 ; 3.489 ; 3.489 ; 3.489 ;
; SW[12]     ; HEX6[6]     ; 3.526 ; 3.526 ; 3.526 ; 3.526 ;
; SW[13]     ; HEX4[0]     ; 5.439 ; 5.439 ; 5.439 ; 5.439 ;
; SW[13]     ; HEX4[1]     ; 5.315 ; 5.315 ; 5.315 ; 5.315 ;
; SW[13]     ; HEX4[2]     ; 5.362 ; 5.362 ; 5.362 ; 5.362 ;
; SW[13]     ; HEX4[3]     ; 5.170 ; 5.170 ; 5.170 ; 5.170 ;
; SW[13]     ; HEX4[4]     ; 5.495 ;       ;       ; 5.495 ;
; SW[13]     ; HEX4[5]     ; 5.226 ; 5.226 ; 5.226 ; 5.226 ;
; SW[13]     ; HEX4[6]     ; 5.579 ; 5.579 ; 5.579 ; 5.579 ;
; SW[13]     ; HEX5[0]     ; 5.925 ; 5.925 ; 5.925 ; 5.925 ;
; SW[13]     ; HEX5[1]     ; 6.479 ; 6.479 ; 6.479 ; 6.479 ;
; SW[13]     ; HEX5[2]     ; 5.809 ; 5.809 ; 5.809 ; 5.809 ;
; SW[13]     ; HEX5[3]     ; 5.951 ; 5.951 ; 5.951 ; 5.951 ;
; SW[13]     ; HEX5[4]     ; 5.875 ; 5.875 ; 5.875 ; 5.875 ;
; SW[13]     ; HEX5[5]     ; 6.481 ; 6.481 ; 6.481 ; 6.481 ;
; SW[13]     ; HEX5[6]     ; 6.170 ; 6.170 ; 6.170 ; 6.170 ;
; SW[13]     ; HEX6[0]     ; 5.567 ; 5.567 ; 5.567 ; 5.567 ;
; SW[13]     ; HEX6[1]     ; 5.570 ;       ;       ; 5.570 ;
; SW[13]     ; HEX6[2]     ; 5.484 ;       ;       ; 5.484 ;
; SW[13]     ; HEX6[3]     ; 5.845 ;       ;       ; 5.845 ;
; SW[13]     ; HEX6[4]     ; 5.975 ;       ;       ; 5.975 ;
; SW[13]     ; HEX6[5]     ; 5.774 ; 5.774 ; 5.774 ; 5.774 ;
; SW[13]     ; HEX6[6]     ; 5.813 ; 5.813 ; 5.813 ; 5.813 ;
; SW[14]     ; HEX5[0]     ; 5.478 ; 5.478 ; 5.478 ; 5.478 ;
; SW[14]     ; HEX5[1]     ; 5.963 ; 5.963 ; 5.963 ; 5.963 ;
; SW[14]     ; HEX5[2]     ; 5.365 ; 5.365 ; 5.365 ; 5.365 ;
; SW[14]     ; HEX5[3]     ; 5.503 ; 5.503 ; 5.503 ; 5.503 ;
; SW[14]     ; HEX5[4]     ; 5.427 ; 5.427 ; 5.427 ; 5.427 ;
; SW[14]     ; HEX5[5]     ; 5.965 ; 5.965 ; 5.965 ; 5.965 ;
; SW[14]     ; HEX5[6]     ; 5.816 ; 5.816 ; 5.816 ; 5.816 ;
; SW[14]     ; HEX7[0]     ; 5.698 ; 5.698 ; 5.698 ; 5.698 ;
; SW[14]     ; HEX7[1]     ; 5.696 ; 5.696 ; 5.696 ; 5.696 ;
; SW[14]     ; HEX7[2]     ;       ; 5.486 ; 5.486 ;       ;
; SW[14]     ; HEX7[3]     ; 5.678 ; 5.678 ; 5.678 ; 5.678 ;
; SW[14]     ; HEX7[4]     ; 5.457 ;       ;       ; 5.457 ;
; SW[14]     ; HEX7[5]     ; 5.943 ;       ;       ; 5.943 ;
; SW[14]     ; HEX7[6]     ; 5.958 ;       ;       ; 5.958 ;
; SW[15]     ; HEX5[0]     ; 5.459 ; 5.459 ; 5.459 ; 5.459 ;
; SW[15]     ; HEX5[1]     ; 5.876 ; 5.876 ; 5.876 ; 5.876 ;
; SW[15]     ; HEX5[2]     ; 5.345 ; 5.345 ; 5.345 ; 5.345 ;
; SW[15]     ; HEX5[3]     ; 5.453 ; 5.453 ; 5.453 ; 5.453 ;
; SW[15]     ; HEX5[4]     ; 5.375 ; 5.375 ; 5.375 ; 5.375 ;
; SW[15]     ; HEX5[5]     ; 5.878 ; 5.878 ; 5.878 ; 5.878 ;
; SW[15]     ; HEX5[6]     ; 5.743 ; 5.743 ; 5.743 ; 5.743 ;
; SW[15]     ; HEX7[0]     ; 5.619 ; 5.619 ; 5.619 ; 5.619 ;
; SW[15]     ; HEX7[1]     ; 5.624 ; 5.624 ; 5.624 ; 5.624 ;
; SW[15]     ; HEX7[2]     ; 5.413 ;       ;       ; 5.413 ;
; SW[15]     ; HEX7[3]     ; 5.605 ; 5.605 ; 5.605 ; 5.605 ;
; SW[15]     ; HEX7[4]     ; 5.601 ; 5.601 ; 5.601 ; 5.601 ;
; SW[15]     ; HEX7[5]     ; 5.872 ;       ;       ; 5.872 ;
; SW[15]     ; HEX7[6]     ; 5.889 ; 5.889 ; 5.889 ; 5.889 ;
; SW[16]     ; HEX5[0]     ; 5.347 ; 5.347 ; 5.347 ; 5.347 ;
; SW[16]     ; HEX5[1]     ; 5.916 ; 5.916 ; 5.916 ; 5.916 ;
; SW[16]     ; HEX5[2]     ; 5.507 ; 5.228 ; 5.228 ; 5.507 ;
; SW[16]     ; HEX5[3]     ; 5.372 ; 5.372 ; 5.372 ; 5.372 ;
; SW[16]     ; HEX5[4]     ; 5.296 ; 5.296 ; 5.296 ; 5.296 ;
; SW[16]     ; HEX5[5]     ; 5.919 ; 5.919 ; 5.919 ; 5.919 ;
; SW[16]     ; HEX5[6]     ; 5.854 ; 5.854 ; 5.854 ; 5.854 ;
; SW[16]     ; HEX7[0]     ; 5.740 ; 5.740 ; 5.740 ; 5.740 ;
; SW[16]     ; HEX7[1]     ; 5.738 ;       ;       ; 5.738 ;
; SW[16]     ; HEX7[2]     ; 5.682 ; 5.521 ; 5.521 ; 5.682 ;
; SW[16]     ; HEX7[3]     ; 5.712 ; 5.712 ; 5.712 ; 5.712 ;
; SW[16]     ; HEX7[4]     ; 5.704 ;       ;       ; 5.704 ;
; SW[16]     ; HEX7[5]     ; 5.991 ; 5.991 ; 5.991 ; 5.991 ;
; SW[16]     ; HEX7[6]     ; 5.996 ; 5.996 ; 5.996 ; 5.996 ;
; SW[17]     ; HEX5[0]     ; 5.501 ; 5.501 ; 5.501 ; 5.501 ;
; SW[17]     ; HEX5[1]     ; 6.063 ; 6.063 ; 6.063 ; 6.063 ;
; SW[17]     ; HEX5[2]     ; 5.361 ; 5.361 ; 5.361 ; 5.361 ;
; SW[17]     ; HEX5[3]     ; 5.604 ; 5.604 ; 5.604 ; 5.604 ;
; SW[17]     ; HEX5[4]     ; 5.441 ; 5.441 ; 5.441 ; 5.441 ;
; SW[17]     ; HEX5[5]     ; 6.064 ; 6.064 ; 6.064 ; 6.064 ;
; SW[17]     ; HEX5[6]     ; 5.754 ; 5.754 ; 5.754 ; 5.754 ;
; SW[17]     ; HEX7[0]     ; 5.621 ; 5.621 ; 5.621 ; 5.621 ;
; SW[17]     ; HEX7[1]     ; 5.622 ;       ;       ; 5.622 ;
; SW[17]     ; HEX7[2]     ; 5.561 ;       ;       ; 5.561 ;
; SW[17]     ; HEX7[3]     ; 5.588 ;       ;       ; 5.588 ;
; SW[17]     ; HEX7[4]     ; 5.583 ;       ;       ; 5.583 ;
; SW[17]     ; HEX7[5]     ; 5.875 ; 5.875 ; 5.875 ; 5.875 ;
; SW[17]     ; HEX7[6]     ; 5.880 ; 5.880 ; 5.880 ; 5.880 ;
+------------+-------------+-------+-------+-------+-------+


+----------------------------------------------------------------------------+
; Multicorner Timing Analysis Summary                                        ;
+------------------+-------+------+----------+---------+---------------------+
; Clock            ; Setup ; Hold ; Recovery ; Removal ; Minimum Pulse Width ;
+------------------+-------+------+----------+---------+---------------------+
; Worst-case Slack ; N/A   ; N/A  ; N/A      ; N/A     ; N/A                 ;
; Design-wide TNS  ; 0.0   ; 0.0  ; 0.0      ; 0.0     ; 0.0                 ;
+------------------+-------+------+----------+---------+---------------------+


+--------------------------------------------------------------+
; Progagation Delay                                            ;
+------------+-------------+--------+--------+--------+--------+
; Input Port ; Output Port ; RR     ; RF     ; FR     ; FF     ;
+------------+-------------+--------+--------+--------+--------+
; SW[0]      ; HEX0[3]     ; 5.764  ;        ;        ; 5.764  ;
; SW[0]      ; HEX1[6]     ; 5.264  ;        ;        ; 5.264  ;
; SW[0]      ; HEX2[0]     ; 5.264  ;        ;        ; 5.264  ;
; SW[0]      ; HEX4[0]     ; 6.777  ;        ;        ; 6.777  ;
; SW[0]      ; HEX4[1]     ; 7.420  ;        ;        ; 7.420  ;
; SW[0]      ; HEX4[2]     ; 6.769  ;        ;        ; 6.769  ;
; SW[0]      ; HEX4[3]     ; 7.124  ;        ;        ; 7.124  ;
; SW[0]      ; HEX4[4]     ; 7.330  ;        ;        ; 7.330  ;
; SW[0]      ; HEX4[5]     ; 7.312  ;        ;        ; 7.312  ;
; SW[0]      ; HEX4[6]     ; 7.068  ;        ;        ; 7.068  ;
; SW[0]      ; HEX5[0]     ; 7.309  ;        ;        ; 7.309  ;
; SW[0]      ; HEX5[1]     ; 7.586  ;        ;        ; 7.586  ;
; SW[0]      ; HEX5[2]     ; 7.949  ;        ;        ; 7.949  ;
; SW[0]      ; HEX5[3]     ; 8.507  ;        ;        ; 8.507  ;
; SW[0]      ; HEX5[4]     ; 8.120  ;        ;        ; 8.120  ;
; SW[0]      ; HEX5[5]     ; 7.583  ;        ;        ; 7.583  ;
; SW[0]      ; HEX5[6]     ; 7.298  ;        ;        ; 7.298  ;
; SW[0]      ; HEX6[0]     ; 7.073  ;        ;        ; 7.073  ;
; SW[0]      ; HEX6[1]     ; 7.079  ;        ;        ; 7.079  ;
; SW[0]      ; HEX6[2]     ; 7.827  ;        ;        ; 7.827  ;
; SW[0]      ; HEX6[3]     ; 7.634  ;        ;        ; 7.634  ;
; SW[0]      ; HEX6[4]     ; 8.820  ;        ;        ; 8.820  ;
; SW[0]      ; HEX6[5]     ; 8.022  ;        ;        ; 8.022  ;
; SW[0]      ; HEX6[6]     ; 7.593  ;        ;        ; 7.593  ;
; SW[0]      ; HEX7[0]     ; 7.913  ;        ;        ; 7.913  ;
; SW[0]      ; HEX7[1]     ; 7.913  ;        ;        ; 7.913  ;
; SW[0]      ; HEX7[2]     ; 8.326  ;        ;        ; 8.326  ;
; SW[0]      ; HEX7[3]     ; 7.881  ;        ;        ; 7.881  ;
; SW[0]      ; HEX7[4]     ; 8.375  ;        ;        ; 8.375  ;
; SW[0]      ; HEX7[5]     ; 8.033  ;        ;        ; 8.033  ;
; SW[0]      ; HEX7[6]     ; 7.946  ;        ;        ; 7.946  ;
; SW[1]      ; HEX4[0]     ; 8.046  ; 8.046  ; 8.046  ; 8.046  ;
; SW[1]      ; HEX4[1]     ; 8.212  ; 8.212  ; 8.212  ; 8.212  ;
; SW[1]      ; HEX4[2]     ; 7.457  ; 7.637  ; 7.637  ; 7.457  ;
; SW[1]      ; HEX4[3]     ; 7.916  ; 7.916  ; 7.916  ; 7.916  ;
; SW[1]      ; HEX4[4]     ; 7.720  ; 7.720  ; 7.720  ; 7.720  ;
; SW[1]      ; HEX4[5]     ; 7.267  ; 7.267  ; 7.267  ; 7.267  ;
; SW[1]      ; HEX4[6]     ; 8.332  ; 8.332  ; 8.332  ; 8.332  ;
; SW[1]      ; HEX5[0]     ; 9.703  ; 9.703  ; 9.703  ; 9.703  ;
; SW[1]      ; HEX5[1]     ; 10.974 ; 10.974 ; 10.974 ; 10.974 ;
; SW[1]      ; HEX5[2]     ; 10.006 ; 10.006 ; 10.006 ; 10.006 ;
; SW[1]      ; HEX5[3]     ; 10.528 ; 10.528 ; 10.528 ; 10.528 ;
; SW[1]      ; HEX5[4]     ; 10.177 ; 10.177 ; 10.177 ; 10.177 ;
; SW[1]      ; HEX5[5]     ; 10.973 ; 10.973 ; 10.973 ; 10.973 ;
; SW[1]      ; HEX5[6]     ; 10.872 ; 10.872 ; 10.872 ; 10.872 ;
; SW[10]     ; HEX4[0]     ; 6.683  ; 6.683  ; 6.683  ; 6.683  ;
; SW[10]     ; HEX4[1]     ; 6.280  ; 6.280  ; 6.280  ; 6.280  ;
; SW[10]     ; HEX4[2]     ; 6.107  ; 6.291  ; 6.291  ; 6.107  ;
; SW[10]     ; HEX4[3]     ; 5.984  ; 5.984  ; 5.984  ; 5.984  ;
; SW[10]     ; HEX4[4]     ; 5.887  ; 5.887  ; 5.887  ; 5.887  ;
; SW[10]     ; HEX4[5]     ; 5.730  ; 6.035  ; 6.035  ; 5.730  ;
; SW[10]     ; HEX4[6]     ; 6.969  ; 6.969  ; 6.969  ; 6.969  ;
; SW[10]     ; HEX5[0]     ; 8.196  ; 8.196  ; 8.196  ; 8.196  ;
; SW[10]     ; HEX5[1]     ; 9.467  ; 9.467  ; 9.467  ; 9.467  ;
; SW[10]     ; HEX5[2]     ; 8.499  ; 8.499  ; 8.499  ; 8.499  ;
; SW[10]     ; HEX5[3]     ; 9.021  ; 9.021  ; 9.021  ; 9.021  ;
; SW[10]     ; HEX5[4]     ; 8.670  ; 8.670  ; 8.670  ; 8.670  ;
; SW[10]     ; HEX5[5]     ; 9.466  ; 9.466  ; 9.466  ; 9.466  ;
; SW[10]     ; HEX5[6]     ; 9.365  ; 9.365  ; 9.365  ; 9.365  ;
; SW[10]     ; HEX6[0]     ; 5.851  ; 5.851  ; 5.851  ; 5.851  ;
; SW[10]     ; HEX6[1]     ; 5.867  ; 5.867  ; 5.867  ; 5.867  ;
; SW[10]     ; HEX6[2]     ;        ; 5.609  ; 5.609  ;        ;
; SW[10]     ; HEX6[3]     ; 7.062  ; 7.062  ; 7.062  ; 7.062  ;
; SW[10]     ; HEX6[4]     ; 6.421  ;        ;        ; 6.421  ;
; SW[10]     ; HEX6[5]     ; 6.894  ;        ;        ; 6.894  ;
; SW[10]     ; HEX6[6]     ; 6.994  ;        ;        ; 6.994  ;
; SW[11]     ; HEX4[0]     ; 6.521  ; 6.521  ; 6.521  ; 6.521  ;
; SW[11]     ; HEX4[1]     ; 6.046  ; 6.046  ; 6.046  ; 6.046  ;
; SW[11]     ; HEX4[2]     ; 5.932  ; 6.120  ; 6.120  ; 5.932  ;
; SW[11]     ; HEX4[3]     ; 5.749  ; 5.749  ; 5.749  ; 5.749  ;
; SW[11]     ; HEX4[4]     ; 6.204  ; 6.204  ; 6.204  ; 6.204  ;
; SW[11]     ; HEX4[5]     ; 6.070  ; 6.070  ; 6.070  ; 6.070  ;
; SW[11]     ; HEX4[6]     ; 6.807  ; 6.807  ; 6.807  ; 6.807  ;
; SW[11]     ; HEX5[0]     ; 7.518  ; 7.518  ; 7.518  ; 7.518  ;
; SW[11]     ; HEX5[1]     ; 8.789  ; 8.789  ; 8.789  ; 8.789  ;
; SW[11]     ; HEX5[2]     ; 7.821  ; 7.821  ; 7.821  ; 7.821  ;
; SW[11]     ; HEX5[3]     ; 8.343  ; 8.343  ; 8.343  ; 8.343  ;
; SW[11]     ; HEX5[4]     ; 7.992  ; 7.992  ; 7.992  ; 7.992  ;
; SW[11]     ; HEX5[5]     ; 8.788  ; 8.788  ; 8.788  ; 8.788  ;
; SW[11]     ; HEX5[6]     ; 8.687  ; 8.687  ; 8.687  ; 8.687  ;
; SW[11]     ; HEX6[0]     ; 5.678  ; 5.678  ; 5.678  ; 5.678  ;
; SW[11]     ; HEX6[1]     ; 5.695  ; 5.695  ; 5.695  ; 5.695  ;
; SW[11]     ; HEX6[2]     ; 5.788  ;        ;        ; 5.788  ;
; SW[11]     ; HEX6[3]     ; 7.099  ; 7.099  ; 7.099  ; 7.099  ;
; SW[11]     ; HEX6[4]     ; 6.761  ; 6.761  ; 6.761  ; 6.761  ;
; SW[11]     ; HEX6[5]     ; 6.919  ;        ;        ; 6.919  ;
; SW[11]     ; HEX6[6]     ; 7.013  ; 7.013  ; 7.013  ; 7.013  ;
; SW[12]     ; HEX4[0]     ; 6.688  ; 6.688  ; 6.688  ; 6.688  ;
; SW[12]     ; HEX4[1]     ; 6.302  ;        ;        ; 6.302  ;
; SW[12]     ; HEX4[2]     ; 5.601  ; 5.601  ; 5.601  ; 5.601  ;
; SW[12]     ; HEX4[3]     ; 6.006  ; 6.006  ; 6.006  ; 6.006  ;
; SW[12]     ; HEX4[4]     ; 6.388  ; 6.388  ; 6.388  ; 6.388  ;
; SW[12]     ; HEX4[5]     ; 6.050  ; 6.050  ; 6.050  ; 6.050  ;
; SW[12]     ; HEX4[6]     ; 6.974  ; 6.974  ; 6.974  ; 6.974  ;
; SW[12]     ; HEX5[0]     ; 8.329  ; 8.329  ; 8.329  ; 8.329  ;
; SW[12]     ; HEX5[1]     ; 9.600  ; 9.600  ; 9.600  ; 9.600  ;
; SW[12]     ; HEX5[2]     ; 8.632  ; 8.632  ; 8.632  ; 8.632  ;
; SW[12]     ; HEX5[3]     ; 9.154  ; 9.154  ; 9.154  ; 9.154  ;
; SW[12]     ; HEX5[4]     ; 8.803  ; 8.803  ; 8.803  ; 8.803  ;
; SW[12]     ; HEX5[5]     ; 9.599  ; 9.599  ; 9.599  ; 9.599  ;
; SW[12]     ; HEX5[6]     ; 9.498  ; 9.498  ; 9.498  ; 9.498  ;
; SW[12]     ; HEX6[0]     ; 5.627  ; 5.627  ; 5.627  ; 5.627  ;
; SW[12]     ; HEX6[1]     ; 5.642  ;        ;        ; 5.642  ;
; SW[12]     ; HEX6[2]     ; 6.045  ; 5.638  ; 5.638  ; 6.045  ;
; SW[12]     ; HEX6[3]     ; 7.075  ; 7.075  ; 7.075  ; 7.075  ;
; SW[12]     ; HEX6[4]     ; 7.020  ;        ;        ; 7.020  ;
; SW[12]     ; HEX6[5]     ; 6.898  ; 6.898  ; 6.898  ; 6.898  ;
; SW[12]     ; HEX6[6]     ; 7.002  ; 7.002  ; 7.002  ; 7.002  ;
; SW[13]     ; HEX4[0]     ; 9.926  ; 9.926  ; 9.926  ; 9.926  ;
; SW[13]     ; HEX4[1]     ; 9.548  ; 9.548  ; 9.548  ; 9.548  ;
; SW[13]     ; HEX4[2]     ; 9.919  ; 9.729  ; 9.729  ; 9.919  ;
; SW[13]     ; HEX4[3]     ; 9.251  ; 9.251  ; 9.251  ; 9.251  ;
; SW[13]     ; HEX4[4]     ; 10.001 ;        ;        ; 10.001 ;
; SW[13]     ; HEX4[5]     ; 9.655  ; 9.655  ; 9.655  ; 9.655  ;
; SW[13]     ; HEX4[6]     ; 10.212 ; 10.212 ; 10.212 ; 10.212 ;
; SW[13]     ; HEX5[0]     ; 11.307 ; 11.307 ; 11.307 ; 11.307 ;
; SW[13]     ; HEX5[1]     ; 12.578 ; 12.578 ; 12.578 ; 12.578 ;
; SW[13]     ; HEX5[2]     ; 11.610 ; 11.610 ; 11.610 ; 11.610 ;
; SW[13]     ; HEX5[3]     ; 12.132 ; 12.132 ; 12.132 ; 12.132 ;
; SW[13]     ; HEX5[4]     ; 11.781 ; 11.781 ; 11.781 ; 11.781 ;
; SW[13]     ; HEX5[5]     ; 12.577 ; 12.577 ; 12.577 ; 12.577 ;
; SW[13]     ; HEX5[6]     ; 12.476 ; 12.476 ; 12.476 ; 12.476 ;
; SW[13]     ; HEX6[0]     ; 10.169 ; 10.169 ; 10.169 ; 10.169 ;
; SW[13]     ; HEX6[1]     ; 10.189 ;        ;        ; 10.189 ;
; SW[13]     ; HEX6[2]     ; 9.953  ;        ;        ; 9.953  ;
; SW[13]     ; HEX6[3]     ; 10.684 ;        ;        ; 10.684 ;
; SW[13]     ; HEX6[4]     ; 10.947 ;        ;        ; 10.947 ;
; SW[13]     ; HEX6[5]     ; 10.520 ; 10.520 ; 10.520 ; 10.520 ;
; SW[13]     ; HEX6[6]     ; 10.621 ; 10.621 ; 10.621 ; 10.621 ;
; SW[14]     ; HEX5[0]     ; 10.701 ; 10.701 ; 10.701 ; 10.701 ;
; SW[14]     ; HEX5[1]     ; 11.972 ; 11.972 ; 11.972 ; 11.972 ;
; SW[14]     ; HEX5[2]     ; 10.675 ; 10.675 ; 10.675 ; 10.675 ;
; SW[14]     ; HEX5[3]     ; 11.071 ; 11.071 ; 11.071 ; 11.071 ;
; SW[14]     ; HEX5[4]     ; 10.720 ; 10.720 ; 10.720 ; 10.720 ;
; SW[14]     ; HEX5[5]     ; 11.971 ; 11.971 ; 11.971 ; 11.971 ;
; SW[14]     ; HEX5[6]     ; 11.870 ; 11.870 ; 11.870 ; 11.870 ;
; SW[14]     ; HEX7[0]     ; 10.297 ; 10.297 ; 10.297 ; 10.297 ;
; SW[14]     ; HEX7[1]     ; 10.298 ; 10.298 ; 10.298 ; 10.298 ;
; SW[14]     ; HEX7[2]     ;        ; 9.812  ; 9.812  ;        ;
; SW[14]     ; HEX7[3]     ; 10.288 ; 10.288 ; 10.288 ; 10.288 ;
; SW[14]     ; HEX7[4]     ; 9.779  ;        ;        ; 9.779  ;
; SW[14]     ; HEX7[5]     ; 10.863 ;        ;        ; 10.863 ;
; SW[14]     ; HEX7[6]     ; 10.880 ;        ;        ; 10.880 ;
; SW[15]     ; HEX5[0]     ; 10.143 ; 10.143 ; 10.143 ; 10.143 ;
; SW[15]     ; HEX5[1]     ; 11.414 ; 11.414 ; 11.414 ; 11.414 ;
; SW[15]     ; HEX5[2]     ; 10.505 ; 10.505 ; 10.505 ; 10.505 ;
; SW[15]     ; HEX5[3]     ; 11.027 ; 11.027 ; 11.027 ; 11.027 ;
; SW[15]     ; HEX5[4]     ; 10.676 ; 10.676 ; 10.676 ; 10.676 ;
; SW[15]     ; HEX5[5]     ; 11.413 ; 11.413 ; 11.413 ; 11.413 ;
; SW[15]     ; HEX5[6]     ; 11.312 ; 11.312 ; 11.312 ; 11.312 ;
; SW[15]     ; HEX7[0]     ; 10.124 ; 10.124 ; 10.124 ; 10.124 ;
; SW[15]     ; HEX7[1]     ; 10.121 ; 10.121 ; 10.121 ; 10.121 ;
; SW[15]     ; HEX7[2]     ; 10.048 ;        ;        ; 10.048 ;
; SW[15]     ; HEX7[3]     ; 10.114 ; 10.114 ; 10.114 ; 10.114 ;
; SW[15]     ; HEX7[4]     ; 10.101 ; 10.101 ; 10.101 ; 10.101 ;
; SW[15]     ; HEX7[5]     ; 10.688 ;        ;        ; 10.688 ;
; SW[15]     ; HEX7[6]     ; 10.700 ; 10.700 ; 10.700 ; 10.700 ;
; SW[16]     ; HEX5[0]     ; 10.465 ; 10.465 ; 10.465 ; 10.465 ;
; SW[16]     ; HEX5[1]     ; 11.736 ; 11.736 ; 11.736 ; 11.736 ;
; SW[16]     ; HEX5[2]     ; 10.439 ; 10.439 ; 10.439 ; 10.439 ;
; SW[16]     ; HEX5[3]     ; 10.788 ; 10.788 ; 10.788 ; 10.788 ;
; SW[16]     ; HEX5[4]     ; 10.437 ; 10.437 ; 10.437 ; 10.437 ;
; SW[16]     ; HEX5[5]     ; 11.735 ; 11.735 ; 11.735 ; 11.735 ;
; SW[16]     ; HEX5[6]     ; 11.634 ; 11.634 ; 11.634 ; 11.634 ;
; SW[16]     ; HEX7[0]     ; 10.348 ; 10.348 ; 10.348 ; 10.348 ;
; SW[16]     ; HEX7[1]     ; 10.349 ;        ;        ; 10.349 ;
; SW[16]     ; HEX7[2]     ; 10.263 ; 9.850  ; 9.850  ; 10.263 ;
; SW[16]     ; HEX7[3]     ; 10.321 ; 10.321 ; 10.321 ; 10.321 ;
; SW[16]     ; HEX7[4]     ; 10.315 ;        ;        ; 10.315 ;
; SW[16]     ; HEX7[5]     ; 10.919 ; 10.919 ; 10.919 ; 10.919 ;
; SW[16]     ; HEX7[6]     ; 10.921 ; 10.921 ; 10.921 ; 10.921 ;
; SW[17]     ; HEX5[0]     ; 9.923  ; 9.923  ; 9.923  ; 9.923  ;
; SW[17]     ; HEX5[1]     ; 11.194 ; 11.194 ; 11.194 ; 11.194 ;
; SW[17]     ; HEX5[2]     ; 9.897  ; 9.897  ; 9.897  ; 9.897  ;
; SW[17]     ; HEX5[3]     ; 10.244 ; 10.244 ; 10.244 ; 10.244 ;
; SW[17]     ; HEX5[4]     ; 9.896  ; 9.896  ; 9.896  ; 9.896  ;
; SW[17]     ; HEX5[5]     ; 11.193 ; 11.193 ; 11.193 ; 11.193 ;
; SW[17]     ; HEX5[6]     ; 11.092 ; 11.092 ; 11.092 ; 11.092 ;
; SW[17]     ; HEX7[0]     ; 10.068 ; 10.068 ; 10.068 ; 10.068 ;
; SW[17]     ; HEX7[1]     ; 10.066 ;        ;        ; 10.066 ;
; SW[17]     ; HEX7[2]     ; 9.979  ;        ;        ; 9.979  ;
; SW[17]     ; HEX7[3]     ; 10.034 ;        ;        ; 10.034 ;
; SW[17]     ; HEX7[4]     ; 10.026 ;        ;        ; 10.026 ;
; SW[17]     ; HEX7[5]     ; 10.636 ; 10.636 ; 10.636 ; 10.636 ;
; SW[17]     ; HEX7[6]     ; 10.639 ; 10.639 ; 10.639 ; 10.639 ;
+------------+-------------+--------+--------+--------+--------+


+----------------------------------------------------------+
; Minimum Progagation Delay                                ;
+------------+-------------+-------+-------+-------+-------+
; Input Port ; Output Port ; RR    ; RF    ; FR    ; FF    ;
+------------+-------------+-------+-------+-------+-------+
; SW[0]      ; HEX0[3]     ; 3.153 ;       ;       ; 3.153 ;
; SW[0]      ; HEX1[6]     ; 2.774 ;       ;       ; 2.774 ;
; SW[0]      ; HEX2[0]     ; 2.774 ;       ;       ; 2.774 ;
; SW[0]      ; HEX4[0]     ; 3.562 ;       ;       ; 3.562 ;
; SW[0]      ; HEX4[1]     ; 3.857 ;       ;       ; 3.857 ;
; SW[0]      ; HEX4[2]     ; 3.566 ;       ;       ; 3.566 ;
; SW[0]      ; HEX4[3]     ; 3.712 ;       ;       ; 3.712 ;
; SW[0]      ; HEX4[4]     ; 3.809 ;       ;       ; 3.809 ;
; SW[0]      ; HEX4[5]     ; 3.801 ;       ;       ; 3.801 ;
; SW[0]      ; HEX4[6]     ; 3.704 ;       ;       ; 3.704 ;
; SW[0]      ; HEX5[0]     ; 3.805 ;       ;       ; 3.805 ;
; SW[0]      ; HEX5[1]     ; 3.927 ;       ;       ; 3.927 ;
; SW[0]      ; HEX5[2]     ; 4.072 ;       ;       ; 4.072 ;
; SW[0]      ; HEX5[3]     ; 4.315 ;       ;       ; 4.315 ;
; SW[0]      ; HEX5[4]     ; 4.152 ;       ;       ; 4.152 ;
; SW[0]      ; HEX5[5]     ; 3.929 ;       ;       ; 3.929 ;
; SW[0]      ; HEX5[6]     ; 3.804 ;       ;       ; 3.804 ;
; SW[0]      ; HEX6[0]     ; 3.709 ;       ;       ; 3.709 ;
; SW[0]      ; HEX6[1]     ; 3.709 ;       ;       ; 3.709 ;
; SW[0]      ; HEX6[2]     ; 4.029 ;       ;       ; 4.029 ;
; SW[0]      ; HEX6[3]     ; 3.995 ;       ;       ; 3.995 ;
; SW[0]      ; HEX6[4]     ; 4.517 ;       ;       ; 4.517 ;
; SW[0]      ; HEX6[5]     ; 4.159 ;       ;       ; 4.159 ;
; SW[0]      ; HEX6[6]     ; 3.966 ;       ;       ; 3.966 ;
; SW[0]      ; HEX7[0]     ; 4.126 ;       ;       ; 4.126 ;
; SW[0]      ; HEX7[1]     ; 4.128 ;       ;       ; 4.128 ;
; SW[0]      ; HEX7[2]     ; 4.284 ;       ;       ; 4.284 ;
; SW[0]      ; HEX7[3]     ; 4.095 ;       ;       ; 4.095 ;
; SW[0]      ; HEX7[4]     ; 4.306 ;       ;       ; 4.306 ;
; SW[0]      ; HEX7[5]     ; 4.191 ;       ;       ; 4.191 ;
; SW[0]      ; HEX7[6]     ; 4.150 ;       ;       ; 4.150 ;
; SW[1]      ; HEX4[0]     ; 3.915 ; 3.915 ; 3.915 ; 3.915 ;
; SW[1]      ; HEX4[1]     ; 4.040 ; 4.040 ; 4.040 ; 4.040 ;
; SW[1]      ; HEX4[2]     ; 3.838 ; 3.838 ; 3.838 ; 3.838 ;
; SW[1]      ; HEX4[3]     ; 3.891 ; 3.891 ; 3.891 ; 3.891 ;
; SW[1]      ; HEX4[4]     ; 3.748 ; 3.748 ; 3.748 ; 3.748 ;
; SW[1]      ; HEX4[5]     ; 3.751 ; 3.751 ; 3.751 ; 3.751 ;
; SW[1]      ; HEX4[6]     ; 3.975 ; 3.975 ; 3.975 ; 3.975 ;
; SW[1]      ; HEX5[0]     ; 4.400 ; 4.400 ; 4.400 ; 4.400 ;
; SW[1]      ; HEX5[1]     ; 4.954 ; 4.954 ; 4.954 ; 4.954 ;
; SW[1]      ; HEX5[2]     ; 4.284 ; 4.284 ; 4.284 ; 4.284 ;
; SW[1]      ; HEX5[3]     ; 4.426 ; 4.426 ; 4.426 ; 4.426 ;
; SW[1]      ; HEX5[4]     ; 4.350 ; 4.350 ; 4.350 ; 4.350 ;
; SW[1]      ; HEX5[5]     ; 4.956 ; 4.956 ; 4.956 ; 4.956 ;
; SW[1]      ; HEX5[6]     ; 4.645 ; 4.645 ; 4.645 ; 4.645 ;
; SW[10]     ; HEX4[0]     ; 3.186 ; 3.186 ; 3.186 ; 3.186 ;
; SW[10]     ; HEX4[1]     ; 3.059 ; 3.059 ; 3.059 ; 3.059 ;
; SW[10]     ; HEX4[2]     ; 3.105 ; 3.105 ; 3.105 ; 3.105 ;
; SW[10]     ; HEX4[3]     ; 2.912 ; 2.912 ; 2.912 ; 2.912 ;
; SW[10]     ; HEX4[4]     ; 3.020 ; 3.020 ; 3.020 ; 3.020 ;
; SW[10]     ; HEX4[5]     ; 2.935 ; 3.062 ; 3.062 ; 2.935 ;
; SW[10]     ; HEX4[6]     ; 3.248 ; 3.248 ; 3.248 ; 3.248 ;
; SW[10]     ; HEX5[0]     ; 3.878 ; 3.878 ; 3.878 ; 3.878 ;
; SW[10]     ; HEX5[1]     ; 4.432 ; 4.432 ; 4.432 ; 4.432 ;
; SW[10]     ; HEX5[2]     ; 3.762 ; 3.762 ; 3.762 ; 3.762 ;
; SW[10]     ; HEX5[3]     ; 3.904 ; 3.904 ; 3.904 ; 3.904 ;
; SW[10]     ; HEX5[4]     ; 3.828 ; 3.828 ; 3.828 ; 3.828 ;
; SW[10]     ; HEX5[5]     ; 4.434 ; 4.434 ; 4.434 ; 4.434 ;
; SW[10]     ; HEX5[6]     ; 4.123 ; 4.123 ; 4.123 ; 4.123 ;
; SW[10]     ; HEX6[0]     ; 2.957 ; 2.957 ; 2.957 ; 2.957 ;
; SW[10]     ; HEX6[1]     ; 2.957 ; 2.957 ; 2.957 ; 2.957 ;
; SW[10]     ; HEX6[2]     ;       ; 2.906 ; 2.906 ;       ;
; SW[10]     ; HEX6[3]     ; 3.557 ; 3.557 ; 3.557 ; 3.557 ;
; SW[10]     ; HEX6[4]     ; 3.313 ;       ;       ; 3.313 ;
; SW[10]     ; HEX6[5]     ; 3.483 ;       ;       ; 3.483 ;
; SW[10]     ; HEX6[6]     ; 3.521 ;       ;       ; 3.521 ;
; SW[11]     ; HEX4[0]     ; 3.112 ; 3.112 ; 3.112 ; 3.112 ;
; SW[11]     ; HEX4[1]     ; 2.970 ; 2.970 ; 2.970 ; 2.970 ;
; SW[11]     ; HEX4[2]     ; 3.035 ; 3.035 ; 3.035 ; 3.035 ;
; SW[11]     ; HEX4[3]     ; 2.830 ; 2.830 ; 2.830 ; 2.830 ;
; SW[11]     ; HEX4[4]     ; 3.167 ; 3.167 ; 3.167 ; 3.167 ;
; SW[11]     ; HEX4[5]     ; 2.958 ; 3.097 ; 3.097 ; 2.958 ;
; SW[11]     ; HEX4[6]     ; 3.178 ; 3.178 ; 3.178 ; 3.178 ;
; SW[11]     ; HEX5[0]     ; 3.598 ; 3.598 ; 3.598 ; 3.598 ;
; SW[11]     ; HEX5[1]     ; 4.152 ; 4.152 ; 4.152 ; 4.152 ;
; SW[11]     ; HEX5[2]     ; 3.482 ; 3.482 ; 3.482 ; 3.482 ;
; SW[11]     ; HEX5[3]     ; 3.624 ; 3.624 ; 3.624 ; 3.624 ;
; SW[11]     ; HEX5[4]     ; 3.548 ; 3.548 ; 3.548 ; 3.548 ;
; SW[11]     ; HEX5[5]     ; 4.154 ; 4.154 ; 4.154 ; 4.154 ;
; SW[11]     ; HEX5[6]     ; 3.843 ; 3.843 ; 3.843 ; 3.843 ;
; SW[11]     ; HEX6[0]     ; 2.886 ; 2.886 ; 2.886 ; 2.886 ;
; SW[11]     ; HEX6[1]     ; 2.886 ; 2.886 ; 2.886 ; 2.886 ;
; SW[11]     ; HEX6[2]     ; 2.920 ;       ;       ; 2.920 ;
; SW[11]     ; HEX6[3]     ; 3.592 ; 3.592 ; 3.592 ; 3.592 ;
; SW[11]     ; HEX6[4]     ; 3.456 ; 3.456 ; 3.456 ; 3.456 ;
; SW[11]     ; HEX6[5]     ; 3.506 ;       ;       ; 3.506 ;
; SW[11]     ; HEX6[6]     ; 3.546 ; 3.546 ; 3.546 ; 3.546 ;
; SW[12]     ; HEX4[0]     ; 3.190 ; 3.190 ; 3.190 ; 3.190 ;
; SW[12]     ; HEX4[1]     ; 3.085 ;       ;       ; 3.085 ;
; SW[12]     ; HEX4[2]     ; 2.897 ; 2.897 ; 2.897 ; 2.897 ;
; SW[12]     ; HEX4[3]     ; 2.943 ; 2.943 ; 2.943 ; 2.943 ;
; SW[12]     ; HEX4[4]     ; 3.238 ; 3.238 ; 3.238 ; 3.238 ;
; SW[12]     ; HEX4[5]     ; 2.941 ; 2.941 ; 2.941 ; 2.941 ;
; SW[12]     ; HEX4[6]     ; 3.252 ; 3.252 ; 3.252 ; 3.252 ;
; SW[12]     ; HEX5[0]     ; 3.959 ; 3.959 ; 3.959 ; 3.959 ;
; SW[12]     ; HEX5[1]     ; 4.513 ; 4.513 ; 4.513 ; 4.513 ;
; SW[12]     ; HEX5[2]     ; 3.843 ; 3.843 ; 3.843 ; 3.843 ;
; SW[12]     ; HEX5[3]     ; 3.985 ; 3.985 ; 3.985 ; 3.985 ;
; SW[12]     ; HEX5[4]     ; 3.909 ; 3.909 ; 3.909 ; 3.909 ;
; SW[12]     ; HEX5[5]     ; 4.515 ; 4.515 ; 4.515 ; 4.515 ;
; SW[12]     ; HEX5[6]     ; 4.204 ; 4.204 ; 4.204 ; 4.204 ;
; SW[12]     ; HEX6[0]     ; 2.870 ; 2.870 ; 2.870 ; 2.870 ;
; SW[12]     ; HEX6[1]     ; 2.869 ;       ;       ; 2.869 ;
; SW[12]     ; HEX6[2]     ; 3.095 ; 2.909 ; 2.909 ; 3.095 ;
; SW[12]     ; HEX6[3]     ; 3.567 ; 3.567 ; 3.567 ; 3.567 ;
; SW[12]     ; HEX6[4]     ; 3.568 ;       ;       ; 3.568 ;
; SW[12]     ; HEX6[5]     ; 3.489 ; 3.489 ; 3.489 ; 3.489 ;
; SW[12]     ; HEX6[6]     ; 3.526 ; 3.526 ; 3.526 ; 3.526 ;
; SW[13]     ; HEX4[0]     ; 5.439 ; 5.439 ; 5.439 ; 5.439 ;
; SW[13]     ; HEX4[1]     ; 5.315 ; 5.315 ; 5.315 ; 5.315 ;
; SW[13]     ; HEX4[2]     ; 5.362 ; 5.362 ; 5.362 ; 5.362 ;
; SW[13]     ; HEX4[3]     ; 5.170 ; 5.170 ; 5.170 ; 5.170 ;
; SW[13]     ; HEX4[4]     ; 5.495 ;       ;       ; 5.495 ;
; SW[13]     ; HEX4[5]     ; 5.226 ; 5.226 ; 5.226 ; 5.226 ;
; SW[13]     ; HEX4[6]     ; 5.579 ; 5.579 ; 5.579 ; 5.579 ;
; SW[13]     ; HEX5[0]     ; 5.925 ; 5.925 ; 5.925 ; 5.925 ;
; SW[13]     ; HEX5[1]     ; 6.479 ; 6.479 ; 6.479 ; 6.479 ;
; SW[13]     ; HEX5[2]     ; 5.809 ; 5.809 ; 5.809 ; 5.809 ;
; SW[13]     ; HEX5[3]     ; 5.951 ; 5.951 ; 5.951 ; 5.951 ;
; SW[13]     ; HEX5[4]     ; 5.875 ; 5.875 ; 5.875 ; 5.875 ;
; SW[13]     ; HEX5[5]     ; 6.481 ; 6.481 ; 6.481 ; 6.481 ;
; SW[13]     ; HEX5[6]     ; 6.170 ; 6.170 ; 6.170 ; 6.170 ;
; SW[13]     ; HEX6[0]     ; 5.567 ; 5.567 ; 5.567 ; 5.567 ;
; SW[13]     ; HEX6[1]     ; 5.570 ;       ;       ; 5.570 ;
; SW[13]     ; HEX6[2]     ; 5.484 ;       ;       ; 5.484 ;
; SW[13]     ; HEX6[3]     ; 5.845 ;       ;       ; 5.845 ;
; SW[13]     ; HEX6[4]     ; 5.975 ;       ;       ; 5.975 ;
; SW[13]     ; HEX6[5]     ; 5.774 ; 5.774 ; 5.774 ; 5.774 ;
; SW[13]     ; HEX6[6]     ; 5.813 ; 5.813 ; 5.813 ; 5.813 ;
; SW[14]     ; HEX5[0]     ; 5.478 ; 5.478 ; 5.478 ; 5.478 ;
; SW[14]     ; HEX5[1]     ; 5.963 ; 5.963 ; 5.963 ; 5.963 ;
; SW[14]     ; HEX5[2]     ; 5.365 ; 5.365 ; 5.365 ; 5.365 ;
; SW[14]     ; HEX5[3]     ; 5.503 ; 5.503 ; 5.503 ; 5.503 ;
; SW[14]     ; HEX5[4]     ; 5.427 ; 5.427 ; 5.427 ; 5.427 ;
; SW[14]     ; HEX5[5]     ; 5.965 ; 5.965 ; 5.965 ; 5.965 ;
; SW[14]     ; HEX5[6]     ; 5.816 ; 5.816 ; 5.816 ; 5.816 ;
; SW[14]     ; HEX7[0]     ; 5.698 ; 5.698 ; 5.698 ; 5.698 ;
; SW[14]     ; HEX7[1]     ; 5.696 ; 5.696 ; 5.696 ; 5.696 ;
; SW[14]     ; HEX7[2]     ;       ; 5.486 ; 5.486 ;       ;
; SW[14]     ; HEX7[3]     ; 5.678 ; 5.678 ; 5.678 ; 5.678 ;
; SW[14]     ; HEX7[4]     ; 5.457 ;       ;       ; 5.457 ;
; SW[14]     ; HEX7[5]     ; 5.943 ;       ;       ; 5.943 ;
; SW[14]     ; HEX7[6]     ; 5.958 ;       ;       ; 5.958 ;
; SW[15]     ; HEX5[0]     ; 5.459 ; 5.459 ; 5.459 ; 5.459 ;
; SW[15]     ; HEX5[1]     ; 5.876 ; 5.876 ; 5.876 ; 5.876 ;
; SW[15]     ; HEX5[2]     ; 5.345 ; 5.345 ; 5.345 ; 5.345 ;
; SW[15]     ; HEX5[3]     ; 5.453 ; 5.453 ; 5.453 ; 5.453 ;
; SW[15]     ; HEX5[4]     ; 5.375 ; 5.375 ; 5.375 ; 5.375 ;
; SW[15]     ; HEX5[5]     ; 5.878 ; 5.878 ; 5.878 ; 5.878 ;
; SW[15]     ; HEX5[6]     ; 5.743 ; 5.743 ; 5.743 ; 5.743 ;
; SW[15]     ; HEX7[0]     ; 5.619 ; 5.619 ; 5.619 ; 5.619 ;
; SW[15]     ; HEX7[1]     ; 5.624 ; 5.624 ; 5.624 ; 5.624 ;
; SW[15]     ; HEX7[2]     ; 5.413 ;       ;       ; 5.413 ;
; SW[15]     ; HEX7[3]     ; 5.605 ; 5.605 ; 5.605 ; 5.605 ;
; SW[15]     ; HEX7[4]     ; 5.601 ; 5.601 ; 5.601 ; 5.601 ;
; SW[15]     ; HEX7[5]     ; 5.872 ;       ;       ; 5.872 ;
; SW[15]     ; HEX7[6]     ; 5.889 ; 5.889 ; 5.889 ; 5.889 ;
; SW[16]     ; HEX5[0]     ; 5.347 ; 5.347 ; 5.347 ; 5.347 ;
; SW[16]     ; HEX5[1]     ; 5.916 ; 5.916 ; 5.916 ; 5.916 ;
; SW[16]     ; HEX5[2]     ; 5.507 ; 5.228 ; 5.228 ; 5.507 ;
; SW[16]     ; HEX5[3]     ; 5.372 ; 5.372 ; 5.372 ; 5.372 ;
; SW[16]     ; HEX5[4]     ; 5.296 ; 5.296 ; 5.296 ; 5.296 ;
; SW[16]     ; HEX5[5]     ; 5.919 ; 5.919 ; 5.919 ; 5.919 ;
; SW[16]     ; HEX5[6]     ; 5.854 ; 5.854 ; 5.854 ; 5.854 ;
; SW[16]     ; HEX7[0]     ; 5.740 ; 5.740 ; 5.740 ; 5.740 ;
; SW[16]     ; HEX7[1]     ; 5.738 ;       ;       ; 5.738 ;
; SW[16]     ; HEX7[2]     ; 5.682 ; 5.521 ; 5.521 ; 5.682 ;
; SW[16]     ; HEX7[3]     ; 5.712 ; 5.712 ; 5.712 ; 5.712 ;
; SW[16]     ; HEX7[4]     ; 5.704 ;       ;       ; 5.704 ;
; SW[16]     ; HEX7[5]     ; 5.991 ; 5.991 ; 5.991 ; 5.991 ;
; SW[16]     ; HEX7[6]     ; 5.996 ; 5.996 ; 5.996 ; 5.996 ;
; SW[17]     ; HEX5[0]     ; 5.501 ; 5.501 ; 5.501 ; 5.501 ;
; SW[17]     ; HEX5[1]     ; 6.063 ; 6.063 ; 6.063 ; 6.063 ;
; SW[17]     ; HEX5[2]     ; 5.361 ; 5.361 ; 5.361 ; 5.361 ;
; SW[17]     ; HEX5[3]     ; 5.604 ; 5.604 ; 5.604 ; 5.604 ;
; SW[17]     ; HEX5[4]     ; 5.441 ; 5.441 ; 5.441 ; 5.441 ;
; SW[17]     ; HEX5[5]     ; 6.064 ; 6.064 ; 6.064 ; 6.064 ;
; SW[17]     ; HEX5[6]     ; 5.754 ; 5.754 ; 5.754 ; 5.754 ;
; SW[17]     ; HEX7[0]     ; 5.621 ; 5.621 ; 5.621 ; 5.621 ;
; SW[17]     ; HEX7[1]     ; 5.622 ;       ;       ; 5.622 ;
; SW[17]     ; HEX7[2]     ; 5.561 ;       ;       ; 5.561 ;
; SW[17]     ; HEX7[3]     ; 5.588 ;       ;       ; 5.588 ;
; SW[17]     ; HEX7[4]     ; 5.583 ;       ;       ; 5.583 ;
; SW[17]     ; HEX7[5]     ; 5.875 ; 5.875 ; 5.875 ; 5.875 ;
; SW[17]     ; HEX7[6]     ; 5.880 ; 5.880 ; 5.880 ; 5.880 ;
+------------+-------------+-------+-------+-------+-------+


-------------------
; Clock Transfers ;
-------------------
Nothing to report.


---------------
; Report TCCS ;
---------------
No dedicated SERDES Transmitter circuitry present in device or used in design


---------------
; Report RSKM ;
---------------
No dedicated SERDES Receiver circuitry present in device or used in design


+------------------------------------------------+
; Unconstrained Paths                            ;
+---------------------------------+-------+------+
; Property                        ; Setup ; Hold ;
+---------------------------------+-------+------+
; Illegal Clocks                  ; 0     ; 0    ;
; Unconstrained Clocks            ; 0     ; 0    ;
; Unconstrained Input Ports       ; 10    ; 10   ;
; Unconstrained Input Port Paths  ; 185   ; 185  ;
; Unconstrained Output Ports      ; 31    ; 31   ;
; Unconstrained Output Port Paths ; 185   ; 185  ;
+---------------------------------+-------+------+


+------------------------------------+
; TimeQuest Timing Analyzer Messages ;
+------------------------------------+
Info: *******************************************************************
Info: Running Quartus II 64-Bit TimeQuest Timing Analyzer
    Info: Version 13.0.1 Build 232 06/12/2013 Service Pack 1 SJ Web Edition
    Info: Processing started: Wed Dec 20 14:00:14 2017
Info: Command: quartus_sta Lab2_top_level -c Lab2_top_level
Info: qsta_default_script.tcl version: #1
Warning (20028): Parallel compilation is not licensed and has been disabled
Info (21077): Low junction temperature is 0 degrees C
Info (21077): High junction temperature is 85 degrees C
Critical Warning (332012): Synopsys Design Constraints File file not found: 'Lab2_top_level.sdc'. A Synopsys Design Constraints File is required by the TimeQuest Timing Analyzer to get proper timing constraints. Without it, the Compiler will not properly optimize the design.
Info (332142): No user constrained base clocks found in the design. Calling "derive_clocks -period 1.0"
Info (332096): The command derive_clocks did not find any clocks to derive.  No clocks were created or changed.
Warning (332068): No clocks defined in design.
Info: Found TIMEQUEST_REPORT_SCRIPT_INCLUDE_DEFAULT_ANALYSIS = ON
Info (332159): No clocks to report
Info: Analyzing Slow Model
Info (332140): No fmax paths to report
Info (332140): No Setup paths to report
Info (332140): No Hold paths to report
Info (332140): No Recovery paths to report
Info (332140): No Removal paths to report
Info (332140): No Minimum Pulse Width paths to report
Info (332001): The selected device family is not supported by the report_metastability command.
Info: Analyzing Fast Model
Info (332142): No user constrained base clocks found in the design. Calling "derive_clocks -period 1.0"
Info (332096): The command derive_clocks did not find any clocks to derive.  No clocks were created or changed.
Warning (332068): No clocks defined in design.
Info (332140): No Setup paths to report
Info (332140): No Hold paths to report
Info (332140): No Recovery paths to report
Info (332140): No Removal paths to report
Info (332140): No Minimum Pulse Width paths to report
Info (332001): The selected device family is not supported by the report_metastability command.
Info (332102): Design is not fully constrained for setup requirements
Info (332102): Design is not fully constrained for hold requirements
Info: Quartus II 64-Bit TimeQuest Timing Analyzer was successful. 0 errors, 4 warnings
    Info: Peak virtual memory: 442 megabytes
    Info: Processing ended: Wed Dec 20 14:00:15 2017
    Info: Elapsed time: 00:00:01
    Info: Total CPU time (on all processors): 00:00:01


