       0     7500     1000        0        0        0
       5     7500     2000        0        0        0
      10     7500     3000        0        0        0
      15     7500     4000        0        0        0
      20     7500     5000        0        0        0
      25     7500     6000        0        0        0
      30     7500     7000        0        0        0
      35     7500     8000        0        0        0
      40     7500     9000        0        0        0
      45     7500    10000      100        0        0
      50     7500    11000      200        0        0
      55     7500    12000      400        0        0
      60     7500    13000      700        0        0
      65     7500    13507     1000        0        0
      70     7500    13507     1200        0        0
      75     7500    13507     1500        0        0
      80     7500    13507     1800        0        0
      85     7500    13507     2100        0        0
      90     7500    13507     2300        0        0
      95     7500    13507     2600        0        0
     100     7500    13507     2800        0        0
     105     7500    13507     2900        0        0
     110     7500    13507     3100        0        0
     115     7500    13507     3300        0        0
     119     7500    13507     3400        0        0
     124     7500    13507     3600        0        0
     129     7500    13507     3700        0        0
     134     7500    13507     3800        0        0
     139     7500    13507     3900        0        0
     144     7500    13507     4000        0        0
     149     7500    13507     4100        0        0
     154     7500    13507     4200        0        0
     159     7500    13507     4300        0        0
     164     7500    13507     4400        0        0
     169     7500    13507     4500        0        0
     174     7500    13507     4600        0        0
     179     7500    13507     4700        0        0
     184     7500    13507     4800        0        0
     189     7500    13507     4800        0        0
     194     7500    13507     4900        0        0
     199     7500    13507     5000        0        0
     204     7500    13507     5000        0        0
     209     7500    13507     5100        0        0
     214     7500    13507     5200        0        0
     219     7500    13507     5200        0        0
     224     7500    13507     5300        0        0
     229     7500    13507     5300        0        0
     234     7500    13507     5400        0        0
     239     7500    13507     5400        0        0
     244     7500    13507     5500        0        0
     249     7500    13507     5500        0        0
     254     7500    13507     5600        0        0
     259     7500    13507     5600        0        0
     264     7500    13507     5600        0        0
     269     7500    13507     5700        0        0
     274     7500    13507     5700        0        0
     279     7500    13507     5800        0        0
     284     7500    13507     5800        0        0
     289     7500    13507     5800        0        0
     294     7500    13507     5900        0        0
     299     7500    13507     5900        0        0
     304     7500    13507     5900        0        0
     309     7500    13507     5900        0        0
     314     7500    13507     6000        0        0
     319     7500    13507     6000        0        0
     324     7500    13507     6000        0        0
     329     7500    13507     6100        0        0
     334     7500    13507     6100        0        0
     339     7500    13507     6100        0        0
     344     7500    13507     6100        0        0
     349     7500    13507     6100        0        0
     354     7500    13507     6200        0        0
     359     7500    13507     6200        0        0
     364     7500    13507     6200        0        0
     369     7500    13507     6200        0        0
     374     7500    13507     6200        0        0
     379     7500    13507     6300        0        0
     384     7500    13507     6300        0        0
     389     7500    13507     6300        0        0
     394     7500    13507     6300        0        0
     399     7500    13507     6300        0        0
     404     7500    13507     6400        0        0
     409     7500    13507     6400        0        0
     414     7500    13507     6400        0        0
     419     7500    13507     6400        0        0
     424     7500    13507     6400        0        0
     429     7500    13507     6400        0        0
     434     7500    13507     6400        0        0
     439     7500    13507     6500        0        0
     444     7500    13507     6500        0        0
     449     7500    13507     6500        0        0
     454     7500    13507     6500        0        0
     459     7500    13507     6500        0        0
     464     7500    13507     6500        0        0
     469     7500    13507     6500        0        0
     475     7500    13507     6500        0        0
     480     7500    13507     6500        0        0
     485     7500    13507     6600        0        0
     490     7500    13507     6600        0        0
     495     7500    13507     6600        0        0
     500     7500    13507     6600        0        0
     505     7500    13507     6600        0        0
     510     7500    13507     6600        0        0
     515     7500    13507     6600        0        0
     520     7500    13507     6600        0        0
     525     7500    13507     6600        0        0
     530     7500    13507     6600        0        0
     535     7500    13507     6600        0        0
     540     7500    13507     6700        0        0
     545     7500    13507     6700        0        0
     550     7500    13507     6700        0        0
     555     7500    13507     6700        0        0
     560     7500    13507     6700        0        0
     565     7500    13507     6700        0        0
     570     7500    13507     6700        0        0
     575     7500    13507     6700        0        0
     580     7500    13507     6700        0        0
     585     7500    13507     6700        0        0
     590     7500    13507     6700        0        0
     595     7500    13507     6700        0        0
     600     7500    13507     6700        0        0
     605     7500    13507     6700        0        0
     610     7500    13507     6700        0        0
     615     7500    13507     6700        0        0
     620     7500    13507     6700        0        0
     625     7500    13507     6700        0        0
     630     7500    13507     6700        0        0
     635     7500    13507     6800        0        0
     640     7500    13507     6800        0        0
     645     7500    13507     6800        0        0
     650     7500    13507     6800        0        0
     655     7500    13507     6800        0        0
     660     7500    13507     6800        0        0
     665     7500    13507     6800        0        0
     670     7500    13507     6800        0        0
     675     7500    13507     6800        0        0
     680     7500    13507     6800        0        0
     685     7500    13507     6800        0        0
     690     7500    13507     6800        0        0
     695     7500    13507     6800        0        0
     700     7500    13507     6800        0        0
     705     7500    13507     6800        0        0
     710     7500    13507     6800        0        0
     715     7500    13507     6800        0        0
     720     7500    13507     6800        0        0
     725     7500    13507     6800        0        0
     730     7500    13507     6800        0        0
     735     7500    13507     6800        0        0
     740     7500    13507     6900        0        0
     745     7500    13507     6900        0        0
     750     7500    13507     6900        0        0
     755     7500    13507     6900        0        0
     760     7500    13507     6900        0        0
     765     7500    13507     6900        0        0
     770     7500    13507     6900        0        0
     775     7500    13507     6900        0        0
     780     7500    13507     6900        0        0
     785     7500    13507     6900        0        0
     790     7500    13507     6900        0        0
     795     7500    13507     6900        0        0
     800     7500    13507     6900        0        0
     805     7500    13507     6900        0        0
     810     7500    13507     6900        0        0
     815     7500    13507     6900        0        0
     820     7500    13507     6900        0        0
     825     7500    13507     6900        0        0
     830     7500    13507     6900        0        0
     835     7500    13507     6900        0        0
     840     7500    13507     6900        0        0
     845     7500    13507     6900        0        0
     850     7500    13507     6900        0        0
     855     7500    13507     6900        0        0
     860     7500    13507     6900        0        0
     865     7500    13507     6900        0        0
     870     7500    13507     6900        0        0
     875     7500    13507     6900        0        0
     880     7500    13507     6900        0        0
     885     7500    13507     6900        0        0
     890     7500    13507     6900        0        0
     895     7500    13507     6900        0        0
     900     7500    13507     7000        0        0
     905     7500    13507     7000        0        0
     910     7500    13507     7000        0        0
     915     7500    13507     7000        0        0
     920     7500    13507     7000        0        0
     925     7500    13507     7000        0        0
     930     7500    13507     7000        0        0
     935     7500    13507     7000        0        0
     940     7500    13507     7000        0        0
     945     7500    13507     7000        0        0
     950     7500    13507     7000        0        0
     955     7500    13507     7000        0        0
     960     7500    13507     7000        0        0
     965     7500    13507     7000        0        0
     970     7500    13507     7000        0        0
     975     7500    13507     7000        0        0
     980     7500    13507     7000        0        0
     985     7500    13507     7000        0        0
     990     7500    13507     7000        0        0
     995     7500    13507     7000        0        0
    1000     7500    13507     7000        0        0
    1005     7500    13507     7000        0        0
    1010     7500    13507     7000        0        0
    1015     7500    13507     7000        0        0
    1020     7500    13507     7100        0        0
    1025     7500    13507     7100        0        0
    1030     7500    13507     7000        0        0
    1035     7500    13507     7000        0        0
    1040     7500    13507     7000        0        0
    1045     7500    13507     7100        0        0
    1050     7500    13507     7100        0        0
    1055     7500    13507     7100        0        0
    1060     7500    13507     7100        0        0
    1065     7500    13507     7100        0        0
    1070     7500    13507     7100        0        0
    1075     7500    13507     7100        0        0
    1080     7500    13507     7100        0        0
    1085     7500    13507     7100        0        0
    1090     7500    13507     7100        0        0
    1095     7500    13507     7100        0        0
    1100     7500    13507     7100        0        0
    1105     7500    13507     7100        0        0
    1110     7500    13507     7100        0        0
    1115     7500    13507     7100        0        0
    1120     7500    13507     7100        0        0
    1125     7500    13507     7100        0        0
    1130     7500    13507     7100        0        0
    1135     7500    13507     7100        0        0
    1140     7500    13507     7100        0        0
    1145     7500    13507     7100        0        0
