TimeQuest Timing Analyzer report for Lab3_top_level
Wed Jan 10 15:57:42 2018
Quartus II 64-Bit Version 13.0.1 Build 232 06/12/2013 Service Pack 1 SJ Web Edition


---------------------
; Table of Contents ;
---------------------
  1. Legal Notice
  2. TimeQuest Timing Analyzer Summary
  3. Parallel Compilation
  4. Clocks
  5. Slow Model Fmax Summary
  6. Slow Model Setup Summary
  7. Slow Model Hold Summary
  8. Slow Model Recovery Summary
  9. Slow Model Removal Summary
 10. Slow Model Minimum Pulse Width Summary
 11. Propagation Delay
 12. Minimum Propagation Delay
 13. Fast Model Setup Summary
 14. Fast Model Hold Summary
 15. Fast Model Recovery Summary
 16. Fast Model Removal Summary
 17. Fast Model Minimum Pulse Width Summary
 18. Propagation Delay
 19. Minimum Propagation Delay
 20. Multicorner Timing Analysis Summary
 21. Progagation Delay
 22. Minimum Progagation Delay
 23. Clock Transfers
 24. Report TCCS
 25. Report RSKM
 26. Unconstrained Paths
 27. TimeQuest Timing Analyzer Messages



----------------
; Legal Notice ;
----------------
Copyright (C) 1991-2013 Altera Corporation
Your use of Altera Corporation's design tools, logic functions 
and other software and tools, and its AMPP partner logic 
functions, and any output files from any of the foregoing 
(including device programming or simulation files), and any 
associated documentation or information are expressly subject 
to the terms and conditions of the Altera Program License 
Subscription Agreement, Altera MegaCore Function License 
Agreement, or other applicable license agreement, including, 
without limitation, that your use is for the sole purpose of 
programming logic devices manufactured by Altera and sold by 
Altera or its authorized distributors.  Please refer to the 
applicable agreement for further details.



+----------------------------------------------------------------------------------------+
; TimeQuest Timing Analyzer Summary                                                      ;
+--------------------+-------------------------------------------------------------------+
; Quartus II Version ; Version 13.0.1 Build 232 06/12/2013 Service Pack 1 SJ Web Edition ;
; Revision Name      ; Lab3_top_level                                                    ;
; Device Family      ; Cyclone II                                                        ;
; Device Name        ; EP2C35F672C6                                                      ;
; Timing Models      ; Final                                                             ;
; Delay Model        ; Combined                                                          ;
; Rise/Fall Delays   ; Unavailable                                                       ;
+--------------------+-------------------------------------------------------------------+


Parallel compilation was disabled, but you have multiple processors available. Enable parallel compilation to reduce compilation time.
+-------------------------------------+
; Parallel Compilation                ;
+----------------------------+--------+
; Processors                 ; Number ;
+----------------------------+--------+
; Number detected on machine ; 8      ;
; Maximum allowed            ; 1      ;
+----------------------------+--------+


----------
; Clocks ;
----------
No clocks to report.


---------------------------
; Slow Model Fmax Summary ;
---------------------------
No paths to report.


----------------------------
; Slow Model Setup Summary ;
----------------------------
No paths to report.


---------------------------
; Slow Model Hold Summary ;
---------------------------
No paths to report.


-------------------------------
; Slow Model Recovery Summary ;
-------------------------------
No paths to report.


------------------------------
; Slow Model Removal Summary ;
------------------------------
No paths to report.


------------------------------------------
; Slow Model Minimum Pulse Width Summary ;
------------------------------------------
No paths to report.


+--------------------------------------------------------------+
; Propagation Delay                                            ;
+------------+-------------+--------+--------+--------+--------+
; Input Port ; Output Port ; RR     ; RF     ; FR     ; FF     ;
+------------+-------------+--------+--------+--------+--------+
; SW[0]      ; HEX0[3]     ; 5.761  ;        ;        ; 5.761  ;
; SW[0]      ; HEX1[6]     ; 5.264  ;        ;        ; 5.264  ;
; SW[0]      ; HEX2[0]     ; 5.264  ;        ;        ; 5.264  ;
; SW[0]      ; HEX4[0]     ; 7.307  ;        ;        ; 7.307  ;
; SW[0]      ; HEX4[1]     ; 7.304  ;        ;        ; 7.304  ;
; SW[0]      ; HEX4[2]     ; 7.614  ;        ;        ; 7.614  ;
; SW[0]      ; HEX4[3]     ; 7.012  ;        ;        ; 7.012  ;
; SW[0]      ; HEX4[4]     ; 7.042  ;        ;        ; 7.042  ;
; SW[0]      ; HEX4[5]     ; 7.039  ;        ;        ; 7.039  ;
; SW[0]      ; HEX4[6]     ; 7.010  ;        ;        ; 7.010  ;
; SW[0]      ; HEX5[0]     ; 7.831  ;        ;        ; 7.831  ;
; SW[0]      ; HEX5[1]     ; 7.584  ;        ;        ; 7.584  ;
; SW[0]      ; HEX5[2]     ; 7.601  ;        ;        ; 7.601  ;
; SW[0]      ; HEX5[3]     ; 7.337  ;        ;        ; 7.337  ;
; SW[0]      ; HEX5[4]     ; 7.873  ;        ;        ; 7.873  ;
; SW[0]      ; HEX5[5]     ; 7.320  ;        ;        ; 7.320  ;
; SW[0]      ; HEX5[6]     ; 7.597  ;        ;        ; 7.597  ;
; SW[0]      ; HEX6[0]     ; 7.308  ;        ;        ; 7.308  ;
; SW[0]      ; HEX6[1]     ; 7.790  ;        ;        ; 7.790  ;
; SW[0]      ; HEX6[2]     ; 7.730  ;        ;        ; 7.730  ;
; SW[0]      ; HEX6[3]     ; 7.842  ;        ;        ; 7.842  ;
; SW[0]      ; HEX6[4]     ; 8.328  ;        ;        ; 8.328  ;
; SW[0]      ; HEX6[5]     ; 8.033  ;        ;        ; 8.033  ;
; SW[0]      ; HEX6[6]     ; 7.495  ;        ;        ; 7.495  ;
; SW[0]      ; HEX7[0]     ; 7.856  ;        ;        ; 7.856  ;
; SW[0]      ; HEX7[1]     ; 7.856  ;        ;        ; 7.856  ;
; SW[0]      ; HEX7[2]     ; 8.219  ;        ;        ; 8.219  ;
; SW[0]      ; HEX7[3]     ; 7.843  ;        ;        ; 7.843  ;
; SW[0]      ; HEX7[4]     ; 8.307  ;        ;        ; 8.307  ;
; SW[0]      ; HEX7[5]     ; 7.879  ;        ;        ; 7.879  ;
; SW[0]      ; HEX7[6]     ; 7.849  ;        ;        ; 7.849  ;
; SW[1]      ; HEX4[0]     ; 8.469  ; 8.469  ; 8.469  ; 8.469  ;
; SW[1]      ; HEX4[1]     ; 7.584  ; 7.584  ; 7.584  ; 7.584  ;
; SW[1]      ; HEX4[2]     ; 7.592  ; 7.592  ; 7.592  ; 7.592  ;
; SW[1]      ; HEX4[3]     ; 7.879  ; 7.879  ; 7.879  ; 7.879  ;
; SW[1]      ; HEX4[4]     ; 7.741  ; 7.741  ; 7.741  ; 7.741  ;
; SW[1]      ; HEX4[5]     ; 7.950  ; 7.950  ; 7.950  ; 7.950  ;
; SW[1]      ; HEX4[6]     ; 7.295  ; 7.295  ; 7.295  ; 7.295  ;
; SW[1]      ; HEX5[0]     ; 10.545 ; 10.545 ; 10.545 ; 10.545 ;
; SW[1]      ; HEX5[1]     ; 10.708 ; 10.708 ; 10.708 ; 10.708 ;
; SW[1]      ; HEX5[2]     ; 10.683 ; 10.683 ; 10.683 ; 10.683 ;
; SW[1]      ; HEX5[3]     ; 10.419 ; 10.419 ; 10.419 ; 10.419 ;
; SW[1]      ; HEX5[4]     ; 9.740  ; 9.740  ; 9.740  ; 9.740  ;
; SW[1]      ; HEX5[5]     ; 10.438 ; 10.438 ; 10.438 ; 10.438 ;
; SW[1]      ; HEX5[6]     ; 10.715 ; 10.715 ; 10.715 ; 10.715 ;
; SW[10]     ; HEX4[0]     ; 6.566  ; 6.566  ; 6.566  ; 6.566  ;
; SW[10]     ; HEX4[1]     ; 6.307  ; 6.343  ; 6.343  ; 6.307  ;
; SW[10]     ; HEX4[2]     ; 6.307  ; 6.307  ; 6.307  ; 6.307  ;
; SW[10]     ; HEX4[3]     ; 5.978  ; 5.978  ; 5.978  ; 5.978  ;
; SW[10]     ; HEX4[4]     ; 5.340  ; 5.340  ; 5.340  ; 5.340  ;
; SW[10]     ; HEX4[5]     ; 6.036  ; 6.036  ; 6.036  ; 6.036  ;
; SW[10]     ; HEX4[6]     ; 6.039  ; 6.039  ; 6.039  ; 6.039  ;
; SW[10]     ; HEX5[0]     ; 8.602  ; 8.602  ; 8.602  ; 8.602  ;
; SW[10]     ; HEX5[1]     ; 8.765  ; 8.765  ; 8.765  ; 8.765  ;
; SW[10]     ; HEX5[2]     ; 8.740  ; 8.740  ; 8.740  ; 8.740  ;
; SW[10]     ; HEX5[3]     ; 8.476  ; 8.476  ; 8.476  ; 8.476  ;
; SW[10]     ; HEX5[4]     ; 7.797  ; 7.797  ; 7.797  ; 7.797  ;
; SW[10]     ; HEX5[5]     ; 8.495  ; 8.495  ; 8.495  ; 8.495  ;
; SW[10]     ; HEX5[6]     ; 8.772  ; 8.772  ; 8.772  ; 8.772  ;
; SW[10]     ; HEX6[0]     ; 6.304  ; 6.304  ; 6.304  ; 6.304  ;
; SW[10]     ; HEX6[1]     ; 6.695  ; 6.695  ; 6.695  ; 6.695  ;
; SW[10]     ; HEX6[2]     ;        ; 5.604  ; 5.604  ;        ;
; SW[10]     ; HEX6[3]     ; 7.202  ; 7.202  ; 7.202  ; 7.202  ;
; SW[10]     ; HEX6[4]     ; 6.233  ;        ;        ; 6.233  ;
; SW[10]     ; HEX6[5]     ; 6.973  ;        ;        ; 6.973  ;
; SW[10]     ; HEX6[6]     ; 6.321  ;        ;        ; 6.321  ;
; SW[11]     ; HEX4[0]     ; 5.383  ; 5.383  ; 5.383  ; 5.383  ;
; SW[11]     ; HEX4[1]     ; 6.022  ; 6.022  ; 6.022  ; 6.022  ;
; SW[11]     ; HEX4[2]     ; 5.996  ; 5.708  ; 5.708  ; 5.996  ;
; SW[11]     ; HEX4[3]     ; 5.760  ; 5.760  ; 5.760  ; 5.760  ;
; SW[11]     ; HEX4[4]     ; 5.616  ; 5.616  ; 5.616  ; 5.616  ;
; SW[11]     ; HEX4[5]     ; 5.826  ; 5.826  ; 5.826  ; 5.826  ;
; SW[11]     ; HEX4[6]     ; 5.718  ; 5.718  ; 5.718  ; 5.718  ;
; SW[11]     ; HEX5[0]     ; 8.420  ; 8.420  ; 8.420  ; 8.420  ;
; SW[11]     ; HEX5[1]     ; 8.583  ; 8.583  ; 8.583  ; 8.583  ;
; SW[11]     ; HEX5[2]     ; 8.558  ; 8.558  ; 8.558  ; 8.558  ;
; SW[11]     ; HEX5[3]     ; 8.294  ; 8.294  ; 8.294  ; 8.294  ;
; SW[11]     ; HEX5[4]     ; 7.615  ; 7.615  ; 7.615  ; 7.615  ;
; SW[11]     ; HEX5[5]     ; 8.313  ; 8.313  ; 8.313  ; 8.313  ;
; SW[11]     ; HEX5[6]     ; 8.590  ; 8.590  ; 8.590  ; 8.590  ;
; SW[11]     ; HEX6[0]     ; 5.992  ; 5.992  ; 5.992  ; 5.992  ;
; SW[11]     ; HEX6[1]     ; 6.383  ; 6.383  ; 6.383  ; 6.383  ;
; SW[11]     ; HEX6[2]     ; 5.807  ;        ;        ; 5.807  ;
; SW[11]     ; HEX6[3]     ; 6.882  ; 6.882  ; 6.882  ; 6.882  ;
; SW[11]     ; HEX6[4]     ; 6.415  ; 6.415  ; 6.415  ; 6.415  ;
; SW[11]     ; HEX6[5]     ; 6.652  ;        ;        ; 6.652  ;
; SW[11]     ; HEX6[6]     ; 6.009  ; 6.009  ; 6.009  ; 6.009  ;
; SW[12]     ; HEX4[0]     ; 6.594  ; 6.594  ; 6.594  ; 6.594  ;
; SW[12]     ; HEX4[1]     ; 6.300  ;        ;        ; 6.300  ;
; SW[12]     ; HEX4[2]     ; 6.282  ; 6.282  ; 6.282  ; 6.282  ;
; SW[12]     ; HEX4[3]     ; 6.011  ; 6.011  ; 6.011  ; 6.011  ;
; SW[12]     ; HEX4[4]     ; 5.873  ; 5.873  ; 5.873  ; 5.873  ;
; SW[12]     ; HEX4[5]     ; 6.043  ; 6.082  ; 6.082  ; 6.043  ;
; SW[12]     ; HEX4[6]     ; 5.999  ; 5.999  ; 5.999  ; 5.999  ;
; SW[12]     ; HEX5[0]     ; 8.629  ; 8.629  ; 8.629  ; 8.629  ;
; SW[12]     ; HEX5[1]     ; 8.792  ; 8.792  ; 8.792  ; 8.792  ;
; SW[12]     ; HEX5[2]     ; 8.767  ; 8.767  ; 8.767  ; 8.767  ;
; SW[12]     ; HEX5[3]     ; 8.503  ; 8.503  ; 8.503  ; 8.503  ;
; SW[12]     ; HEX5[4]     ; 7.824  ; 7.824  ; 7.824  ; 7.824  ;
; SW[12]     ; HEX5[5]     ; 8.522  ; 8.522  ; 8.522  ; 8.522  ;
; SW[12]     ; HEX5[6]     ; 8.799  ; 8.799  ; 8.799  ; 8.799  ;
; SW[12]     ; HEX6[0]     ; 6.278  ; 6.278  ; 6.278  ; 6.278  ;
; SW[12]     ; HEX6[1]     ; 6.670  ;        ;        ; 6.670  ;
; SW[12]     ; HEX6[2]     ; 6.057  ; 5.649  ; 5.649  ; 6.057  ;
; SW[12]     ; HEX6[3]     ; 7.161  ; 7.161  ; 7.161  ; 7.161  ;
; SW[12]     ; HEX6[4]     ; 6.677  ;        ;        ; 6.677  ;
; SW[12]     ; HEX6[5]     ; 6.937  ; 6.937  ; 6.937  ; 6.937  ;
; SW[12]     ; HEX6[6]     ; 6.268  ; 6.268  ; 6.268  ; 6.268  ;
; SW[13]     ; HEX4[0]     ; 10.480 ; 10.480 ; 10.480 ; 10.480 ;
; SW[13]     ; HEX4[1]     ; 10.346 ;        ;        ; 10.346 ;
; SW[13]     ; HEX4[2]     ; 10.303 ; 10.303 ; 10.303 ; 10.303 ;
; SW[13]     ; HEX4[3]     ; 9.221  ; 9.221  ; 9.221  ; 9.221  ;
; SW[13]     ; HEX4[4]     ; 9.734  ;        ;        ; 9.734  ;
; SW[13]     ; HEX4[5]     ; 9.249  ; 9.249  ; 9.249  ; 9.249  ;
; SW[13]     ; HEX4[6]     ; 10.042 ; 10.042 ; 10.042 ; 10.042 ;
; SW[13]     ; HEX5[0]     ; 11.870 ; 11.870 ; 11.870 ; 11.870 ;
; SW[13]     ; HEX5[1]     ; 12.033 ; 12.033 ; 12.033 ; 12.033 ;
; SW[13]     ; HEX5[2]     ; 12.008 ; 12.008 ; 12.008 ; 12.008 ;
; SW[13]     ; HEX5[3]     ; 11.744 ; 11.744 ; 11.744 ; 11.744 ;
; SW[13]     ; HEX5[4]     ; 11.065 ; 11.065 ; 11.065 ; 11.065 ;
; SW[13]     ; HEX5[5]     ; 11.763 ; 11.763 ; 11.763 ; 11.763 ;
; SW[13]     ; HEX5[6]     ; 12.040 ; 12.040 ; 12.040 ; 12.040 ;
; SW[13]     ; HEX6[0]     ; 10.299 ; 10.299 ; 10.299 ; 10.299 ;
; SW[13]     ; HEX6[1]     ; 10.687 ;        ;        ; 10.687 ;
; SW[13]     ; HEX6[2]     ; 9.941  ;        ;        ; 9.941  ;
; SW[13]     ; HEX6[3]     ; 11.206 ;        ;        ; 11.206 ;
; SW[13]     ; HEX6[4]     ; 10.536 ;        ;        ; 10.536 ;
; SW[13]     ; HEX6[5]     ; 10.972 ; 10.972 ; 10.972 ; 10.972 ;
; SW[13]     ; HEX6[6]     ; 10.315 ; 10.315 ; 10.315 ; 10.315 ;
; SW[14]     ; HEX5[0]     ; 11.750 ; 11.750 ; 11.750 ; 11.750 ;
; SW[14]     ; HEX5[1]     ; 11.914 ; 11.914 ; 11.914 ; 11.914 ;
; SW[14]     ; HEX5[2]     ; 11.886 ; 11.886 ; 11.886 ; 11.886 ;
; SW[14]     ; HEX5[3]     ; 11.626 ; 11.626 ; 11.626 ; 11.626 ;
; SW[14]     ; HEX5[4]     ; 10.932 ; 10.932 ; 10.932 ; 10.932 ;
; SW[14]     ; HEX5[5]     ; 11.644 ; 11.644 ; 11.644 ; 11.644 ;
; SW[14]     ; HEX5[6]     ; 11.924 ; 11.924 ; 11.924 ; 11.924 ;
; SW[14]     ; HEX7[0]     ; 10.803 ; 10.803 ; 10.803 ; 10.803 ;
; SW[14]     ; HEX7[1]     ; 10.821 ; 10.821 ; 10.821 ; 10.821 ;
; SW[14]     ; HEX7[2]     ;        ; 9.800  ; 9.800  ;        ;
; SW[14]     ; HEX7[3]     ; 10.809 ; 10.809 ; 10.809 ; 10.809 ;
; SW[14]     ; HEX7[4]     ; 9.802  ;        ;        ; 9.802  ;
; SW[14]     ; HEX7[5]     ; 10.987 ;        ;        ; 10.987 ;
; SW[14]     ; HEX7[6]     ; 10.698 ;        ;        ; 10.698 ;
; SW[15]     ; HEX5[0]     ; 11.546 ; 11.546 ; 11.546 ; 11.546 ;
; SW[15]     ; HEX5[1]     ; 11.710 ; 11.710 ; 11.710 ; 11.710 ;
; SW[15]     ; HEX5[2]     ; 11.682 ; 11.682 ; 11.682 ; 11.682 ;
; SW[15]     ; HEX5[3]     ; 11.422 ; 11.422 ; 11.422 ; 11.422 ;
; SW[15]     ; HEX5[4]     ; 10.728 ; 10.728 ; 10.728 ; 10.728 ;
; SW[15]     ; HEX5[5]     ; 11.440 ; 11.440 ; 11.440 ; 11.440 ;
; SW[15]     ; HEX5[6]     ; 11.720 ; 11.720 ; 11.720 ; 11.720 ;
; SW[15]     ; HEX7[0]     ; 10.603 ; 10.603 ; 10.603 ; 10.603 ;
; SW[15]     ; HEX7[1]     ; 10.613 ; 10.613 ; 10.613 ; 10.613 ;
; SW[15]     ; HEX7[2]     ; 10.009 ;        ;        ; 10.009 ;
; SW[15]     ; HEX7[3]     ; 10.600 ; 10.600 ; 10.600 ; 10.600 ;
; SW[15]     ; HEX7[4]     ; 10.087 ; 10.087 ; 10.087 ; 10.087 ;
; SW[15]     ; HEX7[5]     ; 10.788 ;        ;        ; 10.788 ;
; SW[15]     ; HEX7[6]     ; 10.499 ; 10.499 ; 10.499 ; 10.499 ;
; SW[16]     ; HEX5[0]     ; 10.902 ; 10.902 ; 10.902 ; 10.902 ;
; SW[16]     ; HEX5[1]     ; 11.065 ; 11.065 ; 11.065 ; 11.065 ;
; SW[16]     ; HEX5[2]     ; 11.040 ; 11.040 ; 11.040 ; 11.040 ;
; SW[16]     ; HEX5[3]     ; 10.776 ; 10.776 ; 10.776 ; 10.776 ;
; SW[16]     ; HEX5[4]     ; 10.097 ; 10.097 ; 10.097 ; 10.097 ;
; SW[16]     ; HEX5[5]     ; 10.795 ; 10.795 ; 10.795 ; 10.795 ;
; SW[16]     ; HEX5[6]     ; 11.072 ; 11.072 ; 11.072 ; 11.072 ;
; SW[16]     ; HEX7[0]     ; 10.806 ; 10.806 ; 10.806 ; 10.806 ;
; SW[16]     ; HEX7[1]     ; 10.815 ;        ;        ; 10.815 ;
; SW[16]     ; HEX7[2]     ; 10.206 ; 9.796  ; 9.796  ; 10.206 ;
; SW[16]     ; HEX7[3]     ; 10.793 ; 10.793 ; 10.793 ; 10.793 ;
; SW[16]     ; HEX7[4]     ; 10.304 ;        ;        ; 10.304 ;
; SW[16]     ; HEX7[5]     ; 11.005 ; 11.005 ; 11.005 ; 11.005 ;
; SW[16]     ; HEX7[6]     ; 10.715 ; 10.715 ; 10.715 ; 10.715 ;
; SW[17]     ; HEX5[0]     ; 11.032 ; 11.032 ; 11.032 ; 11.032 ;
; SW[17]     ; HEX5[1]     ; 11.196 ; 11.196 ; 11.196 ; 11.196 ;
; SW[17]     ; HEX5[2]     ; 11.168 ; 11.168 ; 11.168 ; 11.168 ;
; SW[17]     ; HEX5[3]     ; 10.908 ; 10.908 ; 10.908 ; 10.908 ;
; SW[17]     ; HEX5[4]     ; 10.214 ; 10.214 ; 10.214 ; 10.214 ;
; SW[17]     ; HEX5[5]     ; 10.926 ; 10.926 ; 10.926 ; 10.926 ;
; SW[17]     ; HEX5[6]     ; 11.206 ; 11.206 ; 11.206 ; 11.206 ;
; SW[17]     ; HEX7[0]     ; 10.526 ; 10.526 ; 10.526 ; 10.526 ;
; SW[17]     ; HEX7[1]     ; 10.531 ;        ;        ; 10.531 ;
; SW[17]     ; HEX7[2]     ; 9.922  ;        ;        ; 9.922  ;
; SW[17]     ; HEX7[3]     ; 10.506 ;        ;        ; 10.506 ;
; SW[17]     ; HEX7[4]     ; 10.016 ;        ;        ; 10.016 ;
; SW[17]     ; HEX7[5]     ; 10.718 ; 10.718 ; 10.718 ; 10.718 ;
; SW[17]     ; HEX7[6]     ; 10.428 ; 10.428 ; 10.428 ; 10.428 ;
+------------+-------------+--------+--------+--------+--------+


+--------------------------------------------------------------+
; Minimum Propagation Delay                                    ;
+------------+-------------+--------+--------+--------+--------+
; Input Port ; Output Port ; RR     ; RF     ; FR     ; FF     ;
+------------+-------------+--------+--------+--------+--------+
; SW[0]      ; HEX0[3]     ; 5.761  ;        ;        ; 5.761  ;
; SW[0]      ; HEX1[6]     ; 5.264  ;        ;        ; 5.264  ;
; SW[0]      ; HEX2[0]     ; 5.264  ;        ;        ; 5.264  ;
; SW[0]      ; HEX4[0]     ; 7.307  ;        ;        ; 7.307  ;
; SW[0]      ; HEX4[1]     ; 7.304  ;        ;        ; 7.304  ;
; SW[0]      ; HEX4[2]     ; 7.614  ;        ;        ; 7.614  ;
; SW[0]      ; HEX4[3]     ; 7.012  ;        ;        ; 7.012  ;
; SW[0]      ; HEX4[4]     ; 7.042  ;        ;        ; 7.042  ;
; SW[0]      ; HEX4[5]     ; 7.039  ;        ;        ; 7.039  ;
; SW[0]      ; HEX4[6]     ; 7.010  ;        ;        ; 7.010  ;
; SW[0]      ; HEX5[0]     ; 7.831  ;        ;        ; 7.831  ;
; SW[0]      ; HEX5[1]     ; 7.584  ;        ;        ; 7.584  ;
; SW[0]      ; HEX5[2]     ; 7.601  ;        ;        ; 7.601  ;
; SW[0]      ; HEX5[3]     ; 7.337  ;        ;        ; 7.337  ;
; SW[0]      ; HEX5[4]     ; 7.873  ;        ;        ; 7.873  ;
; SW[0]      ; HEX5[5]     ; 7.320  ;        ;        ; 7.320  ;
; SW[0]      ; HEX5[6]     ; 7.597  ;        ;        ; 7.597  ;
; SW[0]      ; HEX6[0]     ; 7.308  ;        ;        ; 7.308  ;
; SW[0]      ; HEX6[1]     ; 7.790  ;        ;        ; 7.790  ;
; SW[0]      ; HEX6[2]     ; 7.730  ;        ;        ; 7.730  ;
; SW[0]      ; HEX6[3]     ; 7.842  ;        ;        ; 7.842  ;
; SW[0]      ; HEX6[4]     ; 8.328  ;        ;        ; 8.328  ;
; SW[0]      ; HEX6[5]     ; 8.033  ;        ;        ; 8.033  ;
; SW[0]      ; HEX6[6]     ; 7.495  ;        ;        ; 7.495  ;
; SW[0]      ; HEX7[0]     ; 7.856  ;        ;        ; 7.856  ;
; SW[0]      ; HEX7[1]     ; 7.856  ;        ;        ; 7.856  ;
; SW[0]      ; HEX7[2]     ; 8.219  ;        ;        ; 8.219  ;
; SW[0]      ; HEX7[3]     ; 7.843  ;        ;        ; 7.843  ;
; SW[0]      ; HEX7[4]     ; 8.307  ;        ;        ; 8.307  ;
; SW[0]      ; HEX7[5]     ; 7.879  ;        ;        ; 7.879  ;
; SW[0]      ; HEX7[6]     ; 7.849  ;        ;        ; 7.849  ;
; SW[1]      ; HEX4[0]     ; 8.217  ; 8.217  ; 8.217  ; 8.217  ;
; SW[1]      ; HEX4[1]     ; 7.584  ; 7.584  ; 7.584  ; 7.584  ;
; SW[1]      ; HEX4[2]     ; 7.592  ; 7.592  ; 7.592  ; 7.592  ;
; SW[1]      ; HEX4[3]     ; 7.731  ; 7.731  ; 7.731  ; 7.731  ;
; SW[1]      ; HEX4[4]     ; 7.517  ; 7.517  ; 7.517  ; 7.517  ;
; SW[1]      ; HEX4[5]     ; 7.911  ; 7.911  ; 7.911  ; 7.911  ;
; SW[1]      ; HEX4[6]     ; 7.295  ; 7.295  ; 7.295  ; 7.295  ;
; SW[1]      ; HEX5[0]     ; 10.020 ; 10.020 ; 10.020 ; 10.020 ;
; SW[1]      ; HEX5[1]     ; 10.184 ; 10.184 ; 10.184 ; 10.184 ;
; SW[1]      ; HEX5[2]     ; 10.156 ; 10.156 ; 10.156 ; 10.156 ;
; SW[1]      ; HEX5[3]     ; 9.896  ; 9.896  ; 9.896  ; 9.896  ;
; SW[1]      ; HEX5[4]     ; 9.186  ; 9.186  ; 9.186  ; 9.186  ;
; SW[1]      ; HEX5[5]     ; 9.914  ; 9.914  ; 9.914  ; 9.914  ;
; SW[1]      ; HEX5[6]     ; 10.193 ; 10.193 ; 10.193 ; 10.193 ;
; SW[10]     ; HEX4[0]     ; 6.302  ; 6.302  ; 6.302  ; 6.302  ;
; SW[10]     ; HEX4[1]     ; 6.307  ; 6.307  ; 6.307  ; 6.307  ;
; SW[10]     ; HEX4[2]     ; 6.028  ; 6.028  ; 6.028  ; 6.028  ;
; SW[10]     ; HEX4[3]     ; 5.828  ; 5.828  ; 5.828  ; 5.828  ;
; SW[10]     ; HEX4[4]     ; 5.340  ; 5.340  ; 5.340  ; 5.340  ;
; SW[10]     ; HEX4[5]     ; 6.009  ; 6.009  ; 6.009  ; 6.009  ;
; SW[10]     ; HEX4[6]     ; 6.009  ; 6.039  ; 6.039  ; 6.009  ;
; SW[10]     ; HEX5[0]     ; 8.077  ; 8.077  ; 8.077  ; 8.077  ;
; SW[10]     ; HEX5[1]     ; 8.241  ; 8.241  ; 8.241  ; 8.241  ;
; SW[10]     ; HEX5[2]     ; 8.213  ; 8.213  ; 8.213  ; 8.213  ;
; SW[10]     ; HEX5[3]     ; 7.953  ; 7.953  ; 7.953  ; 7.953  ;
; SW[10]     ; HEX5[4]     ; 7.243  ; 7.243  ; 7.243  ; 7.243  ;
; SW[10]     ; HEX5[5]     ; 7.971  ; 7.971  ; 7.971  ; 7.971  ;
; SW[10]     ; HEX5[6]     ; 8.250  ; 8.250  ; 8.250  ; 8.250  ;
; SW[10]     ; HEX6[0]     ; 6.304  ; 6.304  ; 6.304  ; 6.304  ;
; SW[10]     ; HEX6[1]     ; 6.695  ; 6.695  ; 6.695  ; 6.695  ;
; SW[10]     ; HEX6[2]     ;        ; 5.604  ; 5.604  ;        ;
; SW[10]     ; HEX6[3]     ; 7.202  ; 7.202  ; 7.202  ; 7.202  ;
; SW[10]     ; HEX6[4]     ; 6.233  ;        ;        ; 6.233  ;
; SW[10]     ; HEX6[5]     ; 6.973  ;        ;        ; 6.973  ;
; SW[10]     ; HEX6[6]     ; 6.321  ;        ;        ; 6.321  ;
; SW[11]     ; HEX4[0]     ; 5.383  ; 5.383  ; 5.383  ; 5.383  ;
; SW[11]     ; HEX4[1]     ; 5.988  ; 5.988  ; 5.988  ; 5.988  ;
; SW[11]     ; HEX4[2]     ; 5.708  ; 5.708  ; 5.708  ; 5.708  ;
; SW[11]     ; HEX4[3]     ; 5.611  ; 5.611  ; 5.611  ; 5.611  ;
; SW[11]     ; HEX4[4]     ; 5.616  ; 5.616  ; 5.616  ; 5.616  ;
; SW[11]     ; HEX4[5]     ; 5.792  ; 5.792  ; 5.792  ; 5.792  ;
; SW[11]     ; HEX4[6]     ; 5.695  ; 5.695  ; 5.695  ; 5.695  ;
; SW[11]     ; HEX5[0]     ; 7.895  ; 7.895  ; 7.895  ; 7.895  ;
; SW[11]     ; HEX5[1]     ; 8.059  ; 8.059  ; 8.059  ; 8.059  ;
; SW[11]     ; HEX5[2]     ; 8.031  ; 8.031  ; 8.031  ; 8.031  ;
; SW[11]     ; HEX5[3]     ; 7.771  ; 7.771  ; 7.771  ; 7.771  ;
; SW[11]     ; HEX5[4]     ; 7.061  ; 7.061  ; 7.061  ; 7.061  ;
; SW[11]     ; HEX5[5]     ; 7.789  ; 7.789  ; 7.789  ; 7.789  ;
; SW[11]     ; HEX5[6]     ; 8.068  ; 8.068  ; 8.068  ; 8.068  ;
; SW[11]     ; HEX6[0]     ; 5.992  ; 5.992  ; 5.992  ; 5.992  ;
; SW[11]     ; HEX6[1]     ; 6.383  ; 6.383  ; 6.383  ; 6.383  ;
; SW[11]     ; HEX6[2]     ; 5.415  ;        ;        ; 5.415  ;
; SW[11]     ; HEX6[3]     ; 6.882  ; 6.882  ; 6.882  ; 6.882  ;
; SW[11]     ; HEX6[4]     ; 6.415  ; 6.415  ; 6.415  ; 6.415  ;
; SW[11]     ; HEX6[5]     ; 6.652  ;        ;        ; 6.652  ;
; SW[11]     ; HEX6[6]     ; 6.009  ; 6.009  ; 6.009  ; 6.009  ;
; SW[12]     ; HEX4[0]     ; 6.348  ; 6.348  ; 6.348  ; 6.348  ;
; SW[12]     ; HEX4[1]     ; 6.272  ;        ;        ; 6.272  ;
; SW[12]     ; HEX4[2]     ; 5.994  ; 5.994  ; 5.994  ; 5.994  ;
; SW[12]     ; HEX4[3]     ; 5.851  ; 5.851  ; 5.851  ; 5.851  ;
; SW[12]     ; HEX4[4]     ; 5.873  ; 5.873  ; 5.873  ; 5.873  ;
; SW[12]     ; HEX4[5]     ; 6.043  ; 6.043  ; 6.043  ; 6.043  ;
; SW[12]     ; HEX4[6]     ; 5.954  ; 5.954  ; 5.954  ; 5.954  ;
; SW[12]     ; HEX5[0]     ; 8.104  ; 8.104  ; 8.104  ; 8.104  ;
; SW[12]     ; HEX5[1]     ; 8.268  ; 8.268  ; 8.268  ; 8.268  ;
; SW[12]     ; HEX5[2]     ; 8.240  ; 8.240  ; 8.240  ; 8.240  ;
; SW[12]     ; HEX5[3]     ; 7.980  ; 7.980  ; 7.980  ; 7.980  ;
; SW[12]     ; HEX5[4]     ; 7.270  ; 7.270  ; 7.270  ; 7.270  ;
; SW[12]     ; HEX5[5]     ; 7.998  ; 7.998  ; 7.998  ; 7.998  ;
; SW[12]     ; HEX5[6]     ; 8.277  ; 8.277  ; 8.277  ; 8.277  ;
; SW[12]     ; HEX6[0]     ; 6.278  ; 6.278  ; 6.278  ; 6.278  ;
; SW[12]     ; HEX6[1]     ; 6.670  ;        ;        ; 6.670  ;
; SW[12]     ; HEX6[2]     ; 6.057  ; 5.649  ; 5.649  ; 6.057  ;
; SW[12]     ; HEX6[3]     ; 7.161  ; 7.161  ; 7.161  ; 7.161  ;
; SW[12]     ; HEX6[4]     ; 6.677  ;        ;        ; 6.677  ;
; SW[12]     ; HEX6[5]     ; 6.937  ; 6.937  ; 6.937  ; 6.937  ;
; SW[12]     ; HEX6[6]     ; 6.268  ; 6.268  ; 6.268  ; 6.268  ;
; SW[13]     ; HEX4[0]     ; 10.217 ; 10.217 ; 10.217 ; 10.217 ;
; SW[13]     ; HEX4[1]     ; 10.311 ;        ;        ; 10.311 ;
; SW[13]     ; HEX4[2]     ; 10.029 ; 10.029 ; 10.029 ; 10.029 ;
; SW[13]     ; HEX4[3]     ; 9.221  ; 9.221  ; 9.221  ; 9.221  ;
; SW[13]     ; HEX4[4]     ; 9.734  ;        ;        ; 9.734  ;
; SW[13]     ; HEX4[5]     ; 9.249  ; 9.249  ; 9.249  ; 9.249  ;
; SW[13]     ; HEX4[6]     ; 10.007 ; 10.007 ; 10.007 ; 10.007 ;
; SW[13]     ; HEX5[0]     ; 11.083 ; 11.083 ; 11.083 ; 11.083 ;
; SW[13]     ; HEX5[1]     ; 11.247 ; 11.247 ; 11.247 ; 11.247 ;
; SW[13]     ; HEX5[2]     ; 11.216 ; 11.216 ; 11.216 ; 11.216 ;
; SW[13]     ; HEX5[3]     ; 10.956 ; 10.956 ; 10.956 ; 10.956 ;
; SW[13]     ; HEX5[4]     ; 9.957  ; 9.957  ; 9.957  ; 9.957  ;
; SW[13]     ; HEX5[5]     ; 10.975 ; 10.975 ; 10.975 ; 10.975 ;
; SW[13]     ; HEX5[6]     ; 11.253 ; 11.253 ; 11.253 ; 11.253 ;
; SW[13]     ; HEX6[0]     ; 10.299 ; 10.299 ; 10.299 ; 10.299 ;
; SW[13]     ; HEX6[1]     ; 10.687 ;        ;        ; 10.687 ;
; SW[13]     ; HEX6[2]     ; 9.941  ;        ;        ; 9.941  ;
; SW[13]     ; HEX6[3]     ; 11.206 ;        ;        ; 11.206 ;
; SW[13]     ; HEX6[4]     ; 10.536 ;        ;        ; 10.536 ;
; SW[13]     ; HEX6[5]     ; 10.972 ; 10.972 ; 10.972 ; 10.972 ;
; SW[13]     ; HEX6[6]     ; 10.315 ; 10.315 ; 10.315 ; 10.315 ;
; SW[14]     ; HEX5[0]     ; 10.603 ; 10.603 ; 10.603 ; 10.603 ;
; SW[14]     ; HEX5[1]     ; 10.767 ; 10.767 ; 10.767 ; 10.767 ;
; SW[14]     ; HEX5[2]     ; 10.739 ; 10.739 ; 10.739 ; 10.739 ;
; SW[14]     ; HEX5[3]     ; 10.479 ; 10.479 ; 10.479 ; 10.479 ;
; SW[14]     ; HEX5[4]     ; 10.080 ; 10.080 ; 10.080 ; 10.080 ;
; SW[14]     ; HEX5[5]     ; 10.497 ; 10.497 ; 10.497 ; 10.497 ;
; SW[14]     ; HEX5[6]     ; 10.776 ; 10.776 ; 10.776 ; 10.776 ;
; SW[14]     ; HEX7[0]     ; 10.803 ; 10.803 ; 10.803 ; 10.803 ;
; SW[14]     ; HEX7[1]     ; 10.821 ; 10.821 ; 10.821 ; 10.821 ;
; SW[14]     ; HEX7[2]     ;        ; 9.800  ; 9.800  ;        ;
; SW[14]     ; HEX7[3]     ; 10.809 ; 10.809 ; 10.809 ; 10.809 ;
; SW[14]     ; HEX7[4]     ; 9.802  ;        ;        ; 9.802  ;
; SW[14]     ; HEX7[5]     ; 10.987 ;        ;        ; 10.987 ;
; SW[14]     ; HEX7[6]     ; 10.698 ;        ;        ; 10.698 ;
; SW[15]     ; HEX5[0]     ; 10.997 ; 10.997 ; 10.997 ; 10.997 ;
; SW[15]     ; HEX5[1]     ; 11.161 ; 11.161 ; 11.161 ; 11.161 ;
; SW[15]     ; HEX5[2]     ; 11.130 ; 11.130 ; 11.130 ; 11.130 ;
; SW[15]     ; HEX5[3]     ; 10.870 ; 10.870 ; 10.870 ; 10.870 ;
; SW[15]     ; HEX5[4]     ; 10.178 ; 10.178 ; 10.178 ; 10.178 ;
; SW[15]     ; HEX5[5]     ; 10.889 ; 10.889 ; 10.889 ; 10.889 ;
; SW[15]     ; HEX5[6]     ; 11.167 ; 11.167 ; 11.167 ; 11.167 ;
; SW[15]     ; HEX7[0]     ; 10.603 ; 10.603 ; 10.603 ; 10.603 ;
; SW[15]     ; HEX7[1]     ; 10.613 ; 10.613 ; 10.613 ; 10.613 ;
; SW[15]     ; HEX7[2]     ; 9.616  ;        ;        ; 9.616  ;
; SW[15]     ; HEX7[3]     ; 10.600 ; 10.600 ; 10.600 ; 10.600 ;
; SW[15]     ; HEX7[4]     ; 10.087 ; 10.087 ; 10.087 ; 10.087 ;
; SW[15]     ; HEX7[5]     ; 10.788 ;        ;        ; 10.788 ;
; SW[15]     ; HEX7[6]     ; 10.499 ; 10.499 ; 10.499 ; 10.499 ;
; SW[16]     ; HEX5[0]     ; 10.777 ; 10.777 ; 10.777 ; 10.777 ;
; SW[16]     ; HEX5[1]     ; 10.941 ; 10.941 ; 10.941 ; 10.941 ;
; SW[16]     ; HEX5[2]     ; 10.913 ; 10.913 ; 10.913 ; 10.913 ;
; SW[16]     ; HEX5[3]     ; 10.653 ; 10.653 ; 10.653 ; 10.653 ;
; SW[16]     ; HEX5[4]     ; 9.959  ; 9.959  ; 9.959  ; 9.959  ;
; SW[16]     ; HEX5[5]     ; 10.671 ; 10.671 ; 10.671 ; 10.671 ;
; SW[16]     ; HEX5[6]     ; 10.951 ; 10.951 ; 10.951 ; 10.951 ;
; SW[16]     ; HEX7[0]     ; 10.806 ; 10.806 ; 10.806 ; 10.806 ;
; SW[16]     ; HEX7[1]     ; 10.815 ;        ;        ; 10.815 ;
; SW[16]     ; HEX7[2]     ; 10.206 ; 9.796  ; 9.796  ; 10.206 ;
; SW[16]     ; HEX7[3]     ; 10.793 ; 10.793 ; 10.793 ; 10.793 ;
; SW[16]     ; HEX7[4]     ; 10.304 ;        ;        ; 10.304 ;
; SW[16]     ; HEX7[5]     ; 11.005 ; 11.005 ; 11.005 ; 11.005 ;
; SW[16]     ; HEX7[6]     ; 10.715 ; 10.715 ; 10.715 ; 10.715 ;
; SW[17]     ; HEX5[0]     ; 11.032 ; 11.032 ; 11.032 ; 11.032 ;
; SW[17]     ; HEX5[1]     ; 11.196 ; 11.196 ; 11.196 ; 11.196 ;
; SW[17]     ; HEX5[2]     ; 11.168 ; 11.168 ; 11.168 ; 11.168 ;
; SW[17]     ; HEX5[3]     ; 10.908 ; 10.908 ; 10.908 ; 10.908 ;
; SW[17]     ; HEX5[4]     ; 10.214 ; 10.214 ; 10.214 ; 10.214 ;
; SW[17]     ; HEX5[5]     ; 10.926 ; 10.926 ; 10.926 ; 10.926 ;
; SW[17]     ; HEX5[6]     ; 11.206 ; 11.206 ; 11.206 ; 11.206 ;
; SW[17]     ; HEX7[0]     ; 10.526 ; 10.526 ; 10.526 ; 10.526 ;
; SW[17]     ; HEX7[1]     ; 10.531 ;        ;        ; 10.531 ;
; SW[17]     ; HEX7[2]     ; 9.922  ;        ;        ; 9.922  ;
; SW[17]     ; HEX7[3]     ; 10.506 ;        ;        ; 10.506 ;
; SW[17]     ; HEX7[4]     ; 10.016 ;        ;        ; 10.016 ;
; SW[17]     ; HEX7[5]     ; 10.718 ; 10.718 ; 10.718 ; 10.718 ;
; SW[17]     ; HEX7[6]     ; 10.428 ; 10.428 ; 10.428 ; 10.428 ;
+------------+-------------+--------+--------+--------+--------+


----------------------------
; Fast Model Setup Summary ;
----------------------------
No paths to report.


---------------------------
; Fast Model Hold Summary ;
---------------------------
No paths to report.


-------------------------------
; Fast Model Recovery Summary ;
-------------------------------
No paths to report.


------------------------------
; Fast Model Removal Summary ;
------------------------------
No paths to report.


------------------------------------------
; Fast Model Minimum Pulse Width Summary ;
------------------------------------------
No paths to report.


+----------------------------------------------------------+
; Propagation Delay                                        ;
+------------+-------------+-------+-------+-------+-------+
; Input Port ; Output Port ; RR    ; RF    ; FR    ; FF    ;
+------------+-------------+-------+-------+-------+-------+
; SW[0]      ; HEX0[3]     ; 3.152 ;       ;       ; 3.152 ;
; SW[0]      ; HEX1[6]     ; 2.774 ;       ;       ; 2.774 ;
; SW[0]      ; HEX2[0]     ; 2.774 ;       ;       ; 2.774 ;
; SW[0]      ; HEX4[0]     ; 3.796 ;       ;       ; 3.796 ;
; SW[0]      ; HEX4[1]     ; 3.801 ;       ;       ; 3.801 ;
; SW[0]      ; HEX4[2]     ; 3.933 ;       ;       ; 3.933 ;
; SW[0]      ; HEX4[3]     ; 3.660 ;       ;       ; 3.660 ;
; SW[0]      ; HEX4[4]     ; 3.681 ;       ;       ; 3.681 ;
; SW[0]      ; HEX4[5]     ; 3.680 ;       ;       ; 3.680 ;
; SW[0]      ; HEX4[6]     ; 3.668 ;       ;       ; 3.668 ;
; SW[0]      ; HEX5[0]     ; 4.041 ;       ;       ; 4.041 ;
; SW[0]      ; HEX5[1]     ; 3.924 ;       ;       ; 3.924 ;
; SW[0]      ; HEX5[2]     ; 3.935 ;       ;       ; 3.935 ;
; SW[0]      ; HEX5[3]     ; 3.831 ;       ;       ; 3.831 ;
; SW[0]      ; HEX5[4]     ; 4.039 ;       ;       ; 4.039 ;
; SW[0]      ; HEX5[5]     ; 3.813 ;       ;       ; 3.813 ;
; SW[0]      ; HEX5[6]     ; 3.940 ;       ;       ; 3.940 ;
; SW[0]      ; HEX6[0]     ; 3.798 ;       ;       ; 3.798 ;
; SW[0]      ; HEX6[1]     ; 4.015 ;       ;       ; 4.015 ;
; SW[0]      ; HEX6[2]     ; 3.983 ;       ;       ; 3.983 ;
; SW[0]      ; HEX6[3]     ; 4.102 ;       ;       ; 4.102 ;
; SW[0]      ; HEX6[4]     ; 4.288 ;       ;       ; 4.288 ;
; SW[0]      ; HEX6[5]     ; 4.166 ;       ;       ; 4.166 ;
; SW[0]      ; HEX6[6]     ; 3.928 ;       ;       ; 3.928 ;
; SW[0]      ; HEX7[0]     ; 4.091 ;       ;       ; 4.091 ;
; SW[0]      ; HEX7[1]     ; 4.091 ;       ;       ; 4.091 ;
; SW[0]      ; HEX7[2]     ; 4.222 ;       ;       ; 4.222 ;
; SW[0]      ; HEX7[3]     ; 4.067 ;       ;       ; 4.067 ;
; SW[0]      ; HEX7[4]     ; 4.267 ;       ;       ; 4.267 ;
; SW[0]      ; HEX7[5]     ; 4.102 ;       ;       ; 4.102 ;
; SW[0]      ; HEX7[6]     ; 4.086 ;       ;       ; 4.086 ;
; SW[1]      ; HEX4[0]     ; 4.329 ; 4.329 ; 4.329 ; 4.329 ;
; SW[1]      ; HEX4[1]     ; 3.939 ; 3.939 ; 3.939 ; 3.939 ;
; SW[1]      ; HEX4[2]     ; 3.948 ; 3.948 ; 3.948 ; 3.948 ;
; SW[1]      ; HEX4[3]     ; 4.047 ; 4.047 ; 4.047 ; 4.047 ;
; SW[1]      ; HEX4[4]     ; 4.010 ; 4.010 ; 4.010 ; 4.010 ;
; SW[1]      ; HEX4[5]     ; 4.091 ; 4.091 ; 4.091 ; 4.091 ;
; SW[1]      ; HEX4[6]     ; 3.811 ; 3.811 ; 3.811 ; 3.811 ;
; SW[1]      ; HEX5[0]     ; 5.229 ; 5.229 ; 5.229 ; 5.229 ;
; SW[1]      ; HEX5[1]     ; 5.273 ; 5.273 ; 5.273 ; 5.273 ;
; SW[1]      ; HEX5[2]     ; 5.266 ; 5.266 ; 5.266 ; 5.266 ;
; SW[1]      ; HEX5[3]     ; 5.163 ; 5.163 ; 5.163 ; 5.163 ;
; SW[1]      ; HEX5[4]     ; 4.868 ; 4.868 ; 4.868 ; 4.868 ;
; SW[1]      ; HEX5[5]     ; 5.157 ; 5.157 ; 5.157 ; 5.157 ;
; SW[1]      ; HEX5[6]     ; 5.296 ; 5.296 ; 5.296 ; 5.296 ;
; SW[10]     ; HEX4[0]     ; 3.309 ; 3.309 ; 3.309 ; 3.309 ;
; SW[10]     ; HEX4[1]     ; 3.191 ; 3.204 ; 3.204 ; 3.191 ;
; SW[10]     ; HEX4[2]     ; 3.192 ; 3.192 ; 3.192 ; 3.192 ;
; SW[10]     ; HEX4[3]     ; 3.028 ; 3.028 ; 3.028 ; 3.028 ;
; SW[10]     ; HEX4[4]     ; 2.770 ; 2.770 ; 2.770 ; 2.770 ;
; SW[10]     ; HEX4[5]     ; 3.062 ; 3.062 ; 3.062 ; 3.062 ;
; SW[10]     ; HEX4[6]     ; 3.062 ; 3.062 ; 3.062 ; 3.062 ;
; SW[10]     ; HEX5[0]     ; 4.207 ; 4.207 ; 4.207 ; 4.207 ;
; SW[10]     ; HEX5[1]     ; 4.251 ; 4.251 ; 4.251 ; 4.251 ;
; SW[10]     ; HEX5[2]     ; 4.244 ; 4.244 ; 4.244 ; 4.244 ;
; SW[10]     ; HEX5[3]     ; 4.141 ; 4.141 ; 4.141 ; 4.141 ;
; SW[10]     ; HEX5[4]     ; 3.846 ; 3.846 ; 3.846 ; 3.846 ;
; SW[10]     ; HEX5[5]     ; 4.135 ; 4.135 ; 4.135 ; 4.135 ;
; SW[10]     ; HEX5[6]     ; 4.274 ; 4.274 ; 4.274 ; 4.274 ;
; SW[10]     ; HEX6[0]     ; 3.179 ; 3.179 ; 3.179 ; 3.179 ;
; SW[10]     ; HEX6[1]     ; 3.361 ; 3.361 ; 3.361 ; 3.361 ;
; SW[10]     ; HEX6[2]     ;       ; 2.902 ; 2.902 ;       ;
; SW[10]     ; HEX6[3]     ; 3.636 ; 3.636 ; 3.636 ; 3.636 ;
; SW[10]     ; HEX6[4]     ; 3.217 ;       ;       ; 3.217 ;
; SW[10]     ; HEX6[5]     ; 3.531 ;       ;       ; 3.531 ;
; SW[10]     ; HEX6[6]     ; 3.244 ;       ;       ; 3.244 ;
; SW[11]     ; HEX4[0]     ; 2.801 ; 2.801 ; 2.801 ; 2.801 ;
; SW[11]     ; HEX4[1]     ; 3.071 ; 3.071 ; 3.071 ; 3.071 ;
; SW[11]     ; HEX4[2]     ; 3.068 ; 2.941 ; 2.941 ; 3.068 ;
; SW[11]     ; HEX4[3]     ; 2.944 ; 2.944 ; 2.944 ; 2.944 ;
; SW[11]     ; HEX4[4]     ; 2.901 ; 2.901 ; 2.901 ; 2.901 ;
; SW[11]     ; HEX4[5]     ; 2.981 ; 2.981 ; 2.981 ; 2.981 ;
; SW[11]     ; HEX4[6]     ; 2.930 ; 2.930 ; 2.930 ; 2.930 ;
; SW[11]     ; HEX5[0]     ; 4.121 ; 4.121 ; 4.121 ; 4.121 ;
; SW[11]     ; HEX5[1]     ; 4.165 ; 4.165 ; 4.165 ; 4.165 ;
; SW[11]     ; HEX5[2]     ; 4.158 ; 4.158 ; 4.158 ; 4.158 ;
; SW[11]     ; HEX5[3]     ; 4.055 ; 4.055 ; 4.055 ; 4.055 ;
; SW[11]     ; HEX5[4]     ; 3.760 ; 3.760 ; 3.760 ; 3.760 ;
; SW[11]     ; HEX5[5]     ; 4.049 ; 4.049 ; 4.049 ; 4.049 ;
; SW[11]     ; HEX5[6]     ; 4.188 ; 4.188 ; 4.188 ; 4.188 ;
; SW[11]     ; HEX6[0]     ; 3.056 ; 3.056 ; 3.056 ; 3.056 ;
; SW[11]     ; HEX6[1]     ; 3.238 ; 3.238 ; 3.238 ; 3.238 ;
; SW[11]     ; HEX6[2]     ; 2.987 ;       ;       ; 2.987 ;
; SW[11]     ; HEX6[3]     ; 3.504 ; 3.504 ; 3.504 ; 3.504 ;
; SW[11]     ; HEX6[4]     ; 3.302 ; 3.302 ; 3.302 ; 3.302 ;
; SW[11]     ; HEX6[5]     ; 3.402 ;       ;       ; 3.402 ;
; SW[11]     ; HEX6[6]     ; 3.120 ; 3.120 ; 3.120 ; 3.120 ;
; SW[12]     ; HEX4[0]     ; 3.331 ; 3.331 ; 3.331 ; 3.331 ;
; SW[12]     ; HEX4[1]     ; 3.183 ;       ;       ; 3.183 ;
; SW[12]     ; HEX4[2]     ; 3.187 ; 3.187 ; 3.187 ; 3.187 ;
; SW[12]     ; HEX4[3]     ; 3.054 ; 3.054 ; 3.054 ; 3.054 ;
; SW[12]     ; HEX4[4]     ; 3.016 ; 3.016 ; 3.016 ; 3.016 ;
; SW[12]     ; HEX4[5]     ; 3.078 ; 3.096 ; 3.096 ; 3.078 ;
; SW[12]     ; HEX4[6]     ; 3.046 ; 3.046 ; 3.046 ; 3.046 ;
; SW[12]     ; HEX5[0]     ; 4.239 ; 4.239 ; 4.239 ; 4.239 ;
; SW[12]     ; HEX5[1]     ; 4.283 ; 4.283 ; 4.283 ; 4.283 ;
; SW[12]     ; HEX5[2]     ; 4.276 ; 4.276 ; 4.276 ; 4.276 ;
; SW[12]     ; HEX5[3]     ; 4.173 ; 4.173 ; 4.173 ; 4.173 ;
; SW[12]     ; HEX5[4]     ; 3.878 ; 3.878 ; 3.878 ; 3.878 ;
; SW[12]     ; HEX5[5]     ; 4.167 ; 4.167 ; 4.167 ; 4.167 ;
; SW[12]     ; HEX5[6]     ; 4.306 ; 4.306 ; 4.306 ; 4.306 ;
; SW[12]     ; HEX6[0]     ; 3.177 ; 3.177 ; 3.177 ; 3.177 ;
; SW[12]     ; HEX6[1]     ; 3.356 ;       ;       ; 3.356 ;
; SW[12]     ; HEX6[2]     ; 3.092 ; 2.938 ; 2.938 ; 3.092 ;
; SW[12]     ; HEX6[3]     ; 3.623 ; 3.623 ; 3.623 ; 3.623 ;
; SW[12]     ; HEX6[4]     ; 3.417 ;       ;       ; 3.417 ;
; SW[12]     ; HEX6[5]     ; 3.518 ; 3.518 ; 3.518 ; 3.518 ;
; SW[12]     ; HEX6[6]     ; 3.239 ; 3.239 ; 3.239 ; 3.239 ;
; SW[13]     ; HEX4[0]     ; 5.709 ; 5.709 ; 5.709 ; 5.709 ;
; SW[13]     ; HEX4[1]     ; 5.669 ;       ;       ; 5.669 ;
; SW[13]     ; HEX4[2]     ; 5.645 ; 5.645 ; 5.645 ; 5.645 ;
; SW[13]     ; HEX4[3]     ; 5.154 ; 5.154 ; 5.154 ; 5.154 ;
; SW[13]     ; HEX4[4]     ; 5.380 ;       ;       ; 5.380 ;
; SW[13]     ; HEX4[5]     ; 5.169 ; 5.169 ; 5.169 ; 5.169 ;
; SW[13]     ; HEX4[6]     ; 5.525 ; 5.525 ; 5.525 ; 5.525 ;
; SW[13]     ; HEX5[0]     ; 6.327 ; 6.327 ; 6.327 ; 6.327 ;
; SW[13]     ; HEX5[1]     ; 6.371 ; 6.371 ; 6.371 ; 6.371 ;
; SW[13]     ; HEX5[2]     ; 6.364 ; 6.364 ; 6.364 ; 6.364 ;
; SW[13]     ; HEX5[3]     ; 6.261 ; 6.261 ; 6.261 ; 6.261 ;
; SW[13]     ; HEX5[4]     ; 5.966 ; 5.966 ; 5.966 ; 5.966 ;
; SW[13]     ; HEX5[5]     ; 6.255 ; 6.255 ; 6.255 ; 6.255 ;
; SW[13]     ; HEX5[6]     ; 6.394 ; 6.394 ; 6.394 ; 6.394 ;
; SW[13]     ; HEX6[0]     ; 5.633 ; 5.633 ; 5.633 ; 5.633 ;
; SW[13]     ; HEX6[1]     ; 5.815 ;       ;       ; 5.815 ;
; SW[13]     ; HEX6[2]     ; 5.477 ;       ;       ; 5.477 ;
; SW[13]     ; HEX6[3]     ; 6.099 ;       ;       ; 6.099 ;
; SW[13]     ; HEX6[4]     ; 5.778 ;       ;       ; 5.778 ;
; SW[13]     ; HEX6[5]     ; 5.993 ; 5.993 ; 5.993 ; 5.993 ;
; SW[13]     ; HEX6[6]     ; 5.701 ; 5.701 ; 5.701 ; 5.701 ;
; SW[14]     ; HEX5[0]     ; 6.271 ; 6.271 ; 6.271 ; 6.271 ;
; SW[14]     ; HEX5[1]     ; 6.315 ; 6.315 ; 6.315 ; 6.315 ;
; SW[14]     ; HEX5[2]     ; 6.307 ; 6.307 ; 6.307 ; 6.307 ;
; SW[14]     ; HEX5[3]     ; 6.206 ; 6.206 ; 6.206 ; 6.206 ;
; SW[14]     ; HEX5[4]     ; 5.899 ; 5.899 ; 5.899 ; 5.899 ;
; SW[14]     ; HEX5[5]     ; 6.200 ; 6.200 ; 6.200 ; 6.200 ;
; SW[14]     ; HEX5[6]     ; 6.339 ; 6.339 ; 6.339 ; 6.339 ;
; SW[14]     ; HEX7[0]     ; 5.921 ; 5.921 ; 5.921 ; 5.921 ;
; SW[14]     ; HEX7[1]     ; 5.928 ; 5.928 ; 5.928 ; 5.928 ;
; SW[14]     ; HEX7[2]     ;       ; 5.479 ; 5.479 ;       ;
; SW[14]     ; HEX7[3]     ; 5.901 ; 5.901 ; 5.901 ; 5.901 ;
; SW[14]     ; HEX7[4]     ; 5.468 ;       ;       ; 5.468 ;
; SW[14]     ; HEX7[5]     ; 5.982 ;       ;       ; 5.982 ;
; SW[14]     ; HEX7[6]     ; 5.857 ;       ;       ; 5.857 ;
; SW[15]     ; HEX5[0]     ; 6.181 ; 6.181 ; 6.181 ; 6.181 ;
; SW[15]     ; HEX5[1]     ; 6.225 ; 6.225 ; 6.225 ; 6.225 ;
; SW[15]     ; HEX5[2]     ; 6.217 ; 6.217 ; 6.217 ; 6.217 ;
; SW[15]     ; HEX5[3]     ; 6.116 ; 6.116 ; 6.116 ; 6.116 ;
; SW[15]     ; HEX5[4]     ; 5.809 ; 5.809 ; 5.809 ; 5.809 ;
; SW[15]     ; HEX5[5]     ; 6.110 ; 6.110 ; 6.110 ; 6.110 ;
; SW[15]     ; HEX5[6]     ; 6.249 ; 6.249 ; 6.249 ; 6.249 ;
; SW[15]     ; HEX7[0]     ; 5.825 ; 5.825 ; 5.825 ; 5.825 ;
; SW[15]     ; HEX7[1]     ; 5.837 ; 5.837 ; 5.837 ; 5.837 ;
; SW[15]     ; HEX7[2]     ; 5.554 ;       ;       ; 5.554 ;
; SW[15]     ; HEX7[3]     ; 5.810 ; 5.810 ; 5.810 ; 5.810 ;
; SW[15]     ; HEX7[4]     ; 5.586 ; 5.586 ; 5.586 ; 5.586 ;
; SW[15]     ; HEX7[5]     ; 5.894 ;       ;       ; 5.894 ;
; SW[15]     ; HEX7[6]     ; 5.772 ; 5.772 ; 5.772 ; 5.772 ;
; SW[16]     ; HEX5[0]     ; 5.931 ; 5.931 ; 5.931 ; 5.931 ;
; SW[16]     ; HEX5[1]     ; 5.975 ; 5.975 ; 5.975 ; 5.975 ;
; SW[16]     ; HEX5[2]     ; 5.968 ; 5.968 ; 5.968 ; 5.968 ;
; SW[16]     ; HEX5[3]     ; 5.865 ; 5.865 ; 5.865 ; 5.865 ;
; SW[16]     ; HEX5[4]     ; 5.570 ; 5.570 ; 5.570 ; 5.570 ;
; SW[16]     ; HEX5[5]     ; 5.859 ; 5.859 ; 5.859 ; 5.859 ;
; SW[16]     ; HEX5[6]     ; 5.998 ; 5.998 ; 5.998 ; 5.998 ;
; SW[16]     ; HEX7[0]     ; 5.937 ; 5.937 ; 5.937 ; 5.937 ;
; SW[16]     ; HEX7[1]     ; 5.938 ;       ;       ; 5.938 ;
; SW[16]     ; HEX7[2]     ; 5.648 ; 5.494 ; 5.494 ; 5.648 ;
; SW[16]     ; HEX7[3]     ; 5.910 ; 5.910 ; 5.910 ; 5.910 ;
; SW[16]     ; HEX7[4]     ; 5.700 ;       ;       ; 5.700 ;
; SW[16]     ; HEX7[5]     ; 6.009 ; 6.009 ; 6.009 ; 6.009 ;
; SW[16]     ; HEX7[6]     ; 5.883 ; 5.883 ; 5.883 ; 5.883 ;
; SW[17]     ; HEX5[0]     ; 5.984 ; 5.984 ; 5.984 ; 5.984 ;
; SW[17]     ; HEX5[1]     ; 6.028 ; 6.028 ; 6.028 ; 6.028 ;
; SW[17]     ; HEX5[2]     ; 6.020 ; 6.020 ; 6.020 ; 6.020 ;
; SW[17]     ; HEX5[3]     ; 5.919 ; 5.919 ; 5.919 ; 5.919 ;
; SW[17]     ; HEX5[4]     ; 5.612 ; 5.612 ; 5.612 ; 5.612 ;
; SW[17]     ; HEX5[5]     ; 5.913 ; 5.913 ; 5.913 ; 5.913 ;
; SW[17]     ; HEX5[6]     ; 6.052 ; 6.052 ; 6.052 ; 6.052 ;
; SW[17]     ; HEX7[0]     ; 5.813 ; 5.813 ; 5.813 ; 5.813 ;
; SW[17]     ; HEX7[1]     ; 5.818 ;       ;       ; 5.818 ;
; SW[17]     ; HEX7[2]     ; 5.529 ;       ;       ; 5.529 ;
; SW[17]     ; HEX7[3]     ; 5.782 ;       ;       ; 5.782 ;
; SW[17]     ; HEX7[4]     ; 5.580 ;       ;       ; 5.580 ;
; SW[17]     ; HEX7[5]     ; 5.889 ; 5.889 ; 5.889 ; 5.889 ;
; SW[17]     ; HEX7[6]     ; 5.763 ; 5.763 ; 5.763 ; 5.763 ;
+------------+-------------+-------+-------+-------+-------+


+----------------------------------------------------------+
; Minimum Propagation Delay                                ;
+------------+-------------+-------+-------+-------+-------+
; Input Port ; Output Port ; RR    ; RF    ; FR    ; FF    ;
+------------+-------------+-------+-------+-------+-------+
; SW[0]      ; HEX0[3]     ; 3.152 ;       ;       ; 3.152 ;
; SW[0]      ; HEX1[6]     ; 2.774 ;       ;       ; 2.774 ;
; SW[0]      ; HEX2[0]     ; 2.774 ;       ;       ; 2.774 ;
; SW[0]      ; HEX4[0]     ; 3.796 ;       ;       ; 3.796 ;
; SW[0]      ; HEX4[1]     ; 3.801 ;       ;       ; 3.801 ;
; SW[0]      ; HEX4[2]     ; 3.933 ;       ;       ; 3.933 ;
; SW[0]      ; HEX4[3]     ; 3.660 ;       ;       ; 3.660 ;
; SW[0]      ; HEX4[4]     ; 3.681 ;       ;       ; 3.681 ;
; SW[0]      ; HEX4[5]     ; 3.680 ;       ;       ; 3.680 ;
; SW[0]      ; HEX4[6]     ; 3.668 ;       ;       ; 3.668 ;
; SW[0]      ; HEX5[0]     ; 4.041 ;       ;       ; 4.041 ;
; SW[0]      ; HEX5[1]     ; 3.924 ;       ;       ; 3.924 ;
; SW[0]      ; HEX5[2]     ; 3.935 ;       ;       ; 3.935 ;
; SW[0]      ; HEX5[3]     ; 3.831 ;       ;       ; 3.831 ;
; SW[0]      ; HEX5[4]     ; 4.039 ;       ;       ; 4.039 ;
; SW[0]      ; HEX5[5]     ; 3.813 ;       ;       ; 3.813 ;
; SW[0]      ; HEX5[6]     ; 3.940 ;       ;       ; 3.940 ;
; SW[0]      ; HEX6[0]     ; 3.798 ;       ;       ; 3.798 ;
; SW[0]      ; HEX6[1]     ; 4.015 ;       ;       ; 4.015 ;
; SW[0]      ; HEX6[2]     ; 3.983 ;       ;       ; 3.983 ;
; SW[0]      ; HEX6[3]     ; 4.102 ;       ;       ; 4.102 ;
; SW[0]      ; HEX6[4]     ; 4.288 ;       ;       ; 4.288 ;
; SW[0]      ; HEX6[5]     ; 4.166 ;       ;       ; 4.166 ;
; SW[0]      ; HEX6[6]     ; 3.928 ;       ;       ; 3.928 ;
; SW[0]      ; HEX7[0]     ; 4.091 ;       ;       ; 4.091 ;
; SW[0]      ; HEX7[1]     ; 4.091 ;       ;       ; 4.091 ;
; SW[0]      ; HEX7[2]     ; 4.222 ;       ;       ; 4.222 ;
; SW[0]      ; HEX7[3]     ; 4.067 ;       ;       ; 4.067 ;
; SW[0]      ; HEX7[4]     ; 4.267 ;       ;       ; 4.267 ;
; SW[0]      ; HEX7[5]     ; 4.102 ;       ;       ; 4.102 ;
; SW[0]      ; HEX7[6]     ; 4.086 ;       ;       ; 4.086 ;
; SW[1]      ; HEX4[0]     ; 4.205 ; 4.205 ; 4.205 ; 4.205 ;
; SW[1]      ; HEX4[1]     ; 3.939 ; 3.939 ; 3.939 ; 3.939 ;
; SW[1]      ; HEX4[2]     ; 3.948 ; 3.948 ; 3.948 ; 3.948 ;
; SW[1]      ; HEX4[3]     ; 3.979 ; 3.979 ; 3.979 ; 3.979 ;
; SW[1]      ; HEX4[4]     ; 3.910 ; 3.910 ; 3.910 ; 3.910 ;
; SW[1]      ; HEX4[5]     ; 4.071 ; 4.071 ; 4.071 ; 4.071 ;
; SW[1]      ; HEX4[6]     ; 3.811 ; 3.811 ; 3.811 ; 3.811 ;
; SW[1]      ; HEX5[0]     ; 5.015 ; 5.015 ; 5.015 ; 5.015 ;
; SW[1]      ; HEX5[1]     ; 5.058 ; 5.058 ; 5.058 ; 5.058 ;
; SW[1]      ; HEX5[2]     ; 5.049 ; 5.049 ; 5.049 ; 5.049 ;
; SW[1]      ; HEX5[3]     ; 4.949 ; 4.949 ; 4.949 ; 4.949 ;
; SW[1]      ; HEX5[4]     ; 4.634 ; 4.634 ; 4.634 ; 4.634 ;
; SW[1]      ; HEX5[5]     ; 4.943 ; 4.943 ; 4.943 ; 4.943 ;
; SW[1]      ; HEX5[6]     ; 5.082 ; 5.082 ; 5.082 ; 5.082 ;
; SW[10]     ; HEX4[0]     ; 3.175 ; 3.175 ; 3.175 ; 3.175 ;
; SW[10]     ; HEX4[1]     ; 3.191 ; 3.191 ; 3.191 ; 3.191 ;
; SW[10]     ; HEX4[2]     ; 3.069 ; 3.069 ; 3.069 ; 3.069 ;
; SW[10]     ; HEX4[3]     ; 2.959 ; 2.959 ; 2.959 ; 2.959 ;
; SW[10]     ; HEX4[4]     ; 2.770 ; 2.770 ; 2.770 ; 2.770 ;
; SW[10]     ; HEX4[5]     ; 3.052 ; 3.052 ; 3.052 ; 3.052 ;
; SW[10]     ; HEX4[6]     ; 3.054 ; 3.062 ; 3.062 ; 3.054 ;
; SW[10]     ; HEX5[0]     ; 3.993 ; 3.993 ; 3.993 ; 3.993 ;
; SW[10]     ; HEX5[1]     ; 4.036 ; 4.036 ; 4.036 ; 4.036 ;
; SW[10]     ; HEX5[2]     ; 4.027 ; 4.027 ; 4.027 ; 4.027 ;
; SW[10]     ; HEX5[3]     ; 3.927 ; 3.927 ; 3.927 ; 3.927 ;
; SW[10]     ; HEX5[4]     ; 3.612 ; 3.612 ; 3.612 ; 3.612 ;
; SW[10]     ; HEX5[5]     ; 3.921 ; 3.921 ; 3.921 ; 3.921 ;
; SW[10]     ; HEX5[6]     ; 4.060 ; 4.060 ; 4.060 ; 4.060 ;
; SW[10]     ; HEX6[0]     ; 3.179 ; 3.179 ; 3.179 ; 3.179 ;
; SW[10]     ; HEX6[1]     ; 3.361 ; 3.361 ; 3.361 ; 3.361 ;
; SW[10]     ; HEX6[2]     ;       ; 2.902 ; 2.902 ;       ;
; SW[10]     ; HEX6[3]     ; 3.636 ; 3.636 ; 3.636 ; 3.636 ;
; SW[10]     ; HEX6[4]     ; 3.217 ;       ;       ; 3.217 ;
; SW[10]     ; HEX6[5]     ; 3.531 ;       ;       ; 3.531 ;
; SW[10]     ; HEX6[6]     ; 3.244 ;       ;       ; 3.244 ;
; SW[11]     ; HEX4[0]     ; 2.801 ; 2.801 ; 2.801 ; 2.801 ;
; SW[11]     ; HEX4[1]     ; 3.061 ; 3.061 ; 3.061 ; 3.061 ;
; SW[11]     ; HEX4[2]     ; 2.941 ; 2.941 ; 2.941 ; 2.941 ;
; SW[11]     ; HEX4[3]     ; 2.877 ; 2.877 ; 2.877 ; 2.877 ;
; SW[11]     ; HEX4[4]     ; 2.901 ; 2.901 ; 2.901 ; 2.901 ;
; SW[11]     ; HEX4[5]     ; 2.968 ; 2.968 ; 2.968 ; 2.968 ;
; SW[11]     ; HEX4[6]     ; 2.927 ; 2.927 ; 2.927 ; 2.927 ;
; SW[11]     ; HEX5[0]     ; 3.907 ; 3.907 ; 3.907 ; 3.907 ;
; SW[11]     ; HEX5[1]     ; 3.950 ; 3.950 ; 3.950 ; 3.950 ;
; SW[11]     ; HEX5[2]     ; 3.941 ; 3.941 ; 3.941 ; 3.941 ;
; SW[11]     ; HEX5[3]     ; 3.841 ; 3.841 ; 3.841 ; 3.841 ;
; SW[11]     ; HEX5[4]     ; 3.526 ; 3.526 ; 3.526 ; 3.526 ;
; SW[11]     ; HEX5[5]     ; 3.835 ; 3.835 ; 3.835 ; 3.835 ;
; SW[11]     ; HEX5[6]     ; 3.974 ; 3.974 ; 3.974 ; 3.974 ;
; SW[11]     ; HEX6[0]     ; 3.056 ; 3.056 ; 3.056 ; 3.056 ;
; SW[11]     ; HEX6[1]     ; 3.238 ; 3.238 ; 3.238 ; 3.238 ;
; SW[11]     ; HEX6[2]     ; 2.823 ;       ;       ; 2.823 ;
; SW[11]     ; HEX6[3]     ; 3.504 ; 3.504 ; 3.504 ; 3.504 ;
; SW[11]     ; HEX6[4]     ; 3.302 ; 3.302 ; 3.302 ; 3.302 ;
; SW[11]     ; HEX6[5]     ; 3.402 ;       ;       ; 3.402 ;
; SW[11]     ; HEX6[6]     ; 3.120 ; 3.120 ; 3.120 ; 3.120 ;
; SW[12]     ; HEX4[0]     ; 3.211 ; 3.211 ; 3.211 ; 3.211 ;
; SW[12]     ; HEX4[1]     ; 3.179 ;       ;       ; 3.179 ;
; SW[12]     ; HEX4[2]     ; 3.058 ; 3.058 ; 3.058 ; 3.058 ;
; SW[12]     ; HEX4[3]     ; 2.976 ; 2.976 ; 2.976 ; 2.976 ;
; SW[12]     ; HEX4[4]     ; 3.016 ; 3.016 ; 3.016 ; 3.016 ;
; SW[12]     ; HEX4[5]     ; 3.078 ; 3.078 ; 3.078 ; 3.078 ;
; SW[12]     ; HEX4[6]     ; 3.045 ; 3.045 ; 3.045 ; 3.045 ;
; SW[12]     ; HEX5[0]     ; 4.025 ; 4.025 ; 4.025 ; 4.025 ;
; SW[12]     ; HEX5[1]     ; 4.068 ; 4.068 ; 4.068 ; 4.068 ;
; SW[12]     ; HEX5[2]     ; 4.059 ; 4.059 ; 4.059 ; 4.059 ;
; SW[12]     ; HEX5[3]     ; 3.959 ; 3.959 ; 3.959 ; 3.959 ;
; SW[12]     ; HEX5[4]     ; 3.644 ; 3.644 ; 3.644 ; 3.644 ;
; SW[12]     ; HEX5[5]     ; 3.953 ; 3.953 ; 3.953 ; 3.953 ;
; SW[12]     ; HEX5[6]     ; 4.092 ; 4.092 ; 4.092 ; 4.092 ;
; SW[12]     ; HEX6[0]     ; 3.177 ; 3.177 ; 3.177 ; 3.177 ;
; SW[12]     ; HEX6[1]     ; 3.356 ;       ;       ; 3.356 ;
; SW[12]     ; HEX6[2]     ; 3.092 ; 2.938 ; 2.938 ; 3.092 ;
; SW[12]     ; HEX6[3]     ; 3.623 ; 3.623 ; 3.623 ; 3.623 ;
; SW[12]     ; HEX6[4]     ; 3.417 ;       ;       ; 3.417 ;
; SW[12]     ; HEX6[5]     ; 3.518 ; 3.518 ; 3.518 ; 3.518 ;
; SW[12]     ; HEX6[6]     ; 3.239 ; 3.239 ; 3.239 ; 3.239 ;
; SW[13]     ; HEX4[0]     ; 5.573 ; 5.573 ; 5.573 ; 5.573 ;
; SW[13]     ; HEX4[1]     ; 5.652 ;       ;       ; 5.652 ;
; SW[13]     ; HEX4[2]     ; 5.533 ; 5.533 ; 5.533 ; 5.533 ;
; SW[13]     ; HEX4[3]     ; 5.154 ; 5.154 ; 5.154 ; 5.154 ;
; SW[13]     ; HEX4[4]     ; 5.380 ;       ;       ; 5.380 ;
; SW[13]     ; HEX4[5]     ; 5.169 ; 5.169 ; 5.169 ; 5.169 ;
; SW[13]     ; HEX4[6]     ; 5.512 ; 5.512 ; 5.512 ; 5.512 ;
; SW[13]     ; HEX5[0]     ; 5.982 ; 5.982 ; 5.982 ; 5.982 ;
; SW[13]     ; HEX5[1]     ; 6.028 ; 6.028 ; 6.028 ; 6.028 ;
; SW[13]     ; HEX5[2]     ; 6.019 ; 6.019 ; 6.019 ; 6.019 ;
; SW[13]     ; HEX5[3]     ; 5.917 ; 5.917 ; 5.917 ; 5.917 ;
; SW[13]     ; HEX5[4]     ; 5.478 ; 5.478 ; 5.478 ; 5.478 ;
; SW[13]     ; HEX5[5]     ; 5.911 ; 5.911 ; 5.911 ; 5.911 ;
; SW[13]     ; HEX5[6]     ; 6.050 ; 6.050 ; 6.050 ; 6.050 ;
; SW[13]     ; HEX6[0]     ; 5.633 ; 5.633 ; 5.633 ; 5.633 ;
; SW[13]     ; HEX6[1]     ; 5.815 ;       ;       ; 5.815 ;
; SW[13]     ; HEX6[2]     ; 5.477 ;       ;       ; 5.477 ;
; SW[13]     ; HEX6[3]     ; 6.099 ;       ;       ; 6.099 ;
; SW[13]     ; HEX6[4]     ; 5.778 ;       ;       ; 5.778 ;
; SW[13]     ; HEX6[5]     ; 5.993 ; 5.993 ; 5.993 ; 5.993 ;
; SW[13]     ; HEX6[6]     ; 5.701 ; 5.701 ; 5.701 ; 5.701 ;
; SW[14]     ; HEX5[0]     ; 5.793 ; 5.793 ; 5.793 ; 5.793 ;
; SW[14]     ; HEX5[1]     ; 5.836 ; 5.836 ; 5.836 ; 5.836 ;
; SW[14]     ; HEX5[2]     ; 5.827 ; 5.827 ; 5.827 ; 5.827 ;
; SW[14]     ; HEX5[3]     ; 5.727 ; 5.727 ; 5.727 ; 5.727 ;
; SW[14]     ; HEX5[4]     ; 5.542 ; 5.542 ; 5.542 ; 5.542 ;
; SW[14]     ; HEX5[5]     ; 5.721 ; 5.721 ; 5.721 ; 5.721 ;
; SW[14]     ; HEX5[6]     ; 5.860 ; 5.860 ; 5.860 ; 5.860 ;
; SW[14]     ; HEX7[0]     ; 5.921 ; 5.921 ; 5.921 ; 5.921 ;
; SW[14]     ; HEX7[1]     ; 5.928 ; 5.928 ; 5.928 ; 5.928 ;
; SW[14]     ; HEX7[2]     ;       ; 5.479 ; 5.479 ;       ;
; SW[14]     ; HEX7[3]     ; 5.901 ; 5.901 ; 5.901 ; 5.901 ;
; SW[14]     ; HEX7[4]     ; 5.468 ;       ;       ; 5.468 ;
; SW[14]     ; HEX7[5]     ; 5.982 ;       ;       ; 5.982 ;
; SW[14]     ; HEX7[6]     ; 5.857 ;       ;       ; 5.857 ;
; SW[15]     ; HEX5[0]     ; 5.954 ; 5.954 ; 5.954 ; 5.954 ;
; SW[15]     ; HEX5[1]     ; 6.000 ; 6.000 ; 6.000 ; 6.000 ;
; SW[15]     ; HEX5[2]     ; 5.991 ; 5.991 ; 5.991 ; 5.991 ;
; SW[15]     ; HEX5[3]     ; 5.889 ; 5.889 ; 5.889 ; 5.889 ;
; SW[15]     ; HEX5[4]     ; 5.582 ; 5.582 ; 5.582 ; 5.582 ;
; SW[15]     ; HEX5[5]     ; 5.883 ; 5.883 ; 5.883 ; 5.883 ;
; SW[15]     ; HEX5[6]     ; 6.022 ; 6.022 ; 6.022 ; 6.022 ;
; SW[15]     ; HEX7[0]     ; 5.825 ; 5.825 ; 5.825 ; 5.825 ;
; SW[15]     ; HEX7[1]     ; 5.837 ; 5.837 ; 5.837 ; 5.837 ;
; SW[15]     ; HEX7[2]     ; 5.389 ;       ;       ; 5.389 ;
; SW[15]     ; HEX7[3]     ; 5.810 ; 5.810 ; 5.810 ; 5.810 ;
; SW[15]     ; HEX7[4]     ; 5.586 ; 5.586 ; 5.586 ; 5.586 ;
; SW[15]     ; HEX7[5]     ; 5.894 ;       ;       ; 5.894 ;
; SW[15]     ; HEX7[6]     ; 5.772 ; 5.772 ; 5.772 ; 5.772 ;
; SW[16]     ; HEX5[0]     ; 5.874 ; 5.874 ; 5.874 ; 5.874 ;
; SW[16]     ; HEX5[1]     ; 5.918 ; 5.918 ; 5.918 ; 5.918 ;
; SW[16]     ; HEX5[2]     ; 5.910 ; 5.910 ; 5.910 ; 5.910 ;
; SW[16]     ; HEX5[3]     ; 5.809 ; 5.809 ; 5.809 ; 5.809 ;
; SW[16]     ; HEX5[4]     ; 5.502 ; 5.502 ; 5.502 ; 5.502 ;
; SW[16]     ; HEX5[5]     ; 5.803 ; 5.803 ; 5.803 ; 5.803 ;
; SW[16]     ; HEX5[6]     ; 5.942 ; 5.942 ; 5.942 ; 5.942 ;
; SW[16]     ; HEX7[0]     ; 5.937 ; 5.937 ; 5.937 ; 5.937 ;
; SW[16]     ; HEX7[1]     ; 5.938 ;       ;       ; 5.938 ;
; SW[16]     ; HEX7[2]     ; 5.648 ; 5.494 ; 5.494 ; 5.648 ;
; SW[16]     ; HEX7[3]     ; 5.910 ; 5.910 ; 5.910 ; 5.910 ;
; SW[16]     ; HEX7[4]     ; 5.700 ;       ;       ; 5.700 ;
; SW[16]     ; HEX7[5]     ; 6.009 ; 6.009 ; 6.009 ; 6.009 ;
; SW[16]     ; HEX7[6]     ; 5.883 ; 5.883 ; 5.883 ; 5.883 ;
; SW[17]     ; HEX5[0]     ; 5.984 ; 5.984 ; 5.984 ; 5.984 ;
; SW[17]     ; HEX5[1]     ; 6.028 ; 6.028 ; 6.028 ; 6.028 ;
; SW[17]     ; HEX5[2]     ; 6.020 ; 6.020 ; 6.020 ; 6.020 ;
; SW[17]     ; HEX5[3]     ; 5.919 ; 5.919 ; 5.919 ; 5.919 ;
; SW[17]     ; HEX5[4]     ; 5.612 ; 5.612 ; 5.612 ; 5.612 ;
; SW[17]     ; HEX5[5]     ; 5.913 ; 5.913 ; 5.913 ; 5.913 ;
; SW[17]     ; HEX5[6]     ; 6.052 ; 6.052 ; 6.052 ; 6.052 ;
; SW[17]     ; HEX7[0]     ; 5.813 ; 5.813 ; 5.813 ; 5.813 ;
; SW[17]     ; HEX7[1]     ; 5.818 ;       ;       ; 5.818 ;
; SW[17]     ; HEX7[2]     ; 5.529 ;       ;       ; 5.529 ;
; SW[17]     ; HEX7[3]     ; 5.782 ;       ;       ; 5.782 ;
; SW[17]     ; HEX7[4]     ; 5.580 ;       ;       ; 5.580 ;
; SW[17]     ; HEX7[5]     ; 5.889 ; 5.889 ; 5.889 ; 5.889 ;
; SW[17]     ; HEX7[6]     ; 5.763 ; 5.763 ; 5.763 ; 5.763 ;
+------------+-------------+-------+-------+-------+-------+


+----------------------------------------------------------------------------+
; Multicorner Timing Analysis Summary                                        ;
+------------------+-------+------+----------+---------+---------------------+
; Clock            ; Setup ; Hold ; Recovery ; Removal ; Minimum Pulse Width ;
+------------------+-------+------+----------+---------+---------------------+
; Worst-case Slack ; N/A   ; N/A  ; N/A      ; N/A     ; N/A                 ;
; Design-wide TNS  ; 0.0   ; 0.0  ; 0.0      ; 0.0     ; 0.0                 ;
+------------------+-------+------+----------+---------+---------------------+


+--------------------------------------------------------------+
; Progagation Delay                                            ;
+------------+-------------+--------+--------+--------+--------+
; Input Port ; Output Port ; RR     ; RF     ; FR     ; FF     ;
+------------+-------------+--------+--------+--------+--------+
; SW[0]      ; HEX0[3]     ; 5.761  ;        ;        ; 5.761  ;
; SW[0]      ; HEX1[6]     ; 5.264  ;        ;        ; 5.264  ;
; SW[0]      ; HEX2[0]     ; 5.264  ;        ;        ; 5.264  ;
; SW[0]      ; HEX4[0]     ; 7.307  ;        ;        ; 7.307  ;
; SW[0]      ; HEX4[1]     ; 7.304  ;        ;        ; 7.304  ;
; SW[0]      ; HEX4[2]     ; 7.614  ;        ;        ; 7.614  ;
; SW[0]      ; HEX4[3]     ; 7.012  ;        ;        ; 7.012  ;
; SW[0]      ; HEX4[4]     ; 7.042  ;        ;        ; 7.042  ;
; SW[0]      ; HEX4[5]     ; 7.039  ;        ;        ; 7.039  ;
; SW[0]      ; HEX4[6]     ; 7.010  ;        ;        ; 7.010  ;
; SW[0]      ; HEX5[0]     ; 7.831  ;        ;        ; 7.831  ;
; SW[0]      ; HEX5[1]     ; 7.584  ;        ;        ; 7.584  ;
; SW[0]      ; HEX5[2]     ; 7.601  ;        ;        ; 7.601  ;
; SW[0]      ; HEX5[3]     ; 7.337  ;        ;        ; 7.337  ;
; SW[0]      ; HEX5[4]     ; 7.873  ;        ;        ; 7.873  ;
; SW[0]      ; HEX5[5]     ; 7.320  ;        ;        ; 7.320  ;
; SW[0]      ; HEX5[6]     ; 7.597  ;        ;        ; 7.597  ;
; SW[0]      ; HEX6[0]     ; 7.308  ;        ;        ; 7.308  ;
; SW[0]      ; HEX6[1]     ; 7.790  ;        ;        ; 7.790  ;
; SW[0]      ; HEX6[2]     ; 7.730  ;        ;        ; 7.730  ;
; SW[0]      ; HEX6[3]     ; 7.842  ;        ;        ; 7.842  ;
; SW[0]      ; HEX6[4]     ; 8.328  ;        ;        ; 8.328  ;
; SW[0]      ; HEX6[5]     ; 8.033  ;        ;        ; 8.033  ;
; SW[0]      ; HEX6[6]     ; 7.495  ;        ;        ; 7.495  ;
; SW[0]      ; HEX7[0]     ; 7.856  ;        ;        ; 7.856  ;
; SW[0]      ; HEX7[1]     ; 7.856  ;        ;        ; 7.856  ;
; SW[0]      ; HEX7[2]     ; 8.219  ;        ;        ; 8.219  ;
; SW[0]      ; HEX7[3]     ; 7.843  ;        ;        ; 7.843  ;
; SW[0]      ; HEX7[4]     ; 8.307  ;        ;        ; 8.307  ;
; SW[0]      ; HEX7[5]     ; 7.879  ;        ;        ; 7.879  ;
; SW[0]      ; HEX7[6]     ; 7.849  ;        ;        ; 7.849  ;
; SW[1]      ; HEX4[0]     ; 8.469  ; 8.469  ; 8.469  ; 8.469  ;
; SW[1]      ; HEX4[1]     ; 7.584  ; 7.584  ; 7.584  ; 7.584  ;
; SW[1]      ; HEX4[2]     ; 7.592  ; 7.592  ; 7.592  ; 7.592  ;
; SW[1]      ; HEX4[3]     ; 7.879  ; 7.879  ; 7.879  ; 7.879  ;
; SW[1]      ; HEX4[4]     ; 7.741  ; 7.741  ; 7.741  ; 7.741  ;
; SW[1]      ; HEX4[5]     ; 7.950  ; 7.950  ; 7.950  ; 7.950  ;
; SW[1]      ; HEX4[6]     ; 7.295  ; 7.295  ; 7.295  ; 7.295  ;
; SW[1]      ; HEX5[0]     ; 10.545 ; 10.545 ; 10.545 ; 10.545 ;
; SW[1]      ; HEX5[1]     ; 10.708 ; 10.708 ; 10.708 ; 10.708 ;
; SW[1]      ; HEX5[2]     ; 10.683 ; 10.683 ; 10.683 ; 10.683 ;
; SW[1]      ; HEX5[3]     ; 10.419 ; 10.419 ; 10.419 ; 10.419 ;
; SW[1]      ; HEX5[4]     ; 9.740  ; 9.740  ; 9.740  ; 9.740  ;
; SW[1]      ; HEX5[5]     ; 10.438 ; 10.438 ; 10.438 ; 10.438 ;
; SW[1]      ; HEX5[6]     ; 10.715 ; 10.715 ; 10.715 ; 10.715 ;
; SW[10]     ; HEX4[0]     ; 6.566  ; 6.566  ; 6.566  ; 6.566  ;
; SW[10]     ; HEX4[1]     ; 6.307  ; 6.343  ; 6.343  ; 6.307  ;
; SW[10]     ; HEX4[2]     ; 6.307  ; 6.307  ; 6.307  ; 6.307  ;
; SW[10]     ; HEX4[3]     ; 5.978  ; 5.978  ; 5.978  ; 5.978  ;
; SW[10]     ; HEX4[4]     ; 5.340  ; 5.340  ; 5.340  ; 5.340  ;
; SW[10]     ; HEX4[5]     ; 6.036  ; 6.036  ; 6.036  ; 6.036  ;
; SW[10]     ; HEX4[6]     ; 6.039  ; 6.039  ; 6.039  ; 6.039  ;
; SW[10]     ; HEX5[0]     ; 8.602  ; 8.602  ; 8.602  ; 8.602  ;
; SW[10]     ; HEX5[1]     ; 8.765  ; 8.765  ; 8.765  ; 8.765  ;
; SW[10]     ; HEX5[2]     ; 8.740  ; 8.740  ; 8.740  ; 8.740  ;
; SW[10]     ; HEX5[3]     ; 8.476  ; 8.476  ; 8.476  ; 8.476  ;
; SW[10]     ; HEX5[4]     ; 7.797  ; 7.797  ; 7.797  ; 7.797  ;
; SW[10]     ; HEX5[5]     ; 8.495  ; 8.495  ; 8.495  ; 8.495  ;
; SW[10]     ; HEX5[6]     ; 8.772  ; 8.772  ; 8.772  ; 8.772  ;
; SW[10]     ; HEX6[0]     ; 6.304  ; 6.304  ; 6.304  ; 6.304  ;
; SW[10]     ; HEX6[1]     ; 6.695  ; 6.695  ; 6.695  ; 6.695  ;
; SW[10]     ; HEX6[2]     ;        ; 5.604  ; 5.604  ;        ;
; SW[10]     ; HEX6[3]     ; 7.202  ; 7.202  ; 7.202  ; 7.202  ;
; SW[10]     ; HEX6[4]     ; 6.233  ;        ;        ; 6.233  ;
; SW[10]     ; HEX6[5]     ; 6.973  ;        ;        ; 6.973  ;
; SW[10]     ; HEX6[6]     ; 6.321  ;        ;        ; 6.321  ;
; SW[11]     ; HEX4[0]     ; 5.383  ; 5.383  ; 5.383  ; 5.383  ;
; SW[11]     ; HEX4[1]     ; 6.022  ; 6.022  ; 6.022  ; 6.022  ;
; SW[11]     ; HEX4[2]     ; 5.996  ; 5.708  ; 5.708  ; 5.996  ;
; SW[11]     ; HEX4[3]     ; 5.760  ; 5.760  ; 5.760  ; 5.760  ;
; SW[11]     ; HEX4[4]     ; 5.616  ; 5.616  ; 5.616  ; 5.616  ;
; SW[11]     ; HEX4[5]     ; 5.826  ; 5.826  ; 5.826  ; 5.826  ;
; SW[11]     ; HEX4[6]     ; 5.718  ; 5.718  ; 5.718  ; 5.718  ;
; SW[11]     ; HEX5[0]     ; 8.420  ; 8.420  ; 8.420  ; 8.420  ;
; SW[11]     ; HEX5[1]     ; 8.583  ; 8.583  ; 8.583  ; 8.583  ;
; SW[11]     ; HEX5[2]     ; 8.558  ; 8.558  ; 8.558  ; 8.558  ;
; SW[11]     ; HEX5[3]     ; 8.294  ; 8.294  ; 8.294  ; 8.294  ;
; SW[11]     ; HEX5[4]     ; 7.615  ; 7.615  ; 7.615  ; 7.615  ;
; SW[11]     ; HEX5[5]     ; 8.313  ; 8.313  ; 8.313  ; 8.313  ;
; SW[11]     ; HEX5[6]     ; 8.590  ; 8.590  ; 8.590  ; 8.590  ;
; SW[11]     ; HEX6[0]     ; 5.992  ; 5.992  ; 5.992  ; 5.992  ;
; SW[11]     ; HEX6[1]     ; 6.383  ; 6.383  ; 6.383  ; 6.383  ;
; SW[11]     ; HEX6[2]     ; 5.807  ;        ;        ; 5.807  ;
; SW[11]     ; HEX6[3]     ; 6.882  ; 6.882  ; 6.882  ; 6.882  ;
; SW[11]     ; HEX6[4]     ; 6.415  ; 6.415  ; 6.415  ; 6.415  ;
; SW[11]     ; HEX6[5]     ; 6.652  ;        ;        ; 6.652  ;
; SW[11]     ; HEX6[6]     ; 6.009  ; 6.009  ; 6.009  ; 6.009  ;
; SW[12]     ; HEX4[0]     ; 6.594  ; 6.594  ; 6.594  ; 6.594  ;
; SW[12]     ; HEX4[1]     ; 6.300  ;        ;        ; 6.300  ;
; SW[12]     ; HEX4[2]     ; 6.282  ; 6.282  ; 6.282  ; 6.282  ;
; SW[12]     ; HEX4[3]     ; 6.011  ; 6.011  ; 6.011  ; 6.011  ;
; SW[12]     ; HEX4[4]     ; 5.873  ; 5.873  ; 5.873  ; 5.873  ;
; SW[12]     ; HEX4[5]     ; 6.043  ; 6.082  ; 6.082  ; 6.043  ;
; SW[12]     ; HEX4[6]     ; 5.999  ; 5.999  ; 5.999  ; 5.999  ;
; SW[12]     ; HEX5[0]     ; 8.629  ; 8.629  ; 8.629  ; 8.629  ;
; SW[12]     ; HEX5[1]     ; 8.792  ; 8.792  ; 8.792  ; 8.792  ;
; SW[12]     ; HEX5[2]     ; 8.767  ; 8.767  ; 8.767  ; 8.767  ;
; SW[12]     ; HEX5[3]     ; 8.503  ; 8.503  ; 8.503  ; 8.503  ;
; SW[12]     ; HEX5[4]     ; 7.824  ; 7.824  ; 7.824  ; 7.824  ;
; SW[12]     ; HEX5[5]     ; 8.522  ; 8.522  ; 8.522  ; 8.522  ;
; SW[12]     ; HEX5[6]     ; 8.799  ; 8.799  ; 8.799  ; 8.799  ;
; SW[12]     ; HEX6[0]     ; 6.278  ; 6.278  ; 6.278  ; 6.278  ;
; SW[12]     ; HEX6[1]     ; 6.670  ;        ;        ; 6.670  ;
; SW[12]     ; HEX6[2]     ; 6.057  ; 5.649  ; 5.649  ; 6.057  ;
; SW[12]     ; HEX6[3]     ; 7.161  ; 7.161  ; 7.161  ; 7.161  ;
; SW[12]     ; HEX6[4]     ; 6.677  ;        ;        ; 6.677  ;
; SW[12]     ; HEX6[5]     ; 6.937  ; 6.937  ; 6.937  ; 6.937  ;
; SW[12]     ; HEX6[6]     ; 6.268  ; 6.268  ; 6.268  ; 6.268  ;
; SW[13]     ; HEX4[0]     ; 10.480 ; 10.480 ; 10.480 ; 10.480 ;
; SW[13]     ; HEX4[1]     ; 10.346 ;        ;        ; 10.346 ;
; SW[13]     ; HEX4[2]     ; 10.303 ; 10.303 ; 10.303 ; 10.303 ;
; SW[13]     ; HEX4[3]     ; 9.221  ; 9.221  ; 9.221  ; 9.221  ;
; SW[13]     ; HEX4[4]     ; 9.734  ;        ;        ; 9.734  ;
; SW[13]     ; HEX4[5]     ; 9.249  ; 9.249  ; 9.249  ; 9.249  ;
; SW[13]     ; HEX4[6]     ; 10.042 ; 10.042 ; 10.042 ; 10.042 ;
; SW[13]     ; HEX5[0]     ; 11.870 ; 11.870 ; 11.870 ; 11.870 ;
; SW[13]     ; HEX5[1]     ; 12.033 ; 12.033 ; 12.033 ; 12.033 ;
; SW[13]     ; HEX5[2]     ; 12.008 ; 12.008 ; 12.008 ; 12.008 ;
; SW[13]     ; HEX5[3]     ; 11.744 ; 11.744 ; 11.744 ; 11.744 ;
; SW[13]     ; HEX5[4]     ; 11.065 ; 11.065 ; 11.065 ; 11.065 ;
; SW[13]     ; HEX5[5]     ; 11.763 ; 11.763 ; 11.763 ; 11.763 ;
; SW[13]     ; HEX5[6]     ; 12.040 ; 12.040 ; 12.040 ; 12.040 ;
; SW[13]     ; HEX6[0]     ; 10.299 ; 10.299 ; 10.299 ; 10.299 ;
; SW[13]     ; HEX6[1]     ; 10.687 ;        ;        ; 10.687 ;
; SW[13]     ; HEX6[2]     ; 9.941  ;        ;        ; 9.941  ;
; SW[13]     ; HEX6[3]     ; 11.206 ;        ;        ; 11.206 ;
; SW[13]     ; HEX6[4]     ; 10.536 ;        ;        ; 10.536 ;
; SW[13]     ; HEX6[5]     ; 10.972 ; 10.972 ; 10.972 ; 10.972 ;
; SW[13]     ; HEX6[6]     ; 10.315 ; 10.315 ; 10.315 ; 10.315 ;
; SW[14]     ; HEX5[0]     ; 11.750 ; 11.750 ; 11.750 ; 11.750 ;
; SW[14]     ; HEX5[1]     ; 11.914 ; 11.914 ; 11.914 ; 11.914 ;
; SW[14]     ; HEX5[2]     ; 11.886 ; 11.886 ; 11.886 ; 11.886 ;
; SW[14]     ; HEX5[3]     ; 11.626 ; 11.626 ; 11.626 ; 11.626 ;
; SW[14]     ; HEX5[4]     ; 10.932 ; 10.932 ; 10.932 ; 10.932 ;
; SW[14]     ; HEX5[5]     ; 11.644 ; 11.644 ; 11.644 ; 11.644 ;
; SW[14]     ; HEX5[6]     ; 11.924 ; 11.924 ; 11.924 ; 11.924 ;
; SW[14]     ; HEX7[0]     ; 10.803 ; 10.803 ; 10.803 ; 10.803 ;
; SW[14]     ; HEX7[1]     ; 10.821 ; 10.821 ; 10.821 ; 10.821 ;
; SW[14]     ; HEX7[2]     ;        ; 9.800  ; 9.800  ;        ;
; SW[14]     ; HEX7[3]     ; 10.809 ; 10.809 ; 10.809 ; 10.809 ;
; SW[14]     ; HEX7[4]     ; 9.802  ;        ;        ; 9.802  ;
; SW[14]     ; HEX7[5]     ; 10.987 ;        ;        ; 10.987 ;
; SW[14]     ; HEX7[6]     ; 10.698 ;        ;        ; 10.698 ;
; SW[15]     ; HEX5[0]     ; 11.546 ; 11.546 ; 11.546 ; 11.546 ;
; SW[15]     ; HEX5[1]     ; 11.710 ; 11.710 ; 11.710 ; 11.710 ;
; SW[15]     ; HEX5[2]     ; 11.682 ; 11.682 ; 11.682 ; 11.682 ;
; SW[15]     ; HEX5[3]     ; 11.422 ; 11.422 ; 11.422 ; 11.422 ;
; SW[15]     ; HEX5[4]     ; 10.728 ; 10.728 ; 10.728 ; 10.728 ;
; SW[15]     ; HEX5[5]     ; 11.440 ; 11.440 ; 11.440 ; 11.440 ;
; SW[15]     ; HEX5[6]     ; 11.720 ; 11.720 ; 11.720 ; 11.720 ;
; SW[15]     ; HEX7[0]     ; 10.603 ; 10.603 ; 10.603 ; 10.603 ;
; SW[15]     ; HEX7[1]     ; 10.613 ; 10.613 ; 10.613 ; 10.613 ;
; SW[15]     ; HEX7[2]     ; 10.009 ;        ;        ; 10.009 ;
; SW[15]     ; HEX7[3]     ; 10.600 ; 10.600 ; 10.600 ; 10.600 ;
; SW[15]     ; HEX7[4]     ; 10.087 ; 10.087 ; 10.087 ; 10.087 ;
; SW[15]     ; HEX7[5]     ; 10.788 ;        ;        ; 10.788 ;
; SW[15]     ; HEX7[6]     ; 10.499 ; 10.499 ; 10.499 ; 10.499 ;
; SW[16]     ; HEX5[0]     ; 10.902 ; 10.902 ; 10.902 ; 10.902 ;
; SW[16]     ; HEX5[1]     ; 11.065 ; 11.065 ; 11.065 ; 11.065 ;
; SW[16]     ; HEX5[2]     ; 11.040 ; 11.040 ; 11.040 ; 11.040 ;
; SW[16]     ; HEX5[3]     ; 10.776 ; 10.776 ; 10.776 ; 10.776 ;
; SW[16]     ; HEX5[4]     ; 10.097 ; 10.097 ; 10.097 ; 10.097 ;
; SW[16]     ; HEX5[5]     ; 10.795 ; 10.795 ; 10.795 ; 10.795 ;
; SW[16]     ; HEX5[6]     ; 11.072 ; 11.072 ; 11.072 ; 11.072 ;
; SW[16]     ; HEX7[0]     ; 10.806 ; 10.806 ; 10.806 ; 10.806 ;
; SW[16]     ; HEX7[1]     ; 10.815 ;        ;        ; 10.815 ;
; SW[16]     ; HEX7[2]     ; 10.206 ; 9.796  ; 9.796  ; 10.206 ;
; SW[16]     ; HEX7[3]     ; 10.793 ; 10.793 ; 10.793 ; 10.793 ;
; SW[16]     ; HEX7[4]     ; 10.304 ;        ;        ; 10.304 ;
; SW[16]     ; HEX7[5]     ; 11.005 ; 11.005 ; 11.005 ; 11.005 ;
; SW[16]     ; HEX7[6]     ; 10.715 ; 10.715 ; 10.715 ; 10.715 ;
; SW[17]     ; HEX5[0]     ; 11.032 ; 11.032 ; 11.032 ; 11.032 ;
; SW[17]     ; HEX5[1]     ; 11.196 ; 11.196 ; 11.196 ; 11.196 ;
; SW[17]     ; HEX5[2]     ; 11.168 ; 11.168 ; 11.168 ; 11.168 ;
; SW[17]     ; HEX5[3]     ; 10.908 ; 10.908 ; 10.908 ; 10.908 ;
; SW[17]     ; HEX5[4]     ; 10.214 ; 10.214 ; 10.214 ; 10.214 ;
; SW[17]     ; HEX5[5]     ; 10.926 ; 10.926 ; 10.926 ; 10.926 ;
; SW[17]     ; HEX5[6]     ; 11.206 ; 11.206 ; 11.206 ; 11.206 ;
; SW[17]     ; HEX7[0]     ; 10.526 ; 10.526 ; 10.526 ; 10.526 ;
; SW[17]     ; HEX7[1]     ; 10.531 ;        ;        ; 10.531 ;
; SW[17]     ; HEX7[2]     ; 9.922  ;        ;        ; 9.922  ;
; SW[17]     ; HEX7[3]     ; 10.506 ;        ;        ; 10.506 ;
; SW[17]     ; HEX7[4]     ; 10.016 ;        ;        ; 10.016 ;
; SW[17]     ; HEX7[5]     ; 10.718 ; 10.718 ; 10.718 ; 10.718 ;
; SW[17]     ; HEX7[6]     ; 10.428 ; 10.428 ; 10.428 ; 10.428 ;
+------------+-------------+--------+--------+--------+--------+


+----------------------------------------------------------+
; Minimum Progagation Delay                                ;
+------------+-------------+-------+-------+-------+-------+
; Input Port ; Output Port ; RR    ; RF    ; FR    ; FF    ;
+------------+-------------+-------+-------+-------+-------+
; SW[0]      ; HEX0[3]     ; 3.152 ;       ;       ; 3.152 ;
; SW[0]      ; HEX1[6]     ; 2.774 ;       ;       ; 2.774 ;
; SW[0]      ; HEX2[0]     ; 2.774 ;       ;       ; 2.774 ;
; SW[0]      ; HEX4[0]     ; 3.796 ;       ;       ; 3.796 ;
; SW[0]      ; HEX4[1]     ; 3.801 ;       ;       ; 3.801 ;
; SW[0]      ; HEX4[2]     ; 3.933 ;       ;       ; 3.933 ;
; SW[0]      ; HEX4[3]     ; 3.660 ;       ;       ; 3.660 ;
; SW[0]      ; HEX4[4]     ; 3.681 ;       ;       ; 3.681 ;
; SW[0]      ; HEX4[5]     ; 3.680 ;       ;       ; 3.680 ;
; SW[0]      ; HEX4[6]     ; 3.668 ;       ;       ; 3.668 ;
; SW[0]      ; HEX5[0]     ; 4.041 ;       ;       ; 4.041 ;
; SW[0]      ; HEX5[1]     ; 3.924 ;       ;       ; 3.924 ;
; SW[0]      ; HEX5[2]     ; 3.935 ;       ;       ; 3.935 ;
; SW[0]      ; HEX5[3]     ; 3.831 ;       ;       ; 3.831 ;
; SW[0]      ; HEX5[4]     ; 4.039 ;       ;       ; 4.039 ;
; SW[0]      ; HEX5[5]     ; 3.813 ;       ;       ; 3.813 ;
; SW[0]      ; HEX5[6]     ; 3.940 ;       ;       ; 3.940 ;
; SW[0]      ; HEX6[0]     ; 3.798 ;       ;       ; 3.798 ;
; SW[0]      ; HEX6[1]     ; 4.015 ;       ;       ; 4.015 ;
; SW[0]      ; HEX6[2]     ; 3.983 ;       ;       ; 3.983 ;
; SW[0]      ; HEX6[3]     ; 4.102 ;       ;       ; 4.102 ;
; SW[0]      ; HEX6[4]     ; 4.288 ;       ;       ; 4.288 ;
; SW[0]      ; HEX6[5]     ; 4.166 ;       ;       ; 4.166 ;
; SW[0]      ; HEX6[6]     ; 3.928 ;       ;       ; 3.928 ;
; SW[0]      ; HEX7[0]     ; 4.091 ;       ;       ; 4.091 ;
; SW[0]      ; HEX7[1]     ; 4.091 ;       ;       ; 4.091 ;
; SW[0]      ; HEX7[2]     ; 4.222 ;       ;       ; 4.222 ;
; SW[0]      ; HEX7[3]     ; 4.067 ;       ;       ; 4.067 ;
; SW[0]      ; HEX7[4]     ; 4.267 ;       ;       ; 4.267 ;
; SW[0]      ; HEX7[5]     ; 4.102 ;       ;       ; 4.102 ;
; SW[0]      ; HEX7[6]     ; 4.086 ;       ;       ; 4.086 ;
; SW[1]      ; HEX4[0]     ; 4.205 ; 4.205 ; 4.205 ; 4.205 ;
; SW[1]      ; HEX4[1]     ; 3.939 ; 3.939 ; 3.939 ; 3.939 ;
; SW[1]      ; HEX4[2]     ; 3.948 ; 3.948 ; 3.948 ; 3.948 ;
; SW[1]      ; HEX4[3]     ; 3.979 ; 3.979 ; 3.979 ; 3.979 ;
; SW[1]      ; HEX4[4]     ; 3.910 ; 3.910 ; 3.910 ; 3.910 ;
; SW[1]      ; HEX4[5]     ; 4.071 ; 4.071 ; 4.071 ; 4.071 ;
; SW[1]      ; HEX4[6]     ; 3.811 ; 3.811 ; 3.811 ; 3.811 ;
; SW[1]      ; HEX5[0]     ; 5.015 ; 5.015 ; 5.015 ; 5.015 ;
; SW[1]      ; HEX5[1]     ; 5.058 ; 5.058 ; 5.058 ; 5.058 ;
; SW[1]      ; HEX5[2]     ; 5.049 ; 5.049 ; 5.049 ; 5.049 ;
; SW[1]      ; HEX5[3]     ; 4.949 ; 4.949 ; 4.949 ; 4.949 ;
; SW[1]      ; HEX5[4]     ; 4.634 ; 4.634 ; 4.634 ; 4.634 ;
; SW[1]      ; HEX5[5]     ; 4.943 ; 4.943 ; 4.943 ; 4.943 ;
; SW[1]      ; HEX5[6]     ; 5.082 ; 5.082 ; 5.082 ; 5.082 ;
; SW[10]     ; HEX4[0]     ; 3.175 ; 3.175 ; 3.175 ; 3.175 ;
; SW[10]     ; HEX4[1]     ; 3.191 ; 3.191 ; 3.191 ; 3.191 ;
; SW[10]     ; HEX4[2]     ; 3.069 ; 3.069 ; 3.069 ; 3.069 ;
; SW[10]     ; HEX4[3]     ; 2.959 ; 2.959 ; 2.959 ; 2.959 ;
; SW[10]     ; HEX4[4]     ; 2.770 ; 2.770 ; 2.770 ; 2.770 ;
; SW[10]     ; HEX4[5]     ; 3.052 ; 3.052 ; 3.052 ; 3.052 ;
; SW[10]     ; HEX4[6]     ; 3.054 ; 3.062 ; 3.062 ; 3.054 ;
; SW[10]     ; HEX5[0]     ; 3.993 ; 3.993 ; 3.993 ; 3.993 ;
; SW[10]     ; HEX5[1]     ; 4.036 ; 4.036 ; 4.036 ; 4.036 ;
; SW[10]     ; HEX5[2]     ; 4.027 ; 4.027 ; 4.027 ; 4.027 ;
; SW[10]     ; HEX5[3]     ; 3.927 ; 3.927 ; 3.927 ; 3.927 ;
; SW[10]     ; HEX5[4]     ; 3.612 ; 3.612 ; 3.612 ; 3.612 ;
; SW[10]     ; HEX5[5]     ; 3.921 ; 3.921 ; 3.921 ; 3.921 ;
; SW[10]     ; HEX5[6]     ; 4.060 ; 4.060 ; 4.060 ; 4.060 ;
; SW[10]     ; HEX6[0]     ; 3.179 ; 3.179 ; 3.179 ; 3.179 ;
; SW[10]     ; HEX6[1]     ; 3.361 ; 3.361 ; 3.361 ; 3.361 ;
; SW[10]     ; HEX6[2]     ;       ; 2.902 ; 2.902 ;       ;
; SW[10]     ; HEX6[3]     ; 3.636 ; 3.636 ; 3.636 ; 3.636 ;
; SW[10]     ; HEX6[4]     ; 3.217 ;       ;       ; 3.217 ;
; SW[10]     ; HEX6[5]     ; 3.531 ;       ;       ; 3.531 ;
; SW[10]     ; HEX6[6]     ; 3.244 ;       ;       ; 3.244 ;
; SW[11]     ; HEX4[0]     ; 2.801 ; 2.801 ; 2.801 ; 2.801 ;
; SW[11]     ; HEX4[1]     ; 3.061 ; 3.061 ; 3.061 ; 3.061 ;
; SW[11]     ; HEX4[2]     ; 2.941 ; 2.941 ; 2.941 ; 2.941 ;
; SW[11]     ; HEX4[3]     ; 2.877 ; 2.877 ; 2.877 ; 2.877 ;
; SW[11]     ; HEX4[4]     ; 2.901 ; 2.901 ; 2.901 ; 2.901 ;
; SW[11]     ; HEX4[5]     ; 2.968 ; 2.968 ; 2.968 ; 2.968 ;
; SW[11]     ; HEX4[6]     ; 2.927 ; 2.927 ; 2.927 ; 2.927 ;
; SW[11]     ; HEX5[0]     ; 3.907 ; 3.907 ; 3.907 ; 3.907 ;
; SW[11]     ; HEX5[1]     ; 3.950 ; 3.950 ; 3.950 ; 3.950 ;
; SW[11]     ; HEX5[2]     ; 3.941 ; 3.941 ; 3.941 ; 3.941 ;
; SW[11]     ; HEX5[3]     ; 3.841 ; 3.841 ; 3.841 ; 3.841 ;
; SW[11]     ; HEX5[4]     ; 3.526 ; 3.526 ; 3.526 ; 3.526 ;
; SW[11]     ; HEX5[5]     ; 3.835 ; 3.835 ; 3.835 ; 3.835 ;
; SW[11]     ; HEX5[6]     ; 3.974 ; 3.974 ; 3.974 ; 3.974 ;
; SW[11]     ; HEX6[0]     ; 3.056 ; 3.056 ; 3.056 ; 3.056 ;
; SW[11]     ; HEX6[1]     ; 3.238 ; 3.238 ; 3.238 ; 3.238 ;
; SW[11]     ; HEX6[2]     ; 2.823 ;       ;       ; 2.823 ;
; SW[11]     ; HEX6[3]     ; 3.504 ; 3.504 ; 3.504 ; 3.504 ;
; SW[11]     ; HEX6[4]     ; 3.302 ; 3.302 ; 3.302 ; 3.302 ;
; SW[11]     ; HEX6[5]     ; 3.402 ;       ;       ; 3.402 ;
; SW[11]     ; HEX6[6]     ; 3.120 ; 3.120 ; 3.120 ; 3.120 ;
; SW[12]     ; HEX4[0]     ; 3.211 ; 3.211 ; 3.211 ; 3.211 ;
; SW[12]     ; HEX4[1]     ; 3.179 ;       ;       ; 3.179 ;
; SW[12]     ; HEX4[2]     ; 3.058 ; 3.058 ; 3.058 ; 3.058 ;
; SW[12]     ; HEX4[3]     ; 2.976 ; 2.976 ; 2.976 ; 2.976 ;
; SW[12]     ; HEX4[4]     ; 3.016 ; 3.016 ; 3.016 ; 3.016 ;
; SW[12]     ; HEX4[5]     ; 3.078 ; 3.078 ; 3.078 ; 3.078 ;
; SW[12]     ; HEX4[6]     ; 3.045 ; 3.045 ; 3.045 ; 3.045 ;
; SW[12]     ; HEX5[0]     ; 4.025 ; 4.025 ; 4.025 ; 4.025 ;
; SW[12]     ; HEX5[1]     ; 4.068 ; 4.068 ; 4.068 ; 4.068 ;
; SW[12]     ; HEX5[2]     ; 4.059 ; 4.059 ; 4.059 ; 4.059 ;
; SW[12]     ; HEX5[3]     ; 3.959 ; 3.959 ; 3.959 ; 3.959 ;
; SW[12]     ; HEX5[4]     ; 3.644 ; 3.644 ; 3.644 ; 3.644 ;
; SW[12]     ; HEX5[5]     ; 3.953 ; 3.953 ; 3.953 ; 3.953 ;
; SW[12]     ; HEX5[6]     ; 4.092 ; 4.092 ; 4.092 ; 4.092 ;
; SW[12]     ; HEX6[0]     ; 3.177 ; 3.177 ; 3.177 ; 3.177 ;
; SW[12]     ; HEX6[1]     ; 3.356 ;       ;       ; 3.356 ;
; SW[12]     ; HEX6[2]     ; 3.092 ; 2.938 ; 2.938 ; 3.092 ;
; SW[12]     ; HEX6[3]     ; 3.623 ; 3.623 ; 3.623 ; 3.623 ;
; SW[12]     ; HEX6[4]     ; 3.417 ;       ;       ; 3.417 ;
; SW[12]     ; HEX6[5]     ; 3.518 ; 3.518 ; 3.518 ; 3.518 ;
; SW[12]     ; HEX6[6]     ; 3.239 ; 3.239 ; 3.239 ; 3.239 ;
; SW[13]     ; HEX4[0]     ; 5.573 ; 5.573 ; 5.573 ; 5.573 ;
; SW[13]     ; HEX4[1]     ; 5.652 ;       ;       ; 5.652 ;
; SW[13]     ; HEX4[2]     ; 5.533 ; 5.533 ; 5.533 ; 5.533 ;
; SW[13]     ; HEX4[3]     ; 5.154 ; 5.154 ; 5.154 ; 5.154 ;
; SW[13]     ; HEX4[4]     ; 5.380 ;       ;       ; 5.380 ;
; SW[13]     ; HEX4[5]     ; 5.169 ; 5.169 ; 5.169 ; 5.169 ;
; SW[13]     ; HEX4[6]     ; 5.512 ; 5.512 ; 5.512 ; 5.512 ;
; SW[13]     ; HEX5[0]     ; 5.982 ; 5.982 ; 5.982 ; 5.982 ;
; SW[13]     ; HEX5[1]     ; 6.028 ; 6.028 ; 6.028 ; 6.028 ;
; SW[13]     ; HEX5[2]     ; 6.019 ; 6.019 ; 6.019 ; 6.019 ;
; SW[13]     ; HEX5[3]     ; 5.917 ; 5.917 ; 5.917 ; 5.917 ;
; SW[13]     ; HEX5[4]     ; 5.478 ; 5.478 ; 5.478 ; 5.478 ;
; SW[13]     ; HEX5[5]     ; 5.911 ; 5.911 ; 5.911 ; 5.911 ;
; SW[13]     ; HEX5[6]     ; 6.050 ; 6.050 ; 6.050 ; 6.050 ;
; SW[13]     ; HEX6[0]     ; 5.633 ; 5.633 ; 5.633 ; 5.633 ;
; SW[13]     ; HEX6[1]     ; 5.815 ;       ;       ; 5.815 ;
; SW[13]     ; HEX6[2]     ; 5.477 ;       ;       ; 5.477 ;
; SW[13]     ; HEX6[3]     ; 6.099 ;       ;       ; 6.099 ;
; SW[13]     ; HEX6[4]     ; 5.778 ;       ;       ; 5.778 ;
; SW[13]     ; HEX6[5]     ; 5.993 ; 5.993 ; 5.993 ; 5.993 ;
; SW[13]     ; HEX6[6]     ; 5.701 ; 5.701 ; 5.701 ; 5.701 ;
; SW[14]     ; HEX5[0]     ; 5.793 ; 5.793 ; 5.793 ; 5.793 ;
; SW[14]     ; HEX5[1]     ; 5.836 ; 5.836 ; 5.836 ; 5.836 ;
; SW[14]     ; HEX5[2]     ; 5.827 ; 5.827 ; 5.827 ; 5.827 ;
; SW[14]     ; HEX5[3]     ; 5.727 ; 5.727 ; 5.727 ; 5.727 ;
; SW[14]     ; HEX5[4]     ; 5.542 ; 5.542 ; 5.542 ; 5.542 ;
; SW[14]     ; HEX5[5]     ; 5.721 ; 5.721 ; 5.721 ; 5.721 ;
; SW[14]     ; HEX5[6]     ; 5.860 ; 5.860 ; 5.860 ; 5.860 ;
; SW[14]     ; HEX7[0]     ; 5.921 ; 5.921 ; 5.921 ; 5.921 ;
; SW[14]     ; HEX7[1]     ; 5.928 ; 5.928 ; 5.928 ; 5.928 ;
; SW[14]     ; HEX7[2]     ;       ; 5.479 ; 5.479 ;       ;
; SW[14]     ; HEX7[3]     ; 5.901 ; 5.901 ; 5.901 ; 5.901 ;
; SW[14]     ; HEX7[4]     ; 5.468 ;       ;       ; 5.468 ;
; SW[14]     ; HEX7[5]     ; 5.982 ;       ;       ; 5.982 ;
; SW[14]     ; HEX7[6]     ; 5.857 ;       ;       ; 5.857 ;
; SW[15]     ; HEX5[0]     ; 5.954 ; 5.954 ; 5.954 ; 5.954 ;
; SW[15]     ; HEX5[1]     ; 6.000 ; 6.000 ; 6.000 ; 6.000 ;
; SW[15]     ; HEX5[2]     ; 5.991 ; 5.991 ; 5.991 ; 5.991 ;
; SW[15]     ; HEX5[3]     ; 5.889 ; 5.889 ; 5.889 ; 5.889 ;
; SW[15]     ; HEX5[4]     ; 5.582 ; 5.582 ; 5.582 ; 5.582 ;
; SW[15]     ; HEX5[5]     ; 5.883 ; 5.883 ; 5.883 ; 5.883 ;
; SW[15]     ; HEX5[6]     ; 6.022 ; 6.022 ; 6.022 ; 6.022 ;
; SW[15]     ; HEX7[0]     ; 5.825 ; 5.825 ; 5.825 ; 5.825 ;
; SW[15]     ; HEX7[1]     ; 5.837 ; 5.837 ; 5.837 ; 5.837 ;
; SW[15]     ; HEX7[2]     ; 5.389 ;       ;       ; 5.389 ;
; SW[15]     ; HEX7[3]     ; 5.810 ; 5.810 ; 5.810 ; 5.810 ;
; SW[15]     ; HEX7[4]     ; 5.586 ; 5.586 ; 5.586 ; 5.586 ;
; SW[15]     ; HEX7[5]     ; 5.894 ;       ;       ; 5.894 ;
; SW[15]     ; HEX7[6]     ; 5.772 ; 5.772 ; 5.772 ; 5.772 ;
; SW[16]     ; HEX5[0]     ; 5.874 ; 5.874 ; 5.874 ; 5.874 ;
; SW[16]     ; HEX5[1]     ; 5.918 ; 5.918 ; 5.918 ; 5.918 ;
; SW[16]     ; HEX5[2]     ; 5.910 ; 5.910 ; 5.910 ; 5.910 ;
; SW[16]     ; HEX5[3]     ; 5.809 ; 5.809 ; 5.809 ; 5.809 ;
; SW[16]     ; HEX5[4]     ; 5.502 ; 5.502 ; 5.502 ; 5.502 ;
; SW[16]     ; HEX5[5]     ; 5.803 ; 5.803 ; 5.803 ; 5.803 ;
; SW[16]     ; HEX5[6]     ; 5.942 ; 5.942 ; 5.942 ; 5.942 ;
; SW[16]     ; HEX7[0]     ; 5.937 ; 5.937 ; 5.937 ; 5.937 ;
; SW[16]     ; HEX7[1]     ; 5.938 ;       ;       ; 5.938 ;
; SW[16]     ; HEX7[2]     ; 5.648 ; 5.494 ; 5.494 ; 5.648 ;
; SW[16]     ; HEX7[3]     ; 5.910 ; 5.910 ; 5.910 ; 5.910 ;
; SW[16]     ; HEX7[4]     ; 5.700 ;       ;       ; 5.700 ;
; SW[16]     ; HEX7[5]     ; 6.009 ; 6.009 ; 6.009 ; 6.009 ;
; SW[16]     ; HEX7[6]     ; 5.883 ; 5.883 ; 5.883 ; 5.883 ;
; SW[17]     ; HEX5[0]     ; 5.984 ; 5.984 ; 5.984 ; 5.984 ;
; SW[17]     ; HEX5[1]     ; 6.028 ; 6.028 ; 6.028 ; 6.028 ;
; SW[17]     ; HEX5[2]     ; 6.020 ; 6.020 ; 6.020 ; 6.020 ;
; SW[17]     ; HEX5[3]     ; 5.919 ; 5.919 ; 5.919 ; 5.919 ;
; SW[17]     ; HEX5[4]     ; 5.612 ; 5.612 ; 5.612 ; 5.612 ;
; SW[17]     ; HEX5[5]     ; 5.913 ; 5.913 ; 5.913 ; 5.913 ;
; SW[17]     ; HEX5[6]     ; 6.052 ; 6.052 ; 6.052 ; 6.052 ;
; SW[17]     ; HEX7[0]     ; 5.813 ; 5.813 ; 5.813 ; 5.813 ;
; SW[17]     ; HEX7[1]     ; 5.818 ;       ;       ; 5.818 ;
; SW[17]     ; HEX7[2]     ; 5.529 ;       ;       ; 5.529 ;
; SW[17]     ; HEX7[3]     ; 5.782 ;       ;       ; 5.782 ;
; SW[17]     ; HEX7[4]     ; 5.580 ;       ;       ; 5.580 ;
; SW[17]     ; HEX7[5]     ; 5.889 ; 5.889 ; 5.889 ; 5.889 ;
; SW[17]     ; HEX7[6]     ; 5.763 ; 5.763 ; 5.763 ; 5.763 ;
+------------+-------------+-------+-------+-------+-------+


-------------------
; Clock Transfers ;
-------------------
Nothing to report.


---------------
; Report TCCS ;
---------------
No dedicated SERDES Transmitter circuitry present in device or used in design


---------------
; Report RSKM ;
---------------
No dedicated SERDES Receiver circuitry present in device or used in design


+------------------------------------------------+
; Unconstrained Paths                            ;
+---------------------------------+-------+------+
; Property                        ; Setup ; Hold ;
+---------------------------------+-------+------+
; Illegal Clocks                  ; 0     ; 0    ;
; Unconstrained Clocks            ; 0     ; 0    ;
; Unconstrained Input Ports       ; 10    ; 10   ;
; Unconstrained Input Port Paths  ; 185   ; 185  ;
; Unconstrained Output Ports      ; 31    ; 31   ;
; Unconstrained Output Port Paths ; 185   ; 185  ;
+---------------------------------+-------+------+


+------------------------------------+
; TimeQuest Timing Analyzer Messages ;
+------------------------------------+
Info: *******************************************************************
Info: Running Quartus II 64-Bit TimeQuest Timing Analyzer
    Info: Version 13.0.1 Build 232 06/12/2013 Service Pack 1 SJ Web Edition
    Info: Processing started: Wed Jan 10 15:57:42 2018
Info: Command: quartus_sta Lab3_top_level -c Lab3_top_level
Info: qsta_default_script.tcl version: #1
Warning (20013): Ignored assignments for entity "Lab2_top_level" -- entity does not exist in design
    Warning (20014): Assignment for entity set_instance_assignment -name PARTITION_HIERARCHY root_partition -to | -entity Lab2_top_level -section_id Top was ignored
    Warning (20014): Assignment for entity set_global_assignment -name PARTITION_PRESERVE_HIGH_SPEED_TILES ON -entity Lab2_top_level -section_id Top was ignored
    Warning (20014): Assignment for entity set_global_assignment -name PARTITION_IGNORE_SOURCE_FILE_CHANGES OFF -entity Lab2_top_level -section_id Top was ignored
    Warning (20014): Assignment for entity set_global_assignment -name PARTITION_ALWAYS_USE_QXP_NETLIST OFF -entity Lab2_top_level -section_id Top was ignored
    Warning (20014): Assignment for entity set_global_assignment -name PARTITION_IMPORT_ASSIGNMENTS ON -entity Lab2_top_level -section_id Top was ignored
    Warning (20014): Assignment for entity set_global_assignment -name PARTITION_IMPORT_EXISTING_ASSIGNMENTS REPLACE_CONFLICTING -entity Lab2_top_level -section_id Top was ignored
    Warning (20014): Assignment for entity set_global_assignment -name PARTITION_IMPORT_EXISTING_LOGICLOCK_REGIONS UPDATE_CONFLICTING -entity Lab2_top_level -section_id Top was ignored
    Warning (20014): Assignment for entity set_global_assignment -name PARTITION_IMPORT_PIN_ASSIGNMENTS ON -entity Lab2_top_level -section_id Top was ignored
    Warning (20014): Assignment for entity set_global_assignment -name PARTITION_IMPORT_PROMOTE_ASSIGNMENTS ON -entity Lab2_top_level -section_id Top was ignored
    Warning (20014): Assignment for entity set_global_assignment -name PARTITION_TYPE STANDARD_PARTITION -entity Lab2_top_level -section_id Top was ignored
    Warning (20014): Assignment for entity set_global_assignment -name ALLOW_MULTIPLE_PERSONAS OFF -entity Lab2_top_level -section_id Top was ignored
    Warning (20014): Assignment for entity set_global_assignment -name PARTITION_ASD_REGION_ID 1 -entity Lab2_top_level -section_id Top was ignored
    Warning (20014): Assignment for entity set_global_assignment -name CROSS_BOUNDARY_OPTIMIZATIONS OFF -entity Lab2_top_level -section_id Top was ignored
    Warning (20014): Assignment for entity set_global_assignment -name PROPAGATE_CONSTANTS_ON_INPUTS ON -entity Lab2_top_level -section_id Top was ignored
    Warning (20014): Assignment for entity set_global_assignment -name PROPAGATE_INVERSIONS_ON_INPUTS ON -entity Lab2_top_level -section_id Top was ignored
    Warning (20014): Assignment for entity set_global_assignment -name REMOVE_LOGIC_ON_UNCONNECTED_OUTPUTS ON -entity Lab2_top_level -section_id Top was ignored
    Warning (20014): Assignment for entity set_global_assignment -name MERGE_EQUIVALENT_INPUTS ON -entity Lab2_top_level -section_id Top was ignored
    Warning (20014): Assignment for entity set_global_assignment -name MERGE_EQUIVALENT_BIDIRS ON -entity Lab2_top_level -section_id Top was ignored
    Warning (20014): Assignment for entity set_global_assignment -name ABSORB_PATHS_FROM_OUTPUTS_TO_INPUTS ON -entity Lab2_top_level -section_id Top was ignored
    Warning (20014): Assignment for entity set_global_assignment -name PARTITION_EXTRACT_HARD_BLOCK_NODES ON -entity Lab2_top_level -section_id Top was ignored
Warning (20028): Parallel compilation is not licensed and has been disabled
Info (21077): Low junction temperature is 0 degrees C
Info (21077): High junction temperature is 85 degrees C
Critical Warning (332012): Synopsys Design Constraints File file not found: 'Lab3_top_level.sdc'. A Synopsys Design Constraints File is required by the TimeQuest Timing Analyzer to get proper timing constraints. Without it, the Compiler will not properly optimize the design.
Info (332142): No user constrained base clocks found in the design. Calling "derive_clocks -period 1.0"
Info (332096): The command derive_clocks did not find any clocks to derive.  No clocks were created or changed.
Warning (332068): No clocks defined in design.
Info: Found TIMEQUEST_REPORT_SCRIPT_INCLUDE_DEFAULT_ANALYSIS = ON
Info (332159): No clocks to report
Info: Analyzing Slow Model
Info (332140): No fmax paths to report
Info (332140): No Setup paths to report
Info (332140): No Hold paths to report
Info (332140): No Recovery paths to report
Info (332140): No Removal paths to report
Info (332140): No Minimum Pulse Width paths to report
Info (332001): The selected device family is not supported by the report_metastability command.
Info: Analyzing Fast Model
Info (332142): No user constrained base clocks found in the design. Calling "derive_clocks -period 1.0"
Info (332096): The command derive_clocks did not find any clocks to derive.  No clocks were created or changed.
Warning (332068): No clocks defined in design.
Info (332140): No Setup paths to report
Info (332140): No Hold paths to report
Info (332140): No Recovery paths to report
Info (332140): No Removal paths to report
Info (332140): No Minimum Pulse Width paths to report
Info (332001): The selected device family is not supported by the report_metastability command.
Info (332102): Design is not fully constrained for setup requirements
Info (332102): Design is not fully constrained for hold requirements
Info: Quartus II 64-Bit TimeQuest Timing Analyzer was successful. 0 errors, 25 warnings
    Info: Peak virtual memory: 442 megabytes
    Info: Processing ended: Wed Jan 10 15:57:42 2018
    Info: Elapsed time: 00:00:00
    Info: Total CPU time (on all processors): 00:00:01


